08-06 00:55:22.541  1901  2052 W SystemUpdate: 	at java.util.concurrent.ThreadPoolExecutor.runWorker(ThreadPoolExecutor.java:1167)
08-06 00:55:22.541  1901  2052 W SystemUpdate: 	at java.util.concurrent.ThreadPoolExecutor$Worker.run(ThreadPoolExecutor.java:641)
08-06 00:55:22.541  1901  2052 W SystemUpdate: 	at java.lang.Thread.run(Thread.java:920)
08-06 00:55:22.541  4621 29565 E SensorListener: Sensor(8) is not enabled yet!
08-06 00:55:22.560  1901  2052 I SystemUpdate: [Execution,ExecutionManager] Action pending executed for 0.02 seconds.
08-06 00:55:22.564  1901  2052 I SystemUpdate: [Execution,ExecutionManager] Action pre-download-validate executed for 0.00 seconds.
08-06 00:55:22.567 29670 30070 I OMXClient: IOmx service obtained
08-06 00:55:22.568  4732 12707 I OMXMaster: makeComponentInstance(OMX.Exynos.avc.dec) in android.hardwar process
08-06 00:55:22.568  1901  2052 W SystemUpdate: [Execution,ExecutionManager] Unable to create the action. Restart the execution from the scratch.
08-06 00:55:22.568  1901  2052 W SystemUpdate: java.lang.IllegalStateException
08-06 00:55:22.568  1901  2052 W SystemUpdate: 	at advt.l(:com.google.android.gms@233013044@23.30.13 (190400-552628474):6)
08-06 00:55:22.568  1901  2052 W SystemUpdate: 	at cnyd.a(:com.google.android.gms@233013044@23.30.13 (190400-552628474):324)
08-06 00:55:22.568  1901  2052 W SystemUpdate: 	at com.google.android.gms.update.execution.InstallationIntentOperation.onHandleIntent(:com.google.android.gms@233013044@23.30.13 (190400-552628474):120)
08-06 00:55:22.568  1901  2052 W SystemUpdate: 	at com.google.android.chimera.IntentOperation.onHandleIntent(:com.google.android.gms@233013044@23.30.13 (190400-552628474):2)
08-06 00:55:22.568  1901  2052 W SystemUpdate: 	at ablm.onHandleIntent(:com.google.android.gms@233013044@23.30.13 (190400-552628474):10)
08-06 00:55:22.568  1901  2052 W SystemUpdate: 	at izw.run(:com.google.android.gms@233013044@23.30.13 (190400-552628474):70)
08-06 00:55:22.568  1901  2052 W SystemUpdate: 	at izv.run(:com.google.android.gms@233013044@23.30.13 (190400-552628474):152)
08-06 00:55:22.568  1901  2052 W SystemUpdate: 	at dlkq.run(:com.google.android.gms@233013044@23.30.13 (190400-552628474):13)
08-06 00:55:22.568  1901  2052 W SystemUpdate: 	at java.util.concurrent.ThreadPoolExecutor.runWorker(ThreadPoolExecutor.java:1167)
08-06 00:55:22.568  1901  2052 W SystemUpdate: 	at java.util.concurrent.ThreadPoolExecutor$Worker.run(ThreadPoolExecutor.java:641)
08-06 00:55:22.568  1901  2052 W SystemUpdate: 	at java.lang.Thread.run(Thread.java:920)
08-06 00:55:22.568 29025 29150 D UE      : [2023.08.05-14.55.22:568][503]LogScript: Warning: Script Msg: Attempted to access index 2 from array 'CallFunc_GetAllGeometriesByClass_ReturnValue' of length 0 in '/Game/OM/GameSettings/MyCamera.MyCamera_C:ExecuteUbergraph_MyCamera'!
08-06 00:55:22.568 29025 29150 D UE      : [2023.08.05-14.55.22:568][503]LogScript: Warning: Last function called:
08-06 00:55:22.568 29025 29150 D UE      : 	/Game/OM/GameSettings/MyCamera.MyCamera_C.ExecuteUbergraph_MyCamera
08-06 00:55:22.568 29025 29150 D UE      : 
08-06 00:55:22.569  4732 12707 D libexynosv4l2: try node: /dev/video6
08-06 00:55:22.569  4732 12707 I libexynosv4l2: node found for device s5p-mfc-dec: /dev/video6
08-06 00:55:22.572  4621 29565 E SensorListener: Sensor(8) is not enabled yet!
08-06 00:55:22.573  4621 29565 W ExynosCameraSec: [CAM_ID(0)][Back_0]-WARN(m_getSensorListenerData[19665]):skip the Rotation data. ret -22
08-06 00:55:22.575  4732 12707 I libexynosv4l2: open video device /dev/video6
08-06 00:55:22.587  1901  2052 I SystemUpdate: [Execution,ExecutionManager] Action pending executed for 0.02 seconds.
08-06 00:55:22.589  1901  2052 I SystemUpdate: [Execution,ExecutionManager] Action pre-download-validate executed for 0.00 seconds.
08-06 00:55:22.590 29670 30078 D CCodec  : allocate(c2.android.aac.decoder)
08-06 00:55:22.592  1901  2052 W SystemUpdate: [Execution,ExecutionManager] Unable to create the action. Restart the execution from the scratch.
08-06 00:55:22.592  1901  2052 W SystemUpdate: java.lang.IllegalStateException
08-06 00:55:22.592  1901  2052 W SystemUpdate: 	at advt.l(:com.google.android.gms@233013044@23.30.13 (190400-552628474):6)
08-06 00:55:22.592  1901  2052 W SystemUpdate: 	at cnyd.a(:com.google.android.gms@233013044@23.30.13 (190400-552628474):324)
08-06 00:55:22.592  1901  2052 W SystemUpdate: 	at com.google.android.gms.update.execution.InstallationIntentOperation.onHandleIntent(:com.google.android.gms@233013044@23.30.13 (190400-552628474):120)
08-06 00:55:22.592  1901  2052 W SystemUpdate: 	at com.google.android.chimera.IntentOperation.onHandleIntent(:com.google.android.gms@233013044@23.30.13 (190400-552628474):2)
08-06 00:55:22.592  1901  2052 W SystemUpdate: 	at ablm.onHandleIntent(:com.google.android.gms@233013044@23.30.13 (190400-552628474):10)
08-06 00:55:22.592  1901  2052 W SystemUpdate: 	at izw.run(:com.google.android.gms@233013044@23.30.13 (190400-552628474):70)
08-06 00:55:22.592  1901  2052 W SystemUpdate: 	at izv.run(:com.google.android.gms@233013044@23.30.13 (190400-552628474):152)
08-06 00:55:22.592  1901  2052 W SystemUpdate: 	at dlkq.run(:com.google.android.gms@233013044@23.30.13 (190400-552628474):13)
08-06 00:55:22.592  1901  2052 W SystemUpdate: 	at java.util.concurrent.ThreadPoolExecutor.runWorker(ThreadPoolExecutor.java:1167)
08-06 00:55:22.592  1901  2052 W SystemUpdate: 	at java.util.concurrent.ThreadPoolExecutor$Worker.run(ThreadPoolExecutor.java:641)
08-06 00:55:22.592  1901  2052 W SystemUpdate: 	at java.lang.Thread.run(Thread.java:920)
08-06 00:55:22.593 29670 30078 I Codec2Client: Available Codec2 services: "software"
08-06 00:55:22.599 29025 29150 D UE      : [2023.08.05-14.55.22:599][504]LogScript: Warning: Script Msg: Attempted to access index 2 from array 'CallFunc_GetAllGeometriesByClass_ReturnValue' of length 0 in '/Game/OM/GameSettings/MyCamera.MyCamera_C:ExecuteUbergraph_MyCamera'!
08-06 00:55:22.600 29025 29150 D UE      : [2023.08.05-14.55.22:600][504]LogScript: Warning: Last function called:
08-06 00:55:22.600 29025 29150 D UE      : 	/Game/OM/GameSettings/MyCamera.MyCamera_C.ExecuteUbergraph_MyCamera
08-06 00:55:22.600 29025 29150 D UE      : 
08-06 00:55:22.607  4621 29565 E SensorListener: Sensor(8) is not enabled yet!
08-06 00:55:22.615  4759  5547 V C2Store : in init
08-06 00:55:22.615  4759  5547 V C2Store : loading dll
08-06 00:55:22.616  1901  2052 I SystemUpdate: [Execution,ExecutionManager] Action pending executed for 0.03 seconds.
08-06 00:55:22.620  1901  2052 I SystemUpdate: [Execution,ExecutionManager] Action pre-download-validate executed for 0.00 seconds.
08-06 00:55:22.623  1901  2052 W SystemUpdate: [Execution,ExecutionManager] Unable to create the action. Restart the execution from the scratch.
08-06 00:55:22.623  1901  2052 W SystemUpdate: java.lang.IllegalStateException
08-06 00:55:22.623  1901  2052 W SystemUpdate: 	at advt.l(:com.google.android.gms@233013044@23.30.13 (190400-552628474):6)
08-06 00:55:22.623  1901  2052 W SystemUpdate: 	at cnyd.a(:com.google.android.gms@233013044@23.30.13 (190400-552628474):324)
08-06 00:55:22.623  1901  2052 W SystemUpdate: 	at com.google.android.gms.update.execution.InstallationIntentOperation.onHandleIntent(:com.google.android.gms@233013044@23.30.13 (190400-552628474):120)
08-06 00:55:22.623  1901  2052 W SystemUpdate: 	at com.google.android.chimera.IntentOperation.onHandleIntent(:com.google.android.gms@233013044@23.30.13 (190400-552628474):2)
08-06 00:55:22.623  1901  2052 W SystemUpdate: 	at ablm.onHandleIntent(:com.google.android.gms@233013044@23.30.13 (190400-552628474):10)
08-06 00:55:22.623  1901  2052 W SystemUpdate: 	at izw.run(:com.google.android.gms@233013044@23.30.13 (190400-552628474):70)
08-06 00:55:22.623  1901  2052 W SystemUpdate: 	at izv.run(:com.google.android.gms@233013044@23.30.13 (190400-552628474):152)
08-06 00:55:22.623  1901  2052 W SystemUpdate: 	at dlkq.run(:com.google.android.gms@233013044@23.30.13 (190400-552628474):13)
08-06 00:55:22.623  1901  2052 W SystemUpdate: 	at java.util.concurrent.ThreadPoolExecutor.runWorker(ThreadPoolExecutor.java:1167)
08-06 00:55:22.623  1901  2052 W SystemUpdate: 	at java.util.concurrent.ThreadPoolExecutor$Worker.run(ThreadPoolExecutor.java:641)
08-06 00:55:22.623  1901  2052 W SystemUpdate: 	at java.lang.Thread.run(Thread.java:920)
08-06 00:55:22.628  4621 29543 D ExynosCameraRequestManager: [CAM_ID(0)][]-DEBUG(m_allMetaCallback[3345]):[R661 F665]. AllMeta result is pushed but not complete output buffer(2 / 0)
08-06 00:55:22.631 29025 29150 D UE      : [2023.08.05-14.55.22:631][505]LogScript: Warning: Script Msg: Attempted to access index 2 from array 'CallFunc_GetAllGeometriesByClass_ReturnValue' of length 0 in '/Game/OM/GameSettings/MyCamera.MyCamera_C:ExecuteUbergraph_MyCamera'!
08-06 00:55:22.631 29025 29150 D UE      : [2023.08.05-14.55.22:631][505]LogScript: Warning: Last function called:
08-06 00:55:22.631 29025 29150 D UE      : 	/Game/OM/GameSettings/MyCamera.MyCamera_C.ExecuteUbergraph_MyCamera
08-06 00:55:22.631 29025 29150 D UE      : 
08-06 00:55:22.633 29670 30078 I CCodec  : Created component [c2.android.aac.decoder]
08-06 00:55:22.635 29670 30078 D CCodecConfig: read media type: audio/mp4a-latm
08-06 00:55:22.640  4621 29565 E SensorListener: Sensor(8) is not enabled yet!
08-06 00:55:22.646 29670 30078 D ReflectedParamUpdater: extent() != 1 for single value type: algo.buffers.max-count.values
08-06 00:55:22.648 29670 30078 D ReflectedParamUpdater: extent() != 1 for single value type: output.subscribed-indices.values
08-06 00:55:22.649 29670 30078 D ReflectedParamUpdater: extent() != 1 for single value type: input.buffers.allocator-ids.values
08-06 00:55:22.649  1901  2052 I SystemUpdate: [Execution,ExecutionManager] Action pending executed for 0.03 seconds.
08-06 00:55:22.650 29670 30078 D ReflectedParamUpdater: extent() != 1 for single value type: output.buffers.allocator-ids.values
08-06 00:55:22.650 29670 30078 D ReflectedParamUpdater: extent() != 1 for single value type: algo.buffers.allocator-ids.values
08-06 00:55:22.651 29670 30078 D ReflectedParamUpdater: extent() != 1 for single value type: output.buffers.pool-ids.values
08-06 00:55:22.652 29670 30078 D ReflectedParamUpdater: extent() != 1 for single value type: algo.buffers.pool-ids.values
08-06 00:55:22.654  1901  2052 I SystemUpdate: [Execution,ExecutionManager] Action pre-download-validate executed for 0.00 seconds.
08-06 00:55:22.658  1901  2052 W SystemUpdate: [Execution,ExecutionManager] Unable to create the action. Restart the execution from the scratch.
08-06 00:55:22.658  1901  2052 W SystemUpdate: java.lang.IllegalStateException
08-06 00:55:22.658  1901  2052 W SystemUpdate: 	at advt.l(:com.google.android.gms@233013044@23.30.13 (190400-552628474):6)
08-06 00:55:22.658  1901  2052 W SystemUpdate: 	at cnyd.a(:com.google.android.gms@233013044@23.30.13 (190400-552628474):324)
08-06 00:55:22.658  1901  2052 W SystemUpdate: 	at com.google.android.gms.update.execution.InstallationIntentOperation.onHandleIntent(:com.google.android.gms@233013044@23.30.13 (190400-552628474):120)
08-06 00:55:22.658  1901  2052 W SystemUpdate: 	at com.google.android.chimera.IntentOperation.onHandleIntent(:com.google.android.gms@233013044@23.30.13 (190400-552628474):2)
08-06 00:55:22.658  1901  2052 W SystemUpdate: 	at ablm.onHandleIntent(:com.google.android.gms@233013044@23.30.13 (190400-552628474):10)
08-06 00:55:22.658  1901  2052 W SystemUpdate: 	at izw.run(:com.google.android.gms@233013044@23.30.13 (190400-552628474):70)
08-06 00:55:22.658  1901  2052 W SystemUpdate: 	at izv.run(:com.google.android.gms@233013044@23.30.13 (190400-552628474):152)
08-06 00:55:22.658  1901  2052 W SystemUpdate: 	at dlkq.run(:com.google.android.gms@233013044@23.30.13 (190400-552628474):13)
08-06 00:55:22.658  1901  2052 W SystemUpdate: 	at java.util.concurrent.ThreadPoolExecutor.runWorker(ThreadPoolExecutor.java:1167)
08-06 00:55:22.658  1901  2052 W SystemUpdate: 	at java.util.concurrent.ThreadPoolExecutor$Worker.run(ThreadPoolExecutor.java:641)
08-06 00:55:22.658  1901  2052 W SystemUpdate: 	at java.lang.Thread.run(Thread.java:920)
08-06 00:55:22.660 29670 30078 I CCodecConfig: query failed after returning 19 values (BAD_INDEX)
08-06 00:55:22.662 29670 30078 D CCodecConfig: c2 config diff is Dict {
08-06 00:55:22.662 29670 30078 D CCodecConfig:   c2::u32 coded.aac-packaging.value = 0
08-06 00:55:22.662 29670 30078 D CCodecConfig:   c2::u32 coded.bitrate.value = 64000
08-06 00:55:22.662 29670 30078 D CCodecConfig:   c2::u32 coded.pl.level = 0
08-06 00:55:22.662 29670 30078 D CCodecConfig:   c2::u32 coded.pl.profile = 8192
08-06 00:55:22.662 29670 30078 D CCodecConfig:   c2::i32 coding.drc.album-mode.value = 0
08-06 00:55:22.662 29670 30078 D CCodecConfig:   c2::float coding.drc.attenuation-factor.value = 1
08-06 00:55:22.662 29670 30078 D CCodecConfig:   c2::float coding.drc.boost-factor.value = 1
08-06 00:55:22.662 29670 30078 D CCodecConfig:   c2::i32 coding.drc.compression-mode.value = 3
08-06 00:55:22.662 29670 30078 D CCodecConfig:   c2::i32 coding.drc.effect-type.value = 3
08-06 00:55:22.662 29670 30078 D CCodecConfig:   c2::float coding.drc.encoded-level.value = 0.25
08-06 00:55:22.662 29670 30078 D CCodecConfig:   c2::float coding.drc.reference-level.value = -16
08-06 00:55:22.662 29670 30078 D CCodecConfig:   c2::u32 input.buffers.max-size.value = 8192
08-06 00:55:22.662 29670 30078 D CCodecConfig:   c2::u32 input.delay.value = 0
08-06 00:55:22.662 29670 30078 D CCodecConfig:   string input.media-type.value = "audio/mp4a-latm"
08-06 00:55:22.662 29670 30078 D CCodecConfig:   c2::u32 output.delay.value = 2
08-06 00:55:22.662 29670 30078 D CCodecConfig:   c2::float output.drc.output-loudness.value = 0.25
08-06 00:55:22.662 29670 30078 D CCodecConfig:   string output.media-type.value = "audio/raw"
08-06 00:55:22.662 29670 30078 D CCodecConfig:   c2::u32 raw.channel-count.value = 1
08-06 00:55:22.662 29670 30078 D CCodecConfig:   c2::u32 raw.max-channel-count.value = 8
08-06 00:55:22.662 29670 30078 D CCodecConfig:   c2::u32 raw.sample-rate.value = 44100
08-06 00:55:22.662 29670 30078 D CCodecConfig: }
08-06 00:55:22.662  4621 29543 D ExynosCameraRequestManager: [CAM_ID(0)][]-DEBUG(m_allMetaCallback[3345]):[R662 F666]. AllMeta result is pushed but not complete output buffer(2 / 0)
08-06 00:55:22.668 29025 29150 D UE      : [2023.08.05-14.55.22:668][506]LogScript: Warning: Script Msg: Attempted to access index 2 from array 'CallFunc_GetAllGeometriesByClass_ReturnValue' of length 0 in '/Game/OM/GameSettings/MyCamera.MyCamera_C:ExecuteUbergraph_MyCamera'!
08-06 00:55:22.668 29025 29150 D UE      : [2023.08.05-14.55.22:668][506]LogScript: Warning: Last function called:
08-06 00:55:22.668 29025 29150 D UE      : 	/Game/OM/GameSettings/MyCamera.MyCamera_C.ExecuteUbergraph_MyCamera
08-06 00:55:22.668 29025 29150 D UE      : 
08-06 00:55:22.668 29670 30078 I hw-BpHwBinder: onLastStrongRef automatically unlinking death recipients
08-06 00:55:22.669  4759  4759 V C2Store : in ~ComponentModule
08-06 00:55:22.669  4759  4759 V C2Store : unloading dll
08-06 00:55:22.671  4621 29565 E SensorListener: Sensor(8) is not enabled yet!
08-06 00:55:22.675 29670 30078 D CCodec  : allocate(c2.android.aac.decoder)
08-06 00:55:22.675  4759 14591 V C2Store : in init
08-06 00:55:22.675  4759 14591 V C2Store : loading dll
08-06 00:55:22.678  1901  2052 I SystemUpdate: [Execution,ExecutionManager] Action pending executed for 0.02 seconds.
08-06 00:55:22.679 29670 30078 I CCodec  : Created component [c2.android.aac.decoder]
08-06 00:55:22.680 29670 30078 D CCodecConfig: read media type: audio/mp4a-latm
08-06 00:55:22.682  1901  2052 I SystemUpdate: [Execution,ExecutionManager] Action pre-download-validate executed for 0.00 seconds.
08-06 00:55:22.684 29670 30078 D ReflectedParamUpdater: extent() != 1 for single value type: algo.buffers.max-count.values
08-06 00:55:22.684  1901  2052 W SystemUpdate: [Execution,ExecutionManager] Unable to create the action. Restart the execution from the scratch.
08-06 00:55:22.684  1901  2052 W SystemUpdate: java.lang.IllegalStateException
08-06 00:55:22.684  1901  2052 W SystemUpdate: 	at advt.l(:com.google.android.gms@233013044@23.30.13 (190400-552628474):6)
08-06 00:55:22.684  1901  2052 W SystemUpdate: 	at cnyd.a(:com.google.android.gms@233013044@23.30.13 (190400-552628474):324)
08-06 00:55:22.684  1901  2052 W SystemUpdate: 	at com.google.android.gms.update.execution.InstallationIntentOperation.onHandleIntent(:com.google.android.gms@233013044@23.30.13 (190400-552628474):120)
08-06 00:55:22.684  1901  2052 W SystemUpdate: 	at com.google.android.chimera.IntentOperation.onHandleIntent(:com.google.android.gms@233013044@23.30.13 (190400-552628474):2)
08-06 00:55:22.684  1901  2052 W SystemUpdate: 	at ablm.onHandleIntent(:com.google.android.gms@233013044@23.30.13 (190400-552628474):10)
08-06 00:55:22.684  1901  2052 W SystemUpdate: 	at izw.run(:com.google.android.gms@233013044@23.30.13 (190400-552628474):70)
08-06 00:55:22.684  1901  2052 W SystemUpdate: 	at izv.run(:com.google.android.gms@233013044@23.30.13 (190400-552628474):152)
08-06 00:55:22.684  1901  2052 W SystemUpdate: 	at dlkq.run(:com.google.android.gms@233013044@23.30.13 (190400-552628474):13)
08-06 00:55:22.684  1901  2052 W SystemUpdate: 	at java.util.concurrent.ThreadPoolExecutor.runWorker(ThreadPoolExecutor.java:1167)
08-06 00:55:22.684  1901  2052 W SystemUpdate: 	at java.util.concurrent.ThreadPoolExecutor$Worker.run(ThreadPoolExecutor.java:641)
08-06 00:55:22.684  1901  2052 W SystemUpdate: 	at java.lang.Thread.run(Thread.java:920)
08-06 00:55:22.685 29670 30078 D ReflectedParamUpdater: extent() != 1 for single value type: output.subscribed-indices.values
08-06 00:55:22.685 29670 30078 D ReflectedParamUpdater: extent() != 1 for single value type: input.buffers.allocator-ids.values
08-06 00:55:22.686 29670 30078 D ReflectedParamUpdater: extent() != 1 for single value type: output.buffers.allocator-ids.values
08-06 00:55:22.686 29670 30078 D ReflectedParamUpdater: extent() != 1 for single value type: algo.buffers.allocator-ids.values
08-06 00:55:22.686 29670 30078 D ReflectedParamUpdater: extent() != 1 for single value type: output.buffers.pool-ids.values
08-06 00:55:22.686 29670 30078 D ReflectedParamUpdater: extent() != 1 for single value type: algo.buffers.pool-ids.values
08-06 00:55:22.691 29670 30078 I CCodecConfig: query failed after returning 19 values (BAD_INDEX)
08-06 00:55:22.691 29670 30078 D CCodecConfig: c2 config diff is Dict {
08-06 00:55:22.691 29670 30078 D CCodecConfig:   c2::u32 coded.aac-packaging.value = 0
08-06 00:55:22.691 29670 30078 D CCodecConfig:   c2::u32 coded.bitrate.value = 64000
08-06 00:55:22.691 29670 30078 D CCodecConfig:   c2::u32 coded.pl.level = 0
08-06 00:55:22.691 29670 30078 D CCodecConfig:   c2::u32 coded.pl.profile = 8192
08-06 00:55:22.691 29670 30078 D CCodecConfig:   c2::i32 coding.drc.album-mode.value = 0
08-06 00:55:22.691 29670 30078 D CCodecConfig:   c2::float coding.drc.attenuation-factor.value = 1
08-06 00:55:22.691 29670 30078 D CCodecConfig:   c2::float coding.drc.boost-factor.value = 1
08-06 00:55:22.691 29670 30078 D CCodecConfig:   c2::i32 coding.drc.compression-mode.value = 3
08-06 00:55:22.691 29670 30078 D CCodecConfig:   c2::i32 coding.drc.effect-type.value = 3
08-06 00:55:22.691 29670 30078 D CCodecConfig:   c2::float coding.drc.encoded-level.value = 0.25
08-06 00:55:22.691 29670 30078 D CCodecConfig:   c2::float coding.drc.reference-level.value = -16
08-06 00:55:22.691 29670 30078 D CCodecConfig:   c2::u32 input.buffers.max-size.value = 8192
08-06 00:55:22.691 29670 30078 D CCodecConfig:   c2::u32 input.delay.value = 0
08-06 00:55:22.691 29670 30078 D CCodecConfig:   string input.media-type.value = "audio/mp4a-latm"
08-06 00:55:22.691 29670 30078 D CCodecConfig:   c2::u32 output.delay.value = 2
08-06 00:55:22.691 29670 30078 D CCodecConfig:   c2::float output.drc.output-loudness.value = 0.25
08-06 00:55:22.691 29670 30078 D CCodecConfig:   string output.media-type.value = "audio/raw"
08-06 00:55:22.691 29670 30078 D CCodecConfig:   c2::u32 raw.channel-count.value = 1
08-06 00:55:22.691 29670 30078 D CCodecConfig:   c2::u32 raw.max-channel-count.value = 8
08-06 00:55:22.691 29670 30078 D CCodecConfig:   c2::u32 raw.sample-rate.value = 44100
08-06 00:55:22.691 29670 30078 D CCodecConfig: }
08-06 00:55:22.698 29025 29150 D UE      : [2023.08.05-14.55.22:698][507]LogScript: Warning: Script Msg: Attempted to access index 2 from array 'CallFunc_GetAllGeometriesByClass_ReturnValue' of length 0 in '/Game/OM/GameSettings/MyCamera.MyCamera_C:ExecuteUbergraph_MyCamera'!
08-06 00:55:22.698 29025 29150 D UE      : [2023.08.05-14.55.22:698][507]LogScript: Warning: Last function called:
08-06 00:55:22.698 29025 29150 D UE      : 	/Game/OM/GameSettings/MyCamera.MyCamera_C.ExecuteUbergraph_MyCamera
08-06 00:55:22.698 29025 29150 D UE      : 
08-06 00:55:22.698  1901  2052 I SystemUpdate: [Execution,ExecutionManager] Action pending executed for 0.02 seconds.
08-06 00:55:22.702  1901  2052 I SystemUpdate: [Execution,ExecutionManager] Action pre-download-validate executed for 0.00 seconds.
08-06 00:55:22.705  4621 29565 E SensorListener: Sensor(8) is not enabled yet!
08-06 00:55:22.705  1901  2052 W SystemUpdate: [Execution,ExecutionManager] Unable to create the action. Restart the execution from the scratch.
08-06 00:55:22.705  1901  2052 W SystemUpdate: java.lang.IllegalStateException
08-06 00:55:22.705  1901  2052 W SystemUpdate: 	at advt.l(:com.google.android.gms@233013044@23.30.13 (190400-552628474):6)
08-06 00:55:22.705  1901  2052 W SystemUpdate: 	at cnyd.a(:com.google.android.gms@233013044@23.30.13 (190400-552628474):324)
08-06 00:55:22.705  1901  2052 W SystemUpdate: 	at com.google.android.gms.update.execution.InstallationIntentOperation.onHandleIntent(:com.google.android.gms@233013044@23.30.13 (190400-552628474):120)
08-06 00:55:22.705  1901  2052 W SystemUpdate: 	at com.google.android.chimera.IntentOperation.onHandleIntent(:com.google.android.gms@233013044@23.30.13 (190400-552628474):2)
08-06 00:55:22.705  1901  2052 W SystemUpdate: 	at ablm.onHandleIntent(:com.google.android.gms@233013044@23.30.13 (190400-552628474):10)
08-06 00:55:22.705  1901  2052 W SystemUpdate: 	at izw.run(:com.google.android.gms@233013044@23.30.13 (190400-552628474):70)
08-06 00:55:22.705  1901  2052 W SystemUpdate: 	at izv.run(:com.google.android.gms@233013044@23.30.13 (190400-552628474):152)
08-06 00:55:22.705  1901  2052 W SystemUpdate: 	at dlkq.run(:com.google.android.gms@233013044@23.30.13 (190400-552628474):13)
08-06 00:55:22.705  1901  2052 W SystemUpdate: 	at java.util.concurrent.ThreadPoolExecutor.runWorker(ThreadPoolExecutor.java:1167)
08-06 00:55:22.705  1901  2052 W SystemUpdate: 	at java.util.concurrent.ThreadPoolExecutor$Worker.run(ThreadPoolExecutor.java:641)
08-06 00:55:22.705  1901  2052 W SystemUpdate: 	at java.lang.Thread.run(Thread.java:920)
08-06 00:55:22.720  1901  2052 I SystemUpdate: [Execution,ExecutionManager] Action pending executed for 0.02 seconds.
08-06 00:55:22.722  1901  2052 I SystemUpdate: [Execution,ExecutionManager] Action pre-download-validate executed for 0.00 seconds.
08-06 00:55:22.725  1901  2052 W SystemUpdate: [Execution,ExecutionManager] Unable to create the action. Restart the execution from the scratch.
08-06 00:55:22.725  1901  2052 W SystemUpdate: java.lang.IllegalStateException
08-06 00:55:22.725  1901  2052 W SystemUpdate: 	at advt.l(:com.google.android.gms@233013044@23.30.13 (190400-552628474):6)
08-06 00:55:22.725  1901  2052 W SystemUpdate: 	at cnyd.a(:com.google.android.gms@233013044@23.30.13 (190400-552628474):324)
08-06 00:55:22.725  1901  2052 W SystemUpdate: 	at com.google.android.gms.update.execution.InstallationIntentOperation.onHandleIntent(:com.google.android.gms@233013044@23.30.13 (190400-552628474):120)
08-06 00:55:22.725  1901  2052 W SystemUpdate: 	at com.google.android.chimera.IntentOperation.onHandleIntent(:com.google.android.gms@233013044@23.30.13 (190400-552628474):2)
08-06 00:55:22.725  1901  2052 W SystemUpdate: 	at ablm.onHandleIntent(:com.google.android.gms@233013044@23.30.13 (190400-552628474):10)
08-06 00:55:22.725  1901  2052 W SystemUpdate: 	at izw.run(:com.google.android.gms@233013044@23.30.13 (190400-552628474):70)
08-06 00:55:22.725  1901  2052 W SystemUpdate: 	at izv.run(:com.google.android.gms@233013044@23.30.13 (190400-552628474):152)
08-06 00:55:22.725  1901  2052 W SystemUpdate: 	at dlkq.run(:com.google.android.gms@233013044@23.30.13 (190400-552628474):13)
08-06 00:55:22.725  1901  2052 W SystemUpdate: 	at java.util.concurrent.ThreadPoolExecutor.runWorker(ThreadPoolExecutor.java:1167)
08-06 00:55:22.725  1901  2052 W SystemUpdate: 	at java.util.concurrent.ThreadPoolExecutor$Worker.run(ThreadPoolExecutor.java:641)
08-06 00:55:22.725  1901  2052 W SystemUpdate: 	at java.lang.Thread.run(Thread.java:920)
08-06 00:55:22.733 29025 29150 D UE      : [2023.08.05-14.55.22:733][508]LogScript: Warning: Script Msg: Attempted to access index 2 from array 'CallFunc_GetAllGeometriesByClass_ReturnValue' of length 0 in '/Game/OM/GameSettings/MyCamera.MyCamera_C:ExecuteUbergraph_MyCamera'!
08-06 00:55:22.733 29025 29150 D UE      : [2023.08.05-14.55.22:733][508]LogScript: Warning: Last function called:
08-06 00:55:22.733 29025 29150 D UE      : 	/Game/OM/GameSettings/MyCamera.MyCamera_C.ExecuteUbergraph_MyCamera
08-06 00:55:22.733 29025 29150 D UE      : 
08-06 00:55:22.740  4621 29565 E SensorListener: Sensor(8) is not enabled yet!
08-06 00:55:22.744  1901  2052 I SystemUpdate: [Execution,ExecutionManager] Action pending executed for 0.02 seconds.
08-06 00:55:22.748  1901  2052 I SystemUpdate: [Execution,ExecutionManager] Action pre-download-validate executed for 0.00 seconds.
08-06 00:55:22.752  1901  2052 W SystemUpdate: [Execution,ExecutionManager] Unable to create the action. Restart the execution from the scratch.
08-06 00:55:22.752  1901  2052 W SystemUpdate: java.lang.IllegalStateException
08-06 00:55:22.752  1901  2052 W SystemUpdate: 	at advt.l(:com.google.android.gms@233013044@23.30.13 (190400-552628474):6)
08-06 00:55:22.752  1901  2052 W SystemUpdate: 	at cnyd.a(:com.google.android.gms@233013044@23.30.13 (190400-552628474):324)
08-06 00:55:22.752  1901  2052 W SystemUpdate: 	at com.google.android.gms.update.execution.InstallationIntentOperation.onHandleIntent(:com.google.android.gms@233013044@23.30.13 (190400-552628474):120)
08-06 00:55:22.752  1901  2052 W SystemUpdate: 	at com.google.android.chimera.IntentOperation.onHandleIntent(:com.google.android.gms@233013044@23.30.13 (190400-552628474):2)
08-06 00:55:22.752  1901  2052 W SystemUpdate: 	at ablm.onHandleIntent(:com.google.android.gms@233013044@23.30.13 (190400-552628474):10)
08-06 00:55:22.752  1901  2052 W SystemUpdate: 	at izw.run(:com.google.android.gms@233013044@23.30.13 (190400-552628474):70)
08-06 00:55:22.752  1901  2052 W SystemUpdate: 	at izv.run(:com.google.android.gms@233013044@23.30.13 (190400-552628474):152)
08-06 00:55:22.752  1901  2052 W SystemUpdate: 	at dlkq.run(:com.google.android.gms@233013044@23.30.13 (190400-552628474):13)
08-06 00:55:22.752  1901  2052 W SystemUpdate: 	at java.util.concurrent.ThreadPoolExecutor.runWorker(ThreadPoolExecutor.java:1167)
08-06 00:55:22.752  1901  2052 W SystemUpdate: 	at java.util.concurrent.ThreadPoolExecutor$Worker.run(ThreadPoolExecutor.java:641)
08-06 00:55:22.752  1901  2052 W SystemUpdate: 	at java.lang.Thread.run(Thread.java:920)
08-06 00:55:22.767  1901  2052 I SystemUpdate: [Execution,ExecutionManager] Action pending executed for 0.02 seconds.
08-06 00:55:22.768 29025 29150 D UE      : [2023.08.05-14.55.22:768][509]LogScript: Warning: Script Msg: Attempted to access index 2 from array 'CallFunc_GetAllGeometriesByClass_ReturnValue' of length 0 in '/Game/OM/GameSettings/MyCamera.MyCamera_C:ExecuteUbergraph_MyCamera'!
08-06 00:55:22.768 29025 29150 D UE      : [2023.08.05-14.55.22:768][509]LogScript: Warning: Last function called:
08-06 00:55:22.768 29025 29150 D UE      : 	/Game/OM/GameSettings/MyCamera.MyCamera_C.ExecuteUbergraph_MyCamera
08-06 00:55:22.768 29025 29150 D UE      : 
08-06 00:55:22.770  1901  2052 I SystemUpdate: [Execution,ExecutionManager] Action pre-download-validate executed for 0.00 seconds.
08-06 00:55:22.772  1901  2052 W SystemUpdate: [Execution,ExecutionManager] Unable to create the action. Restart the execution from the scratch.
08-06 00:55:22.772  1901  2052 W SystemUpdate: java.lang.IllegalStateException
08-06 00:55:22.772  1901  2052 W SystemUpdate: 	at advt.l(:com.google.android.gms@233013044@23.30.13 (190400-552628474):6)
08-06 00:55:22.772  1901  2052 W SystemUpdate: 	at cnyd.a(:com.google.android.gms@233013044@23.30.13 (190400-552628474):324)
08-06 00:55:22.772  1901  2052 W SystemUpdate: 	at com.google.android.gms.update.execution.InstallationIntentOperation.onHandleIntent(:com.google.android.gms@233013044@23.30.13 (190400-552628474):120)
08-06 00:55:22.772  1901  2052 W SystemUpdate: 	at com.google.android.chimera.IntentOperation.onHandleIntent(:com.google.android.gms@233013044@23.30.13 (190400-552628474):2)
08-06 00:55:22.772  1901  2052 W SystemUpdate: 	at ablm.onHandleIntent(:com.google.android.gms@233013044@23.30.13 (190400-552628474):10)
08-06 00:55:22.772  1901  2052 W SystemUpdate: 	at izw.run(:com.google.android.gms@233013044@23.30.13 (190400-552628474):70)
08-06 00:55:22.772  1901  2052 W SystemUpdate: 	at izv.run(:com.google.android.gms@233013044@23.30.13 (190400-552628474):152)
08-06 00:55:22.772  1901  2052 W SystemUpdate: 	at dlkq.run(:com.google.android.gms@233013044@23.30.13 (190400-552628474):13)
08-06 00:55:22.772  1901  2052 W SystemUpdate: 	at java.util.concurrent.ThreadPoolExecutor.runWorker(ThreadPoolExecutor.java:1167)
08-06 00:55:22.772  1901  2052 W SystemUpdate: 	at java.util.concurrent.ThreadPoolExecutor$Worker.run(ThreadPoolExecutor.java:641)
08-06 00:55:22.772  1901  2052 W SystemUpdate: 	at java.lang.Thread.run(Thread.java:920)
08-06 00:55:22.773  4621 29565 E SensorListener: Sensor(8) is not enabled yet!
08-06 00:55:22.788  1901  2052 I SystemUpdate: [Execution,ExecutionManager] Action pending executed for 0.02 seconds.
08-06 00:55:22.790  1901  2052 I SystemUpdate: [Execution,ExecutionManager] Action pre-download-validate executed for 0.00 seconds.
08-06 00:55:22.794  1901  2052 W SystemUpdate: [Execution,ExecutionManager] Unable to create the action. Restart the execution from the scratch.
08-06 00:55:22.794  1901  2052 W SystemUpdate: java.lang.IllegalStateException
08-06 00:55:22.794  1901  2052 W SystemUpdate: 	at advt.l(:com.google.android.gms@233013044@23.30.13 (190400-552628474):6)
08-06 00:55:22.794  1901  2052 W SystemUpdate: 	at cnyd.a(:com.google.android.gms@233013044@23.30.13 (190400-552628474):324)
08-06 00:55:22.794  1901  2052 W SystemUpdate: 	at com.google.android.gms.update.execution.InstallationIntentOperation.onHandleIntent(:com.google.android.gms@233013044@23.30.13 (190400-552628474):120)
08-06 00:55:22.794  1901  2052 W SystemUpdate: 	at com.google.android.chimera.IntentOperation.onHandleIntent(:com.google.android.gms@233013044@23.30.13 (190400-552628474):2)
08-06 00:55:22.794  1901  2052 W SystemUpdate: 	at ablm.onHandleIntent(:com.google.android.gms@233013044@23.30.13 (190400-552628474):10)
08-06 00:55:22.794  1901  2052 W SystemUpdate: 	at izw.run(:com.google.android.gms@233013044@23.30.13 (190400-552628474):70)
08-06 00:55:22.794  1901  2052 W SystemUpdate: 	at izv.run(:com.google.android.gms@233013044@23.30.13 (190400-552628474):152)
08-06 00:55:22.794  1901  2052 W SystemUpdate: 	at dlkq.run(:com.google.android.gms@233013044@23.30.13 (190400-552628474):13)
08-06 00:55:22.794  1901  2052 W SystemUpdate: 	at java.util.concurrent.ThreadPoolExecutor.runWorker(ThreadPoolExecutor.java:1167)
08-06 00:55:22.794  1901  2052 W SystemUpdate: 	at java.util.concurrent.ThreadPoolExecutor$Worker.run(ThreadPoolExecutor.java:641)
08-06 00:55:22.794  1901  2052 W SystemUpdate: 	at java.lang.Thread.run(Thread.java:920)
08-06 00:55:22.803 29025 29150 D UE      : [2023.08.05-14.55.22:803][510]LogScript: Warning: Script Msg: Attempted to access index 2 from array 'CallFunc_GetAllGeometriesByClass_ReturnValue' of length 0 in '/Game/OM/GameSettings/MyCamera.MyCamera_C:ExecuteUbergraph_MyCamera'!
08-06 00:55:22.803 29025 29150 D UE      : [2023.08.05-14.55.22:803][510]LogScript: Warning: Last function called:
08-06 00:55:22.803 29025 29150 D UE      : 	/Game/OM/GameSettings/MyCamera.MyCamera_C.ExecuteUbergraph_MyCamera
08-06 00:55:22.803 29025 29150 D UE      : 
08-06 00:55:22.807  4621 29565 E SensorListener: Sensor(8) is not enabled yet!
08-06 00:55:22.812  1901  2052 I SystemUpdate: [Execution,ExecutionManager] Action pending executed for 0.02 seconds.
08-06 00:55:22.815  1901  2052 I SystemUpdate: [Execution,ExecutionManager] Action pre-download-validate executed for 0.00 seconds.
08-06 00:55:22.818  1901  2052 W SystemUpdate: [Execution,ExecutionManager] Unable to create the action. Restart the execution from the scratch.
08-06 00:55:22.818  1901  2052 W SystemUpdate: java.lang.IllegalStateException
08-06 00:55:22.818  1901  2052 W SystemUpdate: 	at advt.l(:com.google.android.gms@233013044@23.30.13 (190400-552628474):6)
08-06 00:55:22.818  1901  2052 W SystemUpdate: 	at cnyd.a(:com.google.android.gms@233013044@23.30.13 (190400-552628474):324)
08-06 00:55:22.818  1901  2052 W SystemUpdate: 	at com.google.android.gms.update.execution.InstallationIntentOperation.onHandleIntent(:com.google.android.gms@233013044@23.30.13 (190400-552628474):120)
08-06 00:55:22.818  1901  2052 W SystemUpdate: 	at com.google.android.chimera.IntentOperation.onHandleIntent(:com.google.android.gms@233013044@23.30.13 (190400-552628474):2)
08-06 00:55:22.818  1901  2052 W SystemUpdate: 	at ablm.onHandleIntent(:com.google.android.gms@233013044@23.30.13 (190400-552628474):10)
08-06 00:55:22.818  1901  2052 W SystemUpdate: 	at izw.run(:com.google.android.gms@233013044@23.30.13 (190400-552628474):70)
08-06 00:55:22.818  1901  2052 W SystemUpdate: 	at izv.run(:com.google.android.gms@233013044@23.30.13 (190400-552628474):152)
08-06 00:55:22.818  1901  2052 W SystemUpdate: 	at dlkq.run(:com.google.android.gms@233013044@23.30.13 (190400-552628474):13)
08-06 00:55:22.818  1901  2052 W SystemUpdate: 	at java.util.concurrent.ThreadPoolExecutor.runWorker(ThreadPoolExecutor.java:1167)
08-06 00:55:22.818  1901  2052 W SystemUpdate: 	at java.util.concurrent.ThreadPoolExecutor$Worker.run(ThreadPoolExecutor.java:641)
08-06 00:55:22.818  1901  2052 W SystemUpdate: 	at java.lang.Thread.run(Thread.java:920)
08-06 00:55:22.823  4609  4919 I flicker_log: 12475.58, 39.63, 49065.09, 165.53
08-06 00:55:22.823  4609  4919 I flicker_log: 64, 49065.09
08-06 00:55:22.823  4609  4919 I flicker_log: 63, 45241.43
08-06 00:55:22.823  4609  4919 I flicker_log: 65, 22268.85
08-06 00:55:22.823  4609  4919 D SensorsBio: BioSensor_common::readEvents, FAR = 100
08-06 00:55:22.833 29025 29150 D UE      : [2023.08.05-14.55.22:833][511]LogScript: Warning: Script Msg: Attempted to access index 2 from array 'CallFunc_GetAllGeometriesByClass_ReturnValue' of length 0 in '/Game/OM/GameSettings/MyCamera.MyCamera_C:ExecuteUbergraph_MyCamera'!
08-06 00:55:22.833 29025 29150 D UE      : [2023.08.05-14.55.22:833][511]LogScript: Warning: Last function called:
08-06 00:55:22.833 29025 29150 D UE      : 	/Game/OM/GameSettings/MyCamera.MyCamera_C.ExecuteUbergraph_MyCamera
08-06 00:55:22.833 29025 29150 D UE      : 
08-06 00:55:22.835  1901  2052 I SystemUpdate: [Execution,ExecutionManager] Action pending executed for 0.02 seconds.
08-06 00:55:22.838  1901  2052 I SystemUpdate: [Execution,ExecutionManager] Action pre-download-validate executed for 0.00 seconds.
08-06 00:55:22.840  4621 29565 E SensorListener: Sensor(8) is not enabled yet!
08-06 00:55:22.841  1901  2052 W SystemUpdate: [Execution,ExecutionManager] Unable to create the action. Restart the execution from the scratch.
08-06 00:55:22.841  1901  2052 W SystemUpdate: java.lang.IllegalStateException
08-06 00:55:22.841  1901  2052 W SystemUpdate: 	at advt.l(:com.google.android.gms@233013044@23.30.13 (190400-552628474):6)
08-06 00:55:22.841  1901  2052 W SystemUpdate: 	at cnyd.a(:com.google.android.gms@233013044@23.30.13 (190400-552628474):324)
08-06 00:55:22.841  1901  2052 W SystemUpdate: 	at com.google.android.gms.update.execution.InstallationIntentOperation.onHandleIntent(:com.google.android.gms@233013044@23.30.13 (190400-552628474):120)
08-06 00:55:22.841  1901  2052 W SystemUpdate: 	at com.google.android.chimera.IntentOperation.onHandleIntent(:com.google.android.gms@233013044@23.30.13 (190400-552628474):2)
08-06 00:55:22.841  1901  2052 W SystemUpdate: 	at ablm.onHandleIntent(:com.google.android.gms@233013044@23.30.13 (190400-552628474):10)
08-06 00:55:22.841  1901  2052 W SystemUpdate: 	at izw.run(:com.google.android.gms@233013044@23.30.13 (190400-552628474):70)
08-06 00:55:22.841  1901  2052 W SystemUpdate: 	at izv.run(:com.google.android.gms@233013044@23.30.13 (190400-552628474):152)
08-06 00:55:22.841  1901  2052 W SystemUpdate: 	at dlkq.run(:com.google.android.gms@233013044@23.30.13 (190400-552628474):13)
08-06 00:55:22.841  1901  2052 W SystemUpdate: 	at java.util.concurrent.ThreadPoolExecutor.runWorker(ThreadPoolExecutor.java:1167)
08-06 00:55:22.841  1901  2052 W SystemUpdate: 	at java.util.concurrent.ThreadPoolExecutor$Worker.run(ThreadPoolExecutor.java:641)
08-06 00:55:22.841  1901  2052 W SystemUpdate: 	at java.lang.Thread.run(Thread.java:920)
08-06 00:55:22.857  1901  2052 I SystemUpdate: [Execution,ExecutionManager] Action pending executed for 0.02 seconds.
08-06 00:55:22.860  1901  2052 I SystemUpdate: [Execution,ExecutionManager] Action pre-download-validate executed for 0.00 seconds.
08-06 00:55:22.863  1901  2052 W SystemUpdate: [Execution,ExecutionManager] Unable to create the action. Restart the execution from the scratch.
08-06 00:55:22.863  1901  2052 W SystemUpdate: java.lang.IllegalStateException
08-06 00:55:22.863  1901  2052 W SystemUpdate: 	at advt.l(:com.google.android.gms@233013044@23.30.13 (190400-552628474):6)
08-06 00:55:22.863  1901  2052 W SystemUpdate: 	at cnyd.a(:com.google.android.gms@233013044@23.30.13 (190400-552628474):324)
08-06 00:55:22.863  1901  2052 W SystemUpdate: 	at com.google.android.gms.update.execution.InstallationIntentOperation.onHandleIntent(:com.google.android.gms@233013044@23.30.13 (190400-552628474):120)
08-06 00:55:22.863  1901  2052 W SystemUpdate: 	at com.google.android.chimera.IntentOperation.onHandleIntent(:com.google.android.gms@233013044@23.30.13 (190400-552628474):2)
08-06 00:55:22.863  1901  2052 W SystemUpdate: 	at ablm.onHandleIntent(:com.google.android.gms@233013044@23.30.13 (190400-552628474):10)
08-06 00:55:22.863  1901  2052 W SystemUpdate: 	at izw.run(:com.google.android.gms@233013044@23.30.13 (190400-552628474):70)
08-06 00:55:22.863  1901  2052 W SystemUpdate: 	at izv.run(:com.google.android.gms@233013044@23.30.13 (190400-552628474):152)
08-06 00:55:22.863  1901  2052 W SystemUpdate: 	at dlkq.run(:com.google.android.gms@233013044@23.30.13 (190400-552628474):13)
08-06 00:55:22.863  1901  2052 W SystemUpdate: 	at java.util.concurrent.ThreadPoolExecutor.runWorker(ThreadPoolExecutor.java:1167)
08-06 00:55:22.863  1901  2052 W SystemUpdate: 	at java.util.concurrent.ThreadPoolExecutor$Worker.run(ThreadPoolExecutor.java:641)
08-06 00:55:22.863  1901  2052 W SystemUpdate: 	at java.lang.Thread.run(Thread.java:920)
08-06 00:55:22.866 29025 29150 D UE      : [2023.08.05-14.55.22:866][512]LogScript: Warning: Script Msg: Attempted to access index 2 from array 'CallFunc_GetAllGeometriesByClass_ReturnValue' of length 0 in '/Game/OM/GameSettings/MyCamera.MyCamera_C:ExecuteUbergraph_MyCamera'!
08-06 00:55:22.866 29025 29150 D UE      : [2023.08.05-14.55.22:866][512]LogScript: Warning: Last function called:
08-06 00:55:22.866 29025 29150 D UE      : 	/Game/OM/GameSettings/MyCamera.MyCamera_C.ExecuteUbergraph_MyCamera
08-06 00:55:22.866 29025 29150 D UE      : 
08-06 00:55:22.872  4621 29565 E SensorListener: Sensor(8) is not enabled yet!
08-06 00:55:22.872 29682 29897 W fb4a.MobileConfigFactoryImpl: SESSIONBASED factory used for SESSIONLESS param
08-06 00:55:22.880  1901  2052 I SystemUpdate: [Execution,ExecutionManager] Action pending executed for 0.02 seconds.
08-06 00:55:22.883  1901  2052 I SystemUpdate: [Execution,ExecutionManager] Action pre-download-validate executed for 0.00 seconds.
08-06 00:55:22.887  1901  2052 W SystemUpdate: [Execution,ExecutionManager] Unable to create the action. Restart the execution from the scratch.
08-06 00:55:22.887  1901  2052 W SystemUpdate: java.lang.IllegalStateException
08-06 00:55:22.887  1901  2052 W SystemUpdate: 	at advt.l(:com.google.android.gms@233013044@23.30.13 (190400-552628474):6)
08-06 00:55:22.887  1901  2052 W SystemUpdate: 	at cnyd.a(:com.google.android.gms@233013044@23.30.13 (190400-552628474):324)
08-06 00:55:22.887  1901  2052 W SystemUpdate: 	at com.google.android.gms.update.execution.InstallationIntentOperation.onHandleIntent(:com.google.android.gms@233013044@23.30.13 (190400-552628474):120)
08-06 00:55:22.887  1901  2052 W SystemUpdate: 	at com.google.android.chimera.IntentOperation.onHandleIntent(:com.google.android.gms@233013044@23.30.13 (190400-552628474):2)
08-06 00:55:22.887  1901  2052 W SystemUpdate: 	at ablm.onHandleIntent(:com.google.android.gms@233013044@23.30.13 (190400-552628474):10)
08-06 00:55:22.887  1901  2052 W SystemUpdate: 	at izw.run(:com.google.android.gms@233013044@23.30.13 (190400-552628474):70)
08-06 00:55:22.887  1901  2052 W SystemUpdate: 	at izv.run(:com.google.android.gms@233013044@23.30.13 (190400-552628474):152)
08-06 00:55:22.887  1901  2052 W SystemUpdate: 	at dlkq.run(:com.google.android.gms@233013044@23.30.13 (190400-552628474):13)
08-06 00:55:22.887  1901  2052 W SystemUpdate: 	at java.util.concurrent.ThreadPoolExecutor.runWorker(ThreadPoolExecutor.java:1167)
08-06 00:55:22.887  1901  2052 W SystemUpdate: 	at java.util.concurrent.ThreadPoolExecutor$Worker.run(ThreadPoolExecutor.java:641)
08-06 00:55:22.887  1901  2052 W SystemUpdate: 	at java.lang.Thread.run(Thread.java:920)
08-06 00:55:22.904 29025 29150 D UE      : [2023.08.05-14.55.22:903][513]LogScript: Warning: Script Msg: Attempted to access index 2 from array 'CallFunc_GetAllGeometriesByClass_ReturnValue' of length 0 in '/Game/OM/GameSettings/MyCamera.MyCamera_C:ExecuteUbergraph_MyCamera'!
08-06 00:55:22.904 29025 29150 D UE      : [2023.08.05-14.55.22:904][513]LogScript: Warning: Last function called:
08-06 00:55:22.904 29025 29150 D UE      : 	/Game/OM/GameSettings/MyCamera.MyCamera_C.ExecuteUbergraph_MyCamera
08-06 00:55:22.904 29025 29150 D UE      : 
08-06 00:55:22.904  1901  2052 I SystemUpdate: [Execution,ExecutionManager] Action pending executed for 0.02 seconds.
08-06 00:55:22.905  4621 29565 E SensorListener: Sensor(8) is not enabled yet!
08-06 00:55:22.908  1901  2052 I SystemUpdate: [Execution,ExecutionManager] Action pre-download-validate executed for 0.00 seconds.
08-06 00:55:22.912  1901  2052 W SystemUpdate: [Execution,ExecutionManager] Unable to create the action. Restart the execution from the scratch.
08-06 00:55:22.912  1901  2052 W SystemUpdate: java.lang.IllegalStateException
08-06 00:55:22.912  1901  2052 W SystemUpdate: 	at advt.l(:com.google.android.gms@233013044@23.30.13 (190400-552628474):6)
08-06 00:55:22.912  1901  2052 W SystemUpdate: 	at cnyd.a(:com.google.android.gms@233013044@23.30.13 (190400-552628474):324)
08-06 00:55:22.912  1901  2052 W SystemUpdate: 	at com.google.android.gms.update.execution.InstallationIntentOperation.onHandleIntent(:com.google.android.gms@233013044@23.30.13 (190400-552628474):120)
08-06 00:55:22.912  1901  2052 W SystemUpdate: 	at com.google.android.chimera.IntentOperation.onHandleIntent(:com.google.android.gms@233013044@23.30.13 (190400-552628474):2)
08-06 00:55:22.912  1901  2052 W SystemUpdate: 	at ablm.onHandleIntent(:com.google.android.gms@233013044@23.30.13 (190400-552628474):10)
08-06 00:55:22.912  1901  2052 W SystemUpdate: 	at izw.run(:com.google.android.gms@233013044@23.30.13 (190400-552628474):70)
08-06 00:55:22.912  1901  2052 W SystemUpdate: 	at izv.run(:com.google.android.gms@233013044@23.30.13 (190400-552628474):152)
08-06 00:55:22.912  1901  2052 W SystemUpdate: 	at dlkq.run(:com.google.android.gms@233013044@23.30.13 (190400-552628474):13)
08-06 00:55:22.912  1901  2052 W SystemUpdate: 	at java.util.concurrent.ThreadPoolExecutor.runWorker(ThreadPoolExecutor.java:1167)
08-06 00:55:22.912  1901  2052 W SystemUpdate: 	at java.util.concurrent.ThreadPoolExecutor$Worker.run(ThreadPoolExecutor.java:641)
08-06 00:55:22.912  1901  2052 W SystemUpdate: 	at java.lang.Thread.run(Thread.java:920)
08-06 00:55:22.929  1901  2052 I SystemUpdate: [Execution,ExecutionManager] Action pending executed for 0.02 seconds.
08-06 00:55:22.931  1901  2052 I SystemUpdate: [Execution,ExecutionManager] Action pre-download-validate executed for 0.00 seconds.
08-06 00:55:22.934 29025 29150 D UE      : [2023.08.05-14.55.22:934][514]LogScript: Warning: Script Msg: Attempted to access index 2 from array 'CallFunc_GetAllGeometriesByClass_ReturnValue' of length 0 in '/Game/OM/GameSettings/MyCamera.MyCamera_C:ExecuteUbergraph_MyCamera'!
08-06 00:55:22.934 29025 29150 D UE      : [2023.08.05-14.55.22:934][514]LogScript: Warning: Last function called:
08-06 00:55:22.934 29025 29150 D UE      : 	/Game/OM/GameSettings/MyCamera.MyCamera_C.ExecuteUbergraph_MyCamera
08-06 00:55:22.934 29025 29150 D UE      : 
08-06 00:55:22.934  1901  2052 W SystemUpdate: [Execution,ExecutionManager] Unable to create the action. Restart the execution from the scratch.
08-06 00:55:22.934  1901  2052 W SystemUpdate: java.lang.IllegalStateException
08-06 00:55:22.934  1901  2052 W SystemUpdate: 	at advt.l(:com.google.android.gms@233013044@23.30.13 (190400-552628474):6)
08-06 00:55:22.934  1901  2052 W SystemUpdate: 	at cnyd.a(:com.google.android.gms@233013044@23.30.13 (190400-552628474):324)
08-06 00:55:22.934  1901  2052 W SystemUpdate: 	at com.google.android.gms.update.execution.InstallationIntentOperation.onHandleIntent(:com.google.android.gms@233013044@23.30.13 (190400-552628474):120)
08-06 00:55:22.934  1901  2052 W SystemUpdate: 	at com.google.android.chimera.IntentOperation.onHandleIntent(:com.google.android.gms@233013044@23.30.13 (190400-552628474):2)
08-06 00:55:22.934  1901  2052 W SystemUpdate: 	at ablm.onHandleIntent(:com.google.android.gms@233013044@23.30.13 (190400-552628474):10)
08-06 00:55:22.934  1901  2052 W SystemUpdate: 	at izw.run(:com.google.android.gms@233013044@23.30.13 (190400-552628474):70)
08-06 00:55:22.934  1901  2052 W SystemUpdate: 	at izv.run(:com.google.android.gms@233013044@23.30.13 (190400-552628474):152)
08-06 00:55:22.934  1901  2052 W SystemUpdate: 	at dlkq.run(:com.google.android.gms@233013044@23.30.13 (190400-552628474):13)
08-06 00:55:22.934  1901  2052 W SystemUpdate: 	at java.util.concurrent.ThreadPoolExecutor.runWorker(ThreadPoolExecutor.java:1167)
08-06 00:55:22.934  1901  2052 W SystemUpdate: 	at java.util.concurrent.ThreadPoolExecutor$Worker.run(ThreadPoolExecutor.java:641)
08-06 00:55:22.934  1901  2052 W SystemUpdate: 	at java.lang.Thread.run(Thread.java:920)
08-06 00:55:22.939  4621 29565 E SensorListener: Sensor(8) is not enabled yet!
08-06 00:55:22.950 29682 29810 W fb4a.ServiceInfoParser: X.5DM: Service com.facebook.browser.lite.BrowserLiteIntentService is missing meta key com.facebook.common.jobscheduler.compat.jobIds
08-06 00:55:22.950 29682 29810 W fb4a.ServiceInfoParser: X.5DM: Service com.facebook.browser.lite.BrowserLiteInMainProcessIntentService is missing meta key com.facebook.common.jobscheduler.compat.jobIds
08-06 00:55:22.950 29682 29810 W fb4a.ServiceInfoParser: X.5DM: Service com.facebook.businessintegrity.cloakingdetection.service.CloakingDetectionService is missing meta key com.facebook.common.jobscheduler.compat.jobIds
08-06 00:55:22.950 29682 29810 W fb4a.ServiceInfoParser: X.5DM: Service com.facebook.contacts.service.ContactLocaleChangeService is missing meta key com.facebook.common.jobscheduler.compat.jobIds
08-06 00:55:22.950 29682 29810 W fb4a.ServiceInfoParser: X.5DM: Service com.facebook.account.login.notification.LoginNotificationService is missing meta key com.facebook.common.jobscheduler.compat.jobIds
08-06 00:55:22.951 29682 29810 W fb4a.ServiceInfoParser: X.5DM: Service com.facebook.conditionalworker.ConditionalWorkerService is missing meta key com.facebook.common.jobscheduler.compat.jobIds
08-06 00:55:22.951 29682 29810 W fb4a.ServiceInfoParser: X.5DM: Service com.facebook.fbservice.service.BlueServiceJobIntentService is missing meta key com.facebook.common.jobscheduler.compat.jobIds
08-06 00:55:22.951 29682 29810 W fb4a.ServiceInfoParser: X.5DM: Service com.facebook.notifications.tray.DelayedDeliveryJobScheduler is missing meta key com.facebook.common.jobscheduler.compat.jobIds
08-06 00:55:22.951 29682 29810 W fb4a.ServiceInfoParser: X.5DM: Service com.facebook.notifications.appwidget.bugreporter.NotificationsWidgetDebugHelper is missing meta key com.facebook.common.jobscheduler.compat.jobIds
08-06 00:55:22.952 29682 29810 W fb4a.ServiceInfoParser: X.5DM: Service com.facebook.appcomponentmanager.AppComponentManagerService is missing meta key com.facebook.common.jobscheduler.compat.jobIds
08-06 00:55:22.952 29682 29810 W fb4a.ServiceInfoParser: X.5DM: Service com.facebook.confirmation.notification.ConfirmationNotificationService is missing meta key com.facebook.common.jobscheduler.compat.jobIds
08-06 00:55:22.952 29682 29810 W fb4a.ServiceInfoParser: X.5DM: Service com.facebook.battery.monitor.ContinuousBatteryMonitorService is missing meta key com.facebook.common.jobscheduler.compat.jobIds
