08-06 00:55:21.038 29670 30041 E msgr.BackgroundLocationManager: PERMISSION_DENIED
08-06 00:55:21.039  1901  2052 I SystemUpdate: [Execution,ExecutionManager] Action pending executed for 0.03 seconds.
08-06 00:55:21.040  4621 29565 E SensorListener: Sensor(8) is not enabled yet!
08-06 00:55:21.041  1901  2052 I SystemUpdate: [Execution,ExecutionManager] Action pre-download-validate executed for 0.00 seconds.
08-06 00:55:21.045  1901  2052 W SystemUpdate: [Execution,ExecutionManager] Unable to create the action. Restart the execution from the scratch.
08-06 00:55:21.045  1901  2052 W SystemUpdate: java.lang.IllegalStateException
08-06 00:55:21.045  1901  2052 W SystemUpdate: 	at advt.l(:com.google.android.gms@233013044@23.30.13 (190400-552628474):6)
08-06 00:55:21.045  1901  2052 W SystemUpdate: 	at cnyd.a(:com.google.android.gms@233013044@23.30.13 (190400-552628474):324)
08-06 00:55:21.045  1901  2052 W SystemUpdate: 	at com.google.android.gms.update.execution.InstallationIntentOperation.onHandleIntent(:com.google.android.gms@233013044@23.30.13 (190400-552628474):120)
08-06 00:55:21.045  1901  2052 W SystemUpdate: 	at com.google.android.chimera.IntentOperation.onHandleIntent(:com.google.android.gms@233013044@23.30.13 (190400-552628474):2)
08-06 00:55:21.045  1901  2052 W SystemUpdate: 	at ablm.onHandleIntent(:com.google.android.gms@233013044@23.30.13 (190400-552628474):10)
08-06 00:55:21.045  1901  2052 W SystemUpdate: 	at izw.run(:com.google.android.gms@233013044@23.30.13 (190400-552628474):70)
08-06 00:55:21.045  1901  2052 W SystemUpdate: 	at izv.run(:com.google.android.gms@233013044@23.30.13 (190400-552628474):152)
08-06 00:55:21.045  1901  2052 W SystemUpdate: 	at dlkq.run(:com.google.android.gms@233013044@23.30.13 (190400-552628474):13)
08-06 00:55:21.045  1901  2052 W SystemUpdate: 	at java.util.concurrent.ThreadPoolExecutor.runWorker(ThreadPoolExecutor.java:1167)
08-06 00:55:21.045  1901  2052 W SystemUpdate: 	at java.util.concurrent.ThreadPoolExecutor$Worker.run(ThreadPoolExecutor.java:641)
08-06 00:55:21.045  1901  2052 W SystemUpdate: 	at java.lang.Thread.run(Thread.java:920)
08-06 00:55:21.063  1901  2052 I SystemUpdate: [Execution,ExecutionManager] Action pending executed for 0.02 seconds.
08-06 00:55:21.066 29025 29150 D UE      : [2023.08.05-14.55.21:066][458]LogScript: Warning: Script Msg: Attempted to access index 2 from array 'CallFunc_GetAllGeometriesByClass_ReturnValue' of length 0 in '/Game/OM/GameSettings/MyCamera.MyCamera_C:ExecuteUbergraph_MyCamera'!
08-06 00:55:21.066 29025 29150 D UE      : [2023.08.05-14.55.21:066][458]LogScript: Warning: Last function called:
08-06 00:55:21.066 29025 29150 D UE      : 	/Game/OM/GameSettings/MyCamera.MyCamera_C.ExecuteUbergraph_MyCamera
08-06 00:55:21.066 29025 29150 D UE      : 
08-06 00:55:21.069  1901  2052 I SystemUpdate: [Execution,ExecutionManager] Action pre-download-validate executed for 0.00 seconds.
08-06 00:55:21.072  1901  2052 W SystemUpdate: [Execution,ExecutionManager] Unable to create the action. Restart the execution from the scratch.
08-06 00:55:21.072  1901  2052 W SystemUpdate: java.lang.IllegalStateException
08-06 00:55:21.072  1901  2052 W SystemUpdate: 	at advt.l(:com.google.android.gms@233013044@23.30.13 (190400-552628474):6)
08-06 00:55:21.072  1901  2052 W SystemUpdate: 	at cnyd.a(:com.google.android.gms@233013044@23.30.13 (190400-552628474):324)
08-06 00:55:21.072  1901  2052 W SystemUpdate: 	at com.google.android.gms.update.execution.InstallationIntentOperation.onHandleIntent(:com.google.android.gms@233013044@23.30.13 (190400-552628474):120)
08-06 00:55:21.072  1901  2052 W SystemUpdate: 	at com.google.android.chimera.IntentOperation.onHandleIntent(:com.google.android.gms@233013044@23.30.13 (190400-552628474):2)
08-06 00:55:21.072  1901  2052 W SystemUpdate: 	at ablm.onHandleIntent(:com.google.android.gms@233013044@23.30.13 (190400-552628474):10)
08-06 00:55:21.072  1901  2052 W SystemUpdate: 	at izw.run(:com.google.android.gms@233013044@23.30.13 (190400-552628474):70)
08-06 00:55:21.072  1901  2052 W SystemUpdate: 	at izv.run(:com.google.android.gms@233013044@23.30.13 (190400-552628474):152)
08-06 00:55:21.072  1901  2052 W SystemUpdate: 	at dlkq.run(:com.google.android.gms@233013044@23.30.13 (190400-552628474):13)
08-06 00:55:21.072  1901  2052 W SystemUpdate: 	at java.util.concurrent.ThreadPoolExecutor.runWorker(ThreadPoolExecutor.java:1167)
08-06 00:55:21.072  1901  2052 W SystemUpdate: 	at java.util.concurrent.ThreadPoolExecutor$Worker.run(ThreadPoolExecutor.java:641)
08-06 00:55:21.072  1901  2052 W SystemUpdate: 	at java.lang.Thread.run(Thread.java:920)
08-06 00:55:21.072  4621 29565 E SensorListener: Sensor(8) is not enabled yet!
08-06 00:55:21.090  1901  2052 I SystemUpdate: [Execution,ExecutionManager] Action pending executed for 0.02 seconds.
08-06 00:55:21.093  1901  2052 I SystemUpdate: [Execution,ExecutionManager] Action pre-download-validate executed for 0.00 seconds.
08-06 00:55:21.098  1901  2052 W SystemUpdate: [Execution,ExecutionManager] Unable to create the action. Restart the execution from the scratch.
08-06 00:55:21.098  1901  2052 W SystemUpdate: java.lang.IllegalStateException
08-06 00:55:21.098  1901  2052 W SystemUpdate: 	at advt.l(:com.google.android.gms@233013044@23.30.13 (190400-552628474):6)
08-06 00:55:21.098  1901  2052 W SystemUpdate: 	at cnyd.a(:com.google.android.gms@233013044@23.30.13 (190400-552628474):324)
08-06 00:55:21.098  1901  2052 W SystemUpdate: 	at com.google.android.gms.update.execution.InstallationIntentOperation.onHandleIntent(:com.google.android.gms@233013044@23.30.13 (190400-552628474):120)
08-06 00:55:21.098  1901  2052 W SystemUpdate: 	at com.google.android.chimera.IntentOperation.onHandleIntent(:com.google.android.gms@233013044@23.30.13 (190400-552628474):2)
08-06 00:55:21.098  1901  2052 W SystemUpdate: 	at ablm.onHandleIntent(:com.google.android.gms@233013044@23.30.13 (190400-552628474):10)
08-06 00:55:21.098  1901  2052 W SystemUpdate: 	at izw.run(:com.google.android.gms@233013044@23.30.13 (190400-552628474):70)
08-06 00:55:21.098  1901  2052 W SystemUpdate: 	at izv.run(:com.google.android.gms@233013044@23.30.13 (190400-552628474):152)
08-06 00:55:21.098  1901  2052 W SystemUpdate: 	at dlkq.run(:com.google.android.gms@233013044@23.30.13 (190400-552628474):13)
08-06 00:55:21.098  1901  2052 W SystemUpdate: 	at java.util.concurrent.ThreadPoolExecutor.runWorker(ThreadPoolExecutor.java:1167)
08-06 00:55:21.098  1901  2052 W SystemUpdate: 	at java.util.concurrent.ThreadPoolExecutor$Worker.run(ThreadPoolExecutor.java:641)
08-06 00:55:21.098  1901  2052 W SystemUpdate: 	at java.lang.Thread.run(Thread.java:920)
08-06 00:55:21.100 29025 29150 D UE      : [2023.08.05-14.55.21:100][459]LogScript: Warning: Script Msg: Attempted to access index 2 from array 'CallFunc_GetAllGeometriesByClass_ReturnValue' of length 0 in '/Game/OM/GameSettings/MyCamera.MyCamera_C:ExecuteUbergraph_MyCamera'!
08-06 00:55:21.100 29025 29150 D UE      : [2023.08.05-14.55.21:100][459]LogScript: Warning: Last function called:
08-06 00:55:21.100 29025 29150 D UE      : 	/Game/OM/GameSettings/MyCamera.MyCamera_C.ExecuteUbergraph_MyCamera
08-06 00:55:21.100 29025 29150 D UE      : 
08-06 00:55:21.106  4621 29565 E SensorListener: Sensor(8) is not enabled yet!
08-06 00:55:21.115  1901  2052 I SystemUpdate: [Execution,ExecutionManager] Action pending executed for 0.02 seconds.
08-06 00:55:21.118  1901  2052 I SystemUpdate: [Execution,ExecutionManager] Action pre-download-validate executed for 0.00 seconds.
08-06 00:55:21.120  1901  2052 W SystemUpdate: [Execution,ExecutionManager] Unable to create the action. Restart the execution from the scratch.
08-06 00:55:21.120  1901  2052 W SystemUpdate: java.lang.IllegalStateException
08-06 00:55:21.120  1901  2052 W SystemUpdate: 	at advt.l(:com.google.android.gms@233013044@23.30.13 (190400-552628474):6)
08-06 00:55:21.120  1901  2052 W SystemUpdate: 	at cnyd.a(:com.google.android.gms@233013044@23.30.13 (190400-552628474):324)
08-06 00:55:21.120  1901  2052 W SystemUpdate: 	at com.google.android.gms.update.execution.InstallationIntentOperation.onHandleIntent(:com.google.android.gms@233013044@23.30.13 (190400-552628474):120)
08-06 00:55:21.120  1901  2052 W SystemUpdate: 	at com.google.android.chimera.IntentOperation.onHandleIntent(:com.google.android.gms@233013044@23.30.13 (190400-552628474):2)
08-06 00:55:21.120  1901  2052 W SystemUpdate: 	at ablm.onHandleIntent(:com.google.android.gms@233013044@23.30.13 (190400-552628474):10)
08-06 00:55:21.120  1901  2052 W SystemUpdate: 	at izw.run(:com.google.android.gms@233013044@23.30.13 (190400-552628474):70)
08-06 00:55:21.120  1901  2052 W SystemUpdate: 	at izv.run(:com.google.android.gms@233013044@23.30.13 (190400-552628474):152)
08-06 00:55:21.120  1901  2052 W SystemUpdate: 	at dlkq.run(:com.google.android.gms@233013044@23.30.13 (190400-552628474):13)
08-06 00:55:21.120  1901  2052 W SystemUpdate: 	at java.util.concurrent.ThreadPoolExecutor.runWorker(ThreadPoolExecutor.java:1167)
08-06 00:55:21.120  1901  2052 W SystemUpdate: 	at java.util.concurrent.ThreadPoolExecutor$Worker.run(ThreadPoolExecutor.java:641)
08-06 00:55:21.120  1901  2052 W SystemUpdate: 	at java.lang.Thread.run(Thread.java:920)
08-06 00:55:21.133 29025 29150 D UE      : [2023.08.05-14.55.21:133][460]LogScript: Warning: Script Msg: Attempted to access index 2 from array 'CallFunc_GetAllGeometriesByClass_ReturnValue' of length 0 in '/Game/OM/GameSettings/MyCamera.MyCamera_C:ExecuteUbergraph_MyCamera'!
08-06 00:55:21.133 29025 29150 D UE      : [2023.08.05-14.55.21:133][460]LogScript: Warning: Last function called:
08-06 00:55:21.133 29025 29150 D UE      : 	/Game/OM/GameSettings/MyCamera.MyCamera_C.ExecuteUbergraph_MyCamera
08-06 00:55:21.133 29025 29150 D UE      : 
08-06 00:55:21.135  1901  2052 I SystemUpdate: [Execution,ExecutionManager] Action pending executed for 0.02 seconds.
08-06 00:55:21.138  1901  2052 I SystemUpdate: [Execution,ExecutionManager] Action pre-download-validate executed for 0.00 seconds.
08-06 00:55:21.139  4621 29565 E SensorListener: Sensor(8) is not enabled yet!
08-06 00:55:21.143  1901  2052 W SystemUpdate: [Execution,ExecutionManager] Unable to create the action. Restart the execution from the scratch.
08-06 00:55:21.143  1901  2052 W SystemUpdate: java.lang.IllegalStateException
08-06 00:55:21.143  1901  2052 W SystemUpdate: 	at advt.l(:com.google.android.gms@233013044@23.30.13 (190400-552628474):6)
08-06 00:55:21.143  1901  2052 W SystemUpdate: 	at cnyd.a(:com.google.android.gms@233013044@23.30.13 (190400-552628474):324)
08-06 00:55:21.143  1901  2052 W SystemUpdate: 	at com.google.android.gms.update.execution.InstallationIntentOperation.onHandleIntent(:com.google.android.gms@233013044@23.30.13 (190400-552628474):120)
08-06 00:55:21.143  1901  2052 W SystemUpdate: 	at com.google.android.chimera.IntentOperation.onHandleIntent(:com.google.android.gms@233013044@23.30.13 (190400-552628474):2)
08-06 00:55:21.143  1901  2052 W SystemUpdate: 	at ablm.onHandleIntent(:com.google.android.gms@233013044@23.30.13 (190400-552628474):10)
08-06 00:55:21.143  1901  2052 W SystemUpdate: 	at izw.run(:com.google.android.gms@233013044@23.30.13 (190400-552628474):70)
08-06 00:55:21.143  1901  2052 W SystemUpdate: 	at izv.run(:com.google.android.gms@233013044@23.30.13 (190400-552628474):152)
08-06 00:55:21.143  1901  2052 W SystemUpdate: 	at dlkq.run(:com.google.android.gms@233013044@23.30.13 (190400-552628474):13)
08-06 00:55:21.143  1901  2052 W SystemUpdate: 	at java.util.concurrent.ThreadPoolExecutor.runWorker(ThreadPoolExecutor.java:1167)
08-06 00:55:21.143  1901  2052 W SystemUpdate: 	at java.util.concurrent.ThreadPoolExecutor$Worker.run(ThreadPoolExecutor.java:641)
08-06 00:55:21.143  1901  2052 W SystemUpdate: 	at java.lang.Thread.run(Thread.java:920)
08-06 00:55:21.153  4972  6863 D CompatibilityChangeReporter: Compat change id reported: 149924527; UID 10131; state: ENABLED
08-06 00:55:21.154  4972  6863 D CompatibilityChangeReporter: Compat change id reported: 132649864; UID 10131; state: DISABLED
08-06 00:55:21.155  4972  6863 D CompatibilityChangeReporter: Compat change id reported: 182734110; UID 10131; state: ENABLED
08-06 00:55:21.160  1901  2052 I SystemUpdate: [Execution,ExecutionManager] Action pending executed for 0.02 seconds.
08-06 00:55:21.163  1901  2052 I SystemUpdate: [Execution,ExecutionManager] Action pre-download-validate executed for 0.00 seconds.
08-06 00:55:21.165  1901  2052 W SystemUpdate: [Execution,ExecutionManager] Unable to create the action. Restart the execution from the scratch.
08-06 00:55:21.165  1901  2052 W SystemUpdate: java.lang.IllegalStateException
08-06 00:55:21.165  1901  2052 W SystemUpdate: 	at advt.l(:com.google.android.gms@233013044@23.30.13 (190400-552628474):6)
08-06 00:55:21.165  1901  2052 W SystemUpdate: 	at cnyd.a(:com.google.android.gms@233013044@23.30.13 (190400-552628474):324)
08-06 00:55:21.165  1901  2052 W SystemUpdate: 	at com.google.android.gms.update.execution.InstallationIntentOperation.onHandleIntent(:com.google.android.gms@233013044@23.30.13 (190400-552628474):120)
08-06 00:55:21.165  1901  2052 W SystemUpdate: 	at com.google.android.chimera.IntentOperation.onHandleIntent(:com.google.android.gms@233013044@23.30.13 (190400-552628474):2)
08-06 00:55:21.165  1901  2052 W SystemUpdate: 	at ablm.onHandleIntent(:com.google.android.gms@233013044@23.30.13 (190400-552628474):10)
08-06 00:55:21.165  1901  2052 W SystemUpdate: 	at izw.run(:com.google.android.gms@233013044@23.30.13 (190400-552628474):70)
08-06 00:55:21.165  1901  2052 W SystemUpdate: 	at izv.run(:com.google.android.gms@233013044@23.30.13 (190400-552628474):152)
08-06 00:55:21.165  1901  2052 W SystemUpdate: 	at dlkq.run(:com.google.android.gms@233013044@23.30.13 (190400-552628474):13)
08-06 00:55:21.165  1901  2052 W SystemUpdate: 	at java.util.concurrent.ThreadPoolExecutor.runWorker(ThreadPoolExecutor.java:1167)
08-06 00:55:21.165  1901  2052 W SystemUpdate: 	at java.util.concurrent.ThreadPoolExecutor$Worker.run(ThreadPoolExecutor.java:641)
08-06 00:55:21.165  1901  2052 W SystemUpdate: 	at java.lang.Thread.run(Thread.java:920)
08-06 00:55:21.166 29025 29150 D UE      : [2023.08.05-14.55.21:166][461]LogScript: Warning: Script Msg: Attempted to access index 2 from array 'CallFunc_GetAllGeometriesByClass_ReturnValue' of length 0 in '/Game/OM/GameSettings/MyCamera.MyCamera_C:ExecuteUbergraph_MyCamera'!
08-06 00:55:21.166 29025 29150 D UE      : [2023.08.05-14.55.21:166][461]LogScript: Warning: Last function called:
08-06 00:55:21.166 29025 29150 D UE      : 	/Game/OM/GameSettings/MyCamera.MyCamera_C.ExecuteUbergraph_MyCamera
08-06 00:55:21.166 29025 29150 D UE      : 
08-06 00:55:21.174  4621 29565 E SensorListener: Sensor(8) is not enabled yet!
08-06 00:55:21.180  1901  2052 I SystemUpdate: [Execution,ExecutionManager] Action pending executed for 0.02 seconds.
08-06 00:55:21.183  1901  2052 I SystemUpdate: [Execution,ExecutionManager] Action pre-download-validate executed for 0.00 seconds.
08-06 00:55:21.186  1901  2052 W SystemUpdate: [Execution,ExecutionManager] Unable to create the action. Restart the execution from the scratch.
08-06 00:55:21.186  1901  2052 W SystemUpdate: java.lang.IllegalStateException
08-06 00:55:21.186  1901  2052 W SystemUpdate: 	at advt.l(:com.google.android.gms@233013044@23.30.13 (190400-552628474):6)
08-06 00:55:21.186  1901  2052 W SystemUpdate: 	at cnyd.a(:com.google.android.gms@233013044@23.30.13 (190400-552628474):324)
08-06 00:55:21.186  1901  2052 W SystemUpdate: 	at com.google.android.gms.update.execution.InstallationIntentOperation.onHandleIntent(:com.google.android.gms@233013044@23.30.13 (190400-552628474):120)
08-06 00:55:21.186  1901  2052 W SystemUpdate: 	at com.google.android.chimera.IntentOperation.onHandleIntent(:com.google.android.gms@233013044@23.30.13 (190400-552628474):2)
08-06 00:55:21.186  1901  2052 W SystemUpdate: 	at ablm.onHandleIntent(:com.google.android.gms@233013044@23.30.13 (190400-552628474):10)
08-06 00:55:21.186  1901  2052 W SystemUpdate: 	at izw.run(:com.google.android.gms@233013044@23.30.13 (190400-552628474):70)
08-06 00:55:21.186  1901  2052 W SystemUpdate: 	at izv.run(:com.google.android.gms@233013044@23.30.13 (190400-552628474):152)
08-06 00:55:21.186  1901  2052 W SystemUpdate: 	at dlkq.run(:com.google.android.gms@233013044@23.30.13 (190400-552628474):13)
08-06 00:55:21.186  1901  2052 W SystemUpdate: 	at java.util.concurrent.ThreadPoolExecutor.runWorker(ThreadPoolExecutor.java:1167)
08-06 00:55:21.186  1901  2052 W SystemUpdate: 	at java.util.concurrent.ThreadPoolExecutor$Worker.run(ThreadPoolExecutor.java:641)
08-06 00:55:21.186  1901  2052 W SystemUpdate: 	at java.lang.Thread.run(Thread.java:920)
08-06 00:55:21.201  1901  2052 I SystemUpdate: [Execution,ExecutionManager] Action pending executed for 0.02 seconds.
08-06 00:55:21.202 29025 29150 D UE      : [2023.08.05-14.55.21:202][462]LogScript: Warning: Script Msg: Attempted to access index 2 from array 'CallFunc_GetAllGeometriesByClass_ReturnValue' of length 0 in '/Game/OM/GameSettings/MyCamera.MyCamera_C:ExecuteUbergraph_MyCamera'!
08-06 00:55:21.202 29025 29150 D UE      : [2023.08.05-14.55.21:202][462]LogScript: Warning: Last function called:
08-06 00:55:21.203 29025 29150 D UE      : 	/Game/OM/GameSettings/MyCamera.MyCamera_C.ExecuteUbergraph_MyCamera
08-06 00:55:21.203 29025 29150 D UE      : 
08-06 00:55:21.205  1901  2052 I SystemUpdate: [Execution,ExecutionManager] Action pre-download-validate executed for 0.00 seconds.
08-06 00:55:21.206  4621 29565 E SensorListener: Sensor(8) is not enabled yet!
08-06 00:55:21.208  1901  2052 W SystemUpdate: [Execution,ExecutionManager] Unable to create the action. Restart the execution from the scratch.
08-06 00:55:21.208  1901  2052 W SystemUpdate: java.lang.IllegalStateException
08-06 00:55:21.208  1901  2052 W SystemUpdate: 	at advt.l(:com.google.android.gms@233013044@23.30.13 (190400-552628474):6)
08-06 00:55:21.208  1901  2052 W SystemUpdate: 	at cnyd.a(:com.google.android.gms@233013044@23.30.13 (190400-552628474):324)
08-06 00:55:21.208  1901  2052 W SystemUpdate: 	at com.google.android.gms.update.execution.InstallationIntentOperation.onHandleIntent(:com.google.android.gms@233013044@23.30.13 (190400-552628474):120)
08-06 00:55:21.208  1901  2052 W SystemUpdate: 	at com.google.android.chimera.IntentOperation.onHandleIntent(:com.google.android.gms@233013044@23.30.13 (190400-552628474):2)
08-06 00:55:21.208  1901  2052 W SystemUpdate: 	at ablm.onHandleIntent(:com.google.android.gms@233013044@23.30.13 (190400-552628474):10)
08-06 00:55:21.208  1901  2052 W SystemUpdate: 	at izw.run(:com.google.android.gms@233013044@23.30.13 (190400-552628474):70)
08-06 00:55:21.208  1901  2052 W SystemUpdate: 	at izv.run(:com.google.android.gms@233013044@23.30.13 (190400-552628474):152)
08-06 00:55:21.208  1901  2052 W SystemUpdate: 	at dlkq.run(:com.google.android.gms@233013044@23.30.13 (190400-552628474):13)
08-06 00:55:21.208  1901  2052 W SystemUpdate: 	at java.util.concurrent.ThreadPoolExecutor.runWorker(ThreadPoolExecutor.java:1167)
08-06 00:55:21.208  1901  2052 W SystemUpdate: 	at java.util.concurrent.ThreadPoolExecutor$Worker.run(ThreadPoolExecutor.java:641)
08-06 00:55:21.208  1901  2052 W SystemUpdate: 	at java.lang.Thread.run(Thread.java:920)
08-06 00:55:21.223  4621 29566 I ExynosCamera: [CAM_ID(0)][Back_0]-INFO(m_monitorThreadFunc[5582]):@FIMC_IS_SYNC 123
08-06 00:55:21.223  4621 29566 D ExynosCameraMCPipe: [CAM_ID(0)][PIPE_3AA]-DEBUG(syncLog[1189]):
08-06 00:55:21.224  1901  2052 I SystemUpdate: [Execution,ExecutionManager] Action pending executed for 0.02 seconds.
08-06 00:55:21.226  6107  3164 E DatabaseUtils: Writing exception to parcel
08-06 00:55:21.226  6107  3164 E DatabaseUtils: java.lang.IllegalArgumentException: Unsupported MIME type audio/m4a
08-06 00:55:21.226  6107  3164 E DatabaseUtils: 	at com.android.providers.media.MediaProvider.ensureFileColumns(MediaProvider.java:3180)
08-06 00:55:21.226  6107  3164 E DatabaseUtils: 	at com.android.providers.media.MediaProvider.ensureUniqueFileColumns(MediaProvider.java:2997)
08-06 00:55:21.226  6107  3164 E DatabaseUtils: 	at com.android.providers.media.MediaProvider.insertFile(MediaProvider.java:3751)
08-06 00:55:21.226  6107  3164 E DatabaseUtils: 	at com.android.providers.media.MediaProvider.insertInternal(MediaProvider.java:4262)
08-06 00:55:21.226  6107  3164 E DatabaseUtils: 	at com.android.providers.media.MediaProvider.insert(MediaProvider.java:4035)
08-06 00:55:21.226  6107  3164 E DatabaseUtils: 	at android.content.ContentProvider$Transport.insert(ContentProvider.java:330)
08-06 00:55:21.226  6107  3164 E DatabaseUtils: 	at android.content.ContentProviderNative.onTransact(ContentProviderNative.java:168)
08-06 00:55:21.226  6107  3164 E DatabaseUtils: 	at android.os.Binder.execTransactInternal(Binder.java:1184)
08-06 00:55:21.226  6107  3164 E DatabaseUtils: 	at android.os.Binder.execTransact(Binder.java:1143)
08-06 00:55:21.228  1901  2052 I SystemUpdate: [Execution,ExecutionManager] Action pre-download-validate executed for 0.00 seconds.
08-06 00:55:21.230 29025 29150 D UE      : [2023.08.05-14.55.21:230][463]LogScript: Warning: Script Msg: Attempted to access index 2 from array 'CallFunc_GetAllGeometriesByClass_ReturnValue' of length 0 in '/Game/OM/GameSettings/MyCamera.MyCamera_C:ExecuteUbergraph_MyCamera'!
08-06 00:55:21.230 29025 29150 D UE      : [2023.08.05-14.55.21:230][463]LogScript: Warning: Last function called:
08-06 00:55:21.230 29025 29150 D UE      : 	/Game/OM/GameSettings/MyCamera.MyCamera_C.ExecuteUbergraph_MyCamera
08-06 00:55:21.230 29025 29150 D UE      : 
08-06 00:55:21.230  1901  2052 W SystemUpdate: [Execution,ExecutionManager] Unable to create the action. Restart the execution from the scratch.
08-06 00:55:21.230  1901  2052 W SystemUpdate: java.lang.IllegalStateException
08-06 00:55:21.230  1901  2052 W SystemUpdate: 	at advt.l(:com.google.android.gms@233013044@23.30.13 (190400-552628474):6)
08-06 00:55:21.230  1901  2052 W SystemUpdate: 	at cnyd.a(:com.google.android.gms@233013044@23.30.13 (190400-552628474):324)
08-06 00:55:21.230  1901  2052 W SystemUpdate: 	at com.google.android.gms.update.execution.InstallationIntentOperation.onHandleIntent(:com.google.android.gms@233013044@23.30.13 (190400-552628474):120)
08-06 00:55:21.230  1901  2052 W SystemUpdate: 	at com.google.android.chimera.IntentOperation.onHandleIntent(:com.google.android.gms@233013044@23.30.13 (190400-552628474):2)
08-06 00:55:21.230  1901  2052 W SystemUpdate: 	at ablm.onHandleIntent(:com.google.android.gms@233013044@23.30.13 (190400-552628474):10)
08-06 00:55:21.230  1901  2052 W SystemUpdate: 	at izw.run(:com.google.android.gms@233013044@23.30.13 (190400-552628474):70)
08-06 00:55:21.230  1901  2052 W SystemUpdate: 	at izv.run(:com.google.android.gms@233013044@23.30.13 (190400-552628474):152)
08-06 00:55:21.230  1901  2052 W SystemUpdate: 	at dlkq.run(:com.google.android.gms@233013044@23.30.13 (190400-552628474):13)
08-06 00:55:21.230  1901  2052 W SystemUpdate: 	at java.util.concurrent.ThreadPoolExecutor.runWorker(ThreadPoolExecutor.java:1167)
08-06 00:55:21.230  1901  2052 W SystemUpdate: 	at java.util.concurrent.ThreadPoolExecutor$Worker.run(ThreadPoolExecutor.java:641)
08-06 00:55:21.230  1901  2052 W SystemUpdate: 	at java.lang.Thread.run(Thread.java:920)
08-06 00:55:21.239  4621 29565 E SensorListener: Sensor(8) is not enabled yet!
08-06 00:55:21.245 29682 29942 E fb4a.T157805820: TigonMhrLogger::logRequestIfNeeded
08-06 00:55:21.245 29682 29942 E fb4a.T157805820: TigonWifiInfoLogger::init
08-06 00:55:21.246 29682 29942 E fb4a.T157805820: TigonMhrFbcLogger::logRequestIfNeeded
08-06 00:55:21.246 29682 29942 E fb4a.T157805820: TigonCellTowerInfoLogger::logRequestIfNeeded
08-06 00:55:21.246 29682 29942 E fb4a.T157805820: TigonCertificateVerificationLogger::logRequestIfNeeded
08-06 00:55:21.246 29682 29942 E fb4a.T157805820: TigonTransientAnalysisLogger::logRequestIfNeeded
08-06 00:55:21.246 29682 29942 E fb4a.T157805820: TigonProviderConnectionDeviceInfoLogger::logRequestIfNeeded
08-06 00:55:21.251 29682 29942 E fb4a.T157805820: TigonCellTowerInfoPapayaLogger::logRequestIfNeeded
08-06 00:55:21.251 29682 29942 W fb4a.MobileConfigFactoryImpl: SESSIONLESS factory used for SESSIONBASED param
08-06 00:55:21.251 29682 29942 E fb4a.T157805820: NetworkUtilisationLogger::logRequestIfNeeded
08-06 00:55:21.258  1901  2052 I SystemUpdate: [Execution,ExecutionManager] Action pending executed for 0.03 seconds.
08-06 00:55:21.261  1901  2052 I SystemUpdate: [Execution,ExecutionManager] Action pre-download-validate executed for 0.00 seconds.
08-06 00:55:21.262 29670 29837 W msgr.ReqContexts: fail() skipped
08-06 00:55:21.263  1901  2052 W SystemUpdate: [Execution,ExecutionManager] Unable to create the action. Restart the execution from the scratch.
08-06 00:55:21.263  1901  2052 W SystemUpdate: java.lang.IllegalStateException
08-06 00:55:21.263  1901  2052 W SystemUpdate: 	at advt.l(:com.google.android.gms@233013044@23.30.13 (190400-552628474):6)
08-06 00:55:21.263  1901  2052 W SystemUpdate: 	at cnyd.a(:com.google.android.gms@233013044@23.30.13 (190400-552628474):324)
08-06 00:55:21.263  1901  2052 W SystemUpdate: 	at com.google.android.gms.update.execution.InstallationIntentOperation.onHandleIntent(:com.google.android.gms@233013044@23.30.13 (190400-552628474):120)
08-06 00:55:21.263  1901  2052 W SystemUpdate: 	at com.google.android.chimera.IntentOperation.onHandleIntent(:com.google.android.gms@233013044@23.30.13 (190400-552628474):2)
08-06 00:55:21.263  1901  2052 W SystemUpdate: 	at ablm.onHandleIntent(:com.google.android.gms@233013044@23.30.13 (190400-552628474):10)
08-06 00:55:21.263  1901  2052 W SystemUpdate: 	at izw.run(:com.google.android.gms@233013044@23.30.13 (190400-552628474):70)
08-06 00:55:21.263  1901  2052 W SystemUpdate: 	at izv.run(:com.google.android.gms@233013044@23.30.13 (190400-552628474):152)
08-06 00:55:21.263  1901  2052 W SystemUpdate: 	at dlkq.run(:com.google.android.gms@233013044@23.30.13 (190400-552628474):13)
08-06 00:55:21.263  1901  2052 W SystemUpdate: 	at java.util.concurrent.ThreadPoolExecutor.runWorker(ThreadPoolExecutor.java:1167)
08-06 00:55:21.263  1901  2052 W SystemUpdate: 	at java.util.concurrent.ThreadPoolExecutor$Worker.run(ThreadPoolExecutor.java:641)
08-06 00:55:21.263  1901  2052 W SystemUpdate: 	at java.lang.Thread.run(Thread.java:920)
08-06 00:55:21.266 29025 29150 D UE      : [2023.08.05-14.55.21:266][464]LogScript: Warning: Script Msg: Attempted to access index 2 from array 'CallFunc_GetAllGeometriesByClass_ReturnValue' of length 0 in '/Game/OM/GameSettings/MyCamera.MyCamera_C:ExecuteUbergraph_MyCamera'!
08-06 00:55:21.266 29025 29150 D UE      : [2023.08.05-14.55.21:266][464]LogScript: Warning: Last function called:
08-06 00:55:21.266 29025 29150 D UE      : 	/Game/OM/GameSettings/MyCamera.MyCamera_C.ExecuteUbergraph_MyCamera
08-06 00:55:21.266 29025 29150 D UE      : 
08-06 00:55:21.273  4621 29565 E SensorListener: Sensor(8) is not enabled yet!
08-06 00:55:21.280 29670 29839 W msgr.lacrima: Cannot find registered detector
08-06 00:55:21.280  1901  2052 I SystemUpdate: [Execution,ExecutionManager] Action pending executed for 0.02 seconds.
08-06 00:55:21.283  1901  2052 I SystemUpdate: [Execution,ExecutionManager] Action pre-download-validate executed for 0.00 seconds.
08-06 00:55:21.286  1901  2052 W SystemUpdate: [Execution,ExecutionManager] Unable to create the action. Restart the execution from the scratch.
08-06 00:55:21.286  1901  2052 W SystemUpdate: java.lang.IllegalStateException
08-06 00:55:21.286  1901  2052 W SystemUpdate: 	at advt.l(:com.google.android.gms@233013044@23.30.13 (190400-552628474):6)
08-06 00:55:21.286  1901  2052 W SystemUpdate: 	at cnyd.a(:com.google.android.gms@233013044@23.30.13 (190400-552628474):324)
08-06 00:55:21.286  1901  2052 W SystemUpdate: 	at com.google.android.gms.update.execution.InstallationIntentOperation.onHandleIntent(:com.google.android.gms@233013044@23.30.13 (190400-552628474):120)
08-06 00:55:21.286  1901  2052 W SystemUpdate: 	at com.google.android.chimera.IntentOperation.onHandleIntent(:com.google.android.gms@233013044@23.30.13 (190400-552628474):2)
08-06 00:55:21.286  1901  2052 W SystemUpdate: 	at ablm.onHandleIntent(:com.google.android.gms@233013044@23.30.13 (190400-552628474):10)
08-06 00:55:21.286  1901  2052 W SystemUpdate: 	at izw.run(:com.google.android.gms@233013044@23.30.13 (190400-552628474):70)
08-06 00:55:21.286  1901  2052 W SystemUpdate: 	at izv.run(:com.google.android.gms@233013044@23.30.13 (190400-552628474):152)
08-06 00:55:21.286  1901  2052 W SystemUpdate: 	at dlkq.run(:com.google.android.gms@233013044@23.30.13 (190400-552628474):13)
08-06 00:55:21.286  1901  2052 W SystemUpdate: 	at java.util.concurrent.ThreadPoolExecutor.runWorker(ThreadPoolExecutor.java:1167)
08-06 00:55:21.286  1901  2052 W SystemUpdate: 	at java.util.concurrent.ThreadPoolExecutor$Worker.run(ThreadPoolExecutor.java:641)
08-06 00:55:21.286  1901  2052 W SystemUpdate: 	at java.lang.Thread.run(Thread.java:920)
08-06 00:55:21.304 29025 29150 D UE      : [2023.08.05-14.55.21:304][465]LogScript: Warning: Script Msg: Attempted to access index 2 from array 'CallFunc_GetAllGeometriesByClass_ReturnValue' of length 0 in '/Game/OM/GameSettings/MyCamera.MyCamera_C:ExecuteUbergraph_MyCamera'!
08-06 00:55:21.304 29025 29150 D UE      : [2023.08.05-14.55.21:304][465]LogScript: Warning: Last function called:
08-06 00:55:21.304 29025 29150 D UE      : 	/Game/OM/GameSettings/MyCamera.MyCamera_C.ExecuteUbergraph_MyCamera
08-06 00:55:21.304 29025 29150 D UE      : 
08-06 00:55:21.306  4621 29565 E SensorListener: Sensor(8) is not enabled yet!
08-06 00:55:21.310  1901  2052 I SystemUpdate: [Execution,ExecutionManager] Action pending executed for 0.02 seconds.
08-06 00:55:21.313  1901  2052 I SystemUpdate: [Execution,ExecutionManager] Action pre-download-validate executed for 0.00 seconds.
08-06 00:55:21.317  1901  2052 W SystemUpdate: [Execution,ExecutionManager] Unable to create the action. Restart the execution from the scratch.
08-06 00:55:21.317  1901  2052 W SystemUpdate: java.lang.IllegalStateException
08-06 00:55:21.317  1901  2052 W SystemUpdate: 	at advt.l(:com.google.android.gms@233013044@23.30.13 (190400-552628474):6)
08-06 00:55:21.317  1901  2052 W SystemUpdate: 	at cnyd.a(:com.google.android.gms@233013044@23.30.13 (190400-552628474):324)
08-06 00:55:21.317  1901  2052 W SystemUpdate: 	at com.google.android.gms.update.execution.InstallationIntentOperation.onHandleIntent(:com.google.android.gms@233013044@23.30.13 (190400-552628474):120)
08-06 00:55:21.317  1901  2052 W SystemUpdate: 	at com.google.android.chimera.IntentOperation.onHandleIntent(:com.google.android.gms@233013044@23.30.13 (190400-552628474):2)
08-06 00:55:21.317  1901  2052 W SystemUpdate: 	at ablm.onHandleIntent(:com.google.android.gms@233013044@23.30.13 (190400-552628474):10)
08-06 00:55:21.317  1901  2052 W SystemUpdate: 	at izw.run(:com.google.android.gms@233013044@23.30.13 (190400-552628474):70)
08-06 00:55:21.317  1901  2052 W SystemUpdate: 	at izv.run(:com.google.android.gms@233013044@23.30.13 (190400-552628474):152)
08-06 00:55:21.317  1901  2052 W SystemUpdate: 	at dlkq.run(:com.google.android.gms@233013044@23.30.13 (190400-552628474):13)
08-06 00:55:21.317  1901  2052 W SystemUpdate: 	at java.util.concurrent.ThreadPoolExecutor.runWorker(ThreadPoolExecutor.java:1167)
08-06 00:55:21.317  1901  2052 W SystemUpdate: 	at java.util.concurrent.ThreadPoolExecutor$Worker.run(ThreadPoolExecutor.java:641)
08-06 00:55:21.317  1901  2052 W SystemUpdate: 	at java.lang.Thread.run(Thread.java:920)
08-06 00:55:21.333  4609  4919 D SensorsBio: BioSensor_common::readEvents, FAR = 100
08-06 00:55:21.335 29025 29150 D UE      : [2023.08.05-14.55.21:335][466]LogScript: Warning: Script Msg: Attempted to access index 2 from array 'CallFunc_GetAllGeometriesByClass_ReturnValue' of length 0 in '/Game/OM/GameSettings/MyCamera.MyCamera_C:ExecuteUbergraph_MyCamera'!
08-06 00:55:21.335 29025 29150 D UE      : [2023.08.05-14.55.21:335][466]LogScript: Warning: Last function called:
08-06 00:55:21.335 29025 29150 D UE      : 	/Game/OM/GameSettings/MyCamera.MyCamera_C.ExecuteUbergraph_MyCamera
08-06 00:55:21.335 29025 29150 D UE      : 
08-06 00:55:21.336  1901  2052 I SystemUpdate: [Execution,ExecutionManager] Action pending executed for 0.02 seconds.
08-06 00:55:21.338  1901  2052 I SystemUpdate: [Execution,ExecutionManager] Action pre-download-validate executed for 0.00 seconds.
08-06 00:55:21.340  4621 29565 E SensorListener: Sensor(8) is not enabled yet!
08-06 00:55:21.342  1901  2052 W SystemUpdate: [Execution,ExecutionManager] Unable to create the action. Restart the execution from the scratch.
08-06 00:55:21.342  1901  2052 W SystemUpdate: java.lang.IllegalStateException
08-06 00:55:21.342  1901  2052 W SystemUpdate: 	at advt.l(:com.google.android.gms@233013044@23.30.13 (190400-552628474):6)
08-06 00:55:21.342  1901  2052 W SystemUpdate: 	at cnyd.a(:com.google.android.gms@233013044@23.30.13 (190400-552628474):324)
08-06 00:55:21.342  1901  2052 W SystemUpdate: 	at com.google.android.gms.update.execution.InstallationIntentOperation.onHandleIntent(:com.google.android.gms@233013044@23.30.13 (190400-552628474):120)
08-06 00:55:21.342  1901  2052 W SystemUpdate: 	at com.google.android.chimera.IntentOperation.onHandleIntent(:com.google.android.gms@233013044@23.30.13 (190400-552628474):2)
08-06 00:55:21.342  1901  2052 W SystemUpdate: 	at ablm.onHandleIntent(:com.google.android.gms@233013044@23.30.13 (190400-552628474):10)
08-06 00:55:21.342  1901  2052 W SystemUpdate: 	at izw.run(:com.google.android.gms@233013044@23.30.13 (190400-552628474):70)
08-06 00:55:21.342  1901  2052 W SystemUpdate: 	at izv.run(:com.google.android.gms@233013044@23.30.13 (190400-552628474):152)
08-06 00:55:21.342  1901  2052 W SystemUpdate: 	at dlkq.run(:com.google.android.gms@233013044@23.30.13 (190400-552628474):13)
08-06 00:55:21.342  1901  2052 W SystemUpdate: 	at java.util.concurrent.ThreadPoolExecutor.runWorker(ThreadPoolExecutor.java:1167)
08-06 00:55:21.342  1901  2052 W SystemUpdate: 	at java.util.concurrent.ThreadPoolExecutor$Worker.run(ThreadPoolExecutor.java:641)
08-06 00:55:21.342  1901  2052 W SystemUpdate: 	at java.lang.Thread.run(Thread.java:920)
08-06 00:55:21.350  1901  2052 D SharedPreferencesImpl: Time required to fsync /data/user/0/com.google.android.gms/shared_prefs/com.google.android.gms.update.storage.xml: [<1: 0, <2: 55816, <4: 1370243, <8: 265856, <16: 12691, <32: 5451, <64: 814, <128: 135, <256: 48, <512: 32, <1024: 13, <2048: 5, <4096: 0, <8192: 0, <16384: 0, >=16384: 0]
08-06 00:55:21.357  1901  2052 I SystemUpdate: [Execution,ExecutionManager] Action pending executed for 0.02 seconds.
08-06 00:55:21.360  1901  2052 I SystemUpdate: [Execution,ExecutionManager] Action pre-download-validate executed for 0.00 seconds.
08-06 00:55:21.363  1901  2052 W SystemUpdate: [Execution,ExecutionManager] Unable to create the action. Restart the execution from the scratch.
08-06 00:55:21.363  1901  2052 W SystemUpdate: java.lang.IllegalStateException
08-06 00:55:21.363  1901  2052 W SystemUpdate: 	at advt.l(:com.google.android.gms@233013044@23.30.13 (190400-552628474):6)
08-06 00:55:21.363  1901  2052 W SystemUpdate: 	at cnyd.a(:com.google.android.gms@233013044@23.30.13 (190400-552628474):324)
08-06 00:55:21.363  1901  2052 W SystemUpdate: 	at com.google.android.gms.update.execution.InstallationIntentOperation.onHandleIntent(:com.google.android.gms@233013044@23.30.13 (190400-552628474):120)
08-06 00:55:21.363  1901  2052 W SystemUpdate: 	at com.google.android.chimera.IntentOperation.onHandleIntent(:com.google.android.gms@233013044@23.30.13 (190400-552628474):2)
08-06 00:55:21.363  1901  2052 W SystemUpdate: 	at ablm.onHandleIntent(:com.google.android.gms@233013044@23.30.13 (190400-552628474):10)
08-06 00:55:21.363  1901  2052 W SystemUpdate: 	at izw.run(:com.google.android.gms@233013044@23.30.13 (190400-552628474):70)
08-06 00:55:21.363  1901  2052 W SystemUpdate: 	at izv.run(:com.google.android.gms@233013044@23.30.13 (190400-552628474):152)
08-06 00:55:21.363  1901  2052 W SystemUpdate: 	at dlkq.run(:com.google.android.gms@233013044@23.30.13 (190400-552628474):13)
08-06 00:55:21.363  1901  2052 W SystemUpdate: 	at java.util.concurrent.ThreadPoolExecutor.runWorker(ThreadPoolExecutor.java:1167)
08-06 00:55:21.363  1901  2052 W SystemUpdate: 	at java.util.concurrent.ThreadPoolExecutor$Worker.run(ThreadPoolExecutor.java:641)
08-06 00:55:21.363  1901  2052 W SystemUpdate: 	at java.lang.Thread.run(Thread.java:920)
08-06 00:55:21.371 29025 29150 D UE      : [2023.08.05-14.55.21:371][467]LogScript: Warning: Script Msg: Attempted to access index 2 from array 'CallFunc_GetAllGeometriesByClass_ReturnValue' of length 0 in '/Game/OM/GameSettings/MyCamera.MyCamera_C:ExecuteUbergraph_MyCamera'!
08-06 00:55:21.371 29025 29150 D UE      : [2023.08.05-14.55.21:371][467]LogScript: Warning: Last function called:
08-06 00:55:21.371 29025 29150 D UE      : 	/Game/OM/GameSettings/MyCamera.MyCamera_C.ExecuteUbergraph_MyCamera
08-06 00:55:21.371 29025 29150 D UE      : 
08-06 00:55:21.378  4621 29565 E SensorListener: Sensor(8) is not enabled yet!
08-06 00:55:21.380  1901  2052 I SystemUpdate: [Execution,ExecutionManager] Action pending executed for 0.02 seconds.
08-06 00:55:21.383  1901  2052 I SystemUpdate: [Execution,ExecutionManager] Action pre-download-validate executed for 0.00 seconds.
08-06 00:55:21.387  1901  2052 W SystemUpdate: [Execution,ExecutionManager] Unable to create the action. Restart the execution from the scratch.
08-06 00:55:21.387  1901  2052 W SystemUpdate: java.lang.IllegalStateException
08-06 00:55:21.387  1901  2052 W SystemUpdate: 	at advt.l(:com.google.android.gms@233013044@23.30.13 (190400-552628474):6)
08-06 00:55:21.387  1901  2052 W SystemUpdate: 	at cnyd.a(:com.google.android.gms@233013044@23.30.13 (190400-552628474):324)
08-06 00:55:21.387  1901  2052 W SystemUpdate: 	at com.google.android.gms.update.execution.InstallationIntentOperation.onHandleIntent(:com.google.android.gms@233013044@23.30.13 (190400-552628474):120)
08-06 00:55:21.387  1901  2052 W SystemUpdate: 	at com.google.android.chimera.IntentOperation.onHandleIntent(:com.google.android.gms@233013044@23.30.13 (190400-552628474):2)
08-06 00:55:21.387  1901  2052 W SystemUpdate: 	at ablm.onHandleIntent(:com.google.android.gms@233013044@23.30.13 (190400-552628474):10)
08-06 00:55:21.387  1901  2052 W SystemUpdate: 	at izw.run(:com.google.android.gms@233013044@23.30.13 (190400-552628474):70)
08-06 00:55:21.387  1901  2052 W SystemUpdate: 	at izv.run(:com.google.android.gms@233013044@23.30.13 (190400-552628474):152)
08-06 00:55:21.387  1901  2052 W SystemUpdate: 	at dlkq.run(:com.google.android.gms@233013044@23.30.13 (190400-552628474):13)
08-06 00:55:21.387  1901  2052 W SystemUpdate: 	at java.util.concurrent.ThreadPoolExecutor.runWorker(ThreadPoolExecutor.java:1167)
08-06 00:55:21.387  1901  2052 W SystemUpdate: 	at java.util.concurrent.ThreadPoolExecutor$Worker.run(ThreadPoolExecutor.java:641)
08-06 00:55:21.387  1901  2052 W SystemUpdate: 	at java.lang.Thread.run(Thread.java:920)
08-06 00:55:21.404 29025 29150 D UE      : [2023.08.05-14.55.21:404][468]LogScript: Warning: Script Msg: Attempted to access index 2 from array 'CallFunc_GetAllGeometriesByClass_ReturnValue' of length 0 in '/Game/OM/GameSettings/MyCamera.MyCamera_C:ExecuteUbergraph_MyCamera'!
08-06 00:55:21.404 29025 29150 D UE      : [2023.08.05-14.55.21:404][468]LogScript: Warning: Last function called:
08-06 00:55:21.404 29025 29150 D UE      : 	/Game/OM/GameSettings/MyCamera.MyCamera_C.ExecuteUbergraph_MyCamera
08-06 00:55:21.404 29025 29150 D UE      : 
08-06 00:55:21.404  1901  2052 I SystemUpdate: [Execution,ExecutionManager] Action pending executed for 0.02 seconds.
08-06 00:55:21.406  4621 29565 E SensorListener: Sensor(8) is not enabled yet!
08-06 00:55:21.411  1901  2052 I SystemUpdate: [Execution,ExecutionManager] Action pre-download-validate executed for 0.00 seconds.
08-06 00:55:21.414  1901  2052 W SystemUpdate: [Execution,ExecutionManager] Unable to create the action. Restart the execution from the scratch.
08-06 00:55:21.414  1901  2052 W SystemUpdate: java.lang.IllegalStateException
08-06 00:55:21.414  1901  2052 W SystemUpdate: 	at advt.l(:com.google.android.gms@233013044@23.30.13 (190400-552628474):6)
08-06 00:55:21.414  1901  2052 W SystemUpdate: 	at cnyd.a(:com.google.android.gms@233013044@23.30.13 (190400-552628474):324)
08-06 00:55:21.414  1901  2052 W SystemUpdate: 	at com.google.android.gms.update.execution.InstallationIntentOperation.onHandleIntent(:com.google.android.gms@233013044@23.30.13 (190400-552628474):120)
08-06 00:55:21.414  1901  2052 W SystemUpdate: 	at com.google.android.chimera.IntentOperation.onHandleIntent(:com.google.android.gms@233013044@23.30.13 (190400-552628474):2)
08-06 00:55:21.414  1901  2052 W SystemUpdate: 	at ablm.onHandleIntent(:com.google.android.gms@233013044@23.30.13 (190400-552628474):10)
08-06 00:55:21.414  1901  2052 W SystemUpdate: 	at izw.run(:com.google.android.gms@233013044@23.30.13 (190400-552628474):70)
08-06 00:55:21.414  1901  2052 W SystemUpdate: 	at izv.run(:com.google.android.gms@233013044@23.30.13 (190400-552628474):152)
08-06 00:55:21.414  1901  2052 W SystemUpdate: 	at dlkq.run(:com.google.android.gms@233013044@23.30.13 (190400-552628474):13)
08-06 00:55:21.414  1901  2052 W SystemUpdate: 	at java.util.concurrent.ThreadPoolExecutor.runWorker(ThreadPoolExecutor.java:1167)
08-06 00:55:21.414  1901  2052 W SystemUpdate: 	at java.util.concurrent.ThreadPoolExecutor$Worker.run(ThreadPoolExecutor.java:641)
08-06 00:55:21.414  1901  2052 W SystemUpdate: 	at java.lang.Thread.run(Thread.java:920)
08-06 00:55:21.435 29025 29150 D UE      : [2023.08.05-14.55.21:435][469]LogScript: Warning: Script Msg: Attempted to access index 2 from array 'CallFunc_GetAllGeometriesByClass_ReturnValue' of length 0 in '/Game/OM/GameSettings/MyCamera.MyCamera_C:ExecuteUbergraph_MyCamera'!
08-06 00:55:21.435 29025 29150 D UE      : [2023.08.05-14.55.21:435][469]LogScript: Warning: Last function called:
08-06 00:55:21.435 29025 29150 D UE      : 	/Game/OM/GameSettings/MyCamera.MyCamera_C.ExecuteUbergraph_MyCamera
08-06 00:55:21.435 29025 29150 D UE      : 
08-06 00:55:21.439  4621 29565 E SensorListener: Sensor(8) is not enabled yet!
08-06 00:55:21.446  1901  2052 I SystemUpdate: [Execution,ExecutionManager] Action pending executed for 0.03 seconds.
08-06 00:55:21.450  1901  2052 I SystemUpdate: [Execution,ExecutionManager] Action pre-download-validate executed for 0.00 seconds.
08-06 00:55:21.453  1901  2052 W SystemUpdate: [Execution,ExecutionManager] Unable to create the action. Restart the execution from the scratch.
08-06 00:55:21.453  1901  2052 W SystemUpdate: java.lang.IllegalStateException
08-06 00:55:21.453  1901  2052 W SystemUpdate: 	at advt.l(:com.google.android.gms@233013044@23.30.13 (190400-552628474):6)
08-06 00:55:21.453  1901  2052 W SystemUpdate: 	at cnyd.a(:com.google.android.gms@233013044@23.30.13 (190400-552628474):324)
08-06 00:55:21.453  1901  2052 W SystemUpdate: 	at com.google.android.gms.update.execution.InstallationIntentOperation.onHandleIntent(:com.google.android.gms@233013044@23.30.13 (190400-552628474):120)
08-06 00:55:21.453  1901  2052 W SystemUpdate: 	at com.google.android.chimera.IntentOperation.onHandleIntent(:com.google.android.gms@233013044@23.30.13 (190400-552628474):2)
08-06 00:55:21.453  1901  2052 W SystemUpdate: 	at ablm.onHandleIntent(:com.google.android.gms@233013044@23.30.13 (190400-552628474):10)
08-06 00:55:21.453  1901  2052 W SystemUpdate: 	at izw.run(:com.google.android.gms@233013044@23.30.13 (190400-552628474):70)
08-06 00:55:21.453  1901  2052 W SystemUpdate: 	at izv.run(:com.google.android.gms@233013044@23.30.13 (190400-552628474):152)
08-06 00:55:21.453  1901  2052 W SystemUpdate: 	at dlkq.run(:com.google.android.gms@233013044@23.30.13 (190400-552628474):13)
08-06 00:55:21.453  1901  2052 W SystemUpdate: 	at java.util.concurrent.ThreadPoolExecutor.runWorker(ThreadPoolExecutor.java:1167)
08-06 00:55:21.453  1901  2052 W SystemUpdate: 	at java.util.concurrent.ThreadPoolExecutor$Worker.run(ThreadPoolExecutor.java:641)
08-06 00:55:21.453  1901  2052 W SystemUpdate: 	at java.lang.Thread.run(Thread.java:920)
08-06 00:55:21.466 29025 29150 D UE      : [2023.08.05-14.55.21:466][470]LogScript: Warning: Script Msg: Attempted to access index 2 from array 'CallFunc_GetAllGeometriesByClass_ReturnValue' of length 0 in '/Game/OM/GameSettings/MyCamera.MyCamera_C:ExecuteUbergraph_MyCamera'!
08-06 00:55:21.467 29025 29150 D UE      : [2023.08.05-14.55.21:467][470]LogScript: Warning: Last function called:
08-06 00:55:21.467 29025 29150 D UE      : 	/Game/OM/GameSettings/MyCamera.MyCamera_C.ExecuteUbergraph_MyCamera
08-06 00:55:21.467 29025 29150 D UE      : 
08-06 00:55:21.472  4621 29565 E SensorListener: Sensor(8) is not enabled yet!
08-06 00:55:21.478  1901  2052 I SystemUpdate: [Execution,ExecutionManager] Action pending executed for 0.03 seconds.
08-06 00:55:21.481  1901  2052 I SystemUpdate: [Execution,ExecutionManager] Action pre-download-validate executed for 0.00 seconds.
08-06 00:55:21.484  1901  2052 W SystemUpdate: [Execution,ExecutionManager] Unable to create the action. Restart the execution from the scratch.
08-06 00:55:21.484  1901  2052 W SystemUpdate: java.lang.IllegalStateException
08-06 00:55:21.484  1901  2052 W SystemUpdate: 	at advt.l(:com.google.android.gms@233013044@23.30.13 (190400-552628474):6)
08-06 00:55:21.484  1901  2052 W SystemUpdate: 	at cnyd.a(:com.google.android.gms@233013044@23.30.13 (190400-552628474):324)
08-06 00:55:21.484  1901  2052 W SystemUpdate: 	at com.google.android.gms.update.execution.InstallationIntentOperation.onHandleIntent(:com.google.android.gms@233013044@23.30.13 (190400-552628474):120)
08-06 00:55:21.484  1901  2052 W SystemUpdate: 	at com.google.android.chimera.IntentOperation.onHandleIntent(:com.google.android.gms@233013044@23.30.13 (190400-552628474):2)
08-06 00:55:21.484  1901  2052 W SystemUpdate: 	at ablm.onHandleIntent(:com.google.android.gms@233013044@23.30.13 (190400-552628474):10)
08-06 00:55:21.484  1901  2052 W SystemUpdate: 	at izw.run(:com.google.android.gms@233013044@23.30.13 (190400-552628474):70)
08-06 00:55:21.484  1901  2052 W SystemUpdate: 	at izv.run(:com.google.android.gms@233013044@23.30.13 (190400-552628474):152)
08-06 00:55:21.484  1901  2052 W SystemUpdate: 	at dlkq.run(:com.google.android.gms@233013044@23.30.13 (190400-552628474):13)
08-06 00:55:21.484  1901  2052 W SystemUpdate: 	at java.util.concurrent.ThreadPoolExecutor.runWorker(ThreadPoolExecutor.java:1167)
08-06 00:55:21.484  1901  2052 W SystemUpdate: 	at java.util.concurrent.ThreadPoolExecutor$Worker.run(ThreadPoolExecutor.java:641)
08-06 00:55:21.484  1901  2052 W SystemUpdate: 	at java.lang.Thread.run(Thread.java:920)
08-06 00:55:21.496 29025 29150 D UE      : [2023.08.05-14.55.21:496][471]LogScript: Warning: Script Msg: Attempted to access index 2 from array 'CallFunc_GetAllGeometriesByClass_ReturnValue' of length 0 in '/Game/OM/GameSettings/MyCamera.MyCamera_C:ExecuteUbergraph_MyCamera'!
08-06 00:55:21.496 29025 29150 D UE      : [2023.08.05-14.55.21:496][471]LogScript: Warning: Last function called:
08-06 00:55:21.496 29025 29150 D UE      : 	/Game/OM/GameSettings/MyCamera.MyCamera_C.ExecuteUbergraph_MyCamera
08-06 00:55:21.496 29025 29150 D UE      : 
08-06 00:55:21.506  4621 29565 E SensorListener: Sensor(8) is not enabled yet!
08-06 00:55:21.512  1901  2052 I SystemUpdate: [Execution,ExecutionManager] Action pending executed for 0.03 seconds.
08-06 00:55:21.516  1901  2052 I SystemUpdate: [Execution,ExecutionManager] Action pre-download-validate executed for 0.00 seconds.
08-06 00:55:21.519  1901  2052 W SystemUpdate: [Execution,ExecutionManager] Unable to create the action. Restart the execution from the scratch.
08-06 00:55:21.519  1901  2052 W SystemUpdate: java.lang.IllegalStateException
08-06 00:55:21.519  1901  2052 W SystemUpdate: 	at advt.l(:com.google.android.gms@233013044@23.30.13 (190400-552628474):6)
08-06 00:55:21.519  1901  2052 W SystemUpdate: 	at cnyd.a(:com.google.android.gms@233013044@23.30.13 (190400-552628474):324)
08-06 00:55:21.519  1901  2052 W SystemUpdate: 	at com.google.android.gms.update.execution.InstallationIntentOperation.onHandleIntent(:com.google.android.gms@233013044@23.30.13 (190400-552628474):120)
08-06 00:55:21.519  1901  2052 W SystemUpdate: 	at com.google.android.chimera.IntentOperation.onHandleIntent(:com.google.android.gms@233013044@23.30.13 (190400-552628474):2)
08-06 00:55:21.519  1901  2052 W SystemUpdate: 	at ablm.onHandleIntent(:com.google.android.gms@233013044@23.30.13 (190400-552628474):10)
08-06 00:55:21.519  1901  2052 W SystemUpdate: 	at izw.run(:com.google.android.gms@233013044@23.30.13 (190400-552628474):70)
08-06 00:55:21.519  1901  2052 W SystemUpdate: 	at izv.run(:com.google.android.gms@233013044@23.30.13 (190400-552628474):152)
08-06 00:55:21.519  1901  2052 W SystemUpdate: 	at dlkq.run(:com.google.android.gms@233013044@23.30.13 (190400-552628474):13)
08-06 00:55:21.519  1901  2052 W SystemUpdate: 	at java.util.concurrent.ThreadPoolExecutor.runWorker(ThreadPoolExecutor.java:1167)
08-06 00:55:21.519  1901  2052 W SystemUpdate: 	at java.util.concurrent.ThreadPoolExecutor$Worker.run(ThreadPoolExecutor.java:641)
08-06 00:55:21.519  1901  2052 W SystemUpdate: 	at java.lang.Thread.run(Thread.java:920)
08-06 00:55:21.534 29025 29150 D UE      : [2023.08.05-14.55.21:534][472]LogScript: Warning: Script Msg: Attempted to access index 2 from array 'CallFunc_GetAllGeometriesByClass_ReturnValue' of length 0 in '/Game/OM/GameSettings/MyCamera.MyCamera_C:ExecuteUbergraph_MyCamera'!
