08-06 00:55:21.534 29025 29150 D UE      : [2023.08.05-14.55.21:534][472]LogScript: Warning: Last function called:
08-06 00:55:21.534 29025 29150 D UE      : 	/Game/OM/GameSettings/MyCamera.MyCamera_C.ExecuteUbergraph_MyCamera
08-06 00:55:21.534 29025 29150 D UE      : 
08-06 00:55:21.541  1901  2052 I SystemUpdate: [Execution,ExecutionManager] Action pending executed for 0.02 seconds.
08-06 00:55:21.543  4621 29565 E SensorListener: Sensor(8) is not enabled yet!
08-06 00:55:21.546  1901  2052 I SystemUpdate: [Execution,ExecutionManager] Action pre-download-validate executed for 0.00 seconds.
08-06 00:55:21.551  1901  2052 W SystemUpdate: [Execution,ExecutionManager] Unable to create the action. Restart the execution from the scratch.
08-06 00:55:21.551  1901  2052 W SystemUpdate: java.lang.IllegalStateException
08-06 00:55:21.551  1901  2052 W SystemUpdate: 	at advt.l(:com.google.android.gms@233013044@23.30.13 (190400-552628474):6)
08-06 00:55:21.551  1901  2052 W SystemUpdate: 	at cnyd.a(:com.google.android.gms@233013044@23.30.13 (190400-552628474):324)
08-06 00:55:21.551  1901  2052 W SystemUpdate: 	at com.google.android.gms.update.execution.InstallationIntentOperation.onHandleIntent(:com.google.android.gms@233013044@23.30.13 (190400-552628474):120)
08-06 00:55:21.551  1901  2052 W SystemUpdate: 	at com.google.android.chimera.IntentOperation.onHandleIntent(:com.google.android.gms@233013044@23.30.13 (190400-552628474):2)
08-06 00:55:21.551  1901  2052 W SystemUpdate: 	at ablm.onHandleIntent(:com.google.android.gms@233013044@23.30.13 (190400-552628474):10)
08-06 00:55:21.551  1901  2052 W SystemUpdate: 	at izw.run(:com.google.android.gms@233013044@23.30.13 (190400-552628474):70)
08-06 00:55:21.551  1901  2052 W SystemUpdate: 	at izv.run(:com.google.android.gms@233013044@23.30.13 (190400-552628474):152)
08-06 00:55:21.551  1901  2052 W SystemUpdate: 	at dlkq.run(:com.google.android.gms@233013044@23.30.13 (190400-552628474):13)
08-06 00:55:21.551  1901  2052 W SystemUpdate: 	at java.util.concurrent.ThreadPoolExecutor.runWorker(ThreadPoolExecutor.java:1167)
08-06 00:55:21.551  1901  2052 W SystemUpdate: 	at java.util.concurrent.ThreadPoolExecutor$Worker.run(ThreadPoolExecutor.java:641)
08-06 00:55:21.551  1901  2052 W SystemUpdate: 	at java.lang.Thread.run(Thread.java:920)
08-06 00:55:21.563 29025 29150 D UE      : [2023.08.05-14.55.21:563][473]LogScript: Warning: Script Msg: Attempted to access index 2 from array 'CallFunc_GetAllGeometriesByClass_ReturnValue' of length 0 in '/Game/OM/GameSettings/MyCamera.MyCamera_C:ExecuteUbergraph_MyCamera'!
08-06 00:55:21.564 29025 29150 D UE      : [2023.08.05-14.55.21:564][473]LogScript: Warning: Last function called:
08-06 00:55:21.564 29025 29150 D UE      : 	/Game/OM/GameSettings/MyCamera.MyCamera_C.ExecuteUbergraph_MyCamera
08-06 00:55:21.564 29025 29150 D UE      : 
08-06 00:55:21.574  4621 29565 E SensorListener: Sensor(8) is not enabled yet!
08-06 00:55:21.574  4621 29565 W ExynosCameraSec: [CAM_ID(0)][Back_0]-WARN(m_getSensorListenerData[19665]):skip the Rotation data. ret -22
08-06 00:55:21.577  1901  2052 I SystemUpdate: [Execution,ExecutionManager] Action pending executed for 0.03 seconds.
08-06 00:55:21.579  1901  2052 I SystemUpdate: [Execution,ExecutionManager] Action pre-download-validate executed for 0.00 seconds.
08-06 00:55:21.582  1901  2052 W SystemUpdate: [Execution,ExecutionManager] Unable to create the action. Restart the execution from the scratch.
08-06 00:55:21.582  1901  2052 W SystemUpdate: java.lang.IllegalStateException
08-06 00:55:21.582  1901  2052 W SystemUpdate: 	at advt.l(:com.google.android.gms@233013044@23.30.13 (190400-552628474):6)
08-06 00:55:21.582  1901  2052 W SystemUpdate: 	at cnyd.a(:com.google.android.gms@233013044@23.30.13 (190400-552628474):324)
08-06 00:55:21.582  1901  2052 W SystemUpdate: 	at com.google.android.gms.update.execution.InstallationIntentOperation.onHandleIntent(:com.google.android.gms@233013044@23.30.13 (190400-552628474):120)
08-06 00:55:21.582  1901  2052 W SystemUpdate: 	at com.google.android.chimera.IntentOperation.onHandleIntent(:com.google.android.gms@233013044@23.30.13 (190400-552628474):2)
08-06 00:55:21.582  1901  2052 W SystemUpdate: 	at ablm.onHandleIntent(:com.google.android.gms@233013044@23.30.13 (190400-552628474):10)
08-06 00:55:21.582  1901  2052 W SystemUpdate: 	at izw.run(:com.google.android.gms@233013044@23.30.13 (190400-552628474):70)
08-06 00:55:21.582  1901  2052 W SystemUpdate: 	at izv.run(:com.google.android.gms@233013044@23.30.13 (190400-552628474):152)
08-06 00:55:21.582  1901  2052 W SystemUpdate: 	at dlkq.run(:com.google.android.gms@233013044@23.30.13 (190400-552628474):13)
08-06 00:55:21.582  1901  2052 W SystemUpdate: 	at java.util.concurrent.ThreadPoolExecutor.runWorker(ThreadPoolExecutor.java:1167)
08-06 00:55:21.582  1901  2052 W SystemUpdate: 	at java.util.concurrent.ThreadPoolExecutor$Worker.run(ThreadPoolExecutor.java:641)
08-06 00:55:21.582  1901  2052 W SystemUpdate: 	at java.lang.Thread.run(Thread.java:920)
08-06 00:55:21.595  1901  2052 I SystemUpdate: [Execution,ExecutionManager] Action pending executed for 0.01 seconds.
08-06 00:55:21.598  1901  2052 I SystemUpdate: [Execution,ExecutionManager] Action pre-download-validate executed for 0.00 seconds.
08-06 00:55:21.603 29025 29150 D UE      : [2023.08.05-14.55.21:602][474]LogScript: Warning: Script Msg: Attempted to access index 2 from array 'CallFunc_GetAllGeometriesByClass_ReturnValue' of length 0 in '/Game/OM/GameSettings/MyCamera.MyCamera_C:ExecuteUbergraph_MyCamera'!
08-06 00:55:21.603 29025 29150 D UE      : [2023.08.05-14.55.21:603][474]LogScript: Warning: Last function called:
08-06 00:55:21.603 29025 29150 D UE      : 	/Game/OM/GameSettings/MyCamera.MyCamera_C.ExecuteUbergraph_MyCamera
08-06 00:55:21.603 29025 29150 D UE      : 
08-06 00:55:21.605  1901  2052 W SystemUpdate: [Execution,ExecutionManager] Unable to create the action. Restart the execution from the scratch.
08-06 00:55:21.605  1901  2052 W SystemUpdate: java.lang.IllegalStateException
08-06 00:55:21.605  1901  2052 W SystemUpdate: 	at advt.l(:com.google.android.gms@233013044@23.30.13 (190400-552628474):6)
08-06 00:55:21.605  1901  2052 W SystemUpdate: 	at cnyd.a(:com.google.android.gms@233013044@23.30.13 (190400-552628474):324)
08-06 00:55:21.605  1901  2052 W SystemUpdate: 	at com.google.android.gms.update.execution.InstallationIntentOperation.onHandleIntent(:com.google.android.gms@233013044@23.30.13 (190400-552628474):120)
08-06 00:55:21.605  1901  2052 W SystemUpdate: 	at com.google.android.chimera.IntentOperation.onHandleIntent(:com.google.android.gms@233013044@23.30.13 (190400-552628474):2)
08-06 00:55:21.605  1901  2052 W SystemUpdate: 	at ablm.onHandleIntent(:com.google.android.gms@233013044@23.30.13 (190400-552628474):10)
08-06 00:55:21.605  1901  2052 W SystemUpdate: 	at izw.run(:com.google.android.gms@233013044@23.30.13 (190400-552628474):70)
08-06 00:55:21.605  1901  2052 W SystemUpdate: 	at izv.run(:com.google.android.gms@233013044@23.30.13 (190400-552628474):152)
08-06 00:55:21.605  1901  2052 W SystemUpdate: 	at dlkq.run(:com.google.android.gms@233013044@23.30.13 (190400-552628474):13)
08-06 00:55:21.605  1901  2052 W SystemUpdate: 	at java.util.concurrent.ThreadPoolExecutor.runWorker(ThreadPoolExecutor.java:1167)
08-06 00:55:21.605  1901  2052 W SystemUpdate: 	at java.util.concurrent.ThreadPoolExecutor$Worker.run(ThreadPoolExecutor.java:641)
08-06 00:55:21.605  1901  2052 W SystemUpdate: 	at java.lang.Thread.run(Thread.java:920)
08-06 00:55:21.607  4621 29565 E SensorListener: Sensor(8) is not enabled yet!
08-06 00:55:21.623  1901  2052 I SystemUpdate: [Execution,ExecutionManager] Action pending executed for 0.02 seconds.
08-06 00:55:21.627  1901  2052 I SystemUpdate: [Execution,ExecutionManager] Action pre-download-validate executed for 0.00 seconds.
08-06 00:55:21.629  1901  2052 W SystemUpdate: [Execution,ExecutionManager] Unable to create the action. Restart the execution from the scratch.
08-06 00:55:21.629  1901  2052 W SystemUpdate: java.lang.IllegalStateException
08-06 00:55:21.629  1901  2052 W SystemUpdate: 	at advt.l(:com.google.android.gms@233013044@23.30.13 (190400-552628474):6)
08-06 00:55:21.629  1901  2052 W SystemUpdate: 	at cnyd.a(:com.google.android.gms@233013044@23.30.13 (190400-552628474):324)
08-06 00:55:21.629  1901  2052 W SystemUpdate: 	at com.google.android.gms.update.execution.InstallationIntentOperation.onHandleIntent(:com.google.android.gms@233013044@23.30.13 (190400-552628474):120)
08-06 00:55:21.629  1901  2052 W SystemUpdate: 	at com.google.android.chimera.IntentOperation.onHandleIntent(:com.google.android.gms@233013044@23.30.13 (190400-552628474):2)
08-06 00:55:21.629  1901  2052 W SystemUpdate: 	at ablm.onHandleIntent(:com.google.android.gms@233013044@23.30.13 (190400-552628474):10)
08-06 00:55:21.629  1901  2052 W SystemUpdate: 	at izw.run(:com.google.android.gms@233013044@23.30.13 (190400-552628474):70)
08-06 00:55:21.629  1901  2052 W SystemUpdate: 	at izv.run(:com.google.android.gms@233013044@23.30.13 (190400-552628474):152)
08-06 00:55:21.629  1901  2052 W SystemUpdate: 	at dlkq.run(:com.google.android.gms@233013044@23.30.13 (190400-552628474):13)
08-06 00:55:21.629  1901  2052 W SystemUpdate: 	at java.util.concurrent.ThreadPoolExecutor.runWorker(ThreadPoolExecutor.java:1167)
08-06 00:55:21.629  1901  2052 W SystemUpdate: 	at java.util.concurrent.ThreadPoolExecutor$Worker.run(ThreadPoolExecutor.java:641)
08-06 00:55:21.629  1901  2052 W SystemUpdate: 	at java.lang.Thread.run(Thread.java:920)
08-06 00:55:21.636 29025 29150 D UE      : [2023.08.05-14.55.21:636][475]LogScript: Warning: Script Msg: Attempted to access index 2 from array 'CallFunc_GetAllGeometriesByClass_ReturnValue' of length 0 in '/Game/OM/GameSettings/MyCamera.MyCamera_C:ExecuteUbergraph_MyCamera'!
08-06 00:55:21.636 29025 29150 D UE      : [2023.08.05-14.55.21:636][475]LogScript: Warning: Last function called:
08-06 00:55:21.636 29025 29150 D UE      : 	/Game/OM/GameSettings/MyCamera.MyCamera_C.ExecuteUbergraph_MyCamera
08-06 00:55:21.636 29025 29150 D UE      : 
08-06 00:55:21.642  4621 29565 E SensorListener: Sensor(8) is not enabled yet!
08-06 00:55:21.649  1901  2052 I SystemUpdate: [Execution,ExecutionManager] Action pending executed for 0.02 seconds.
08-06 00:55:21.652  1901  2052 I SystemUpdate: [Execution,ExecutionManager] Action pre-download-validate executed for 0.00 seconds.
08-06 00:55:21.655  1901  2052 W SystemUpdate: [Execution,ExecutionManager] Unable to create the action. Restart the execution from the scratch.
08-06 00:55:21.655  1901  2052 W SystemUpdate: java.lang.IllegalStateException
08-06 00:55:21.655  1901  2052 W SystemUpdate: 	at advt.l(:com.google.android.gms@233013044@23.30.13 (190400-552628474):6)
08-06 00:55:21.655  1901  2052 W SystemUpdate: 	at cnyd.a(:com.google.android.gms@233013044@23.30.13 (190400-552628474):324)
08-06 00:55:21.655  1901  2052 W SystemUpdate: 	at com.google.android.gms.update.execution.InstallationIntentOperation.onHandleIntent(:com.google.android.gms@233013044@23.30.13 (190400-552628474):120)
08-06 00:55:21.655  1901  2052 W SystemUpdate: 	at com.google.android.chimera.IntentOperation.onHandleIntent(:com.google.android.gms@233013044@23.30.13 (190400-552628474):2)
08-06 00:55:21.655  1901  2052 W SystemUpdate: 	at ablm.onHandleIntent(:com.google.android.gms@233013044@23.30.13 (190400-552628474):10)
08-06 00:55:21.655  1901  2052 W SystemUpdate: 	at izw.run(:com.google.android.gms@233013044@23.30.13 (190400-552628474):70)
08-06 00:55:21.655  1901  2052 W SystemUpdate: 	at izv.run(:com.google.android.gms@233013044@23.30.13 (190400-552628474):152)
08-06 00:55:21.655  1901  2052 W SystemUpdate: 	at dlkq.run(:com.google.android.gms@233013044@23.30.13 (190400-552628474):13)
08-06 00:55:21.655  1901  2052 W SystemUpdate: 	at java.util.concurrent.ThreadPoolExecutor.runWorker(ThreadPoolExecutor.java:1167)
08-06 00:55:21.655  1901  2052 W SystemUpdate: 	at java.util.concurrent.ThreadPoolExecutor$Worker.run(ThreadPoolExecutor.java:641)
08-06 00:55:21.655  1901  2052 W SystemUpdate: 	at java.lang.Thread.run(Thread.java:920)
08-06 00:55:21.665  4621 29543 D ExynosCameraRequestManager: [CAM_ID(0)][]-DEBUG(m_allMetaCallback[3345]):[R632 F636]. AllMeta result is pushed but not complete output buffer(2 / 1)
08-06 00:55:21.671  1901  2052 I SystemUpdate: [Execution,ExecutionManager] Action pending executed for 0.02 seconds.
08-06 00:55:21.672 29025 29150 D UE      : [2023.08.05-14.55.21:672][476]LogScript: Warning: Script Msg: Attempted to access index 2 from array 'CallFunc_GetAllGeometriesByClass_ReturnValue' of length 0 in '/Game/OM/GameSettings/MyCamera.MyCamera_C:ExecuteUbergraph_MyCamera'!
08-06 00:55:21.672 29025 29150 D UE      : [2023.08.05-14.55.21:672][476]LogScript: Warning: Last function called:
08-06 00:55:21.672 29025 29150 D UE      : 	/Game/OM/GameSettings/MyCamera.MyCamera_C.ExecuteUbergraph_MyCamera
08-06 00:55:21.672 29025 29150 D UE      : 
08-06 00:55:21.674  1901  2052 I SystemUpdate: [Execution,ExecutionManager] Action pre-download-validate executed for 0.00 seconds.
08-06 00:55:21.675  4621 29565 E SensorListener: Sensor(8) is not enabled yet!
08-06 00:55:21.677  1901  2052 W SystemUpdate: [Execution,ExecutionManager] Unable to create the action. Restart the execution from the scratch.
08-06 00:55:21.677  1901  2052 W SystemUpdate: java.lang.IllegalStateException
08-06 00:55:21.677  1901  2052 W SystemUpdate: 	at advt.l(:com.google.android.gms@233013044@23.30.13 (190400-552628474):6)
08-06 00:55:21.677  1901  2052 W SystemUpdate: 	at cnyd.a(:com.google.android.gms@233013044@23.30.13 (190400-552628474):324)
08-06 00:55:21.677  1901  2052 W SystemUpdate: 	at com.google.android.gms.update.execution.InstallationIntentOperation.onHandleIntent(:com.google.android.gms@233013044@23.30.13 (190400-552628474):120)
08-06 00:55:21.677  1901  2052 W SystemUpdate: 	at com.google.android.chimera.IntentOperation.onHandleIntent(:com.google.android.gms@233013044@23.30.13 (190400-552628474):2)
08-06 00:55:21.677  1901  2052 W SystemUpdate: 	at ablm.onHandleIntent(:com.google.android.gms@233013044@23.30.13 (190400-552628474):10)
08-06 00:55:21.677  1901  2052 W SystemUpdate: 	at izw.run(:com.google.android.gms@233013044@23.30.13 (190400-552628474):70)
08-06 00:55:21.677  1901  2052 W SystemUpdate: 	at izv.run(:com.google.android.gms@233013044@23.30.13 (190400-552628474):152)
08-06 00:55:21.677  1901  2052 W SystemUpdate: 	at dlkq.run(:com.google.android.gms@233013044@23.30.13 (190400-552628474):13)
08-06 00:55:21.677  1901  2052 W SystemUpdate: 	at java.util.concurrent.ThreadPoolExecutor.runWorker(ThreadPoolExecutor.java:1167)
08-06 00:55:21.677  1901  2052 W SystemUpdate: 	at java.util.concurrent.ThreadPoolExecutor$Worker.run(ThreadPoolExecutor.java:641)
08-06 00:55:21.677  1901  2052 W SystemUpdate: 	at java.lang.Thread.run(Thread.java:920)
08-06 00:55:21.696  1901  2052 I SystemUpdate: [Execution,ExecutionManager] Action pending executed for 0.02 seconds.
08-06 00:55:21.698  4621 29543 D ExynosCameraRequestManager: [CAM_ID(0)][]-DEBUG(m_allMetaCallback[3345]):[R633 F637]. AllMeta result is pushed but not complete output buffer(2 / 0)
08-06 00:55:21.700  1901  2052 I SystemUpdate: [Execution,ExecutionManager] Action pre-download-validate executed for 0.00 seconds.
08-06 00:55:21.702 29025 29150 D UE      : [2023.08.05-14.55.21:702][477]LogScript: Warning: Script Msg: Attempted to access index 2 from array 'CallFunc_GetAllGeometriesByClass_ReturnValue' of length 0 in '/Game/OM/GameSettings/MyCamera.MyCamera_C:ExecuteUbergraph_MyCamera'!
08-06 00:55:21.702 29025 29150 D UE      : [2023.08.05-14.55.21:702][477]LogScript: Warning: Last function called:
08-06 00:55:21.702 29025 29150 D UE      : 	/Game/OM/GameSettings/MyCamera.MyCamera_C.ExecuteUbergraph_MyCamera
08-06 00:55:21.702 29025 29150 D UE      : 
08-06 00:55:21.703  1901  2052 W SystemUpdate: [Execution,ExecutionManager] Unable to create the action. Restart the execution from the scratch.
08-06 00:55:21.703  1901  2052 W SystemUpdate: java.lang.IllegalStateException
08-06 00:55:21.703  1901  2052 W SystemUpdate: 	at advt.l(:com.google.android.gms@233013044@23.30.13 (190400-552628474):6)
08-06 00:55:21.703  1901  2052 W SystemUpdate: 	at cnyd.a(:com.google.android.gms@233013044@23.30.13 (190400-552628474):324)
08-06 00:55:21.703  1901  2052 W SystemUpdate: 	at com.google.android.gms.update.execution.InstallationIntentOperation.onHandleIntent(:com.google.android.gms@233013044@23.30.13 (190400-552628474):120)
08-06 00:55:21.703  1901  2052 W SystemUpdate: 	at com.google.android.chimera.IntentOperation.onHandleIntent(:com.google.android.gms@233013044@23.30.13 (190400-552628474):2)
08-06 00:55:21.703  1901  2052 W SystemUpdate: 	at ablm.onHandleIntent(:com.google.android.gms@233013044@23.30.13 (190400-552628474):10)
08-06 00:55:21.703  1901  2052 W SystemUpdate: 	at izw.run(:com.google.android.gms@233013044@23.30.13 (190400-552628474):70)
08-06 00:55:21.703  1901  2052 W SystemUpdate: 	at izv.run(:com.google.android.gms@233013044@23.30.13 (190400-552628474):152)
08-06 00:55:21.703  1901  2052 W SystemUpdate: 	at dlkq.run(:com.google.android.gms@233013044@23.30.13 (190400-552628474):13)
08-06 00:55:21.703  1901  2052 W SystemUpdate: 	at java.util.concurrent.ThreadPoolExecutor.runWorker(ThreadPoolExecutor.java:1167)
08-06 00:55:21.703  1901  2052 W SystemUpdate: 	at java.util.concurrent.ThreadPoolExecutor$Worker.run(ThreadPoolExecutor.java:641)
08-06 00:55:21.703  1901  2052 W SystemUpdate: 	at java.lang.Thread.run(Thread.java:920)
08-06 00:55:21.706  4621 29565 E SensorListener: Sensor(8) is not enabled yet!
08-06 00:55:21.725  1901  2052 I SystemUpdate: [Execution,ExecutionManager] Action pending executed for 0.02 seconds.
08-06 00:55:21.730  1901  2052 I SystemUpdate: [Execution,ExecutionManager] Action pre-download-validate executed for 0.00 seconds.
08-06 00:55:21.734 29025 29150 D UE      : [2023.08.05-14.55.21:734][478]LogScript: Warning: Script Msg: Attempted to access index 2 from array 'CallFunc_GetAllGeometriesByClass_ReturnValue' of length 0 in '/Game/OM/GameSettings/MyCamera.MyCamera_C:ExecuteUbergraph_MyCamera'!
08-06 00:55:21.734 29025 29150 D UE      : [2023.08.05-14.55.21:734][478]LogScript: Warning: Last function called:
08-06 00:55:21.734 29025 29150 D UE      : 	/Game/OM/GameSettings/MyCamera.MyCamera_C.ExecuteUbergraph_MyCamera
08-06 00:55:21.734 29025 29150 D UE      : 
08-06 00:55:21.735  1901  2052 W SystemUpdate: [Execution,ExecutionManager] Unable to create the action. Restart the execution from the scratch.
08-06 00:55:21.735  1901  2052 W SystemUpdate: java.lang.IllegalStateException
08-06 00:55:21.735  1901  2052 W SystemUpdate: 	at advt.l(:com.google.android.gms@233013044@23.30.13 (190400-552628474):6)
08-06 00:55:21.735  1901  2052 W SystemUpdate: 	at cnyd.a(:com.google.android.gms@233013044@23.30.13 (190400-552628474):324)
08-06 00:55:21.735  1901  2052 W SystemUpdate: 	at com.google.android.gms.update.execution.InstallationIntentOperation.onHandleIntent(:com.google.android.gms@233013044@23.30.13 (190400-552628474):120)
08-06 00:55:21.735  1901  2052 W SystemUpdate: 	at com.google.android.chimera.IntentOperation.onHandleIntent(:com.google.android.gms@233013044@23.30.13 (190400-552628474):2)
08-06 00:55:21.735  1901  2052 W SystemUpdate: 	at ablm.onHandleIntent(:com.google.android.gms@233013044@23.30.13 (190400-552628474):10)
08-06 00:55:21.735  1901  2052 W SystemUpdate: 	at izw.run(:com.google.android.gms@233013044@23.30.13 (190400-552628474):70)
08-06 00:55:21.735  1901  2052 W SystemUpdate: 	at izv.run(:com.google.android.gms@233013044@23.30.13 (190400-552628474):152)
08-06 00:55:21.735  1901  2052 W SystemUpdate: 	at dlkq.run(:com.google.android.gms@233013044@23.30.13 (190400-552628474):13)
08-06 00:55:21.735  1901  2052 W SystemUpdate: 	at java.util.concurrent.ThreadPoolExecutor.runWorker(ThreadPoolExecutor.java:1167)
08-06 00:55:21.735  1901  2052 W SystemUpdate: 	at java.util.concurrent.ThreadPoolExecutor$Worker.run(ThreadPoolExecutor.java:641)
08-06 00:55:21.735  1901  2052 W SystemUpdate: 	at java.lang.Thread.run(Thread.java:920)
08-06 00:55:21.740  4621 29565 E SensorListener: Sensor(8) is not enabled yet!
08-06 00:55:21.752 29682 29897 W fb4a.lacrima: FbErrorReportingConfig.postStartupInit
08-06 00:55:21.754  1901  2052 I SystemUpdate: [Execution,ExecutionManager] Action pending executed for 0.02 seconds.
08-06 00:55:21.757  1901  2052 I SystemUpdate: [Execution,ExecutionManager] Action pre-download-validate executed for 0.00 seconds.
08-06 00:55:21.760  1901  2052 W SystemUpdate: [Execution,ExecutionManager] Unable to create the action. Restart the execution from the scratch.
08-06 00:55:21.760  1901  2052 W SystemUpdate: java.lang.IllegalStateException
08-06 00:55:21.760  1901  2052 W SystemUpdate: 	at advt.l(:com.google.android.gms@233013044@23.30.13 (190400-552628474):6)
08-06 00:55:21.760  1901  2052 W SystemUpdate: 	at cnyd.a(:com.google.android.gms@233013044@23.30.13 (190400-552628474):324)
08-06 00:55:21.760  1901  2052 W SystemUpdate: 	at com.google.android.gms.update.execution.InstallationIntentOperation.onHandleIntent(:com.google.android.gms@233013044@23.30.13 (190400-552628474):120)
08-06 00:55:21.760  1901  2052 W SystemUpdate: 	at com.google.android.chimera.IntentOperation.onHandleIntent(:com.google.android.gms@233013044@23.30.13 (190400-552628474):2)
08-06 00:55:21.760  1901  2052 W SystemUpdate: 	at ablm.onHandleIntent(:com.google.android.gms@233013044@23.30.13 (190400-552628474):10)
08-06 00:55:21.760  1901  2052 W SystemUpdate: 	at izw.run(:com.google.android.gms@233013044@23.30.13 (190400-552628474):70)
08-06 00:55:21.760  1901  2052 W SystemUpdate: 	at izv.run(:com.google.android.gms@233013044@23.30.13 (190400-552628474):152)
08-06 00:55:21.760  1901  2052 W SystemUpdate: 	at dlkq.run(:com.google.android.gms@233013044@23.30.13 (190400-552628474):13)
08-06 00:55:21.760  1901  2052 W SystemUpdate: 	at java.util.concurrent.ThreadPoolExecutor.runWorker(ThreadPoolExecutor.java:1167)
08-06 00:55:21.760  1901  2052 W SystemUpdate: 	at java.util.concurrent.ThreadPoolExecutor$Worker.run(ThreadPoolExecutor.java:641)
08-06 00:55:21.760  1901  2052 W SystemUpdate: 	at java.lang.Thread.run(Thread.java:920)
08-06 00:55:21.767 29025 29150 D UE      : [2023.08.05-14.55.21:767][479]LogScript: Warning: Script Msg: Attempted to access index 2 from array 'CallFunc_GetAllGeometriesByClass_ReturnValue' of length 0 in '/Game/OM/GameSettings/MyCamera.MyCamera_C:ExecuteUbergraph_MyCamera'!
08-06 00:55:21.767 29025 29150 D UE      : [2023.08.05-14.55.21:767][479]LogScript: Warning: Last function called:
08-06 00:55:21.767 29025 29150 D UE      : 	/Game/OM/GameSettings/MyCamera.MyCamera_C.ExecuteUbergraph_MyCamera
08-06 00:55:21.767 29025 29150 D UE      : 
08-06 00:55:21.772  4621 29565 E SensorListener: Sensor(8) is not enabled yet!
08-06 00:55:21.776  1901  2052 I SystemUpdate: [Execution,ExecutionManager] Action pending executed for 0.02 seconds.
08-06 00:55:21.779  1901  2052 I SystemUpdate: [Execution,ExecutionManager] Action pre-download-validate executed for 0.00 seconds.
08-06 00:55:21.782  1901  2052 W SystemUpdate: [Execution,ExecutionManager] Unable to create the action. Restart the execution from the scratch.
08-06 00:55:21.782  1901  2052 W SystemUpdate: java.lang.IllegalStateException
08-06 00:55:21.782  1901  2052 W SystemUpdate: 	at advt.l(:com.google.android.gms@233013044@23.30.13 (190400-552628474):6)
08-06 00:55:21.782  1901  2052 W SystemUpdate: 	at cnyd.a(:com.google.android.gms@233013044@23.30.13 (190400-552628474):324)
08-06 00:55:21.782  1901  2052 W SystemUpdate: 	at com.google.android.gms.update.execution.InstallationIntentOperation.onHandleIntent(:com.google.android.gms@233013044@23.30.13 (190400-552628474):120)
08-06 00:55:21.782  1901  2052 W SystemUpdate: 	at com.google.android.chimera.IntentOperation.onHandleIntent(:com.google.android.gms@233013044@23.30.13 (190400-552628474):2)
08-06 00:55:21.782  1901  2052 W SystemUpdate: 	at ablm.onHandleIntent(:com.google.android.gms@233013044@23.30.13 (190400-552628474):10)
08-06 00:55:21.782  1901  2052 W SystemUpdate: 	at izw.run(:com.google.android.gms@233013044@23.30.13 (190400-552628474):70)
08-06 00:55:21.782  1901  2052 W SystemUpdate: 	at izv.run(:com.google.android.gms@233013044@23.30.13 (190400-552628474):152)
08-06 00:55:21.782  1901  2052 W SystemUpdate: 	at dlkq.run(:com.google.android.gms@233013044@23.30.13 (190400-552628474):13)
08-06 00:55:21.782  1901  2052 W SystemUpdate: 	at java.util.concurrent.ThreadPoolExecutor.runWorker(ThreadPoolExecutor.java:1167)
08-06 00:55:21.782  1901  2052 W SystemUpdate: 	at java.util.concurrent.ThreadPoolExecutor$Worker.run(ThreadPoolExecutor.java:641)
08-06 00:55:21.782  1901  2052 W SystemUpdate: 	at java.lang.Thread.run(Thread.java:920)
08-06 00:55:21.796 29025 29150 D UE      : [2023.08.05-14.55.21:796][480]LogScript: Warning: Script Msg: Attempted to access index 2 from array 'CallFunc_GetAllGeometriesByClass_ReturnValue' of length 0 in '/Game/OM/GameSettings/MyCamera.MyCamera_C:ExecuteUbergraph_MyCamera'!
08-06 00:55:21.796 29025 29150 D UE      : [2023.08.05-14.55.21:796][480]LogScript: Warning: Last function called:
08-06 00:55:21.796 29025 29150 D UE      : 	/Game/OM/GameSettings/MyCamera.MyCamera_C.ExecuteUbergraph_MyCamera
08-06 00:55:21.796 29025 29150 D UE      : 
08-06 00:55:21.797  1901  2052 I SystemUpdate: [Execution,ExecutionManager] Action pending executed for 0.02 seconds.
08-06 00:55:21.803  1901  2052 I SystemUpdate: [Execution,ExecutionManager] Action pre-download-validate executed for 0.00 seconds.
08-06 00:55:21.805  4621 29565 E SensorListener: Sensor(8) is not enabled yet!
08-06 00:55:21.807  1901  2052 W SystemUpdate: [Execution,ExecutionManager] Unable to create the action. Restart the execution from the scratch.
08-06 00:55:21.807  1901  2052 W SystemUpdate: java.lang.IllegalStateException
08-06 00:55:21.807  1901  2052 W SystemUpdate: 	at advt.l(:com.google.android.gms@233013044@23.30.13 (190400-552628474):6)
08-06 00:55:21.807  1901  2052 W SystemUpdate: 	at cnyd.a(:com.google.android.gms@233013044@23.30.13 (190400-552628474):324)
08-06 00:55:21.807  1901  2052 W SystemUpdate: 	at com.google.android.gms.update.execution.InstallationIntentOperation.onHandleIntent(:com.google.android.gms@233013044@23.30.13 (190400-552628474):120)
08-06 00:55:21.807  1901  2052 W SystemUpdate: 	at com.google.android.chimera.IntentOperation.onHandleIntent(:com.google.android.gms@233013044@23.30.13 (190400-552628474):2)
08-06 00:55:21.807  1901  2052 W SystemUpdate: 	at ablm.onHandleIntent(:com.google.android.gms@233013044@23.30.13 (190400-552628474):10)
08-06 00:55:21.807  1901  2052 W SystemUpdate: 	at izw.run(:com.google.android.gms@233013044@23.30.13 (190400-552628474):70)
08-06 00:55:21.807  1901  2052 W SystemUpdate: 	at izv.run(:com.google.android.gms@233013044@23.30.13 (190400-552628474):152)
08-06 00:55:21.807  1901  2052 W SystemUpdate: 	at dlkq.run(:com.google.android.gms@233013044@23.30.13 (190400-552628474):13)
08-06 00:55:21.807  1901  2052 W SystemUpdate: 	at java.util.concurrent.ThreadPoolExecutor.runWorker(ThreadPoolExecutor.java:1167)
08-06 00:55:21.807  1901  2052 W SystemUpdate: 	at java.util.concurrent.ThreadPoolExecutor$Worker.run(ThreadPoolExecutor.java:641)
08-06 00:55:21.807  1901  2052 W SystemUpdate: 	at java.lang.Thread.run(Thread.java:920)
08-06 00:55:21.823  1901  2052 I SystemUpdate: [Execution,ExecutionManager] Action pending executed for 0.02 seconds.
08-06 00:55:21.825  1901  2052 I SystemUpdate: [Execution,ExecutionManager] Action pre-download-validate executed for 0.00 seconds.
08-06 00:55:21.829  1901  2052 W SystemUpdate: [Execution,ExecutionManager] Unable to create the action. Restart the execution from the scratch.
08-06 00:55:21.829  1901  2052 W SystemUpdate: java.lang.IllegalStateException
08-06 00:55:21.829  1901  2052 W SystemUpdate: 	at advt.l(:com.google.android.gms@233013044@23.30.13 (190400-552628474):6)
08-06 00:55:21.829  1901  2052 W SystemUpdate: 	at cnyd.a(:com.google.android.gms@233013044@23.30.13 (190400-552628474):324)
08-06 00:55:21.829  1901  2052 W SystemUpdate: 	at com.google.android.gms.update.execution.InstallationIntentOperation.onHandleIntent(:com.google.android.gms@233013044@23.30.13 (190400-552628474):120)
08-06 00:55:21.829  1901  2052 W SystemUpdate: 	at com.google.android.chimera.IntentOperation.onHandleIntent(:com.google.android.gms@233013044@23.30.13 (190400-552628474):2)
08-06 00:55:21.829  1901  2052 W SystemUpdate: 	at ablm.onHandleIntent(:com.google.android.gms@233013044@23.30.13 (190400-552628474):10)
08-06 00:55:21.829  1901  2052 W SystemUpdate: 	at izw.run(:com.google.android.gms@233013044@23.30.13 (190400-552628474):70)
08-06 00:55:21.829  1901  2052 W SystemUpdate: 	at izv.run(:com.google.android.gms@233013044@23.30.13 (190400-552628474):152)
08-06 00:55:21.829  1901  2052 W SystemUpdate: 	at dlkq.run(:com.google.android.gms@233013044@23.30.13 (190400-552628474):13)
08-06 00:55:21.829  1901  2052 W SystemUpdate: 	at java.util.concurrent.ThreadPoolExecutor.runWorker(ThreadPoolExecutor.java:1167)
08-06 00:55:21.829  1901  2052 W SystemUpdate: 	at java.util.concurrent.ThreadPoolExecutor$Worker.run(ThreadPoolExecutor.java:641)
08-06 00:55:21.829  1901  2052 W SystemUpdate: 	at java.lang.Thread.run(Thread.java:920)
08-06 00:55:21.830  4609  4919 I flicker_log: 13965.84, 45.49, 54505.92, 159.98
08-06 00:55:21.830  4609  4919 I flicker_log: 64, 54505.92
08-06 00:55:21.830  4609  4919 I flicker_log: 63, 50269.53
08-06 00:55:21.830  4609  4919 I flicker_log: 65, 25379.65
08-06 00:55:21.830  4609  4919 D SensorsBio: BioSensor_common::readEvents, FAR = 100
08-06 00:55:21.833 29025 29150 D UE      : [2023.08.05-14.55.21:833][481]LogScript: Warning: Script Msg: Attempted to access index 2 from array 'CallFunc_GetAllGeometriesByClass_ReturnValue' of length 0 in '/Game/OM/GameSettings/MyCamera.MyCamera_C:ExecuteUbergraph_MyCamera'!
08-06 00:55:21.833 29025 29150 D UE      : [2023.08.05-14.55.21:833][481]LogScript: Warning: Last function called:
08-06 00:55:21.833 29025 29150 D UE      : 	/Game/OM/GameSettings/MyCamera.MyCamera_C.ExecuteUbergraph_MyCamera
08-06 00:55:21.833 29025 29150 D UE      : 
08-06 00:55:21.838  4621 29565 E SensorListener: Sensor(8) is not enabled yet!
08-06 00:55:21.844  1901  2052 I SystemUpdate: [Execution,ExecutionManager] Action pending executed for 0.02 seconds.
08-06 00:55:21.846  1901  2052 I SystemUpdate: [Execution,ExecutionManager] Action pre-download-validate executed for 0.00 seconds.
08-06 00:55:21.849  1901  2052 W SystemUpdate: [Execution,ExecutionManager] Unable to create the action. Restart the execution from the scratch.
08-06 00:55:21.849  1901  2052 W SystemUpdate: java.lang.IllegalStateException
08-06 00:55:21.849  1901  2052 W SystemUpdate: 	at advt.l(:com.google.android.gms@233013044@23.30.13 (190400-552628474):6)
08-06 00:55:21.849  1901  2052 W SystemUpdate: 	at cnyd.a(:com.google.android.gms@233013044@23.30.13 (190400-552628474):324)
08-06 00:55:21.849  1901  2052 W SystemUpdate: 	at com.google.android.gms.update.execution.InstallationIntentOperation.onHandleIntent(:com.google.android.gms@233013044@23.30.13 (190400-552628474):120)
08-06 00:55:21.849  1901  2052 W SystemUpdate: 	at com.google.android.chimera.IntentOperation.onHandleIntent(:com.google.android.gms@233013044@23.30.13 (190400-552628474):2)
08-06 00:55:21.849  1901  2052 W SystemUpdate: 	at ablm.onHandleIntent(:com.google.android.gms@233013044@23.30.13 (190400-552628474):10)
08-06 00:55:21.849  1901  2052 W SystemUpdate: 	at izw.run(:com.google.android.gms@233013044@23.30.13 (190400-552628474):70)
08-06 00:55:21.849  1901  2052 W SystemUpdate: 	at izv.run(:com.google.android.gms@233013044@23.30.13 (190400-552628474):152)
08-06 00:55:21.849  1901  2052 W SystemUpdate: 	at dlkq.run(:com.google.android.gms@233013044@23.30.13 (190400-552628474):13)
08-06 00:55:21.849  1901  2052 W SystemUpdate: 	at java.util.concurrent.ThreadPoolExecutor.runWorker(ThreadPoolExecutor.java:1167)
08-06 00:55:21.849  1901  2052 W SystemUpdate: 	at java.util.concurrent.ThreadPoolExecutor$Worker.run(ThreadPoolExecutor.java:641)
08-06 00:55:21.849  1901  2052 W SystemUpdate: 	at java.lang.Thread.run(Thread.java:920)
08-06 00:55:21.864 29025 29150 D UE      : [2023.08.05-14.55.21:864][482]LogScript: Warning: Script Msg: Attempted to access index 2 from array 'CallFunc_GetAllGeometriesByClass_ReturnValue' of length 0 in '/Game/OM/GameSettings/MyCamera.MyCamera_C:ExecuteUbergraph_MyCamera'!
08-06 00:55:21.864 29025 29150 D UE      : [2023.08.05-14.55.21:864][482]LogScript: Warning: Last function called:
08-06 00:55:21.864 29025 29150 D UE      : 	/Game/OM/GameSettings/MyCamera.MyCamera_C.ExecuteUbergraph_MyCamera
08-06 00:55:21.864 29025 29150 D UE      : 
08-06 00:55:21.873  4621 29565 E SensorListener: Sensor(8) is not enabled yet!
08-06 00:55:21.878  1901  2052 I SystemUpdate: [Execution,ExecutionManager] Action pending executed for 0.03 seconds.
08-06 00:55:21.881  1901  2052 I SystemUpdate: [Execution,ExecutionManager] Action pre-download-validate executed for 0.00 seconds.
08-06 00:55:21.884 29670 29837 W ModelLoader.cpp: Require to load PyTorch voltron module
08-06 00:55:21.885  1901  2052 W SystemUpdate: [Execution,ExecutionManager] Unable to create the action. Restart the execution from the scratch.
08-06 00:55:21.885  1901  2052 W SystemUpdate: java.lang.IllegalStateException
08-06 00:55:21.885  1901  2052 W SystemUpdate: 	at advt.l(:com.google.android.gms@233013044@23.30.13 (190400-552628474):6)
08-06 00:55:21.885  1901  2052 W SystemUpdate: 	at cnyd.a(:com.google.android.gms@233013044@23.30.13 (190400-552628474):324)
08-06 00:55:21.885  1901  2052 W SystemUpdate: 	at com.google.android.gms.update.execution.InstallationIntentOperation.onHandleIntent(:com.google.android.gms@233013044@23.30.13 (190400-552628474):120)
08-06 00:55:21.885  1901  2052 W SystemUpdate: 	at com.google.android.chimera.IntentOperation.onHandleIntent(:com.google.android.gms@233013044@23.30.13 (190400-552628474):2)
08-06 00:55:21.885  1901  2052 W SystemUpdate: 	at ablm.onHandleIntent(:com.google.android.gms@233013044@23.30.13 (190400-552628474):10)
08-06 00:55:21.885  1901  2052 W SystemUpdate: 	at izw.run(:com.google.android.gms@233013044@23.30.13 (190400-552628474):70)
08-06 00:55:21.885  1901  2052 W SystemUpdate: 	at izv.run(:com.google.android.gms@233013044@23.30.13 (190400-552628474):152)
08-06 00:55:21.885  1901  2052 W SystemUpdate: 	at dlkq.run(:com.google.android.gms@233013044@23.30.13 (190400-552628474):13)
08-06 00:55:21.885  1901  2052 W SystemUpdate: 	at java.util.concurrent.ThreadPoolExecutor.runWorker(ThreadPoolExecutor.java:1167)
08-06 00:55:21.885  1901  2052 W SystemUpdate: 	at java.util.concurrent.ThreadPoolExecutor$Worker.run(ThreadPoolExecutor.java:641)
08-06 00:55:21.885  1901  2052 W SystemUpdate: 	at java.lang.Thread.run(Thread.java:920)
08-06 00:55:21.889 29670 29837 W ModelLoader.cpp: Require to load PyTorch voltron module
08-06 00:55:21.893 29670 29837 W ModelLoader.cpp: Require to load PyTorch voltron module
08-06 00:55:21.897 29025 29150 D UE      : [2023.08.05-14.55.21:897][483]LogScript: Warning: Script Msg: Attempted to access index 2 from array 'CallFunc_GetAllGeometriesByClass_ReturnValue' of length 0 in '/Game/OM/GameSettings/MyCamera.MyCamera_C:ExecuteUbergraph_MyCamera'!
08-06 00:55:21.897 29025 29150 D UE      : [2023.08.05-14.55.21:897][483]LogScript: Warning: Last function called:
08-06 00:55:21.897 29025 29150 D UE      : 	/Game/OM/GameSettings/MyCamera.MyCamera_C.ExecuteUbergraph_MyCamera
08-06 00:55:21.897 29025 29150 D UE      : 
08-06 00:55:21.902 29670 29837 W ModelLoader.cpp: Require to load PyTorch voltron module
08-06 00:55:21.906  4621 29565 E SensorListener: Sensor(8) is not enabled yet!
08-06 00:55:21.907  1901  2052 I SystemUpdate: [Execution,ExecutionManager] Action pending executed for 0.02 seconds.
08-06 00:55:21.913  1901  2052 I SystemUpdate: [Execution,ExecutionManager] Action pre-download-validate executed for 0.00 seconds.
08-06 00:55:21.916  1901  2052 W SystemUpdate: [Execution,ExecutionManager] Unable to create the action. Restart the execution from the scratch.
08-06 00:55:21.916  1901  2052 W SystemUpdate: java.lang.IllegalStateException
08-06 00:55:21.916  1901  2052 W SystemUpdate: 	at advt.l(:com.google.android.gms@233013044@23.30.13 (190400-552628474):6)
08-06 00:55:21.916  1901  2052 W SystemUpdate: 	at cnyd.a(:com.google.android.gms@233013044@23.30.13 (190400-552628474):324)
08-06 00:55:21.916  1901  2052 W SystemUpdate: 	at com.google.android.gms.update.execution.InstallationIntentOperation.onHandleIntent(:com.google.android.gms@233013044@23.30.13 (190400-552628474):120)
08-06 00:55:21.916  1901  2052 W SystemUpdate: 	at com.google.android.chimera.IntentOperation.onHandleIntent(:com.google.android.gms@233013044@23.30.13 (190400-552628474):2)
08-06 00:55:21.916  1901  2052 W SystemUpdate: 	at ablm.onHandleIntent(:com.google.android.gms@233013044@23.30.13 (190400-552628474):10)
08-06 00:55:21.916  1901  2052 W SystemUpdate: 	at izw.run(:com.google.android.gms@233013044@23.30.13 (190400-552628474):70)
08-06 00:55:21.916  1901  2052 W SystemUpdate: 	at izv.run(:com.google.android.gms@233013044@23.30.13 (190400-552628474):152)
08-06 00:55:21.916  1901  2052 W SystemUpdate: 	at dlkq.run(:com.google.android.gms@233013044@23.30.13 (190400-552628474):13)
08-06 00:55:21.916  1901  2052 W SystemUpdate: 	at java.util.concurrent.ThreadPoolExecutor.runWorker(ThreadPoolExecutor.java:1167)
08-06 00:55:21.916  1901  2052 W SystemUpdate: 	at java.util.concurrent.ThreadPoolExecutor$Worker.run(ThreadPoolExecutor.java:641)
08-06 00:55:21.916  1901  2052 W SystemUpdate: 	at java.lang.Thread.run(Thread.java:920)
08-06 00:55:21.930  1901  2052 I SystemUpdate: [Execution,ExecutionManager] Action pending executed for 0.01 seconds.
08-06 00:55:21.933 29025 29150 D UE      : [2023.08.05-14.55.21:933][484]LogScript: Warning: Script Msg: Attempted to access index 2 from array 'CallFunc_GetAllGeometriesByClass_ReturnValue' of length 0 in '/Game/OM/GameSettings/MyCamera.MyCamera_C:ExecuteUbergraph_MyCamera'!
08-06 00:55:21.933 29025 29150 D UE      : [2023.08.05-14.55.21:933][484]LogScript: Warning: Last function called:
08-06 00:55:21.933 29025 29150 D UE      : 	/Game/OM/GameSettings/MyCamera.MyCamera_C.ExecuteUbergraph_MyCamera
08-06 00:55:21.933 29025 29150 D UE      : 
08-06 00:55:21.933  1901  2052 I SystemUpdate: [Execution,ExecutionManager] Action pre-download-validate executed for 0.00 seconds.
08-06 00:55:21.937  1901  2052 W SystemUpdate: [Execution,ExecutionManager] Unable to create the action. Restart the execution from the scratch.
08-06 00:55:21.937  1901  2052 W SystemUpdate: java.lang.IllegalStateException
08-06 00:55:21.937  1901  2052 W SystemUpdate: 	at advt.l(:com.google.android.gms@233013044@23.30.13 (190400-552628474):6)
08-06 00:55:21.937  1901  2052 W SystemUpdate: 	at cnyd.a(:com.google.android.gms@233013044@23.30.13 (190400-552628474):324)
08-06 00:55:21.937  1901  2052 W SystemUpdate: 	at com.google.android.gms.update.execution.InstallationIntentOperation.onHandleIntent(:com.google.android.gms@233013044@23.30.13 (190400-552628474):120)
08-06 00:55:21.937  1901  2052 W SystemUpdate: 	at com.google.android.chimera.IntentOperation.onHandleIntent(:com.google.android.gms@233013044@23.30.13 (190400-552628474):2)
08-06 00:55:21.937  1901  2052 W SystemUpdate: 	at ablm.onHandleIntent(:com.google.android.gms@233013044@23.30.13 (190400-552628474):10)
08-06 00:55:21.937  1901  2052 W SystemUpdate: 	at izw.run(:com.google.android.gms@233013044@23.30.13 (190400-552628474):70)
08-06 00:55:21.937  1901  2052 W SystemUpdate: 	at izv.run(:com.google.android.gms@233013044@23.30.13 (190400-552628474):152)
08-06 00:55:21.937  1901  2052 W SystemUpdate: 	at dlkq.run(:com.google.android.gms@233013044@23.30.13 (190400-552628474):13)
08-06 00:55:21.937  1901  2052 W SystemUpdate: 	at java.util.concurrent.ThreadPoolExecutor.runWorker(ThreadPoolExecutor.java:1167)
08-06 00:55:21.937  1901  2052 W SystemUpdate: 	at java.util.concurrent.ThreadPoolExecutor$Worker.run(ThreadPoolExecutor.java:641)
08-06 00:55:21.937  1901  2052 W SystemUpdate: 	at java.lang.Thread.run(Thread.java:920)
08-06 00:55:21.939  4621 29565 E SensorListener: Sensor(8) is not enabled yet!
08-06 00:55:21.965 29025 29150 D UE      : [2023.08.05-14.55.21:964][485]LogScript: Warning: Script Msg: Attempted to access index 2 from array 'CallFunc_GetAllGeometriesByClass_ReturnValue' of length 0 in '/Game/OM/GameSettings/MyCamera.MyCamera_C:ExecuteUbergraph_MyCamera'!
08-06 00:55:21.965 29025 29150 D UE      : [2023.08.05-14.55.21:965][485]LogScript: Warning: Last function called:
08-06 00:55:21.965 29025 29150 D UE      : 	/Game/OM/GameSettings/MyCamera.MyCamera_C.ExecuteUbergraph_MyCamera
08-06 00:55:21.965 29025 29150 D UE      : 
08-06 00:55:21.972  4621 29565 E SensorListener: Sensor(8) is not enabled yet!
08-06 00:55:21.978  1901  2052 I SystemUpdate: [Execution,ExecutionManager] Action pending executed for 0.04 seconds.
08-06 00:55:21.982  1901  2052 I SystemUpdate: [Execution,ExecutionManager] Action pre-download-validate executed for 0.00 seconds.
08-06 00:55:21.985  1901  2052 W SystemUpdate: [Execution,ExecutionManager] Unable to create the action. Restart the execution from the scratch.
08-06 00:55:21.985  1901  2052 W SystemUpdate: java.lang.IllegalStateException
08-06 00:55:21.985  1901  2052 W SystemUpdate: 	at advt.l(:com.google.android.gms@233013044@23.30.13 (190400-552628474):6)
08-06 00:55:21.985  1901  2052 W SystemUpdate: 	at cnyd.a(:com.google.android.gms@233013044@23.30.13 (190400-552628474):324)
08-06 00:55:21.985  1901  2052 W SystemUpdate: 	at com.google.android.gms.update.execution.InstallationIntentOperation.onHandleIntent(:com.google.android.gms@233013044@23.30.13 (190400-552628474):120)
08-06 00:55:21.985  1901  2052 W SystemUpdate: 	at com.google.android.chimera.IntentOperation.onHandleIntent(:com.google.android.gms@233013044@23.30.13 (190400-552628474):2)
08-06 00:55:21.985  1901  2052 W SystemUpdate: 	at ablm.onHandleIntent(:com.google.android.gms@233013044@23.30.13 (190400-552628474):10)
08-06 00:55:21.985  1901  2052 W SystemUpdate: 	at izw.run(:com.google.android.gms@233013044@23.30.13 (190400-552628474):70)
08-06 00:55:21.985  1901  2052 W SystemUpdate: 	at izv.run(:com.google.android.gms@233013044@23.30.13 (190400-552628474):152)
08-06 00:55:21.985  1901  2052 W SystemUpdate: 	at dlkq.run(:com.google.android.gms@233013044@23.30.13 (190400-552628474):13)
08-06 00:55:21.985  1901  2052 W SystemUpdate: 	at java.util.concurrent.ThreadPoolExecutor.runWorker(ThreadPoolExecutor.java:1167)
08-06 00:55:21.985  1901  2052 W SystemUpdate: 	at java.util.concurrent.ThreadPoolExecutor$Worker.run(ThreadPoolExecutor.java:641)
08-06 00:55:21.985  1901  2052 W SystemUpdate: 	at java.lang.Thread.run(Thread.java:920)
08-06 00:55:21.997 29025 29150 D UE      : [2023.08.05-14.55.21:997][486]LogScript: Warning: Script Msg: Attempted to access index 2 from array 'CallFunc_GetAllGeometriesByClass_ReturnValue' of length 0 in '/Game/OM/GameSettings/MyCamera.MyCamera_C:ExecuteUbergraph_MyCamera'!
08-06 00:55:21.997 29025 29150 D UE      : [2023.08.05-14.55.21:997][486]LogScript: Warning: Last function called:
08-06 00:55:21.997 29025 29150 D UE      : 	/Game/OM/GameSettings/MyCamera.MyCamera_C.ExecuteUbergraph_MyCamera
08-06 00:55:21.997 29025 29150 D UE      : 
08-06 00:55:22.009  1901  2052 I SystemUpdate: [Execution,ExecutionManager] Action pending executed for 0.02 seconds.
08-06 00:55:22.010  4621 29565 E SensorListener: Sensor(8) is not enabled yet!
08-06 00:55:22.013  1901  2052 I SystemUpdate: [Execution,ExecutionManager] Action pre-download-validate executed for 0.00 seconds.
08-06 00:55:22.016  1901  2052 W SystemUpdate: [Execution,ExecutionManager] Unable to create the action. Restart the execution from the scratch.
08-06 00:55:22.016  1901  2052 W SystemUpdate: java.lang.IllegalStateException
08-06 00:55:22.016  1901  2052 W SystemUpdate: 	at advt.l(:com.google.android.gms@233013044@23.30.13 (190400-552628474):6)
08-06 00:55:22.016  1901  2052 W SystemUpdate: 	at cnyd.a(:com.google.android.gms@233013044@23.30.13 (190400-552628474):324)
08-06 00:55:22.016  1901  2052 W SystemUpdate: 	at com.google.android.gms.update.execution.InstallationIntentOperation.onHandleIntent(:com.google.android.gms@233013044@23.30.13 (190400-552628474):120)
08-06 00:55:22.016  1901  2052 W SystemUpdate: 	at com.google.android.chimera.IntentOperation.onHandleIntent(:com.google.android.gms@233013044@23.30.13 (190400-552628474):2)
08-06 00:55:22.016  1901  2052 W SystemUpdate: 	at ablm.onHandleIntent(:com.google.android.gms@233013044@23.30.13 (190400-552628474):10)
08-06 00:55:22.016  1901  2052 W SystemUpdate: 	at izw.run(:com.google.android.gms@233013044@23.30.13 (190400-552628474):70)
08-06 00:55:22.016  1901  2052 W SystemUpdate: 	at izv.run(:com.google.android.gms@233013044@23.30.13 (190400-552628474):152)
08-06 00:55:22.016  1901  2052 W SystemUpdate: 	at dlkq.run(:com.google.android.gms@233013044@23.30.13 (190400-552628474):13)
08-06 00:55:22.016  1901  2052 W SystemUpdate: 	at java.util.concurrent.ThreadPoolExecutor.runWorker(ThreadPoolExecutor.java:1167)
08-06 00:55:22.016  1901  2052 W SystemUpdate: 	at java.util.concurrent.ThreadPoolExecutor$Worker.run(ThreadPoolExecutor.java:641)
08-06 00:55:22.016  1901  2052 W SystemUpdate: 	at java.lang.Thread.run(Thread.java:920)
08-06 00:55:22.019 29670 29837 W msgr.SyncInitializer: Start regular sync initialization
08-06 00:55:22.034  1901  2052 I SystemUpdate: [Execution,ExecutionManager] Action pending executed for 0.02 seconds.
08-06 00:55:22.037  1901  2052 I SystemUpdate: [Execution,ExecutionManager] Action pre-download-validate executed for 0.00 seconds.
08-06 00:55:22.040  4621 29565 E SensorListener: Sensor(8) is not enabled yet!
08-06 00:55:22.042  1901  2052 W SystemUpdate: [Execution,ExecutionManager] Unable to create the action. Restart the execution from the scratch.
08-06 00:55:22.042  1901  2052 W SystemUpdate: java.lang.IllegalStateException
08-06 00:55:22.042  1901  2052 W SystemUpdate: 	at advt.l(:com.google.android.gms@233013044@23.30.13 (190400-552628474):6)
08-06 00:55:22.042  1901  2052 W SystemUpdate: 	at cnyd.a(:com.google.android.gms@233013044@23.30.13 (190400-552628474):324)
08-06 00:55:22.042  1901  2052 W SystemUpdate: 	at com.google.android.gms.update.execution.InstallationIntentOperation.onHandleIntent(:com.google.android.gms@233013044@23.30.13 (190400-552628474):120)
08-06 00:55:22.042  1901  2052 W SystemUpdate: 	at com.google.android.chimera.IntentOperation.onHandleIntent(:com.google.android.gms@233013044@23.30.13 (190400-552628474):2)
08-06 00:55:22.042  1901  2052 W SystemUpdate: 	at ablm.onHandleIntent(:com.google.android.gms@233013044@23.30.13 (190400-552628474):10)
08-06 00:55:22.042  1901  2052 W SystemUpdate: 	at izw.run(:com.google.android.gms@233013044@23.30.13 (190400-552628474):70)
08-06 00:55:22.042  1901  2052 W SystemUpdate: 	at izv.run(:com.google.android.gms@233013044@23.30.13 (190400-552628474):152)
08-06 00:55:22.042  1901  2052 W SystemUpdate: 	at dlkq.run(:com.google.android.gms@233013044@23.30.13 (190400-552628474):13)
08-06 00:55:22.042  1901  2052 W SystemUpdate: 	at java.util.concurrent.ThreadPoolExecutor.runWorker(ThreadPoolExecutor.java:1167)
08-06 00:55:22.042  1901  2052 W SystemUpdate: 	at java.util.concurrent.ThreadPoolExecutor$Worker.run(ThreadPoolExecutor.java:641)
08-06 00:55:22.042  1901  2052 W SystemUpdate: 	at java.lang.Thread.run(Thread.java:920)
08-06 00:55:22.042 29025 29150 D UE      : [2023.08.05-14.55.22:042][487]LogScript: Warning: Script Msg: Attempted to access index 2 from array 'CallFunc_GetAllGeometriesByClass_ReturnValue' of length 0 in '/Game/OM/GameSettings/MyCamera.MyCamera_C:ExecuteUbergraph_MyCamera'!
08-06 00:55:22.042 29025 29150 D UE      : [2023.08.05-14.55.22:042][487]LogScript: Warning: Last function called:
08-06 00:55:22.042 29025 29150 D UE      : 	/Game/OM/GameSettings/MyCamera.MyCamera_C.ExecuteUbergraph_MyCamera
08-06 00:55:22.042 29025 29150 D UE      : 
08-06 00:55:22.066 29025 29150 D UE      : [2023.08.05-14.55.22:066][488]LogScript: Warning: Script Msg: Attempted to access index 2 from array 'CallFunc_GetAllGeometriesByClass_ReturnValue' of length 0 in '/Game/OM/GameSettings/MyCamera.MyCamera_C:ExecuteUbergraph_MyCamera'!
08-06 00:55:22.066 29025 29150 D UE      : [2023.08.05-14.55.22:066][488]LogScript: Warning: Last function called:
08-06 00:55:22.066 29025 29150 D UE      : 	/Game/OM/GameSettings/MyCamera.MyCamera_C.ExecuteUbergraph_MyCamera
08-06 00:55:22.066 29025 29150 D UE      : 
08-06 00:55:22.067  1901  2052 I SystemUpdate: [Execution,ExecutionManager] Action pending executed for 0.03 seconds.
08-06 00:55:22.071  1901  2052 I SystemUpdate: [Execution,ExecutionManager] Action pre-download-validate executed for 0.00 seconds.
08-06 00:55:22.072  4621 29565 E SensorListener: Sensor(8) is not enabled yet!
08-06 00:55:22.074  1901  2052 W SystemUpdate: [Execution,ExecutionManager] Unable to create the action. Restart the execution from the scratch.
08-06 00:55:22.074  1901  2052 W SystemUpdate: java.lang.IllegalStateException
08-06 00:55:22.074  1901  2052 W SystemUpdate: 	at advt.l(:com.google.android.gms@233013044@23.30.13 (190400-552628474):6)
08-06 00:55:22.074  1901  2052 W SystemUpdate: 	at cnyd.a(:com.google.android.gms@233013044@23.30.13 (190400-552628474):324)
08-06 00:55:22.074  1901  2052 W SystemUpdate: 	at com.google.android.gms.update.execution.InstallationIntentOperation.onHandleIntent(:com.google.android.gms@233013044@23.30.13 (190400-552628474):120)
