08-06 00:55:19.987  1901  2052 W SystemUpdate: 	at dlkq.run(:com.google.android.gms@233013044@23.30.13 (190400-552628474):13)
08-06 00:55:19.987  1901  2052 W SystemUpdate: 	at java.util.concurrent.ThreadPoolExecutor.runWorker(ThreadPoolExecutor.java:1167)
08-06 00:55:19.987  1901  2052 W SystemUpdate: 	at java.util.concurrent.ThreadPoolExecutor$Worker.run(ThreadPoolExecutor.java:641)
08-06 00:55:19.987  1901  2052 W SystemUpdate: 	at java.lang.Thread.run(Thread.java:920)
08-06 00:55:20.000 29025 29150 D UE      : [2023.08.05-14.55.20:000][426]LogScript: Warning: Script Msg: Attempted to access index 2 from array 'CallFunc_GetAllGeometriesByClass_ReturnValue' of length 0 in '/Game/OM/GameSettings/MyCamera.MyCamera_C:ExecuteUbergraph_MyCamera'!
08-06 00:55:20.000 29025 29150 D UE      : [2023.08.05-14.55.20:000][426]LogScript: Warning: Last function called:
08-06 00:55:20.000 29025 29150 D UE      : 	/Game/OM/GameSettings/MyCamera.MyCamera_C.ExecuteUbergraph_MyCamera
08-06 00:55:20.000 29025 29150 D UE      : 
08-06 00:55:20.007  4621 29565 E SensorListener: Sensor(8) is not enabled yet!
08-06 00:55:20.007  1901  2052 I SystemUpdate: [Execution,ExecutionManager] Action pending executed for 0.02 seconds.
08-06 00:55:20.011  1901  2052 I SystemUpdate: [Execution,ExecutionManager] Action pre-download-validate executed for 0.00 seconds.
08-06 00:55:20.015  1901  2052 W SystemUpdate: [Execution,ExecutionManager] Unable to create the action. Restart the execution from the scratch.
08-06 00:55:20.015  1901  2052 W SystemUpdate: java.lang.IllegalStateException
08-06 00:55:20.015  1901  2052 W SystemUpdate: 	at advt.l(:com.google.android.gms@233013044@23.30.13 (190400-552628474):6)
08-06 00:55:20.015  1901  2052 W SystemUpdate: 	at cnyd.a(:com.google.android.gms@233013044@23.30.13 (190400-552628474):324)
08-06 00:55:20.015  1901  2052 W SystemUpdate: 	at com.google.android.gms.update.execution.InstallationIntentOperation.onHandleIntent(:com.google.android.gms@233013044@23.30.13 (190400-552628474):120)
08-06 00:55:20.015  1901  2052 W SystemUpdate: 	at com.google.android.chimera.IntentOperation.onHandleIntent(:com.google.android.gms@233013044@23.30.13 (190400-552628474):2)
08-06 00:55:20.015  1901  2052 W SystemUpdate: 	at ablm.onHandleIntent(:com.google.android.gms@233013044@23.30.13 (190400-552628474):10)
08-06 00:55:20.015  1901  2052 W SystemUpdate: 	at izw.run(:com.google.android.gms@233013044@23.30.13 (190400-552628474):70)
08-06 00:55:20.015  1901  2052 W SystemUpdate: 	at izv.run(:com.google.android.gms@233013044@23.30.13 (190400-552628474):152)
08-06 00:55:20.015  1901  2052 W SystemUpdate: 	at dlkq.run(:com.google.android.gms@233013044@23.30.13 (190400-552628474):13)
08-06 00:55:20.015  1901  2052 W SystemUpdate: 	at java.util.concurrent.ThreadPoolExecutor.runWorker(ThreadPoolExecutor.java:1167)
08-06 00:55:20.015  1901  2052 W SystemUpdate: 	at java.util.concurrent.ThreadPoolExecutor$Worker.run(ThreadPoolExecutor.java:641)
08-06 00:55:20.015  1901  2052 W SystemUpdate: 	at java.lang.Thread.run(Thread.java:920)
08-06 00:55:20.029  1901  2052 I SystemUpdate: [Execution,ExecutionManager] Action pending executed for 0.02 seconds.
08-06 00:55:20.032  1901  2052 I SystemUpdate: [Execution,ExecutionManager] Action pre-download-validate executed for 0.00 seconds.
08-06 00:55:20.034 29025 29150 D UE      : [2023.08.05-14.55.20:034][427]LogScript: Warning: Script Msg: Attempted to access index 2 from array 'CallFunc_GetAllGeometriesByClass_ReturnValue' of length 0 in '/Game/OM/GameSettings/MyCamera.MyCamera_C:ExecuteUbergraph_MyCamera'!
08-06 00:55:20.034 29025 29150 D UE      : [2023.08.05-14.55.20:034][427]LogScript: Warning: Last function called:
08-06 00:55:20.034 29025 29150 D UE      : 	/Game/OM/GameSettings/MyCamera.MyCamera_C.ExecuteUbergraph_MyCamera
08-06 00:55:20.035 29025 29150 D UE      : 
08-06 00:55:20.037  1901  2052 W SystemUpdate: [Execution,ExecutionManager] Unable to create the action. Restart the execution from the scratch.
08-06 00:55:20.037  1901  2052 W SystemUpdate: java.lang.IllegalStateException
08-06 00:55:20.037  1901  2052 W SystemUpdate: 	at advt.l(:com.google.android.gms@233013044@23.30.13 (190400-552628474):6)
08-06 00:55:20.037  1901  2052 W SystemUpdate: 	at cnyd.a(:com.google.android.gms@233013044@23.30.13 (190400-552628474):324)
08-06 00:55:20.037  1901  2052 W SystemUpdate: 	at com.google.android.gms.update.execution.InstallationIntentOperation.onHandleIntent(:com.google.android.gms@233013044@23.30.13 (190400-552628474):120)
08-06 00:55:20.037  1901  2052 W SystemUpdate: 	at com.google.android.chimera.IntentOperation.onHandleIntent(:com.google.android.gms@233013044@23.30.13 (190400-552628474):2)
08-06 00:55:20.037  1901  2052 W SystemUpdate: 	at ablm.onHandleIntent(:com.google.android.gms@233013044@23.30.13 (190400-552628474):10)
08-06 00:55:20.037  1901  2052 W SystemUpdate: 	at izw.run(:com.google.android.gms@233013044@23.30.13 (190400-552628474):70)
08-06 00:55:20.037  1901  2052 W SystemUpdate: 	at izv.run(:com.google.android.gms@233013044@23.30.13 (190400-552628474):152)
08-06 00:55:20.037  1901  2052 W SystemUpdate: 	at dlkq.run(:com.google.android.gms@233013044@23.30.13 (190400-552628474):13)
08-06 00:55:20.037  1901  2052 W SystemUpdate: 	at java.util.concurrent.ThreadPoolExecutor.runWorker(ThreadPoolExecutor.java:1167)
08-06 00:55:20.037  1901  2052 W SystemUpdate: 	at java.util.concurrent.ThreadPoolExecutor$Worker.run(ThreadPoolExecutor.java:641)
08-06 00:55:20.037  1901  2052 W SystemUpdate: 	at java.lang.Thread.run(Thread.java:920)
08-06 00:55:20.041  4621 29565 E SensorListener: Sensor(8) is not enabled yet!
08-06 00:55:20.052  1901  2052 I SystemUpdate: [Execution,ExecutionManager] Action pending executed for 0.02 seconds.
08-06 00:55:20.052 29670 29839 D skia    : --- Failed to create image decoder with message 'unimplemented'
08-06 00:55:20.055  1901  2052 I SystemUpdate: [Execution,ExecutionManager] Action pre-download-validate executed for 0.00 seconds.
08-06 00:55:20.059  1901  2052 W SystemUpdate: [Execution,ExecutionManager] Unable to create the action. Restart the execution from the scratch.
08-06 00:55:20.059  1901  2052 W SystemUpdate: java.lang.IllegalStateException
08-06 00:55:20.059  1901  2052 W SystemUpdate: 	at advt.l(:com.google.android.gms@233013044@23.30.13 (190400-552628474):6)
08-06 00:55:20.059  1901  2052 W SystemUpdate: 	at cnyd.a(:com.google.android.gms@233013044@23.30.13 (190400-552628474):324)
08-06 00:55:20.059  1901  2052 W SystemUpdate: 	at com.google.android.gms.update.execution.InstallationIntentOperation.onHandleIntent(:com.google.android.gms@233013044@23.30.13 (190400-552628474):120)
08-06 00:55:20.059  1901  2052 W SystemUpdate: 	at com.google.android.chimera.IntentOperation.onHandleIntent(:com.google.android.gms@233013044@23.30.13 (190400-552628474):2)
08-06 00:55:20.059  1901  2052 W SystemUpdate: 	at ablm.onHandleIntent(:com.google.android.gms@233013044@23.30.13 (190400-552628474):10)
08-06 00:55:20.059  1901  2052 W SystemUpdate: 	at izw.run(:com.google.android.gms@233013044@23.30.13 (190400-552628474):70)
08-06 00:55:20.059  1901  2052 W SystemUpdate: 	at izv.run(:com.google.android.gms@233013044@23.30.13 (190400-552628474):152)
08-06 00:55:20.059  1901  2052 W SystemUpdate: 	at dlkq.run(:com.google.android.gms@233013044@23.30.13 (190400-552628474):13)
08-06 00:55:20.059  1901  2052 W SystemUpdate: 	at java.util.concurrent.ThreadPoolExecutor.runWorker(ThreadPoolExecutor.java:1167)
08-06 00:55:20.059  1901  2052 W SystemUpdate: 	at java.util.concurrent.ThreadPoolExecutor$Worker.run(ThreadPoolExecutor.java:641)
08-06 00:55:20.059  1901  2052 W SystemUpdate: 	at java.lang.Thread.run(Thread.java:920)
08-06 00:55:20.061  4621 29543 D ExynosCameraRequestManager: [CAM_ID(0)][]-DEBUG(m_allMetaCallback[3345]):[R584 F588]. AllMeta result is pushed but not complete output buffer(2 / 0)
08-06 00:55:20.064 29025 29150 D UE      : [2023.08.05-14.55.20:063][428]LogScript: Warning: Script Msg: Attempted to access index 2 from array 'CallFunc_GetAllGeometriesByClass_ReturnValue' of length 0 in '/Game/OM/GameSettings/MyCamera.MyCamera_C:ExecuteUbergraph_MyCamera'!
08-06 00:55:20.064 29025 29150 D UE      : [2023.08.05-14.55.20:064][428]LogScript: Warning: Last function called:
08-06 00:55:20.064 29025 29150 D UE      : 	/Game/OM/GameSettings/MyCamera.MyCamera_C.ExecuteUbergraph_MyCamera
08-06 00:55:20.064 29025 29150 D UE      : 
08-06 00:55:20.075  4621 29565 E SensorListener: Sensor(8) is not enabled yet!
08-06 00:55:20.083  1901  2052 I SystemUpdate: [Execution,ExecutionManager] Action pending executed for 0.02 seconds.
08-06 00:55:20.086  1901  2052 I SystemUpdate: [Execution,ExecutionManager] Action pre-download-validate executed for 0.00 seconds.
08-06 00:55:20.089  1901  2052 W SystemUpdate: [Execution,ExecutionManager] Unable to create the action. Restart the execution from the scratch.
08-06 00:55:20.089  1901  2052 W SystemUpdate: java.lang.IllegalStateException
08-06 00:55:20.089  1901  2052 W SystemUpdate: 	at advt.l(:com.google.android.gms@233013044@23.30.13 (190400-552628474):6)
08-06 00:55:20.089  1901  2052 W SystemUpdate: 	at cnyd.a(:com.google.android.gms@233013044@23.30.13 (190400-552628474):324)
08-06 00:55:20.089  1901  2052 W SystemUpdate: 	at com.google.android.gms.update.execution.InstallationIntentOperation.onHandleIntent(:com.google.android.gms@233013044@23.30.13 (190400-552628474):120)
08-06 00:55:20.089  1901  2052 W SystemUpdate: 	at com.google.android.chimera.IntentOperation.onHandleIntent(:com.google.android.gms@233013044@23.30.13 (190400-552628474):2)
08-06 00:55:20.089  1901  2052 W SystemUpdate: 	at ablm.onHandleIntent(:com.google.android.gms@233013044@23.30.13 (190400-552628474):10)
08-06 00:55:20.089  1901  2052 W SystemUpdate: 	at izw.run(:com.google.android.gms@233013044@23.30.13 (190400-552628474):70)
08-06 00:55:20.089  1901  2052 W SystemUpdate: 	at izv.run(:com.google.android.gms@233013044@23.30.13 (190400-552628474):152)
08-06 00:55:20.089  1901  2052 W SystemUpdate: 	at dlkq.run(:com.google.android.gms@233013044@23.30.13 (190400-552628474):13)
08-06 00:55:20.089  1901  2052 W SystemUpdate: 	at java.util.concurrent.ThreadPoolExecutor.runWorker(ThreadPoolExecutor.java:1167)
08-06 00:55:20.089  1901  2052 W SystemUpdate: 	at java.util.concurrent.ThreadPoolExecutor$Worker.run(ThreadPoolExecutor.java:641)
08-06 00:55:20.089  1901  2052 W SystemUpdate: 	at java.lang.Thread.run(Thread.java:920)
08-06 00:55:20.109 29025 29150 D UE      : [2023.08.05-14.55.20:109][429]LogScript: Warning: Script Msg: Attempted to access index 2 from array 'CallFunc_GetAllGeometriesByClass_ReturnValue' of length 0 in '/Game/OM/GameSettings/MyCamera.MyCamera_C:ExecuteUbergraph_MyCamera'!
08-06 00:55:20.109 29025 29150 D UE      : [2023.08.05-14.55.20:109][429]LogScript: Warning: Last function called:
08-06 00:55:20.109 29025 29150 D UE      : 	/Game/OM/GameSettings/MyCamera.MyCamera_C.ExecuteUbergraph_MyCamera
08-06 00:55:20.109 29025 29150 D UE      : 
08-06 00:55:20.110  4621 29565 E SensorListener: Sensor(8) is not enabled yet!
08-06 00:55:20.111  1901  2052 I SystemUpdate: [Execution,ExecutionManager] Action pending executed for 0.02 seconds.
08-06 00:55:20.115  1901  2052 I SystemUpdate: [Execution,ExecutionManager] Action pre-download-validate executed for 0.00 seconds.
08-06 00:55:20.118  1901  2052 W SystemUpdate: [Execution,ExecutionManager] Unable to create the action. Restart the execution from the scratch.
08-06 00:55:20.118  1901  2052 W SystemUpdate: java.lang.IllegalStateException
08-06 00:55:20.118  1901  2052 W SystemUpdate: 	at advt.l(:com.google.android.gms@233013044@23.30.13 (190400-552628474):6)
08-06 00:55:20.118  1901  2052 W SystemUpdate: 	at cnyd.a(:com.google.android.gms@233013044@23.30.13 (190400-552628474):324)
08-06 00:55:20.118  1901  2052 W SystemUpdate: 	at com.google.android.gms.update.execution.InstallationIntentOperation.onHandleIntent(:com.google.android.gms@233013044@23.30.13 (190400-552628474):120)
08-06 00:55:20.118  1901  2052 W SystemUpdate: 	at com.google.android.chimera.IntentOperation.onHandleIntent(:com.google.android.gms@233013044@23.30.13 (190400-552628474):2)
08-06 00:55:20.118  1901  2052 W SystemUpdate: 	at ablm.onHandleIntent(:com.google.android.gms@233013044@23.30.13 (190400-552628474):10)
08-06 00:55:20.118  1901  2052 W SystemUpdate: 	at izw.run(:com.google.android.gms@233013044@23.30.13 (190400-552628474):70)
08-06 00:55:20.118  1901  2052 W SystemUpdate: 	at izv.run(:com.google.android.gms@233013044@23.30.13 (190400-552628474):152)
08-06 00:55:20.118  1901  2052 W SystemUpdate: 	at dlkq.run(:com.google.android.gms@233013044@23.30.13 (190400-552628474):13)
08-06 00:55:20.118  1901  2052 W SystemUpdate: 	at java.util.concurrent.ThreadPoolExecutor.runWorker(ThreadPoolExecutor.java:1167)
08-06 00:55:20.118  1901  2052 W SystemUpdate: 	at java.util.concurrent.ThreadPoolExecutor$Worker.run(ThreadPoolExecutor.java:641)
08-06 00:55:20.118  1901  2052 W SystemUpdate: 	at java.lang.Thread.run(Thread.java:920)
08-06 00:55:20.136 29025 29150 D UE      : [2023.08.05-14.55.20:136][430]LogScript: Warning: Script Msg: Attempted to access index 2 from array 'CallFunc_GetAllGeometriesByClass_ReturnValue' of length 0 in '/Game/OM/GameSettings/MyCamera.MyCamera_C:ExecuteUbergraph_MyCamera'!
08-06 00:55:20.136 29025 29150 D UE      : [2023.08.05-14.55.20:136][430]LogScript: Warning: Last function called:
08-06 00:55:20.136 29025 29150 D UE      : 	/Game/OM/GameSettings/MyCamera.MyCamera_C.ExecuteUbergraph_MyCamera
08-06 00:55:20.136 29025 29150 D UE      : 
08-06 00:55:20.137  1901  2052 I SystemUpdate: [Execution,ExecutionManager] Action pending executed for 0.02 seconds.
08-06 00:55:20.140  4621 29565 E SensorListener: Sensor(8) is not enabled yet!
08-06 00:55:20.141  1901  2052 I SystemUpdate: [Execution,ExecutionManager] Action pre-download-validate executed for 0.00 seconds.
08-06 00:55:20.144  1901  2052 W SystemUpdate: [Execution,ExecutionManager] Unable to create the action. Restart the execution from the scratch.
08-06 00:55:20.144  1901  2052 W SystemUpdate: java.lang.IllegalStateException
08-06 00:55:20.144  1901  2052 W SystemUpdate: 	at advt.l(:com.google.android.gms@233013044@23.30.13 (190400-552628474):6)
08-06 00:55:20.144  1901  2052 W SystemUpdate: 	at cnyd.a(:com.google.android.gms@233013044@23.30.13 (190400-552628474):324)
08-06 00:55:20.144  1901  2052 W SystemUpdate: 	at com.google.android.gms.update.execution.InstallationIntentOperation.onHandleIntent(:com.google.android.gms@233013044@23.30.13 (190400-552628474):120)
08-06 00:55:20.144  1901  2052 W SystemUpdate: 	at com.google.android.chimera.IntentOperation.onHandleIntent(:com.google.android.gms@233013044@23.30.13 (190400-552628474):2)
08-06 00:55:20.144  1901  2052 W SystemUpdate: 	at ablm.onHandleIntent(:com.google.android.gms@233013044@23.30.13 (190400-552628474):10)
08-06 00:55:20.144  1901  2052 W SystemUpdate: 	at izw.run(:com.google.android.gms@233013044@23.30.13 (190400-552628474):70)
08-06 00:55:20.144  1901  2052 W SystemUpdate: 	at izv.run(:com.google.android.gms@233013044@23.30.13 (190400-552628474):152)
08-06 00:55:20.144  1901  2052 W SystemUpdate: 	at dlkq.run(:com.google.android.gms@233013044@23.30.13 (190400-552628474):13)
08-06 00:55:20.144  1901  2052 W SystemUpdate: 	at java.util.concurrent.ThreadPoolExecutor.runWorker(ThreadPoolExecutor.java:1167)
08-06 00:55:20.144  1901  2052 W SystemUpdate: 	at java.util.concurrent.ThreadPoolExecutor$Worker.run(ThreadPoolExecutor.java:641)
08-06 00:55:20.144  1901  2052 W SystemUpdate: 	at java.lang.Thread.run(Thread.java:920)
08-06 00:55:20.155 29670 29839 D skia    : --- Failed to create image decoder with message 'unimplemented'
08-06 00:55:20.163  1901  2052 I SystemUpdate: [Execution,ExecutionManager] Action pending executed for 0.02 seconds.
08-06 00:55:20.165 29025 29150 D UE      : [2023.08.05-14.55.20:165][431]LogScript: Warning: Script Msg: Attempted to access index 2 from array 'CallFunc_GetAllGeometriesByClass_ReturnValue' of length 0 in '/Game/OM/GameSettings/MyCamera.MyCamera_C:ExecuteUbergraph_MyCamera'!
08-06 00:55:20.165 29025 29150 D UE      : [2023.08.05-14.55.20:165][431]LogScript: Warning: Last function called:
08-06 00:55:20.165 29025 29150 D UE      : 	/Game/OM/GameSettings/MyCamera.MyCamera_C.ExecuteUbergraph_MyCamera
08-06 00:55:20.165 29025 29150 D UE      : 
08-06 00:55:20.168  1901  2052 I SystemUpdate: [Execution,ExecutionManager] Action pre-download-validate executed for 0.00 seconds.
08-06 00:55:20.171  1901  2052 W SystemUpdate: [Execution,ExecutionManager] Unable to create the action. Restart the execution from the scratch.
08-06 00:55:20.171  1901  2052 W SystemUpdate: java.lang.IllegalStateException
08-06 00:55:20.171  1901  2052 W SystemUpdate: 	at advt.l(:com.google.android.gms@233013044@23.30.13 (190400-552628474):6)
08-06 00:55:20.171  1901  2052 W SystemUpdate: 	at cnyd.a(:com.google.android.gms@233013044@23.30.13 (190400-552628474):324)
08-06 00:55:20.171  1901  2052 W SystemUpdate: 	at com.google.android.gms.update.execution.InstallationIntentOperation.onHandleIntent(:com.google.android.gms@233013044@23.30.13 (190400-552628474):120)
08-06 00:55:20.171  1901  2052 W SystemUpdate: 	at com.google.android.chimera.IntentOperation.onHandleIntent(:com.google.android.gms@233013044@23.30.13 (190400-552628474):2)
08-06 00:55:20.171  1901  2052 W SystemUpdate: 	at ablm.onHandleIntent(:com.google.android.gms@233013044@23.30.13 (190400-552628474):10)
08-06 00:55:20.171  1901  2052 W SystemUpdate: 	at izw.run(:com.google.android.gms@233013044@23.30.13 (190400-552628474):70)
08-06 00:55:20.171  1901  2052 W SystemUpdate: 	at izv.run(:com.google.android.gms@233013044@23.30.13 (190400-552628474):152)
08-06 00:55:20.171  1901  2052 W SystemUpdate: 	at dlkq.run(:com.google.android.gms@233013044@23.30.13 (190400-552628474):13)
08-06 00:55:20.171  1901  2052 W SystemUpdate: 	at java.util.concurrent.ThreadPoolExecutor.runWorker(ThreadPoolExecutor.java:1167)
08-06 00:55:20.171  1901  2052 W SystemUpdate: 	at java.util.concurrent.ThreadPoolExecutor$Worker.run(ThreadPoolExecutor.java:641)
08-06 00:55:20.171  1901  2052 W SystemUpdate: 	at java.lang.Thread.run(Thread.java:920)
08-06 00:55:20.173  4621 29565 E SensorListener: Sensor(8) is not enabled yet!
08-06 00:55:20.188  1901  2052 I SystemUpdate: [Execution,ExecutionManager] Action pending executed for 0.02 seconds.
08-06 00:55:20.191  1901  2052 I SystemUpdate: [Execution,ExecutionManager] Action pre-download-validate executed for 0.00 seconds.
08-06 00:55:20.195  1901  2052 W SystemUpdate: [Execution,ExecutionManager] Unable to create the action. Restart the execution from the scratch.
08-06 00:55:20.195  1901  2052 W SystemUpdate: java.lang.IllegalStateException
08-06 00:55:20.195  1901  2052 W SystemUpdate: 	at advt.l(:com.google.android.gms@233013044@23.30.13 (190400-552628474):6)
08-06 00:55:20.195  1901  2052 W SystemUpdate: 	at cnyd.a(:com.google.android.gms@233013044@23.30.13 (190400-552628474):324)
08-06 00:55:20.195  1901  2052 W SystemUpdate: 	at com.google.android.gms.update.execution.InstallationIntentOperation.onHandleIntent(:com.google.android.gms@233013044@23.30.13 (190400-552628474):120)
08-06 00:55:20.195  1901  2052 W SystemUpdate: 	at com.google.android.chimera.IntentOperation.onHandleIntent(:com.google.android.gms@233013044@23.30.13 (190400-552628474):2)
08-06 00:55:20.195  1901  2052 W SystemUpdate: 	at ablm.onHandleIntent(:com.google.android.gms@233013044@23.30.13 (190400-552628474):10)
08-06 00:55:20.195  1901  2052 W SystemUpdate: 	at izw.run(:com.google.android.gms@233013044@23.30.13 (190400-552628474):70)
08-06 00:55:20.195  1901  2052 W SystemUpdate: 	at izv.run(:com.google.android.gms@233013044@23.30.13 (190400-552628474):152)
08-06 00:55:20.195  1901  2052 W SystemUpdate: 	at dlkq.run(:com.google.android.gms@233013044@23.30.13 (190400-552628474):13)
08-06 00:55:20.195  1901  2052 W SystemUpdate: 	at java.util.concurrent.ThreadPoolExecutor.runWorker(ThreadPoolExecutor.java:1167)
08-06 00:55:20.195  1901  2052 W SystemUpdate: 	at java.util.concurrent.ThreadPoolExecutor$Worker.run(ThreadPoolExecutor.java:641)
08-06 00:55:20.195  1901  2052 W SystemUpdate: 	at java.lang.Thread.run(Thread.java:920)
08-06 00:55:20.195  4621 29543 D ExynosCameraRequestManager: [CAM_ID(0)][]-DEBUG(m_allMetaCallback[3345]):[R588 F592]. AllMeta result is pushed but not complete output buffer(2 / 0)
08-06 00:55:20.198 29670 29795 D skia    : --- Failed to create image decoder with message 'unimplemented'
08-06 00:55:20.205 29025 29150 D UE      : [2023.08.05-14.55.20:205][432]LogScript: Warning: Script Msg: Attempted to access index 2 from array 'CallFunc_GetAllGeometriesByClass_ReturnValue' of length 0 in '/Game/OM/GameSettings/MyCamera.MyCamera_C:ExecuteUbergraph_MyCamera'!
08-06 00:55:20.205 29025 29150 D UE      : [2023.08.05-14.55.20:205][432]LogScript: Warning: Last function called:
08-06 00:55:20.205 29025 29150 D UE      : 	/Game/OM/GameSettings/MyCamera.MyCamera_C.ExecuteUbergraph_MyCamera
08-06 00:55:20.205 29025 29150 D UE      : 
08-06 00:55:20.207  4621 29565 E SensorListener: Sensor(8) is not enabled yet!
08-06 00:55:20.225  1901  2052 I SystemUpdate: [Execution,ExecutionManager] Action pending executed for 0.03 seconds.
08-06 00:55:20.228  1901  2052 I SystemUpdate: [Execution,ExecutionManager] Action pre-download-validate executed for 0.00 seconds.
08-06 00:55:20.231  1901  2052 W SystemUpdate: [Execution,ExecutionManager] Unable to create the action. Restart the execution from the scratch.
08-06 00:55:20.231  1901  2052 W SystemUpdate: java.lang.IllegalStateException
08-06 00:55:20.231  1901  2052 W SystemUpdate: 	at advt.l(:com.google.android.gms@233013044@23.30.13 (190400-552628474):6)
08-06 00:55:20.231  1901  2052 W SystemUpdate: 	at cnyd.a(:com.google.android.gms@233013044@23.30.13 (190400-552628474):324)
08-06 00:55:20.231  1901  2052 W SystemUpdate: 	at com.google.android.gms.update.execution.InstallationIntentOperation.onHandleIntent(:com.google.android.gms@233013044@23.30.13 (190400-552628474):120)
08-06 00:55:20.231  1901  2052 W SystemUpdate: 	at com.google.android.chimera.IntentOperation.onHandleIntent(:com.google.android.gms@233013044@23.30.13 (190400-552628474):2)
08-06 00:55:20.231  1901  2052 W SystemUpdate: 	at ablm.onHandleIntent(:com.google.android.gms@233013044@23.30.13 (190400-552628474):10)
08-06 00:55:20.231  1901  2052 W SystemUpdate: 	at izw.run(:com.google.android.gms@233013044@23.30.13 (190400-552628474):70)
08-06 00:55:20.231  1901  2052 W SystemUpdate: 	at izv.run(:com.google.android.gms@233013044@23.30.13 (190400-552628474):152)
08-06 00:55:20.231  1901  2052 W SystemUpdate: 	at dlkq.run(:com.google.android.gms@233013044@23.30.13 (190400-552628474):13)
08-06 00:55:20.231  1901  2052 W SystemUpdate: 	at java.util.concurrent.ThreadPoolExecutor.runWorker(ThreadPoolExecutor.java:1167)
08-06 00:55:20.231  1901  2052 W SystemUpdate: 	at java.util.concurrent.ThreadPoolExecutor$Worker.run(ThreadPoolExecutor.java:641)
08-06 00:55:20.231  1901  2052 W SystemUpdate: 	at java.lang.Thread.run(Thread.java:920)
08-06 00:55:20.234 29025 29150 D UE      : [2023.08.05-14.55.20:234][433]LogScript: Warning: Script Msg: Attempted to access index 2 from array 'CallFunc_GetAllGeometriesByClass_ReturnValue' of length 0 in '/Game/OM/GameSettings/MyCamera.MyCamera_C:ExecuteUbergraph_MyCamera'!
08-06 00:55:20.234 29025 29150 D UE      : [2023.08.05-14.55.20:234][433]LogScript: Warning: Last function called:
08-06 00:55:20.234 29025 29150 D UE      : 	/Game/OM/GameSettings/MyCamera.MyCamera_C.ExecuteUbergraph_MyCamera
08-06 00:55:20.234 29025 29150 D UE      : 
08-06 00:55:20.239  4621 29565 E SensorListener: Sensor(8) is not enabled yet!
08-06 00:55:20.255  1901  2052 I SystemUpdate: [Execution,ExecutionManager] Action pending executed for 0.02 seconds.
08-06 00:55:20.258  1901  2052 I SystemUpdate: [Execution,ExecutionManager] Action pre-download-validate executed for 0.00 seconds.
08-06 00:55:20.261  1901  2052 W SystemUpdate: [Execution,ExecutionManager] Unable to create the action. Restart the execution from the scratch.
08-06 00:55:20.261  1901  2052 W SystemUpdate: java.lang.IllegalStateException
08-06 00:55:20.261  1901  2052 W SystemUpdate: 	at advt.l(:com.google.android.gms@233013044@23.30.13 (190400-552628474):6)
08-06 00:55:20.261  1901  2052 W SystemUpdate: 	at cnyd.a(:com.google.android.gms@233013044@23.30.13 (190400-552628474):324)
08-06 00:55:20.261  1901  2052 W SystemUpdate: 	at com.google.android.gms.update.execution.InstallationIntentOperation.onHandleIntent(:com.google.android.gms@233013044@23.30.13 (190400-552628474):120)
08-06 00:55:20.261  1901  2052 W SystemUpdate: 	at com.google.android.chimera.IntentOperation.onHandleIntent(:com.google.android.gms@233013044@23.30.13 (190400-552628474):2)
08-06 00:55:20.261  1901  2052 W SystemUpdate: 	at ablm.onHandleIntent(:com.google.android.gms@233013044@23.30.13 (190400-552628474):10)
08-06 00:55:20.261  1901  2052 W SystemUpdate: 	at izw.run(:com.google.android.gms@233013044@23.30.13 (190400-552628474):70)
08-06 00:55:20.261  1901  2052 W SystemUpdate: 	at izv.run(:com.google.android.gms@233013044@23.30.13 (190400-552628474):152)
08-06 00:55:20.261  1901  2052 W SystemUpdate: 	at dlkq.run(:com.google.android.gms@233013044@23.30.13 (190400-552628474):13)
08-06 00:55:20.261  1901  2052 W SystemUpdate: 	at java.util.concurrent.ThreadPoolExecutor.runWorker(ThreadPoolExecutor.java:1167)
08-06 00:55:20.261  1901  2052 W SystemUpdate: 	at java.util.concurrent.ThreadPoolExecutor$Worker.run(ThreadPoolExecutor.java:641)
08-06 00:55:20.261  1901  2052 W SystemUpdate: 	at java.lang.Thread.run(Thread.java:920)
08-06 00:55:20.266 29025 29150 D UE      : [2023.08.05-14.55.20:266][434]LogScript: Warning: Script Msg: Attempted to access index 2 from array 'CallFunc_GetAllGeometriesByClass_ReturnValue' of length 0 in '/Game/OM/GameSettings/MyCamera.MyCamera_C:ExecuteUbergraph_MyCamera'!
08-06 00:55:20.266 29025 29150 D UE      : [2023.08.05-14.55.20:266][434]LogScript: Warning: Last function called:
08-06 00:55:20.266 29025 29150 D UE      : 	/Game/OM/GameSettings/MyCamera.MyCamera_C.ExecuteUbergraph_MyCamera
08-06 00:55:20.266 29025 29150 D UE      : 
08-06 00:55:20.273  4621 29565 E SensorListener: Sensor(8) is not enabled yet!
08-06 00:55:20.277  1901  2052 I SystemUpdate: [Execution,ExecutionManager] Action pending executed for 0.02 seconds.
08-06 00:55:20.279  1901  2052 I SystemUpdate: [Execution,ExecutionManager] Action pre-download-validate executed for 0.00 seconds.
08-06 00:55:20.281  1901  2052 W SystemUpdate: [Execution,ExecutionManager] Unable to create the action. Restart the execution from the scratch.
08-06 00:55:20.281  1901  2052 W SystemUpdate: java.lang.IllegalStateException
08-06 00:55:20.281  1901  2052 W SystemUpdate: 	at advt.l(:com.google.android.gms@233013044@23.30.13 (190400-552628474):6)
08-06 00:55:20.281  1901  2052 W SystemUpdate: 	at cnyd.a(:com.google.android.gms@233013044@23.30.13 (190400-552628474):324)
08-06 00:55:20.281  1901  2052 W SystemUpdate: 	at com.google.android.gms.update.execution.InstallationIntentOperation.onHandleIntent(:com.google.android.gms@233013044@23.30.13 (190400-552628474):120)
08-06 00:55:20.281  1901  2052 W SystemUpdate: 	at com.google.android.chimera.IntentOperation.onHandleIntent(:com.google.android.gms@233013044@23.30.13 (190400-552628474):2)
08-06 00:55:20.281  1901  2052 W SystemUpdate: 	at ablm.onHandleIntent(:com.google.android.gms@233013044@23.30.13 (190400-552628474):10)
08-06 00:55:20.281  1901  2052 W SystemUpdate: 	at izw.run(:com.google.android.gms@233013044@23.30.13 (190400-552628474):70)
08-06 00:55:20.281  1901  2052 W SystemUpdate: 	at izv.run(:com.google.android.gms@233013044@23.30.13 (190400-552628474):152)
08-06 00:55:20.281  1901  2052 W SystemUpdate: 	at dlkq.run(:com.google.android.gms@233013044@23.30.13 (190400-552628474):13)
08-06 00:55:20.281  1901  2052 W SystemUpdate: 	at java.util.concurrent.ThreadPoolExecutor.runWorker(ThreadPoolExecutor.java:1167)
08-06 00:55:20.281  1901  2052 W SystemUpdate: 	at java.util.concurrent.ThreadPoolExecutor$Worker.run(ThreadPoolExecutor.java:641)
08-06 00:55:20.281  1901  2052 W SystemUpdate: 	at java.lang.Thread.run(Thread.java:920)
08-06 00:55:20.293  4621 29543 D ExynosCameraRequestManager: [CAM_ID(0)][]-DEBUG(m_allMetaCallback[3345]):[R591 F595]. AllMeta result is pushed but not complete output buffer(2 / 0)
08-06 00:55:20.295  1901  2052 I SystemUpdate: [Execution,ExecutionManager] Action pending executed for 0.01 seconds.
08-06 00:55:20.298  1901  2052 I SystemUpdate: [Execution,ExecutionManager] Action pre-download-validate executed for 0.00 seconds.
08-06 00:55:20.299 29025 29150 D UE      : [2023.08.05-14.55.20:299][435]LogScript: Warning: Script Msg: Attempted to access index 2 from array 'CallFunc_GetAllGeometriesByClass_ReturnValue' of length 0 in '/Game/OM/GameSettings/MyCamera.MyCamera_C:ExecuteUbergraph_MyCamera'!
08-06 00:55:20.299 29025 29150 D UE      : [2023.08.05-14.55.20:299][435]LogScript: Warning: Last function called:
08-06 00:55:20.299 29025 29150 D UE      : 	/Game/OM/GameSettings/MyCamera.MyCamera_C.ExecuteUbergraph_MyCamera
08-06 00:55:20.299 29025 29150 D UE      : 
08-06 00:55:20.301 29682 29889 D omnistore_android_logger: DebouncingRateLimiter attempting event SyncProtocol::onConnectionEstablished
08-06 00:55:20.301 29682 29889 D omnistore_android_logger: Event not rate limited: SyncProtocol::onConnectionEstablished
08-06 00:55:20.301 29682 29889 D omnistore_android_logger: SyncProtocol calling onConnectionEstablished callbacks
08-06 00:55:20.301 29682 29889 D omnistore_android_logger: Removing all queue based subscriptions from rewire state
08-06 00:55:20.303  1901  2052 W SystemUpdate: [Execution,ExecutionManager] Unable to create the action. Restart the execution from the scratch.
08-06 00:55:20.303  1901  2052 W SystemUpdate: java.lang.IllegalStateException
08-06 00:55:20.303  1901  2052 W SystemUpdate: 	at advt.l(:com.google.android.gms@233013044@23.30.13 (190400-552628474):6)
08-06 00:55:20.303  1901  2052 W SystemUpdate: 	at cnyd.a(:com.google.android.gms@233013044@23.30.13 (190400-552628474):324)
08-06 00:55:20.303  1901  2052 W SystemUpdate: 	at com.google.android.gms.update.execution.InstallationIntentOperation.onHandleIntent(:com.google.android.gms@233013044@23.30.13 (190400-552628474):120)
08-06 00:55:20.303  1901  2052 W SystemUpdate: 	at com.google.android.chimera.IntentOperation.onHandleIntent(:com.google.android.gms@233013044@23.30.13 (190400-552628474):2)
08-06 00:55:20.303  1901  2052 W SystemUpdate: 	at ablm.onHandleIntent(:com.google.android.gms@233013044@23.30.13 (190400-552628474):10)
08-06 00:55:20.303  1901  2052 W SystemUpdate: 	at izw.run(:com.google.android.gms@233013044@23.30.13 (190400-552628474):70)
08-06 00:55:20.303  1901  2052 W SystemUpdate: 	at izv.run(:com.google.android.gms@233013044@23.30.13 (190400-552628474):152)
08-06 00:55:20.303  1901  2052 W SystemUpdate: 	at dlkq.run(:com.google.android.gms@233013044@23.30.13 (190400-552628474):13)
08-06 00:55:20.303  1901  2052 W SystemUpdate: 	at java.util.concurrent.ThreadPoolExecutor.runWorker(ThreadPoolExecutor.java:1167)
08-06 00:55:20.303  1901  2052 W SystemUpdate: 	at java.util.concurrent.ThreadPoolExecutor$Worker.run(ThreadPoolExecutor.java:641)
08-06 00:55:20.303  1901  2052 W SystemUpdate: 	at java.lang.Thread.run(Thread.java:920)
08-06 00:55:20.306  4621 29565 E SensorListener: Sensor(8) is not enabled yet!
08-06 00:55:20.311 29682 29889 D omnistore_android_logger: SendQueue::onConnectionEstablished: sending 0 transaction(s)
08-06 00:55:20.320  1901  2052 I SystemUpdate: [Execution,ExecutionManager] Action pending executed for 0.02 seconds.
08-06 00:55:20.322  1901  2052 I SystemUpdate: [Execution,ExecutionManager] Action pre-download-validate executed for 0.00 seconds.
08-06 00:55:20.325  1901  2052 W SystemUpdate: [Execution,ExecutionManager] Unable to create the action. Restart the execution from the scratch.
08-06 00:55:20.325  1901  2052 W SystemUpdate: java.lang.IllegalStateException
08-06 00:55:20.325  1901  2052 W SystemUpdate: 	at advt.l(:com.google.android.gms@233013044@23.30.13 (190400-552628474):6)
08-06 00:55:20.325  1901  2052 W SystemUpdate: 	at cnyd.a(:com.google.android.gms@233013044@23.30.13 (190400-552628474):324)
08-06 00:55:20.325  1901  2052 W SystemUpdate: 	at com.google.android.gms.update.execution.InstallationIntentOperation.onHandleIntent(:com.google.android.gms@233013044@23.30.13 (190400-552628474):120)
08-06 00:55:20.325  1901  2052 W SystemUpdate: 	at com.google.android.chimera.IntentOperation.onHandleIntent(:com.google.android.gms@233013044@23.30.13 (190400-552628474):2)
08-06 00:55:20.325  1901  2052 W SystemUpdate: 	at ablm.onHandleIntent(:com.google.android.gms@233013044@23.30.13 (190400-552628474):10)
08-06 00:55:20.325  1901  2052 W SystemUpdate: 	at izw.run(:com.google.android.gms@233013044@23.30.13 (190400-552628474):70)
08-06 00:55:20.325  1901  2052 W SystemUpdate: 	at izv.run(:com.google.android.gms@233013044@23.30.13 (190400-552628474):152)
08-06 00:55:20.325  1901  2052 W SystemUpdate: 	at dlkq.run(:com.google.android.gms@233013044@23.30.13 (190400-552628474):13)
08-06 00:55:20.325  1901  2052 W SystemUpdate: 	at java.util.concurrent.ThreadPoolExecutor.runWorker(ThreadPoolExecutor.java:1167)
08-06 00:55:20.325  1901  2052 W SystemUpdate: 	at java.util.concurrent.ThreadPoolExecutor$Worker.run(ThreadPoolExecutor.java:641)
08-06 00:55:20.325  1901  2052 W SystemUpdate: 	at java.lang.Thread.run(Thread.java:920)
08-06 00:55:20.329 29025 29150 D UE      : [2023.08.05-14.55.20:329][436]LogScript: Warning: Script Msg: Attempted to access index 2 from array 'CallFunc_GetAllGeometriesByClass_ReturnValue' of length 0 in '/Game/OM/GameSettings/MyCamera.MyCamera_C:ExecuteUbergraph_MyCamera'!
08-06 00:55:20.329 29025 29150 D UE      : [2023.08.05-14.55.20:329][436]LogScript: Warning: Last function called:
08-06 00:55:20.329 29025 29150 D UE      : 	/Game/OM/GameSettings/MyCamera.MyCamera_C.ExecuteUbergraph_MyCamera
08-06 00:55:20.329 29025 29150 D UE      : 
08-06 00:55:20.339  4609  4919 D SensorsBio: BioSensor_common::readEvents, FAR = 100
08-06 00:55:20.340  4621 29565 E SensorListener: Sensor(8) is not enabled yet!
08-06 00:55:20.340  1901  2052 I SystemUpdate: [Execution,ExecutionManager] Action pending executed for 0.02 seconds.
08-06 00:55:20.344  1901  2052 I SystemUpdate: [Execution,ExecutionManager] Action pre-download-validate executed for 0.00 seconds.
08-06 00:55:20.345 29670 29839 W msgr.Fixie: Initialize M4A_APP_INIT on thread: CombinedTP7
08-06 00:55:20.347  1901  2052 W SystemUpdate: [Execution,ExecutionManager] Unable to create the action. Restart the execution from the scratch.
08-06 00:55:20.347  1901  2052 W SystemUpdate: java.lang.IllegalStateException
08-06 00:55:20.347  1901  2052 W SystemUpdate: 	at advt.l(:com.google.android.gms@233013044@23.30.13 (190400-552628474):6)
08-06 00:55:20.347  1901  2052 W SystemUpdate: 	at cnyd.a(:com.google.android.gms@233013044@23.30.13 (190400-552628474):324)
08-06 00:55:20.347  1901  2052 W SystemUpdate: 	at com.google.android.gms.update.execution.InstallationIntentOperation.onHandleIntent(:com.google.android.gms@233013044@23.30.13 (190400-552628474):120)
08-06 00:55:20.347  1901  2052 W SystemUpdate: 	at com.google.android.chimera.IntentOperation.onHandleIntent(:com.google.android.gms@233013044@23.30.13 (190400-552628474):2)
08-06 00:55:20.347  1901  2052 W SystemUpdate: 	at ablm.onHandleIntent(:com.google.android.gms@233013044@23.30.13 (190400-552628474):10)
08-06 00:55:20.347  1901  2052 W SystemUpdate: 	at izw.run(:com.google.android.gms@233013044@23.30.13 (190400-552628474):70)
08-06 00:55:20.347  1901  2052 W SystemUpdate: 	at izv.run(:com.google.android.gms@233013044@23.30.13 (190400-552628474):152)
08-06 00:55:20.347  1901  2052 W SystemUpdate: 	at dlkq.run(:com.google.android.gms@233013044@23.30.13 (190400-552628474):13)
08-06 00:55:20.347  1901  2052 W SystemUpdate: 	at java.util.concurrent.ThreadPoolExecutor.runWorker(ThreadPoolExecutor.java:1167)
08-06 00:55:20.347  1901  2052 W SystemUpdate: 	at java.util.concurrent.ThreadPoolExecutor$Worker.run(ThreadPoolExecutor.java:641)
08-06 00:55:20.347  1901  2052 W SystemUpdate: 	at java.lang.Thread.run(Thread.java:920)
08-06 00:55:20.349 29670 29832 D skia    : --- Failed to create image decoder with message 'unimplemented'
08-06 00:55:20.360 29670 29839 W msgr.Fixie: Initialize ULimitFixer
08-06 00:55:20.360 29670 29839 W msgr.Fixie: Initialize MemoryRedFixer
08-06 00:55:20.363  1901  2052 I SystemUpdate: [Execution,ExecutionManager] Action pending executed for 0.02 seconds.
08-06 00:55:20.364 29025 29150 D UE      : [2023.08.05-14.55.20:364][437]LogScript: Warning: Script Msg: Attempted to access index 2 from array 'CallFunc_GetAllGeometriesByClass_ReturnValue' of length 0 in '/Game/OM/GameSettings/MyCamera.MyCamera_C:ExecuteUbergraph_MyCamera'!
08-06 00:55:20.365 29025 29150 D UE      : [2023.08.05-14.55.20:365][437]LogScript: Warning: Last function called:
08-06 00:55:20.365 29025 29150 D UE      : 	/Game/OM/GameSettings/MyCamera.MyCamera_C.ExecuteUbergraph_MyCamera
08-06 00:55:20.365 29025 29150 D UE      : 
08-06 00:55:20.365  1901  2052 I SystemUpdate: [Execution,ExecutionManager] Action pre-download-validate executed for 0.00 seconds.
08-06 00:55:20.369  1901  2052 W SystemUpdate: [Execution,ExecutionManager] Unable to create the action. Restart the execution from the scratch.
08-06 00:55:20.369  1901  2052 W SystemUpdate: java.lang.IllegalStateException
08-06 00:55:20.369  1901  2052 W SystemUpdate: 	at advt.l(:com.google.android.gms@233013044@23.30.13 (190400-552628474):6)
08-06 00:55:20.369  1901  2052 W SystemUpdate: 	at cnyd.a(:com.google.android.gms@233013044@23.30.13 (190400-552628474):324)
08-06 00:55:20.369  1901  2052 W SystemUpdate: 	at com.google.android.gms.update.execution.InstallationIntentOperation.onHandleIntent(:com.google.android.gms@233013044@23.30.13 (190400-552628474):120)
08-06 00:55:20.369  1901  2052 W SystemUpdate: 	at com.google.android.chimera.IntentOperation.onHandleIntent(:com.google.android.gms@233013044@23.30.13 (190400-552628474):2)
08-06 00:55:20.369  1901  2052 W SystemUpdate: 	at ablm.onHandleIntent(:com.google.android.gms@233013044@23.30.13 (190400-552628474):10)
08-06 00:55:20.369  1901  2052 W SystemUpdate: 	at izw.run(:com.google.android.gms@233013044@23.30.13 (190400-552628474):70)
08-06 00:55:20.369  1901  2052 W SystemUpdate: 	at izv.run(:com.google.android.gms@233013044@23.30.13 (190400-552628474):152)
08-06 00:55:20.369  1901  2052 W SystemUpdate: 	at dlkq.run(:com.google.android.gms@233013044@23.30.13 (190400-552628474):13)
08-06 00:55:20.369  1901  2052 W SystemUpdate: 	at java.util.concurrent.ThreadPoolExecutor.runWorker(ThreadPoolExecutor.java:1167)
08-06 00:55:20.369  1901  2052 W SystemUpdate: 	at java.util.concurrent.ThreadPoolExecutor$Worker.run(ThreadPoolExecutor.java:641)
08-06 00:55:20.369  1901  2052 W SystemUpdate: 	at java.lang.Thread.run(Thread.java:920)
08-06 00:55:20.373  4621 29565 E SensorListener: Sensor(8) is not enabled yet!
08-06 00:55:20.383  1901  2052 I SystemUpdate: [Execution,ExecutionManager] Action pending executed for 0.01 seconds.
08-06 00:55:20.385  1901  2052 I SystemUpdate: [Execution,ExecutionManager] Action pre-download-validate executed for 0.00 seconds.
08-06 00:55:20.388  1901  2052 W SystemUpdate: [Execution,ExecutionManager] Unable to create the action. Restart the execution from the scratch.
08-06 00:55:20.388  1901  2052 W SystemUpdate: java.lang.IllegalStateException
08-06 00:55:20.388  1901  2052 W SystemUpdate: 	at advt.l(:com.google.android.gms@233013044@23.30.13 (190400-552628474):6)
08-06 00:55:20.388  1901  2052 W SystemUpdate: 	at cnyd.a(:com.google.android.gms@233013044@23.30.13 (190400-552628474):324)
08-06 00:55:20.388  1901  2052 W SystemUpdate: 	at com.google.android.gms.update.execution.InstallationIntentOperation.onHandleIntent(:com.google.android.gms@233013044@23.30.13 (190400-552628474):120)
08-06 00:55:20.388  1901  2052 W SystemUpdate: 	at com.google.android.chimera.IntentOperation.onHandleIntent(:com.google.android.gms@233013044@23.30.13 (190400-552628474):2)
08-06 00:55:20.388  1901  2052 W SystemUpdate: 	at ablm.onHandleIntent(:com.google.android.gms@233013044@23.30.13 (190400-552628474):10)
08-06 00:55:20.388  1901  2052 W SystemUpdate: 	at izw.run(:com.google.android.gms@233013044@23.30.13 (190400-552628474):70)
08-06 00:55:20.388  1901  2052 W SystemUpdate: 	at izv.run(:com.google.android.gms@233013044@23.30.13 (190400-552628474):152)
08-06 00:55:20.388  1901  2052 W SystemUpdate: 	at dlkq.run(:com.google.android.gms@233013044@23.30.13 (190400-552628474):13)
08-06 00:55:20.388  1901  2052 W SystemUpdate: 	at java.util.concurrent.ThreadPoolExecutor.runWorker(ThreadPoolExecutor.java:1167)
08-06 00:55:20.388  1901  2052 W SystemUpdate: 	at java.util.concurrent.ThreadPoolExecutor$Worker.run(ThreadPoolExecutor.java:641)
08-06 00:55:20.388  1901  2052 W SystemUpdate: 	at java.lang.Thread.run(Thread.java:920)
08-06 00:55:20.397 29025 29150 D UE      : [2023.08.05-14.55.20:397][438]LogScript: Warning: Script Msg: Attempted to access index 2 from array 'CallFunc_GetAllGeometriesByClass_ReturnValue' of length 0 in '/Game/OM/GameSettings/MyCamera.MyCamera_C:ExecuteUbergraph_MyCamera'!
08-06 00:55:20.397 29025 29150 D UE      : [2023.08.05-14.55.20:397][438]LogScript: Warning: Last function called:
08-06 00:55:20.397 29025 29150 D UE      : 	/Game/OM/GameSettings/MyCamera.MyCamera_C.ExecuteUbergraph_MyCamera
08-06 00:55:20.397 29025 29150 D UE      : 
08-06 00:55:20.406  4621 29565 E SensorListener: Sensor(8) is not enabled yet!
08-06 00:55:20.407  1901  2052 I SystemUpdate: [Execution,ExecutionManager] Action pending executed for 0.02 seconds.
08-06 00:55:20.411  1901  2052 I SystemUpdate: [Execution,ExecutionManager] Action pre-download-validate executed for 0.00 seconds.
08-06 00:55:20.414  1901  2052 W SystemUpdate: [Execution,ExecutionManager] Unable to create the action. Restart the execution from the scratch.
08-06 00:55:20.414  1901  2052 W SystemUpdate: java.lang.IllegalStateException
08-06 00:55:20.414  1901  2052 W SystemUpdate: 	at advt.l(:com.google.android.gms@233013044@23.30.13 (190400-552628474):6)
08-06 00:55:20.414  1901  2052 W SystemUpdate: 	at cnyd.a(:com.google.android.gms@233013044@23.30.13 (190400-552628474):324)
08-06 00:55:20.414  1901  2052 W SystemUpdate: 	at com.google.android.gms.update.execution.InstallationIntentOperation.onHandleIntent(:com.google.android.gms@233013044@23.30.13 (190400-552628474):120)
08-06 00:55:20.414  1901  2052 W SystemUpdate: 	at com.google.android.chimera.IntentOperation.onHandleIntent(:com.google.android.gms@233013044@23.30.13 (190400-552628474):2)
08-06 00:55:20.414  1901  2052 W SystemUpdate: 	at ablm.onHandleIntent(:com.google.android.gms@233013044@23.30.13 (190400-552628474):10)
08-06 00:55:20.414  1901  2052 W SystemUpdate: 	at izw.run(:com.google.android.gms@233013044@23.30.13 (190400-552628474):70)
08-06 00:55:20.414  1901  2052 W SystemUpdate: 	at izv.run(:com.google.android.gms@233013044@23.30.13 (190400-552628474):152)
08-06 00:55:20.414  1901  2052 W SystemUpdate: 	at dlkq.run(:com.google.android.gms@233013044@23.30.13 (190400-552628474):13)
08-06 00:55:20.414  1901  2052 W SystemUpdate: 	at java.util.concurrent.ThreadPoolExecutor.runWorker(ThreadPoolExecutor.java:1167)
08-06 00:55:20.414  1901  2052 W SystemUpdate: 	at java.util.concurrent.ThreadPoolExecutor$Worker.run(ThreadPoolExecutor.java:641)
08-06 00:55:20.414  1901  2052 W SystemUpdate: 	at java.lang.Thread.run(Thread.java:920)
08-06 00:55:20.429  1901  2052 I SystemUpdate: [Execution,ExecutionManager] Action pending executed for 0.02 seconds.
08-06 00:55:20.429 29682 30032 D omnistore_android_logger: SubscriptionManager::onConnectionEstablished is called back
08-06 00:55:20.432 29025 29150 D UE      : [2023.08.05-14.55.20:432][439]LogScript: Warning: Script Msg: Attempted to access index 2 from array 'CallFunc_GetAllGeometriesByClass_ReturnValue' of length 0 in '/Game/OM/GameSettings/MyCamera.MyCamera_C:ExecuteUbergraph_MyCamera'!
08-06 00:55:20.432 29025 29150 D UE      : [2023.08.05-14.55.20:432][439]LogScript: Warning: Last function called:
08-06 00:55:20.432 29025 29150 D UE      : 	/Game/OM/GameSettings/MyCamera.MyCamera_C.ExecuteUbergraph_MyCamera
08-06 00:55:20.432 29025 29150 D UE      : 
08-06 00:55:20.436  1901  2052 I SystemUpdate: [Execution,ExecutionManager] Action pre-download-validate executed for 0.00 seconds.
08-06 00:55:20.439  1901  2052 W SystemUpdate: [Execution,ExecutionManager] Unable to create the action. Restart the execution from the scratch.
08-06 00:55:20.439  1901  2052 W SystemUpdate: java.lang.IllegalStateException
08-06 00:55:20.439  1901  2052 W SystemUpdate: 	at advt.l(:com.google.android.gms@233013044@23.30.13 (190400-552628474):6)
08-06 00:55:20.439  1901  2052 W SystemUpdate: 	at cnyd.a(:com.google.android.gms@233013044@23.30.13 (190400-552628474):324)
08-06 00:55:20.439  1901  2052 W SystemUpdate: 	at com.google.android.gms.update.execution.InstallationIntentOperation.onHandleIntent(:com.google.android.gms@233013044@23.30.13 (190400-552628474):120)
08-06 00:55:20.439  1901  2052 W SystemUpdate: 	at com.google.android.chimera.IntentOperation.onHandleIntent(:com.google.android.gms@233013044@23.30.13 (190400-552628474):2)
08-06 00:55:20.439  1901  2052 W SystemUpdate: 	at ablm.onHandleIntent(:com.google.android.gms@233013044@23.30.13 (190400-552628474):10)
08-06 00:55:20.439  1901  2052 W SystemUpdate: 	at izw.run(:com.google.android.gms@233013044@23.30.13 (190400-552628474):70)
08-06 00:55:20.439  1901  2052 W SystemUpdate: 	at izv.run(:com.google.android.gms@233013044@23.30.13 (190400-552628474):152)
08-06 00:55:20.439  1901  2052 W SystemUpdate: 	at dlkq.run(:com.google.android.gms@233013044@23.30.13 (190400-552628474):13)
08-06 00:55:20.439  1901  2052 W SystemUpdate: 	at java.util.concurrent.ThreadPoolExecutor.runWorker(ThreadPoolExecutor.java:1167)
08-06 00:55:20.439  1901  2052 W SystemUpdate: 	at java.util.concurrent.ThreadPoolExecutor$Worker.run(ThreadPoolExecutor.java:641)
08-06 00:55:20.439  1901  2052 W SystemUpdate: 	at java.lang.Thread.run(Thread.java:920)
08-06 00:55:20.440  4621 29565 E SensorListener: Sensor(8) is not enabled yet!
08-06 00:55:20.455  1901  2052 I SystemUpdate: [Execution,ExecutionManager] Action pending executed for 0.02 seconds.
08-06 00:55:20.457 29682 30032 I omnistore_android_logger: Connect message: queueName: facebook_universal_prefs_v2:100081591547163, gvid: 0
08-06 00:55:20.458  1901  2052 I SystemUpdate: [Execution,ExecutionManager] Action pre-download-validate executed for 0.00 seconds.
08-06 00:55:20.462 29682 30032 I omnistore_android_logger: Client sent connect message
08-06 00:55:20.462  1901  2052 W SystemUpdate: [Execution,ExecutionManager] Unable to create the action. Restart the execution from the scratch.
08-06 00:55:20.462  1901  2052 W SystemUpdate: java.lang.IllegalStateException
08-06 00:55:20.462  1901  2052 W SystemUpdate: 	at advt.l(:com.google.android.gms@233013044@23.30.13 (190400-552628474):6)
08-06 00:55:20.462  1901  2052 W SystemUpdate: 	at cnyd.a(:com.google.android.gms@233013044@23.30.13 (190400-552628474):324)
08-06 00:55:20.462  1901  2052 W SystemUpdate: 	at com.google.android.gms.update.execution.InstallationIntentOperation.onHandleIntent(:com.google.android.gms@233013044@23.30.13 (190400-552628474):120)
08-06 00:55:20.462  1901  2052 W SystemUpdate: 	at com.google.android.chimera.IntentOperation.onHandleIntent(:com.google.android.gms@233013044@23.30.13 (190400-552628474):2)
08-06 00:55:20.462  1901  2052 W SystemUpdate: 	at ablm.onHandleIntent(:com.google.android.gms@233013044@23.30.13 (190400-552628474):10)
08-06 00:55:20.462  1901  2052 W SystemUpdate: 	at izw.run(:com.google.android.gms@233013044@23.30.13 (190400-552628474):70)
08-06 00:55:20.462  1901  2052 W SystemUpdate: 	at izv.run(:com.google.android.gms@233013044@23.30.13 (190400-552628474):152)
08-06 00:55:20.462  1901  2052 W SystemUpdate: 	at dlkq.run(:com.google.android.gms@233013044@23.30.13 (190400-552628474):13)
08-06 00:55:20.462  1901  2052 W SystemUpdate: 	at java.util.concurrent.ThreadPoolExecutor.runWorker(ThreadPoolExecutor.java:1167)
08-06 00:55:20.462  1901  2052 W SystemUpdate: 	at java.util.concurrent.ThreadPoolExecutor$Worker.run(ThreadPoolExecutor.java:641)
08-06 00:55:20.462  1901  2052 W SystemUpdate: 	at java.lang.Thread.run(Thread.java:920)
08-06 00:55:20.468 29025 29150 D UE      : [2023.08.05-14.55.20:468][440]LogScript: Warning: Script Msg: Attempted to access index 2 from array 'CallFunc_GetAllGeometriesByClass_ReturnValue' of length 0 in '/Game/OM/GameSettings/MyCamera.MyCamera_C:ExecuteUbergraph_MyCamera'!
08-06 00:55:20.468 29025 29150 D UE      : [2023.08.05-14.55.20:468][440]LogScript: Warning: Last function called:
08-06 00:55:20.468 29025 29150 D UE      : 	/Game/OM/GameSettings/MyCamera.MyCamera_C.ExecuteUbergraph_MyCamera
08-06 00:55:20.468 29025 29150 D UE      : 
08-06 00:55:20.473  4621 29565 E SensorListener: Sensor(8) is not enabled yet!
08-06 00:55:20.482  1901  2052 I SystemUpdate: [Execution,ExecutionManager] Action pending executed for 0.02 seconds.
08-06 00:55:20.485  1901  2052 I SystemUpdate: [Execution,ExecutionManager] Action pre-download-validate executed for 0.00 seconds.
08-06 00:55:20.489  1901  2052 W SystemUpdate: [Execution,ExecutionManager] Unable to create the action. Restart the execution from the scratch.
08-06 00:55:20.489  1901  2052 W SystemUpdate: java.lang.IllegalStateException
08-06 00:55:20.489  1901  2052 W SystemUpdate: 	at advt.l(:com.google.android.gms@233013044@23.30.13 (190400-552628474):6)
