08-01 02:39:51.842  6212 11465 W SystemUpdate: 	at java.util.concurrent.ThreadPoolExecutor.runWorker(ThreadPoolExecutor.java:1167)
08-01 02:39:51.842  6212 11465 W SystemUpdate: 	at java.util.concurrent.ThreadPoolExecutor$Worker.run(ThreadPoolExecutor.java:641)
08-01 02:39:51.842  6212 11465 W SystemUpdate: 	at java.lang.Thread.run(Thread.java:920)
08-01 02:39:51.865  6212 11465 I SystemUpdate: [Execution,ExecutionManager] Action pending executed for 0.02 seconds.
08-01 02:39:51.870  6212 11465 I SystemUpdate: [Execution,ExecutionManager] Action pre-download-validate executed for 0.00 seconds.
08-01 02:39:51.874  6212 11465 W SystemUpdate: [Execution,ExecutionManager] Unable to create the action. Restart the execution from the scratch.
08-01 02:39:51.874  6212 11465 W SystemUpdate: java.lang.IllegalStateException
08-01 02:39:51.874  6212 11465 W SystemUpdate: 	at acea.l(:com.google.android.gms@232617044@23.26.17 (190400-551657477):6)
08-01 02:39:51.874  6212 11465 W SystemUpdate: 	at ckxl.a(:com.google.android.gms@232617044@23.26.17 (190400-551657477):324)
08-01 02:39:51.874  6212 11465 W SystemUpdate: 	at com.google.android.gms.update.execution.InstallationIntentOperation.onHandleIntent(:com.google.android.gms@232617044@23.26.17 (190400-551657477):120)
08-01 02:39:51.874  6212 11465 W SystemUpdate: 	at com.google.android.chimera.IntentOperation.onHandleIntent(:com.google.android.gms@232617044@23.26.17 (190400-551657477):2)
08-01 02:39:51.874  6212 11465 W SystemUpdate: 	at zvn.onHandleIntent(:com.google.android.gms@232617044@23.26.17 (190400-551657477):10)
08-01 02:39:51.874  6212 11465 W SystemUpdate: 	at hpu.run(:com.google.android.gms@232617044@23.26.17 (190400-551657477):70)
08-01 02:39:51.874  6212 11465 W SystemUpdate: 	at hpt.run(:com.google.android.gms@232617044@23.26.17 (190400-551657477):152)
08-01 02:39:51.874  6212 11465 W SystemUpdate: 	at difl.run(:com.google.android.gms@232617044@23.26.17 (190400-551657477):13)
08-01 02:39:51.874  6212 11465 W SystemUpdate: 	at java.util.concurrent.ThreadPoolExecutor.runWorker(ThreadPoolExecutor.java:1167)
08-01 02:39:51.874  6212 11465 W SystemUpdate: 	at java.util.concurrent.ThreadPoolExecutor$Worker.run(ThreadPoolExecutor.java:641)
08-01 02:39:51.874  6212 11465 W SystemUpdate: 	at java.lang.Thread.run(Thread.java:920)
08-01 02:39:51.893  6212 11465 I SystemUpdate: [Execution,ExecutionManager] Action pending executed for 0.02 seconds.
08-01 02:39:51.896  6212 11465 I SystemUpdate: [Execution,ExecutionManager] Action pre-download-validate executed for 0.00 seconds.
08-01 02:39:51.902  6212 11465 W SystemUpdate: [Execution,ExecutionManager] Unable to create the action. Restart the execution from the scratch.
08-01 02:39:51.902  6212 11465 W SystemUpdate: java.lang.IllegalStateException
08-01 02:39:51.902  6212 11465 W SystemUpdate: 	at acea.l(:com.google.android.gms@232617044@23.26.17 (190400-551657477):6)
08-01 02:39:51.902  6212 11465 W SystemUpdate: 	at ckxl.a(:com.google.android.gms@232617044@23.26.17 (190400-551657477):324)
08-01 02:39:51.902  6212 11465 W SystemUpdate: 	at com.google.android.gms.update.execution.InstallationIntentOperation.onHandleIntent(:com.google.android.gms@232617044@23.26.17 (190400-551657477):120)
08-01 02:39:51.902  6212 11465 W SystemUpdate: 	at com.google.android.chimera.IntentOperation.onHandleIntent(:com.google.android.gms@232617044@23.26.17 (190400-551657477):2)
08-01 02:39:51.902  6212 11465 W SystemUpdate: 	at zvn.onHandleIntent(:com.google.android.gms@232617044@23.26.17 (190400-551657477):10)
08-01 02:39:51.902  6212 11465 W SystemUpdate: 	at hpu.run(:com.google.android.gms@232617044@23.26.17 (190400-551657477):70)
08-01 02:39:51.902  6212 11465 W SystemUpdate: 	at hpt.run(:com.google.android.gms@232617044@23.26.17 (190400-551657477):152)
08-01 02:39:51.902  6212 11465 W SystemUpdate: 	at difl.run(:com.google.android.gms@232617044@23.26.17 (190400-551657477):13)
08-01 02:39:51.902  6212 11465 W SystemUpdate: 	at java.util.concurrent.ThreadPoolExecutor.runWorker(ThreadPoolExecutor.java:1167)
08-01 02:39:51.902  6212 11465 W SystemUpdate: 	at java.util.concurrent.ThreadPoolExecutor$Worker.run(ThreadPoolExecutor.java:641)
08-01 02:39:51.902  6212 11465 W SystemUpdate: 	at java.lang.Thread.run(Thread.java:920)
08-01 02:39:51.934  6212 11465 I SystemUpdate: [Execution,ExecutionManager] Action pending executed for 0.03 seconds.
08-01 02:39:51.939  6212 11465 I SystemUpdate: [Execution,ExecutionManager] Action pre-download-validate executed for 0.00 seconds.
08-01 02:39:51.944  6212 11465 W SystemUpdate: [Execution,ExecutionManager] Unable to create the action. Restart the execution from the scratch.
08-01 02:39:51.944  6212 11465 W SystemUpdate: java.lang.IllegalStateException
08-01 02:39:51.944  6212 11465 W SystemUpdate: 	at acea.l(:com.google.android.gms@232617044@23.26.17 (190400-551657477):6)
08-01 02:39:51.944  6212 11465 W SystemUpdate: 	at ckxl.a(:com.google.android.gms@232617044@23.26.17 (190400-551657477):324)
08-01 02:39:51.944  6212 11465 W SystemUpdate: 	at com.google.android.gms.update.execution.InstallationIntentOperation.onHandleIntent(:com.google.android.gms@232617044@23.26.17 (190400-551657477):120)
08-01 02:39:51.944  6212 11465 W SystemUpdate: 	at com.google.android.chimera.IntentOperation.onHandleIntent(:com.google.android.gms@232617044@23.26.17 (190400-551657477):2)
08-01 02:39:51.944  6212 11465 W SystemUpdate: 	at zvn.onHandleIntent(:com.google.android.gms@232617044@23.26.17 (190400-551657477):10)
08-01 02:39:51.944  6212 11465 W SystemUpdate: 	at hpu.run(:com.google.android.gms@232617044@23.26.17 (190400-551657477):70)
08-01 02:39:51.944  6212 11465 W SystemUpdate: 	at hpt.run(:com.google.android.gms@232617044@23.26.17 (190400-551657477):152)
08-01 02:39:51.944  6212 11465 W SystemUpdate: 	at difl.run(:com.google.android.gms@232617044@23.26.17 (190400-551657477):13)
08-01 02:39:51.944  6212 11465 W SystemUpdate: 	at java.util.concurrent.ThreadPoolExecutor.runWorker(ThreadPoolExecutor.java:1167)
08-01 02:39:51.944  6212 11465 W SystemUpdate: 	at java.util.concurrent.ThreadPoolExecutor$Worker.run(ThreadPoolExecutor.java:641)
08-01 02:39:51.944  6212 11465 W SystemUpdate: 	at java.lang.Thread.run(Thread.java:920)
08-01 02:39:51.973  6212 11465 I SystemUpdate: [Execution,ExecutionManager] Action pending executed for 0.03 seconds.
08-01 02:39:51.978  6212 11465 I SystemUpdate: [Execution,ExecutionManager] Action pre-download-validate executed for 0.00 seconds.
08-01 02:39:51.983  6212 11465 W SystemUpdate: [Execution,ExecutionManager] Unable to create the action. Restart the execution from the scratch.
08-01 02:39:51.983  6212 11465 W SystemUpdate: java.lang.IllegalStateException
08-01 02:39:51.983  6212 11465 W SystemUpdate: 	at acea.l(:com.google.android.gms@232617044@23.26.17 (190400-551657477):6)
08-01 02:39:51.983  6212 11465 W SystemUpdate: 	at ckxl.a(:com.google.android.gms@232617044@23.26.17 (190400-551657477):324)
08-01 02:39:51.983  6212 11465 W SystemUpdate: 	at com.google.android.gms.update.execution.InstallationIntentOperation.onHandleIntent(:com.google.android.gms@232617044@23.26.17 (190400-551657477):120)
08-01 02:39:51.983  6212 11465 W SystemUpdate: 	at com.google.android.chimera.IntentOperation.onHandleIntent(:com.google.android.gms@232617044@23.26.17 (190400-551657477):2)
08-01 02:39:51.983  6212 11465 W SystemUpdate: 	at zvn.onHandleIntent(:com.google.android.gms@232617044@23.26.17 (190400-551657477):10)
08-01 02:39:51.983  6212 11465 W SystemUpdate: 	at hpu.run(:com.google.android.gms@232617044@23.26.17 (190400-551657477):70)
08-01 02:39:51.983  6212 11465 W SystemUpdate: 	at hpt.run(:com.google.android.gms@232617044@23.26.17 (190400-551657477):152)
08-01 02:39:51.983  6212 11465 W SystemUpdate: 	at difl.run(:com.google.android.gms@232617044@23.26.17 (190400-551657477):13)
08-01 02:39:51.983  6212 11465 W SystemUpdate: 	at java.util.concurrent.ThreadPoolExecutor.runWorker(ThreadPoolExecutor.java:1167)
08-01 02:39:51.983  6212 11465 W SystemUpdate: 	at java.util.concurrent.ThreadPoolExecutor$Worker.run(ThreadPoolExecutor.java:641)
08-01 02:39:51.983  6212 11465 W SystemUpdate: 	at java.lang.Thread.run(Thread.java:920)
08-01 02:39:52.011  6212 11465 I SystemUpdate: [Execution,ExecutionManager] Action pending executed for 0.03 seconds.
08-01 02:39:52.016  6212 11465 I SystemUpdate: [Execution,ExecutionManager] Action pre-download-validate executed for 0.00 seconds.
08-01 02:39:52.021  6212 11465 W SystemUpdate: [Execution,ExecutionManager] Unable to create the action. Restart the execution from the scratch.
08-01 02:39:52.021  6212 11465 W SystemUpdate: java.lang.IllegalStateException
08-01 02:39:52.021  6212 11465 W SystemUpdate: 	at acea.l(:com.google.android.gms@232617044@23.26.17 (190400-551657477):6)
08-01 02:39:52.021  6212 11465 W SystemUpdate: 	at ckxl.a(:com.google.android.gms@232617044@23.26.17 (190400-551657477):324)
08-01 02:39:52.021  6212 11465 W SystemUpdate: 	at com.google.android.gms.update.execution.InstallationIntentOperation.onHandleIntent(:com.google.android.gms@232617044@23.26.17 (190400-551657477):120)
08-01 02:39:52.021  6212 11465 W SystemUpdate: 	at com.google.android.chimera.IntentOperation.onHandleIntent(:com.google.android.gms@232617044@23.26.17 (190400-551657477):2)
08-01 02:39:52.021  6212 11465 W SystemUpdate: 	at zvn.onHandleIntent(:com.google.android.gms@232617044@23.26.17 (190400-551657477):10)
08-01 02:39:52.021  6212 11465 W SystemUpdate: 	at hpu.run(:com.google.android.gms@232617044@23.26.17 (190400-551657477):70)
08-01 02:39:52.021  6212 11465 W SystemUpdate: 	at hpt.run(:com.google.android.gms@232617044@23.26.17 (190400-551657477):152)
08-01 02:39:52.021  6212 11465 W SystemUpdate: 	at difl.run(:com.google.android.gms@232617044@23.26.17 (190400-551657477):13)
08-01 02:39:52.021  6212 11465 W SystemUpdate: 	at java.util.concurrent.ThreadPoolExecutor.runWorker(ThreadPoolExecutor.java:1167)
08-01 02:39:52.021  6212 11465 W SystemUpdate: 	at java.util.concurrent.ThreadPoolExecutor$Worker.run(ThreadPoolExecutor.java:641)
08-01 02:39:52.021  6212 11465 W SystemUpdate: 	at java.lang.Thread.run(Thread.java:920)
08-01 02:39:52.047  6212 11465 I SystemUpdate: [Execution,ExecutionManager] Action pending executed for 0.03 seconds.
08-01 02:39:52.053  6212 11465 I SystemUpdate: [Execution,ExecutionManager] Action pre-download-validate executed for 0.00 seconds.
08-01 02:39:52.058  6212 11465 W SystemUpdate: [Execution,ExecutionManager] Unable to create the action. Restart the execution from the scratch.
08-01 02:39:52.058  6212 11465 W SystemUpdate: java.lang.IllegalStateException
08-01 02:39:52.058  6212 11465 W SystemUpdate: 	at acea.l(:com.google.android.gms@232617044@23.26.17 (190400-551657477):6)
08-01 02:39:52.058  6212 11465 W SystemUpdate: 	at ckxl.a(:com.google.android.gms@232617044@23.26.17 (190400-551657477):324)
08-01 02:39:52.058  6212 11465 W SystemUpdate: 	at com.google.android.gms.update.execution.InstallationIntentOperation.onHandleIntent(:com.google.android.gms@232617044@23.26.17 (190400-551657477):120)
08-01 02:39:52.058  6212 11465 W SystemUpdate: 	at com.google.android.chimera.IntentOperation.onHandleIntent(:com.google.android.gms@232617044@23.26.17 (190400-551657477):2)
08-01 02:39:52.058  6212 11465 W SystemUpdate: 	at zvn.onHandleIntent(:com.google.android.gms@232617044@23.26.17 (190400-551657477):10)
08-01 02:39:52.058  6212 11465 W SystemUpdate: 	at hpu.run(:com.google.android.gms@232617044@23.26.17 (190400-551657477):70)
08-01 02:39:52.058  6212 11465 W SystemUpdate: 	at hpt.run(:com.google.android.gms@232617044@23.26.17 (190400-551657477):152)
08-01 02:39:52.058  6212 11465 W SystemUpdate: 	at difl.run(:com.google.android.gms@232617044@23.26.17 (190400-551657477):13)
08-01 02:39:52.058  6212 11465 W SystemUpdate: 	at java.util.concurrent.ThreadPoolExecutor.runWorker(ThreadPoolExecutor.java:1167)
08-01 02:39:52.058  6212 11465 W SystemUpdate: 	at java.util.concurrent.ThreadPoolExecutor$Worker.run(ThreadPoolExecutor.java:641)
08-01 02:39:52.058  6212 11465 W SystemUpdate: 	at java.lang.Thread.run(Thread.java:920)
08-01 02:39:52.086  6212 11465 I SystemUpdate: [Execution,ExecutionManager] Action pending executed for 0.03 seconds.
08-01 02:39:52.091  6212 11465 I SystemUpdate: [Execution,ExecutionManager] Action pre-download-validate executed for 0.00 seconds.
08-01 02:39:52.096  6212 11465 W SystemUpdate: [Execution,ExecutionManager] Unable to create the action. Restart the execution from the scratch.
08-01 02:39:52.096  6212 11465 W SystemUpdate: java.lang.IllegalStateException
08-01 02:39:52.096  6212 11465 W SystemUpdate: 	at acea.l(:com.google.android.gms@232617044@23.26.17 (190400-551657477):6)
08-01 02:39:52.096  6212 11465 W SystemUpdate: 	at ckxl.a(:com.google.android.gms@232617044@23.26.17 (190400-551657477):324)
08-01 02:39:52.096  6212 11465 W SystemUpdate: 	at com.google.android.gms.update.execution.InstallationIntentOperation.onHandleIntent(:com.google.android.gms@232617044@23.26.17 (190400-551657477):120)
08-01 02:39:52.096  6212 11465 W SystemUpdate: 	at com.google.android.chimera.IntentOperation.onHandleIntent(:com.google.android.gms@232617044@23.26.17 (190400-551657477):2)
08-01 02:39:52.096  6212 11465 W SystemUpdate: 	at zvn.onHandleIntent(:com.google.android.gms@232617044@23.26.17 (190400-551657477):10)
08-01 02:39:52.096  6212 11465 W SystemUpdate: 	at hpu.run(:com.google.android.gms@232617044@23.26.17 (190400-551657477):70)
08-01 02:39:52.096  6212 11465 W SystemUpdate: 	at hpt.run(:com.google.android.gms@232617044@23.26.17 (190400-551657477):152)
08-01 02:39:52.096  6212 11465 W SystemUpdate: 	at difl.run(:com.google.android.gms@232617044@23.26.17 (190400-551657477):13)
08-01 02:39:52.096  6212 11465 W SystemUpdate: 	at java.util.concurrent.ThreadPoolExecutor.runWorker(ThreadPoolExecutor.java:1167)
08-01 02:39:52.096  6212 11465 W SystemUpdate: 	at java.util.concurrent.ThreadPoolExecutor$Worker.run(ThreadPoolExecutor.java:641)
08-01 02:39:52.096  6212 11465 W SystemUpdate: 	at java.lang.Thread.run(Thread.java:920)
08-01 02:39:52.125  6212 11465 I SystemUpdate: [Execution,ExecutionManager] Action pending executed for 0.03 seconds.
08-01 02:39:52.130  6212 11465 I SystemUpdate: [Execution,ExecutionManager] Action pre-download-validate executed for 0.00 seconds.
08-01 02:39:52.135  6212 11465 W SystemUpdate: [Execution,ExecutionManager] Unable to create the action. Restart the execution from the scratch.
08-01 02:39:52.135  6212 11465 W SystemUpdate: java.lang.IllegalStateException
08-01 02:39:52.135  6212 11465 W SystemUpdate: 	at acea.l(:com.google.android.gms@232617044@23.26.17 (190400-551657477):6)
08-01 02:39:52.135  6212 11465 W SystemUpdate: 	at ckxl.a(:com.google.android.gms@232617044@23.26.17 (190400-551657477):324)
08-01 02:39:52.135  6212 11465 W SystemUpdate: 	at com.google.android.gms.update.execution.InstallationIntentOperation.onHandleIntent(:com.google.android.gms@232617044@23.26.17 (190400-551657477):120)
08-01 02:39:52.135  6212 11465 W SystemUpdate: 	at com.google.android.chimera.IntentOperation.onHandleIntent(:com.google.android.gms@232617044@23.26.17 (190400-551657477):2)
08-01 02:39:52.135  6212 11465 W SystemUpdate: 	at zvn.onHandleIntent(:com.google.android.gms@232617044@23.26.17 (190400-551657477):10)
08-01 02:39:52.135  6212 11465 W SystemUpdate: 	at hpu.run(:com.google.android.gms@232617044@23.26.17 (190400-551657477):70)
08-01 02:39:52.135  6212 11465 W SystemUpdate: 	at hpt.run(:com.google.android.gms@232617044@23.26.17 (190400-551657477):152)
08-01 02:39:52.135  6212 11465 W SystemUpdate: 	at difl.run(:com.google.android.gms@232617044@23.26.17 (190400-551657477):13)
08-01 02:39:52.135  6212 11465 W SystemUpdate: 	at java.util.concurrent.ThreadPoolExecutor.runWorker(ThreadPoolExecutor.java:1167)
08-01 02:39:52.135  6212 11465 W SystemUpdate: 	at java.util.concurrent.ThreadPoolExecutor$Worker.run(ThreadPoolExecutor.java:641)
08-01 02:39:52.135  6212 11465 W SystemUpdate: 	at java.lang.Thread.run(Thread.java:920)
08-01 02:39:52.159  6212 11465 I SystemUpdate: [Execution,ExecutionManager] Action pending executed for 0.03 seconds.
08-01 02:39:52.163  6212 11465 I SystemUpdate: [Execution,ExecutionManager] Action pre-download-validate executed for 0.00 seconds.
08-01 02:39:52.167  6212 11465 W SystemUpdate: [Execution,ExecutionManager] Unable to create the action. Restart the execution from the scratch.
08-01 02:39:52.167  6212 11465 W SystemUpdate: java.lang.IllegalStateException
08-01 02:39:52.167  6212 11465 W SystemUpdate: 	at acea.l(:com.google.android.gms@232617044@23.26.17 (190400-551657477):6)
08-01 02:39:52.167  6212 11465 W SystemUpdate: 	at ckxl.a(:com.google.android.gms@232617044@23.26.17 (190400-551657477):324)
08-01 02:39:52.167  6212 11465 W SystemUpdate: 	at com.google.android.gms.update.execution.InstallationIntentOperation.onHandleIntent(:com.google.android.gms@232617044@23.26.17 (190400-551657477):120)
08-01 02:39:52.167  6212 11465 W SystemUpdate: 	at com.google.android.chimera.IntentOperation.onHandleIntent(:com.google.android.gms@232617044@23.26.17 (190400-551657477):2)
08-01 02:39:52.167  6212 11465 W SystemUpdate: 	at zvn.onHandleIntent(:com.google.android.gms@232617044@23.26.17 (190400-551657477):10)
08-01 02:39:52.167  6212 11465 W SystemUpdate: 	at hpu.run(:com.google.android.gms@232617044@23.26.17 (190400-551657477):70)
08-01 02:39:52.167  6212 11465 W SystemUpdate: 	at hpt.run(:com.google.android.gms@232617044@23.26.17 (190400-551657477):152)
08-01 02:39:52.167  6212 11465 W SystemUpdate: 	at difl.run(:com.google.android.gms@232617044@23.26.17 (190400-551657477):13)
08-01 02:39:52.167  6212 11465 W SystemUpdate: 	at java.util.concurrent.ThreadPoolExecutor.runWorker(ThreadPoolExecutor.java:1167)
08-01 02:39:52.167  6212 11465 W SystemUpdate: 	at java.util.concurrent.ThreadPoolExecutor$Worker.run(ThreadPoolExecutor.java:641)
08-01 02:39:52.167  6212 11465 W SystemUpdate: 	at java.lang.Thread.run(Thread.java:920)
08-01 02:39:52.188  6212 11465 I SystemUpdate: [Execution,ExecutionManager] Action pending executed for 0.02 seconds.
08-01 02:39:52.192  6212 11465 I SystemUpdate: [Execution,ExecutionManager] Action pre-download-validate executed for 0.00 seconds.
08-01 02:39:52.199  6212 11465 W SystemUpdate: [Execution,ExecutionManager] Unable to create the action. Restart the execution from the scratch.
08-01 02:39:52.199  6212 11465 W SystemUpdate: java.lang.IllegalStateException
08-01 02:39:52.199  6212 11465 W SystemUpdate: 	at acea.l(:com.google.android.gms@232617044@23.26.17 (190400-551657477):6)
08-01 02:39:52.199  6212 11465 W SystemUpdate: 	at ckxl.a(:com.google.android.gms@232617044@23.26.17 (190400-551657477):324)
08-01 02:39:52.199  6212 11465 W SystemUpdate: 	at com.google.android.gms.update.execution.InstallationIntentOperation.onHandleIntent(:com.google.android.gms@232617044@23.26.17 (190400-551657477):120)
08-01 02:39:52.199  6212 11465 W SystemUpdate: 	at com.google.android.chimera.IntentOperation.onHandleIntent(:com.google.android.gms@232617044@23.26.17 (190400-551657477):2)
08-01 02:39:52.199  6212 11465 W SystemUpdate: 	at zvn.onHandleIntent(:com.google.android.gms@232617044@23.26.17 (190400-551657477):10)
08-01 02:39:52.199  6212 11465 W SystemUpdate: 	at hpu.run(:com.google.android.gms@232617044@23.26.17 (190400-551657477):70)
08-01 02:39:52.199  6212 11465 W SystemUpdate: 	at hpt.run(:com.google.android.gms@232617044@23.26.17 (190400-551657477):152)
08-01 02:39:52.199  6212 11465 W SystemUpdate: 	at difl.run(:com.google.android.gms@232617044@23.26.17 (190400-551657477):13)
08-01 02:39:52.199  6212 11465 W SystemUpdate: 	at java.util.concurrent.ThreadPoolExecutor.runWorker(ThreadPoolExecutor.java:1167)
08-01 02:39:52.199  6212 11465 W SystemUpdate: 	at java.util.concurrent.ThreadPoolExecutor$Worker.run(ThreadPoolExecutor.java:641)
08-01 02:39:52.199  6212 11465 W SystemUpdate: 	at java.lang.Thread.run(Thread.java:920)
08-01 02:39:52.200  4584 22680 D resolv  : GetAddrInfoHandler::run: {101 101 101 917605 10149 0}
08-01 02:39:52.200  4584 22680 D resolv  : resolv_getaddrinfo: explore_fqdn(): ai_family=0 ai_socktype=1 ai_protocol=6
08-01 02:39:52.202  4584 22682 D resolv  : doQuery: (1, 1)
08-01 02:39:52.202  4584 22681 D resolv  : doQuery: (1, 28)
08-01 02:39:52.202  4584 22682 D resolv  : res_nmkquery: (QUERY, IN, A)
08-01 02:39:52.202  4584 22681 D resolv  : res_nmkquery: (QUERY, IN, AAAA)
08-01 02:39:52.202  4584 22682 D resolv  : res_nsend
08-01 02:39:52.202  4584 22681 D resolv  : res_nsend
08-01 02:39:52.202  4584 22682 I resolv  : resolv_cache_lookup: lookup
08-01 02:39:52.202  4584 22681 I resolv  : resolv_cache_lookup: lookup
08-01 02:39:52.202  4584 22682 I resolv  : resolv_cache_lookup: NOT IN CACHE
08-01 02:39:52.202  4584 22682 I resolv  : resolv_populate_res_for_net: netid=101
08-01 02:39:52.202  4584 22681 I resolv  : resolv_cache_lookup: NOT IN CACHE
08-01 02:39:52.202  4584 22681 I resolv  : resolv_populate_res_for_net: netid=101
08-01 02:39:52.202  4584 22681 I resolv  : res_stats_usable_server: NS stats: S 64 + E 0 + T 0 + I 0 = 64, rtt = 131, min_samples = 8
08-01 02:39:52.202  4584 22681 I resolv  : res_stats_usable_server: success rate 100
08-01 02:39:52.202  4584 22681 I resolv  : res_stats_usable_server: NS stats: S 3 + E 0 + T 0 + I 0 = 3, rtt = 2492, min_samples = 8
08-01 02:39:52.202  4584 22681 D resolv  : res_nsend: Querying server (# 1) address = [fd30:2b3a:d3a6::1]:53
08-01 02:39:52.202  4584 22681 D resolv  : send_dg: new DG socket
08-01 02:39:52.202  4584 22681 D resolv  : send_dg: send: : Operation not permitted
08-01 02:39:52.203  4584 22681 I resolv  : res_nsend: used send_dg 0 terrno: 1
08-01 02:39:52.203  4584 22681 D resolv  : res_nsend: Querying server (# 2) address = 192.168.1.1:53
08-01 02:39:52.203  4584 22681 D resolv  : send_dg: new DG socket
08-01 02:39:52.203  4584 22681 D resolv  : send_dg: send: : Operation not permitted
08-01 02:39:52.204  4584 22682 I resolv  : res_stats_usable_server: NS stats: S 64 + E 0 + T 0 + I 0 = 64, rtt = 131, min_samples = 8
08-01 02:39:52.204  4584 22682 I resolv  : res_stats_usable_server: success rate 100
08-01 02:39:52.204  4584 22682 I resolv  : res_stats_usable_server: NS stats: S 3 + E 0 + T 0 + I 0 = 3, rtt = 2492, min_samples = 8
08-01 02:39:52.204  4584 22682 D resolv  : res_nsend: Querying server (# 1) address = [fd30:2b3a:d3a6::1]:53
08-01 02:39:52.204  4584 22682 D resolv  : send_dg: new DG socket
08-01 02:39:52.204  4584 22682 D resolv  : send_dg: send: : Operation not permitted
08-01 02:39:52.205  4584 22682 I resolv  : res_nsend: used send_dg 0 terrno: 1
08-01 02:39:52.205  4584 22682 D resolv  : res_nsend: Querying server (# 2) address = 192.168.1.1:53
08-01 02:39:52.205  4584 22681 I resolv  : res_nsend: used send_dg 0 terrno: 1
08-01 02:39:52.205  4584 22681 D resolv  : res_nsend: Querying server (# 1) address = [fd30:2b3a:d3a6::1]:53
08-01 02:39:52.205  4584 22682 D resolv  : send_dg: new DG socket
08-01 02:39:52.205  4584 22682 D resolv  : send_dg: send: : Operation not permitted
08-01 02:39:52.205  4584 22682 I resolv  : res_nsend: used send_dg 0 terrno: 1
08-01 02:39:52.205  4584 22682 D resolv  : res_nsend: Querying server (# 1) address = [fd30:2b3a:d3a6::1]:53
08-01 02:39:52.205  4584 22681 D resolv  : send_dg: new DG socket
08-01 02:39:52.206  4584 22681 D resolv  : send_dg: send: : Operation not permitted
08-01 02:39:52.206  4584 22681 I resolv  : res_nsend: used send_dg 0 terrno: 1
08-01 02:39:52.206  4584 22681 D resolv  : res_nsend: Querying server (# 2) address = 192.168.1.1:53
08-01 02:39:52.206  4584 22682 D resolv  : send_dg: new DG socket
08-01 02:39:52.206  4584 22682 D resolv  : send_dg: send: : Operation not permitted
08-01 02:39:52.206  4584 22682 I resolv  : res_nsend: used send_dg 0 terrno: 1
08-01 02:39:52.206  4584 22682 D resolv  : res_nsend: Querying server (# 2) address = 192.168.1.1:53
08-01 02:39:52.206  4584 22681 D resolv  : send_dg: new DG socket
08-01 02:39:52.206  4584 22681 D resolv  : send_dg: send: : Operation not permitted
08-01 02:39:52.207  4584 22681 I resolv  : res_nsend: used send_dg 0 terrno: 1
08-01 02:39:52.207  4584 22681 D resolv  : doQuery: rcode=0, ancount=0
08-01 02:39:52.207  4584 22682 D resolv  : send_dg: new DG socket
08-01 02:39:52.207  4584 22682 D resolv  : send_dg: send: : Operation not permitted
08-01 02:39:52.207  4584 22682 I resolv  : res_nsend: used send_dg 0 terrno: 1
08-01 02:39:52.207  4584 22682 D resolv  : doQuery: rcode=0, ancount=0
08-01 02:39:52.207  4584 22680 I resolv  : resolv_populate_res_for_net: netid=101
08-01 02:39:52.208  4584 22683 D resolv  : doQuery: (1, 28)
08-01 02:39:52.208  4584 22683 D resolv  : res_nmkquery: (QUERY, IN, AAAA)
08-01 02:39:52.208  4584 22684 D resolv  : doQuery: (1, 1)
08-01 02:39:52.208  4584 22683 D resolv  : res_nsend
08-01 02:39:52.208  4584 22684 D resolv  : res_nmkquery: (QUERY, IN, A)
08-01 02:39:52.208  4584 22683 I resolv  : resolv_cache_lookup: lookup
08-01 02:39:52.208  4584 22683 I resolv  : resolv_cache_lookup: NOT IN CACHE
08-01 02:39:52.208  4584 22684 D resolv  : res_nsend
08-01 02:39:52.208  4584 22683 I resolv  : resolv_populate_res_for_net: netid=101
08-01 02:39:52.208  4584 22684 I resolv  : resolv_cache_lookup: lookup
08-01 02:39:52.208  4584 22684 I resolv  : resolv_cache_lookup: NOT IN CACHE
08-01 02:39:52.208  4584 22683 I resolv  : res_stats_usable_server: NS stats: S 64 + E 0 + T 0 + I 0 = 64, rtt = 131, min_samples = 8
08-01 02:39:52.208  4584 22684 I resolv  : resolv_populate_res_for_net: netid=101
08-01 02:39:52.208  4584 22683 I resolv  : res_stats_usable_server: success rate 100
08-01 02:39:52.208  4584 22683 I resolv  : res_stats_usable_server: NS stats: S 3 + E 0 + T 0 + I 0 = 3, rtt = 2492, min_samples = 8
08-01 02:39:52.208  4584 22683 D resolv  : res_nsend: Querying server (# 1) address = [fd30:2b3a:d3a6::1]:53
08-01 02:39:52.209  4584 22683 D resolv  : send_dg: new DG socket
08-01 02:39:52.209  4584 22683 D resolv  : send_dg: send: : Operation not permitted
08-01 02:39:52.209  4584 22683 I resolv  : res_nsend: used send_dg 0 terrno: 1
08-01 02:39:52.210  4584 22683 D resolv  : res_nsend: Querying server (# 2) address = 192.168.1.1:53
08-01 02:39:52.210  4584 22683 D resolv  : send_dg: new DG socket
08-01 02:39:52.210  4584 22683 D resolv  : send_dg: send: : Operation not permitted
08-01 02:39:52.210  4584 22683 I resolv  : res_nsend: used send_dg 0 terrno: 1
08-01 02:39:52.210  4584 22683 D resolv  : res_nsend: Querying server (# 1) address = [fd30:2b3a:d3a6::1]:53
08-01 02:39:52.210  4584 22684 I resolv  : res_stats_usable_server: NS stats: S 64 + E 0 + T 0 + I 0 = 64, rtt = 131, min_samples = 8
08-01 02:39:52.211  4584 22684 I resolv  : res_stats_usable_server: success rate 100
08-01 02:39:52.211  4584 22684 I resolv  : res_stats_usable_server: NS stats: S 3 + E 0 + T 0 + I 0 = 3, rtt = 2492, min_samples = 8
08-01 02:39:52.211  4584 22684 D resolv  : res_nsend: Querying server (# 1) address = [fd30:2b3a:d3a6::1]:53
08-01 02:39:52.211  4584 22683 D resolv  : send_dg: new DG socket
08-01 02:39:52.211  4584 22683 D resolv  : send_dg: send: : Operation not permitted
08-01 02:39:52.211  4584 22683 I resolv  : res_nsend: used send_dg 0 terrno: 1
08-01 02:39:52.211  4584 22683 D resolv  : res_nsend: Querying server (# 2) address = 192.168.1.1:53
08-01 02:39:52.212  4584 22684 D resolv  : send_dg: new DG socket
08-01 02:39:52.212  4584 22684 D resolv  : send_dg: send: : Operation not permitted
08-01 02:39:52.212  4584 22684 I resolv  : res_nsend: used send_dg 0 terrno: 1
08-01 02:39:52.212  4584 22684 D resolv  : res_nsend: Querying server (# 2) address = 192.168.1.1:53
08-01 02:39:52.212  4584 22683 D resolv  : send_dg: new DG socket
08-01 02:39:52.212  4584 22683 D resolv  : send_dg: send: : Operation not permitted
08-01 02:39:52.212  4584 22683 I resolv  : res_nsend: used send_dg 0 terrno: 1
08-01 02:39:52.212  4584 22683 D resolv  : doQuery: rcode=0, ancount=0
08-01 02:39:52.213  4584 22684 D resolv  : send_dg: new DG socket
08-01 02:39:52.213  4584 22684 D resolv  : send_dg: send: : Operation not permitted
08-01 02:39:52.214  4584 22684 I resolv  : res_nsend: used send_dg 0 terrno: 1
08-01 02:39:52.214  4584 22684 D resolv  : res_nsend: Querying server (# 1) address = [fd30:2b3a:d3a6::1]:53
08-01 02:39:52.214  4584 22684 D resolv  : send_dg: new DG socket
08-01 02:39:52.214  4584 22684 D resolv  : send_dg: send: : Operation not permitted
08-01 02:39:52.214  4584 22684 I resolv  : res_nsend: used send_dg 0 terrno: 1
08-01 02:39:52.215  4584 22684 D resolv  : res_nsend: Querying server (# 2) address = 192.168.1.1:53
08-01 02:39:52.215  4584 22684 D resolv  : send_dg: new DG socket
08-01 02:39:52.215  4584 22684 D resolv  : send_dg: send: : Operation not permitted
08-01 02:39:52.215  4584 22684 I resolv  : res_nsend: used send_dg 0 terrno: 1
08-01 02:39:52.215  4584 22684 D resolv  : doQuery: rcode=0, ancount=0
08-01 02:39:52.224  6212 11465 I SystemUpdate: [Execution,ExecutionManager] Action pending executed for 0.03 seconds.
08-01 02:39:52.230  6212 11465 I SystemUpdate: [Execution,ExecutionManager] Action pre-download-validate executed for 0.00 seconds.
08-01 02:39:52.235  6212 11465 W SystemUpdate: [Execution,ExecutionManager] Unable to create the action. Restart the execution from the scratch.
08-01 02:39:52.235  6212 11465 W SystemUpdate: java.lang.IllegalStateException
08-01 02:39:52.235  6212 11465 W SystemUpdate: 	at acea.l(:com.google.android.gms@232617044@23.26.17 (190400-551657477):6)
08-01 02:39:52.235  6212 11465 W SystemUpdate: 	at ckxl.a(:com.google.android.gms@232617044@23.26.17 (190400-551657477):324)
08-01 02:39:52.235  6212 11465 W SystemUpdate: 	at com.google.android.gms.update.execution.InstallationIntentOperation.onHandleIntent(:com.google.android.gms@232617044@23.26.17 (190400-551657477):120)
08-01 02:39:52.235  6212 11465 W SystemUpdate: 	at com.google.android.chimera.IntentOperation.onHandleIntent(:com.google.android.gms@232617044@23.26.17 (190400-551657477):2)
08-01 02:39:52.235  6212 11465 W SystemUpdate: 	at zvn.onHandleIntent(:com.google.android.gms@232617044@23.26.17 (190400-551657477):10)
08-01 02:39:52.235  6212 11465 W SystemUpdate: 	at hpu.run(:com.google.android.gms@232617044@23.26.17 (190400-551657477):70)
08-01 02:39:52.235  6212 11465 W SystemUpdate: 	at hpt.run(:com.google.android.gms@232617044@23.26.17 (190400-551657477):152)
08-01 02:39:52.235  6212 11465 W SystemUpdate: 	at difl.run(:com.google.android.gms@232617044@23.26.17 (190400-551657477):13)
08-01 02:39:52.235  6212 11465 W SystemUpdate: 	at java.util.concurrent.ThreadPoolExecutor.runWorker(ThreadPoolExecutor.java:1167)
08-01 02:39:52.235  6212 11465 W SystemUpdate: 	at java.util.concurrent.ThreadPoolExecutor$Worker.run(ThreadPoolExecutor.java:641)
08-01 02:39:52.235  6212 11465 W SystemUpdate: 	at java.lang.Thread.run(Thread.java:920)
08-01 02:39:52.258  6212 11465 I SystemUpdate: [Execution,ExecutionManager] Action pending executed for 0.02 seconds.
08-01 02:39:52.262  6212 11465 I SystemUpdate: [Execution,ExecutionManager] Action pre-download-validate executed for 0.00 seconds.
08-01 02:39:52.265  6212 11465 W SystemUpdate: [Execution,ExecutionManager] Unable to create the action. Restart the execution from the scratch.
08-01 02:39:52.265  6212 11465 W SystemUpdate: java.lang.IllegalStateException
08-01 02:39:52.265  6212 11465 W SystemUpdate: 	at acea.l(:com.google.android.gms@232617044@23.26.17 (190400-551657477):6)
08-01 02:39:52.265  6212 11465 W SystemUpdate: 	at ckxl.a(:com.google.android.gms@232617044@23.26.17 (190400-551657477):324)
08-01 02:39:52.265  6212 11465 W SystemUpdate: 	at com.google.android.gms.update.execution.InstallationIntentOperation.onHandleIntent(:com.google.android.gms@232617044@23.26.17 (190400-551657477):120)
08-01 02:39:52.265  6212 11465 W SystemUpdate: 	at com.google.android.chimera.IntentOperation.onHandleIntent(:com.google.android.gms@232617044@23.26.17 (190400-551657477):2)
08-01 02:39:52.265  6212 11465 W SystemUpdate: 	at zvn.onHandleIntent(:com.google.android.gms@232617044@23.26.17 (190400-551657477):10)
08-01 02:39:52.265  6212 11465 W SystemUpdate: 	at hpu.run(:com.google.android.gms@232617044@23.26.17 (190400-551657477):70)
08-01 02:39:52.265  6212 11465 W SystemUpdate: 	at hpt.run(:com.google.android.gms@232617044@23.26.17 (190400-551657477):152)
08-01 02:39:52.265  6212 11465 W SystemUpdate: 	at difl.run(:com.google.android.gms@232617044@23.26.17 (190400-551657477):13)
08-01 02:39:52.265  6212 11465 W SystemUpdate: 	at java.util.concurrent.ThreadPoolExecutor.runWorker(ThreadPoolExecutor.java:1167)
08-01 02:39:52.265  6212 11465 W SystemUpdate: 	at java.util.concurrent.ThreadPoolExecutor$Worker.run(ThreadPoolExecutor.java:641)
08-01 02:39:52.265  6212 11465 W SystemUpdate: 	at java.lang.Thread.run(Thread.java:920)
08-01 02:39:52.288  6212 11465 I SystemUpdate: [Execution,ExecutionManager] Action pending executed for 0.02 seconds.
08-01 02:39:52.297  6212 11465 I SystemUpdate: [Execution,ExecutionManager] Action pre-download-validate executed for 0.00 seconds.
08-01 02:39:52.302  6212 11465 W SystemUpdate: [Execution,ExecutionManager] Unable to create the action. Restart the execution from the scratch.
08-01 02:39:52.302  6212 11465 W SystemUpdate: java.lang.IllegalStateException
08-01 02:39:52.302  6212 11465 W SystemUpdate: 	at acea.l(:com.google.android.gms@232617044@23.26.17 (190400-551657477):6)
08-01 02:39:52.302  6212 11465 W SystemUpdate: 	at ckxl.a(:com.google.android.gms@232617044@23.26.17 (190400-551657477):324)
08-01 02:39:52.302  6212 11465 W SystemUpdate: 	at com.google.android.gms.update.execution.InstallationIntentOperation.onHandleIntent(:com.google.android.gms@232617044@23.26.17 (190400-551657477):120)
08-01 02:39:52.302  6212 11465 W SystemUpdate: 	at com.google.android.chimera.IntentOperation.onHandleIntent(:com.google.android.gms@232617044@23.26.17 (190400-551657477):2)
08-01 02:39:52.302  6212 11465 W SystemUpdate: 	at zvn.onHandleIntent(:com.google.android.gms@232617044@23.26.17 (190400-551657477):10)
08-01 02:39:52.302  6212 11465 W SystemUpdate: 	at hpu.run(:com.google.android.gms@232617044@23.26.17 (190400-551657477):70)
08-01 02:39:52.302  6212 11465 W SystemUpdate: 	at hpt.run(:com.google.android.gms@232617044@23.26.17 (190400-551657477):152)
08-01 02:39:52.302  6212 11465 W SystemUpdate: 	at difl.run(:com.google.android.gms@232617044@23.26.17 (190400-551657477):13)
08-01 02:39:52.302  6212 11465 W SystemUpdate: 	at java.util.concurrent.ThreadPoolExecutor.runWorker(ThreadPoolExecutor.java:1167)
08-01 02:39:52.302  6212 11465 W SystemUpdate: 	at java.util.concurrent.ThreadPoolExecutor$Worker.run(ThreadPoolExecutor.java:641)
08-01 02:39:52.302  6212 11465 W SystemUpdate: 	at java.lang.Thread.run(Thread.java:920)
08-01 02:39:52.329  6212 11465 I SystemUpdate: [Execution,ExecutionManager] Action pending executed for 0.03 seconds.
08-01 02:39:52.334  6212 11465 I SystemUpdate: [Execution,ExecutionManager] Action pre-download-validate executed for 0.00 seconds.
08-01 02:39:52.339  6212 11465 W SystemUpdate: [Execution,ExecutionManager] Unable to create the action. Restart the execution from the scratch.
08-01 02:39:52.339  6212 11465 W SystemUpdate: java.lang.IllegalStateException
08-01 02:39:52.339  6212 11465 W SystemUpdate: 	at acea.l(:com.google.android.gms@232617044@23.26.17 (190400-551657477):6)
08-01 02:39:52.339  6212 11465 W SystemUpdate: 	at ckxl.a(:com.google.android.gms@232617044@23.26.17 (190400-551657477):324)
08-01 02:39:52.339  6212 11465 W SystemUpdate: 	at com.google.android.gms.update.execution.InstallationIntentOperation.onHandleIntent(:com.google.android.gms@232617044@23.26.17 (190400-551657477):120)
08-01 02:39:52.339  6212 11465 W SystemUpdate: 	at com.google.android.chimera.IntentOperation.onHandleIntent(:com.google.android.gms@232617044@23.26.17 (190400-551657477):2)
08-01 02:39:52.339  6212 11465 W SystemUpdate: 	at zvn.onHandleIntent(:com.google.android.gms@232617044@23.26.17 (190400-551657477):10)
08-01 02:39:52.339  6212 11465 W SystemUpdate: 	at hpu.run(:com.google.android.gms@232617044@23.26.17 (190400-551657477):70)
08-01 02:39:52.339  6212 11465 W SystemUpdate: 	at hpt.run(:com.google.android.gms@232617044@23.26.17 (190400-551657477):152)
08-01 02:39:52.339  6212 11465 W SystemUpdate: 	at difl.run(:com.google.android.gms@232617044@23.26.17 (190400-551657477):13)
08-01 02:39:52.339  6212 11465 W SystemUpdate: 	at java.util.concurrent.ThreadPoolExecutor.runWorker(ThreadPoolExecutor.java:1167)
08-01 02:39:52.339  6212 11465 W SystemUpdate: 	at java.util.concurrent.ThreadPoolExecutor$Worker.run(ThreadPoolExecutor.java:641)
08-01 02:39:52.339  6212 11465 W SystemUpdate: 	at java.lang.Thread.run(Thread.java:920)
08-01 02:39:52.367  6212 11465 I SystemUpdate: [Execution,ExecutionManager] Action pending executed for 0.03 seconds.
08-01 02:39:52.387  6212 11465 I SystemUpdate: [Execution,ExecutionManager] Action pre-download-validate executed for 0.00 seconds.
08-01 02:39:52.394  6212 11465 W SystemUpdate: [Execution,ExecutionManager] Unable to create the action. Restart the execution from the scratch.
08-01 02:39:52.394  6212 11465 W SystemUpdate: java.lang.IllegalStateException
08-01 02:39:52.394  6212 11465 W SystemUpdate: 	at acea.l(:com.google.android.gms@232617044@23.26.17 (190400-551657477):6)
08-01 02:39:52.394  6212 11465 W SystemUpdate: 	at ckxl.a(:com.google.android.gms@232617044@23.26.17 (190400-551657477):324)
08-01 02:39:52.394  6212 11465 W SystemUpdate: 	at com.google.android.gms.update.execution.InstallationIntentOperation.onHandleIntent(:com.google.android.gms@232617044@23.26.17 (190400-551657477):120)
08-01 02:39:52.394  6212 11465 W SystemUpdate: 	at com.google.android.chimera.IntentOperation.onHandleIntent(:com.google.android.gms@232617044@23.26.17 (190400-551657477):2)
08-01 02:39:52.394  6212 11465 W SystemUpdate: 	at zvn.onHandleIntent(:com.google.android.gms@232617044@23.26.17 (190400-551657477):10)
08-01 02:39:52.394  6212 11465 W SystemUpdate: 	at hpu.run(:com.google.android.gms@232617044@23.26.17 (190400-551657477):70)
08-01 02:39:52.394  6212 11465 W SystemUpdate: 	at hpt.run(:com.google.android.gms@232617044@23.26.17 (190400-551657477):152)
08-01 02:39:52.394  6212 11465 W SystemUpdate: 	at difl.run(:com.google.android.gms@232617044@23.26.17 (190400-551657477):13)
08-01 02:39:52.394  6212 11465 W SystemUpdate: 	at java.util.concurrent.ThreadPoolExecutor.runWorker(ThreadPoolExecutor.java:1167)
08-01 02:39:52.394  6212 11465 W SystemUpdate: 	at java.util.concurrent.ThreadPoolExecutor$Worker.run(ThreadPoolExecutor.java:641)
08-01 02:39:52.394  6212 11465 W SystemUpdate: 	at java.lang.Thread.run(Thread.java:920)
08-01 02:39:52.426  6212 11465 I SystemUpdate: [Execution,ExecutionManager] Action pending executed for 0.03 seconds.
08-01 02:39:52.431  6212 11465 I SystemUpdate: [Execution,ExecutionManager] Action pre-download-validate executed for 0.00 seconds.
08-01 02:39:52.437  6212 11465 W SystemUpdate: [Execution,ExecutionManager] Unable to create the action. Restart the execution from the scratch.
08-01 02:39:52.437  6212 11465 W SystemUpdate: java.lang.IllegalStateException
08-01 02:39:52.437  6212 11465 W SystemUpdate: 	at acea.l(:com.google.android.gms@232617044@23.26.17 (190400-551657477):6)
08-01 02:39:52.437  6212 11465 W SystemUpdate: 	at ckxl.a(:com.google.android.gms@232617044@23.26.17 (190400-551657477):324)
08-01 02:39:52.437  6212 11465 W SystemUpdate: 	at com.google.android.gms.update.execution.InstallationIntentOperation.onHandleIntent(:com.google.android.gms@232617044@23.26.17 (190400-551657477):120)
08-01 02:39:52.437  6212 11465 W SystemUpdate: 	at com.google.android.chimera.IntentOperation.onHandleIntent(:com.google.android.gms@232617044@23.26.17 (190400-551657477):2)
08-01 02:39:52.437  6212 11465 W SystemUpdate: 	at zvn.onHandleIntent(:com.google.android.gms@232617044@23.26.17 (190400-551657477):10)
08-01 02:39:52.437  6212 11465 W SystemUpdate: 	at hpu.run(:com.google.android.gms@232617044@23.26.17 (190400-551657477):70)
08-01 02:39:52.437  6212 11465 W SystemUpdate: 	at hpt.run(:com.google.android.gms@232617044@23.26.17 (190400-551657477):152)
08-01 02:39:52.437  6212 11465 W SystemUpdate: 	at difl.run(:com.google.android.gms@232617044@23.26.17 (190400-551657477):13)
08-01 02:39:52.437  6212 11465 W SystemUpdate: 	at java.util.concurrent.ThreadPoolExecutor.runWorker(ThreadPoolExecutor.java:1167)
08-01 02:39:52.437  6212 11465 W SystemUpdate: 	at java.util.concurrent.ThreadPoolExecutor$Worker.run(ThreadPoolExecutor.java:641)
08-01 02:39:52.437  6212 11465 W SystemUpdate: 	at java.lang.Thread.run(Thread.java:920)
08-01 02:39:52.463  6212 11465 I SystemUpdate: [Execution,ExecutionManager] Action pending executed for 0.03 seconds.
08-01 02:39:52.468  6212 11465 I SystemUpdate: [Execution,ExecutionManager] Action pre-download-validate executed for 0.00 seconds.
08-01 02:39:52.474  6212 11465 W SystemUpdate: [Execution,ExecutionManager] Unable to create the action. Restart the execution from the scratch.
08-01 02:39:52.474  6212 11465 W SystemUpdate: java.lang.IllegalStateException
08-01 02:39:52.474  6212 11465 W SystemUpdate: 	at acea.l(:com.google.android.gms@232617044@23.26.17 (190400-551657477):6)
08-01 02:39:52.474  6212 11465 W SystemUpdate: 	at ckxl.a(:com.google.android.gms@232617044@23.26.17 (190400-551657477):324)
08-01 02:39:52.474  6212 11465 W SystemUpdate: 	at com.google.android.gms.update.execution.InstallationIntentOperation.onHandleIntent(:com.google.android.gms@232617044@23.26.17 (190400-551657477):120)
08-01 02:39:52.474  6212 11465 W SystemUpdate: 	at com.google.android.chimera.IntentOperation.onHandleIntent(:com.google.android.gms@232617044@23.26.17 (190400-551657477):2)
08-01 02:39:52.474  6212 11465 W SystemUpdate: 	at zvn.onHandleIntent(:com.google.android.gms@232617044@23.26.17 (190400-551657477):10)
08-01 02:39:52.474  6212 11465 W SystemUpdate: 	at hpu.run(:com.google.android.gms@232617044@23.26.17 (190400-551657477):70)
08-01 02:39:52.474  6212 11465 W SystemUpdate: 	at hpt.run(:com.google.android.gms@232617044@23.26.17 (190400-551657477):152)
08-01 02:39:52.474  6212 11465 W SystemUpdate: 	at difl.run(:com.google.android.gms@232617044@23.26.17 (190400-551657477):13)
08-01 02:39:52.474  6212 11465 W SystemUpdate: 	at java.util.concurrent.ThreadPoolExecutor.runWorker(ThreadPoolExecutor.java:1167)
08-01 02:39:52.474  6212 11465 W SystemUpdate: 	at java.util.concurrent.ThreadPoolExecutor$Worker.run(ThreadPoolExecutor.java:641)
08-01 02:39:52.474  6212 11465 W SystemUpdate: 	at java.lang.Thread.run(Thread.java:920)
08-01 02:39:52.496  6212 11465 I SystemUpdate: [Execution,ExecutionManager] Action pending executed for 0.02 seconds.
08-01 02:39:52.500  6212 11465 I SystemUpdate: [Execution,ExecutionManager] Action pre-download-validate executed for 0.00 seconds.
08-01 02:39:52.504  6212 11465 W SystemUpdate: [Execution,ExecutionManager] Unable to create the action. Restart the execution from the scratch.
08-01 02:39:52.504  6212 11465 W SystemUpdate: java.lang.IllegalStateException
08-01 02:39:52.504  6212 11465 W SystemUpdate: 	at acea.l(:com.google.android.gms@232617044@23.26.17 (190400-551657477):6)
08-01 02:39:52.504  6212 11465 W SystemUpdate: 	at ckxl.a(:com.google.android.gms@232617044@23.26.17 (190400-551657477):324)
08-01 02:39:52.504  6212 11465 W SystemUpdate: 	at com.google.android.gms.update.execution.InstallationIntentOperation.onHandleIntent(:com.google.android.gms@232617044@23.26.17 (190400-551657477):120)
08-01 02:39:52.504  6212 11465 W SystemUpdate: 	at com.google.android.chimera.IntentOperation.onHandleIntent(:com.google.android.gms@232617044@23.26.17 (190400-551657477):2)
08-01 02:39:52.504  6212 11465 W SystemUpdate: 	at zvn.onHandleIntent(:com.google.android.gms@232617044@23.26.17 (190400-551657477):10)
08-01 02:39:52.504  6212 11465 W SystemUpdate: 	at hpu.run(:com.google.android.gms@232617044@23.26.17 (190400-551657477):70)
08-01 02:39:52.504  6212 11465 W SystemUpdate: 	at hpt.run(:com.google.android.gms@232617044@23.26.17 (190400-551657477):152)
08-01 02:39:52.504  6212 11465 W SystemUpdate: 	at difl.run(:com.google.android.gms@232617044@23.26.17 (190400-551657477):13)
08-01 02:39:52.504  6212 11465 W SystemUpdate: 	at java.util.concurrent.ThreadPoolExecutor.runWorker(ThreadPoolExecutor.java:1167)
08-01 02:39:52.504  6212 11465 W SystemUpdate: 	at java.util.concurrent.ThreadPoolExecutor$Worker.run(ThreadPoolExecutor.java:641)
08-01 02:39:52.504  6212 11465 W SystemUpdate: 	at java.lang.Thread.run(Thread.java:920)
08-01 02:39:52.527  6212 11465 I SystemUpdate: [Execution,ExecutionManager] Action pending executed for 0.02 seconds.
08-01 02:39:52.531  6212 11465 I SystemUpdate: [Execution,ExecutionManager] Action pre-download-validate executed for 0.00 seconds.
08-01 02:39:52.536  6212 11465 W SystemUpdate: [Execution,ExecutionManager] Unable to create the action. Restart the execution from the scratch.
08-01 02:39:52.536  6212 11465 W SystemUpdate: java.lang.IllegalStateException
08-01 02:39:52.536  6212 11465 W SystemUpdate: 	at acea.l(:com.google.android.gms@232617044@23.26.17 (190400-551657477):6)
08-01 02:39:52.536  6212 11465 W SystemUpdate: 	at ckxl.a(:com.google.android.gms@232617044@23.26.17 (190400-551657477):324)
08-01 02:39:52.536  6212 11465 W SystemUpdate: 	at com.google.android.gms.update.execution.InstallationIntentOperation.onHandleIntent(:com.google.android.gms@232617044@23.26.17 (190400-551657477):120)
08-01 02:39:52.536  6212 11465 W SystemUpdate: 	at com.google.android.chimera.IntentOperation.onHandleIntent(:com.google.android.gms@232617044@23.26.17 (190400-551657477):2)
08-01 02:39:52.536  6212 11465 W SystemUpdate: 	at zvn.onHandleIntent(:com.google.android.gms@232617044@23.26.17 (190400-551657477):10)
08-01 02:39:52.536  6212 11465 W SystemUpdate: 	at hpu.run(:com.google.android.gms@232617044@23.26.17 (190400-551657477):70)
08-01 02:39:52.536  6212 11465 W SystemUpdate: 	at hpt.run(:com.google.android.gms@232617044@23.26.17 (190400-551657477):152)
08-01 02:39:52.536  6212 11465 W SystemUpdate: 	at difl.run(:com.google.android.gms@232617044@23.26.17 (190400-551657477):13)
08-01 02:39:52.536  6212 11465 W SystemUpdate: 	at java.util.concurrent.ThreadPoolExecutor.runWorker(ThreadPoolExecutor.java:1167)
08-01 02:39:52.536  6212 11465 W SystemUpdate: 	at java.util.concurrent.ThreadPoolExecutor$Worker.run(ThreadPoolExecutor.java:641)
08-01 02:39:52.536  6212 11465 W SystemUpdate: 	at java.lang.Thread.run(Thread.java:920)
08-01 02:39:52.548  4767  5711 D bauth_FPBAuthService: pcf : 0x1012, 0 ,1 ,0 ,0 ,0 ,0, 5.0.0.0
08-01 02:39:52.548  4767  5711 D bauth_FPBAuthService: thread id : 1, preenroll_flag : 0, nd cnt : 0, cso : 0, et : 0
08-01 02:39:52.548  4767  5711 D bauth_FPBAuthService: FPBAuthService, 10979
08-01 02:39:52.571  6212 11465 I SystemUpdate: [Execution,ExecutionManager] Action pending executed for 0.04 seconds.
08-01 02:39:52.576  6212 11465 I SystemUpdate: [Execution,ExecutionManager] Action pre-download-validate executed for 0.00 seconds.
08-01 02:39:52.583  6212 11465 W SystemUpdate: [Execution,ExecutionManager] Unable to create the action. Restart the execution from the scratch.
08-01 02:39:52.583  6212 11465 W SystemUpdate: java.lang.IllegalStateException
08-01 02:39:52.583  6212 11465 W SystemUpdate: 	at acea.l(:com.google.android.gms@232617044@23.26.17 (190400-551657477):6)
08-01 02:39:52.583  6212 11465 W SystemUpdate: 	at ckxl.a(:com.google.android.gms@232617044@23.26.17 (190400-551657477):324)
08-01 02:39:52.583  6212 11465 W SystemUpdate: 	at com.google.android.gms.update.execution.InstallationIntentOperation.onHandleIntent(:com.google.android.gms@232617044@23.26.17 (190400-551657477):120)
08-01 02:39:52.583  6212 11465 W SystemUpdate: 	at com.google.android.chimera.IntentOperation.onHandleIntent(:com.google.android.gms@232617044@23.26.17 (190400-551657477):2)
08-01 02:39:52.583  6212 11465 W SystemUpdate: 	at zvn.onHandleIntent(:com.google.android.gms@232617044@23.26.17 (190400-551657477):10)
08-01 02:39:52.583  6212 11465 W SystemUpdate: 	at hpu.run(:com.google.android.gms@232617044@23.26.17 (190400-551657477):70)
08-01 02:39:52.583  6212 11465 W SystemUpdate: 	at hpt.run(:com.google.android.gms@232617044@23.26.17 (190400-551657477):152)
08-01 02:39:52.583  6212 11465 W SystemUpdate: 	at difl.run(:com.google.android.gms@232617044@23.26.17 (190400-551657477):13)
08-01 02:39:52.583  6212 11465 W SystemUpdate: 	at java.util.concurrent.ThreadPoolExecutor.runWorker(ThreadPoolExecutor.java:1167)
08-01 02:39:52.583  6212 11465 W SystemUpdate: 	at java.util.concurrent.ThreadPoolExecutor$Worker.run(ThreadPoolExecutor.java:641)
08-01 02:39:52.583  6212 11465 W SystemUpdate: 	at java.lang.Thread.run(Thread.java:920)
08-01 02:39:52.596  4689  4689 E adbd    : failed to connect to socket 'tcp:6666': Connection refused
08-01 02:39:52.613  6212 11465 I SystemUpdate: [Execution,ExecutionManager] Action pending executed for 0.03 seconds.
08-01 02:39:52.618  6212 11465 I SystemUpdate: [Execution,ExecutionManager] Action pre-download-validate executed for 0.00 seconds.
08-01 02:39:52.624  6212 11465 W SystemUpdate: [Execution,ExecutionManager] Unable to create the action. Restart the execution from the scratch.
08-01 02:39:52.624  6212 11465 W SystemUpdate: java.lang.IllegalStateException
08-01 02:39:52.624  6212 11465 W SystemUpdate: 	at acea.l(:com.google.android.gms@232617044@23.26.17 (190400-551657477):6)
08-01 02:39:52.624  6212 11465 W SystemUpdate: 	at ckxl.a(:com.google.android.gms@232617044@23.26.17 (190400-551657477):324)
08-01 02:39:52.624  6212 11465 W SystemUpdate: 	at com.google.android.gms.update.execution.InstallationIntentOperation.onHandleIntent(:com.google.android.gms@232617044@23.26.17 (190400-551657477):120)
