08-01 02:39:55.258  6212 11465 W SystemUpdate: 	at java.util.concurrent.ThreadPoolExecutor.runWorker(ThreadPoolExecutor.java:1167)
08-01 02:39:55.258  6212 11465 W SystemUpdate: 	at java.util.concurrent.ThreadPoolExecutor$Worker.run(ThreadPoolExecutor.java:641)
08-01 02:39:55.258  6212 11465 W SystemUpdate: 	at java.lang.Thread.run(Thread.java:920)
08-01 02:39:55.284  6212 11465 I SystemUpdate: [Execution,ExecutionManager] Action pending executed for 0.03 seconds.
08-01 02:39:55.290  6212 11465 I SystemUpdate: [Execution,ExecutionManager] Action pre-download-validate executed for 0.00 seconds.
08-01 02:39:55.296  6212 11465 W SystemUpdate: [Execution,ExecutionManager] Unable to create the action. Restart the execution from the scratch.
08-01 02:39:55.296  6212 11465 W SystemUpdate: java.lang.IllegalStateException
08-01 02:39:55.296  6212 11465 W SystemUpdate: 	at acea.l(:com.google.android.gms@232617044@23.26.17 (190400-551657477):6)
08-01 02:39:55.296  6212 11465 W SystemUpdate: 	at ckxl.a(:com.google.android.gms@232617044@23.26.17 (190400-551657477):324)
08-01 02:39:55.296  6212 11465 W SystemUpdate: 	at com.google.android.gms.update.execution.InstallationIntentOperation.onHandleIntent(:com.google.android.gms@232617044@23.26.17 (190400-551657477):120)
08-01 02:39:55.296  6212 11465 W SystemUpdate: 	at com.google.android.chimera.IntentOperation.onHandleIntent(:com.google.android.gms@232617044@23.26.17 (190400-551657477):2)
08-01 02:39:55.296  6212 11465 W SystemUpdate: 	at zvn.onHandleIntent(:com.google.android.gms@232617044@23.26.17 (190400-551657477):10)
08-01 02:39:55.296  6212 11465 W SystemUpdate: 	at hpu.run(:com.google.android.gms@232617044@23.26.17 (190400-551657477):70)
08-01 02:39:55.296  6212 11465 W SystemUpdate: 	at hpt.run(:com.google.android.gms@232617044@23.26.17 (190400-551657477):152)
08-01 02:39:55.296  6212 11465 W SystemUpdate: 	at difl.run(:com.google.android.gms@232617044@23.26.17 (190400-551657477):13)
08-01 02:39:55.296  6212 11465 W SystemUpdate: 	at java.util.concurrent.ThreadPoolExecutor.runWorker(ThreadPoolExecutor.java:1167)
08-01 02:39:55.296  6212 11465 W SystemUpdate: 	at java.util.concurrent.ThreadPoolExecutor$Worker.run(ThreadPoolExecutor.java:641)
08-01 02:39:55.296  6212 11465 W SystemUpdate: 	at java.lang.Thread.run(Thread.java:920)
08-01 02:39:55.327  6212 11465 I SystemUpdate: [Execution,ExecutionManager] Action pending executed for 0.03 seconds.
08-01 02:39:55.332  6212 11465 I SystemUpdate: [Execution,ExecutionManager] Action pre-download-validate executed for 0.00 seconds.
08-01 02:39:55.338  6212 11465 W SystemUpdate: [Execution,ExecutionManager] Unable to create the action. Restart the execution from the scratch.
08-01 02:39:55.338  6212 11465 W SystemUpdate: java.lang.IllegalStateException
08-01 02:39:55.338  6212 11465 W SystemUpdate: 	at acea.l(:com.google.android.gms@232617044@23.26.17 (190400-551657477):6)
08-01 02:39:55.338  6212 11465 W SystemUpdate: 	at ckxl.a(:com.google.android.gms@232617044@23.26.17 (190400-551657477):324)
08-01 02:39:55.338  6212 11465 W SystemUpdate: 	at com.google.android.gms.update.execution.InstallationIntentOperation.onHandleIntent(:com.google.android.gms@232617044@23.26.17 (190400-551657477):120)
08-01 02:39:55.338  6212 11465 W SystemUpdate: 	at com.google.android.chimera.IntentOperation.onHandleIntent(:com.google.android.gms@232617044@23.26.17 (190400-551657477):2)
08-01 02:39:55.338  6212 11465 W SystemUpdate: 	at zvn.onHandleIntent(:com.google.android.gms@232617044@23.26.17 (190400-551657477):10)
08-01 02:39:55.338  6212 11465 W SystemUpdate: 	at hpu.run(:com.google.android.gms@232617044@23.26.17 (190400-551657477):70)
08-01 02:39:55.338  6212 11465 W SystemUpdate: 	at hpt.run(:com.google.android.gms@232617044@23.26.17 (190400-551657477):152)
08-01 02:39:55.338  6212 11465 W SystemUpdate: 	at difl.run(:com.google.android.gms@232617044@23.26.17 (190400-551657477):13)
08-01 02:39:55.338  6212 11465 W SystemUpdate: 	at java.util.concurrent.ThreadPoolExecutor.runWorker(ThreadPoolExecutor.java:1167)
08-01 02:39:55.338  6212 11465 W SystemUpdate: 	at java.util.concurrent.ThreadPoolExecutor$Worker.run(ThreadPoolExecutor.java:641)
08-01 02:39:55.338  6212 11465 W SystemUpdate: 	at java.lang.Thread.run(Thread.java:920)
08-01 02:39:55.371  6212 11465 I SystemUpdate: [Execution,ExecutionManager] Action pending executed for 0.03 seconds.
08-01 02:39:55.373  6212  6226 I gle.android.gm: Background concurrent copying GC freed 39129(1949KB) AllocSpace objects, 512(26MB) LOS objects, 49% free, 24MB/48MB, paused 197us,216us total 299.106ms
08-01 02:39:55.377  6212 11465 I SystemUpdate: [Execution,ExecutionManager] Action pre-download-validate executed for 0.00 seconds.
08-01 02:39:55.382  6212 11465 W SystemUpdate: [Execution,ExecutionManager] Unable to create the action. Restart the execution from the scratch.
08-01 02:39:55.382  6212 11465 W SystemUpdate: java.lang.IllegalStateException
08-01 02:39:55.382  6212 11465 W SystemUpdate: 	at acea.l(:com.google.android.gms@232617044@23.26.17 (190400-551657477):6)
08-01 02:39:55.382  6212 11465 W SystemUpdate: 	at ckxl.a(:com.google.android.gms@232617044@23.26.17 (190400-551657477):324)
08-01 02:39:55.382  6212 11465 W SystemUpdate: 	at com.google.android.gms.update.execution.InstallationIntentOperation.onHandleIntent(:com.google.android.gms@232617044@23.26.17 (190400-551657477):120)
08-01 02:39:55.382  6212 11465 W SystemUpdate: 	at com.google.android.chimera.IntentOperation.onHandleIntent(:com.google.android.gms@232617044@23.26.17 (190400-551657477):2)
08-01 02:39:55.382  6212 11465 W SystemUpdate: 	at zvn.onHandleIntent(:com.google.android.gms@232617044@23.26.17 (190400-551657477):10)
08-01 02:39:55.382  6212 11465 W SystemUpdate: 	at hpu.run(:com.google.android.gms@232617044@23.26.17 (190400-551657477):70)
08-01 02:39:55.382  6212 11465 W SystemUpdate: 	at hpt.run(:com.google.android.gms@232617044@23.26.17 (190400-551657477):152)
08-01 02:39:55.382  6212 11465 W SystemUpdate: 	at difl.run(:com.google.android.gms@232617044@23.26.17 (190400-551657477):13)
08-01 02:39:55.382  6212 11465 W SystemUpdate: 	at java.util.concurrent.ThreadPoolExecutor.runWorker(ThreadPoolExecutor.java:1167)
08-01 02:39:55.382  6212 11465 W SystemUpdate: 	at java.util.concurrent.ThreadPoolExecutor$Worker.run(ThreadPoolExecutor.java:641)
08-01 02:39:55.382  6212 11465 W SystemUpdate: 	at java.lang.Thread.run(Thread.java:920)
08-01 02:39:55.410  6212 11465 I SystemUpdate: [Execution,ExecutionManager] Action pending executed for 0.03 seconds.
08-01 02:39:55.414  6212 11465 I SystemUpdate: [Execution,ExecutionManager] Action pre-download-validate executed for 0.00 seconds.
08-01 02:39:55.419  6212 11465 W SystemUpdate: [Execution,ExecutionManager] Unable to create the action. Restart the execution from the scratch.
08-01 02:39:55.419  6212 11465 W SystemUpdate: java.lang.IllegalStateException
08-01 02:39:55.419  6212 11465 W SystemUpdate: 	at acea.l(:com.google.android.gms@232617044@23.26.17 (190400-551657477):6)
08-01 02:39:55.419  6212 11465 W SystemUpdate: 	at ckxl.a(:com.google.android.gms@232617044@23.26.17 (190400-551657477):324)
08-01 02:39:55.419  6212 11465 W SystemUpdate: 	at com.google.android.gms.update.execution.InstallationIntentOperation.onHandleIntent(:com.google.android.gms@232617044@23.26.17 (190400-551657477):120)
08-01 02:39:55.419  6212 11465 W SystemUpdate: 	at com.google.android.chimera.IntentOperation.onHandleIntent(:com.google.android.gms@232617044@23.26.17 (190400-551657477):2)
08-01 02:39:55.419  6212 11465 W SystemUpdate: 	at zvn.onHandleIntent(:com.google.android.gms@232617044@23.26.17 (190400-551657477):10)
08-01 02:39:55.419  6212 11465 W SystemUpdate: 	at hpu.run(:com.google.android.gms@232617044@23.26.17 (190400-551657477):70)
08-01 02:39:55.419  6212 11465 W SystemUpdate: 	at hpt.run(:com.google.android.gms@232617044@23.26.17 (190400-551657477):152)
08-01 02:39:55.419  6212 11465 W SystemUpdate: 	at difl.run(:com.google.android.gms@232617044@23.26.17 (190400-551657477):13)
08-01 02:39:55.419  6212 11465 W SystemUpdate: 	at java.util.concurrent.ThreadPoolExecutor.runWorker(ThreadPoolExecutor.java:1167)
08-01 02:39:55.419  6212 11465 W SystemUpdate: 	at java.util.concurrent.ThreadPoolExecutor$Worker.run(ThreadPoolExecutor.java:641)
08-01 02:39:55.419  6212 11465 W SystemUpdate: 	at java.lang.Thread.run(Thread.java:920)
08-01 02:39:55.432  4767 21693 E (FPLOG) : DeviceWaitInt poll trigger
08-01 02:39:55.432  4767 21693 D bauth_FPBAuthService: 0 0
08-01 02:39:55.432  4767 21693 E (FPLOG) : 2.0.36.0 DeviceSetClock 1
08-01 02:39:55.433  4767 21693 D bauth_FPDLBAuthSensorControl: FPDLBAuthSensorControl, 276
08-01 02:39:55.433  4767 21693 E (FPLOG) : DeviceEnableInt 0 8 10 1
08-01 02:39:55.433  4767 21693 D bauth_FPBAuthService: FPBAuthService, 2832
08-01 02:39:55.433  4767 21693 D bauth_FPBAuthService: FPBAuthService, 2843
08-01 02:39:55.437  4767 21693 D bauth_FPBAuthService: FPBAuthService, 5377
08-01 02:39:55.437  4767 21693 I TLC_BAUTH: Call FP cmd 0x6
08-01 02:39:55.437  4767 21693 I tlc_communication: Send Trustlet TCI Message
08-01 02:39:55.437  4767 21693 I tlc_communication: mcNotify is completed
08-01 02:39:55.444  6212 11465 I SystemUpdate: [Execution,ExecutionManager] Action pending executed for 0.03 seconds.
08-01 02:39:55.448  6212 11465 I SystemUpdate: [Execution,ExecutionManager] Action pre-download-validate executed for 0.00 seconds.
08-01 02:39:55.451  6212 11465 W SystemUpdate: [Execution,ExecutionManager] Unable to create the action. Restart the execution from the scratch.
08-01 02:39:55.451  6212 11465 W SystemUpdate: java.lang.IllegalStateException
08-01 02:39:55.451  6212 11465 W SystemUpdate: 	at acea.l(:com.google.android.gms@232617044@23.26.17 (190400-551657477):6)
08-01 02:39:55.451  6212 11465 W SystemUpdate: 	at ckxl.a(:com.google.android.gms@232617044@23.26.17 (190400-551657477):324)
08-01 02:39:55.451  6212 11465 W SystemUpdate: 	at com.google.android.gms.update.execution.InstallationIntentOperation.onHandleIntent(:com.google.android.gms@232617044@23.26.17 (190400-551657477):120)
08-01 02:39:55.451  6212 11465 W SystemUpdate: 	at com.google.android.chimera.IntentOperation.onHandleIntent(:com.google.android.gms@232617044@23.26.17 (190400-551657477):2)
08-01 02:39:55.451  6212 11465 W SystemUpdate: 	at zvn.onHandleIntent(:com.google.android.gms@232617044@23.26.17 (190400-551657477):10)
08-01 02:39:55.451  6212 11465 W SystemUpdate: 	at hpu.run(:com.google.android.gms@232617044@23.26.17 (190400-551657477):70)
08-01 02:39:55.451  6212 11465 W SystemUpdate: 	at hpt.run(:com.google.android.gms@232617044@23.26.17 (190400-551657477):152)
08-01 02:39:55.451  6212 11465 W SystemUpdate: 	at difl.run(:com.google.android.gms@232617044@23.26.17 (190400-551657477):13)
08-01 02:39:55.451  6212 11465 W SystemUpdate: 	at java.util.concurrent.ThreadPoolExecutor.runWorker(ThreadPoolExecutor.java:1167)
08-01 02:39:55.451  6212 11465 W SystemUpdate: 	at java.util.concurrent.ThreadPoolExecutor$Worker.run(ThreadPoolExecutor.java:641)
08-01 02:39:55.451  6212 11465 W SystemUpdate: 	at java.lang.Thread.run(Thread.java:920)
08-01 02:39:55.471  6212 11465 I SystemUpdate: [Execution,ExecutionManager] Action pending executed for 0.02 seconds.
08-01 02:39:55.474  6212 11465 I SystemUpdate: [Execution,ExecutionManager] Action pre-download-validate executed for 0.00 seconds.
08-01 02:39:55.478  6212 11465 W SystemUpdate: [Execution,ExecutionManager] Unable to create the action. Restart the execution from the scratch.
08-01 02:39:55.478  6212 11465 W SystemUpdate: java.lang.IllegalStateException
08-01 02:39:55.478  6212 11465 W SystemUpdate: 	at acea.l(:com.google.android.gms@232617044@23.26.17 (190400-551657477):6)
08-01 02:39:55.478  6212 11465 W SystemUpdate: 	at ckxl.a(:com.google.android.gms@232617044@23.26.17 (190400-551657477):324)
08-01 02:39:55.478  6212 11465 W SystemUpdate: 	at com.google.android.gms.update.execution.InstallationIntentOperation.onHandleIntent(:com.google.android.gms@232617044@23.26.17 (190400-551657477):120)
08-01 02:39:55.478  6212 11465 W SystemUpdate: 	at com.google.android.chimera.IntentOperation.onHandleIntent(:com.google.android.gms@232617044@23.26.17 (190400-551657477):2)
08-01 02:39:55.478  6212 11465 W SystemUpdate: 	at zvn.onHandleIntent(:com.google.android.gms@232617044@23.26.17 (190400-551657477):10)
08-01 02:39:55.478  6212 11465 W SystemUpdate: 	at hpu.run(:com.google.android.gms@232617044@23.26.17 (190400-551657477):70)
08-01 02:39:55.478  6212 11465 W SystemUpdate: 	at hpt.run(:com.google.android.gms@232617044@23.26.17 (190400-551657477):152)
08-01 02:39:55.478  6212 11465 W SystemUpdate: 	at difl.run(:com.google.android.gms@232617044@23.26.17 (190400-551657477):13)
08-01 02:39:55.478  6212 11465 W SystemUpdate: 	at java.util.concurrent.ThreadPoolExecutor.runWorker(ThreadPoolExecutor.java:1167)
08-01 02:39:55.478  6212 11465 W SystemUpdate: 	at java.util.concurrent.ThreadPoolExecutor$Worker.run(ThreadPoolExecutor.java:641)
08-01 02:39:55.478  6212 11465 W SystemUpdate: 	at java.lang.Thread.run(Thread.java:920)
08-01 02:39:55.488  4767 21693 I tlc_communication: mcWaitNotification is completed
08-01 02:39:55.488  4767 21693 I TLC_BAUTH: Check the Trustlet return code is completed
08-01 02:39:55.488  4767 21693 D bauth_FPBAuthService: check_opcode status = 2, opcode = 5, func_ret_val = 0, function_status = 1, timeout = 0
08-01 02:39:55.488  4767 21693 D bauth_FPBAuthService: FPBAuthService, 3042
08-01 02:39:55.488  4767 21693 D bauth_FPBAuthService: FPBAuthService, 3061
08-01 02:39:55.488  4767 21693 D bauth_FPBAuthService: FPBAuthService, 3062
08-01 02:39:55.488  4767 21693 D bauth_FPBAuthService: fpop : 100021
08-01 02:39:55.488  4767 21693 D vendor.samsung.hardware.biometrics.fingerprint@3.0-service: onAcquired(6, 10002)
08-01 02:39:55.489  4767 21693 D bauth_FPBAuthService: FPBAuthService, 5377
08-01 02:39:55.489  4767 21693 I TLC_BAUTH: Call FP cmd 0x6
08-01 02:39:55.489  4767 21693 I tlc_communication: Send Trustlet TCI Message
08-01 02:39:55.489  4767 21693 I tlc_communication: mcNotify is completed
08-01 02:39:55.489  4974  4974 V Biometrics/AcquisitionClient: Acquired: 6 10002, shouldSend: true
08-01 02:39:55.490  5271  5271 W FingerprintManager: Invalid acquired message: 6, 10002
08-01 02:39:55.500  6212 11465 I SystemUpdate: [Execution,ExecutionManager] Action pending executed for 0.02 seconds.
08-01 02:39:55.504  6212 11465 I SystemUpdate: [Execution,ExecutionManager] Action pre-download-validate executed for 0.00 seconds.
08-01 02:39:55.509  6212 11465 W SystemUpdate: [Execution,ExecutionManager] Unable to create the action. Restart the execution from the scratch.
08-01 02:39:55.509  6212 11465 W SystemUpdate: java.lang.IllegalStateException
08-01 02:39:55.509  6212 11465 W SystemUpdate: 	at acea.l(:com.google.android.gms@232617044@23.26.17 (190400-551657477):6)
08-01 02:39:55.509  6212 11465 W SystemUpdate: 	at ckxl.a(:com.google.android.gms@232617044@23.26.17 (190400-551657477):324)
08-01 02:39:55.509  6212 11465 W SystemUpdate: 	at com.google.android.gms.update.execution.InstallationIntentOperation.onHandleIntent(:com.google.android.gms@232617044@23.26.17 (190400-551657477):120)
08-01 02:39:55.509  6212 11465 W SystemUpdate: 	at com.google.android.chimera.IntentOperation.onHandleIntent(:com.google.android.gms@232617044@23.26.17 (190400-551657477):2)
08-01 02:39:55.509  6212 11465 W SystemUpdate: 	at zvn.onHandleIntent(:com.google.android.gms@232617044@23.26.17 (190400-551657477):10)
08-01 02:39:55.509  6212 11465 W SystemUpdate: 	at hpu.run(:com.google.android.gms@232617044@23.26.17 (190400-551657477):70)
08-01 02:39:55.509  6212 11465 W SystemUpdate: 	at hpt.run(:com.google.android.gms@232617044@23.26.17 (190400-551657477):152)
08-01 02:39:55.509  6212 11465 W SystemUpdate: 	at difl.run(:com.google.android.gms@232617044@23.26.17 (190400-551657477):13)
08-01 02:39:55.509  6212 11465 W SystemUpdate: 	at java.util.concurrent.ThreadPoolExecutor.runWorker(ThreadPoolExecutor.java:1167)
08-01 02:39:55.509  6212 11465 W SystemUpdate: 	at java.util.concurrent.ThreadPoolExecutor$Worker.run(ThreadPoolExecutor.java:641)
08-01 02:39:55.509  6212 11465 W SystemUpdate: 	at java.lang.Thread.run(Thread.java:920)
08-01 02:39:55.530  6212 11465 I SystemUpdate: [Execution,ExecutionManager] Action pending executed for 0.02 seconds.
08-01 02:39:55.534  6212 11465 I SystemUpdate: [Execution,ExecutionManager] Action pre-download-validate executed for 0.00 seconds.
08-01 02:39:55.538  6212 11465 W SystemUpdate: [Execution,ExecutionManager] Unable to create the action. Restart the execution from the scratch.
08-01 02:39:55.538  6212 11465 W SystemUpdate: java.lang.IllegalStateException
08-01 02:39:55.538  6212 11465 W SystemUpdate: 	at acea.l(:com.google.android.gms@232617044@23.26.17 (190400-551657477):6)
08-01 02:39:55.538  6212 11465 W SystemUpdate: 	at ckxl.a(:com.google.android.gms@232617044@23.26.17 (190400-551657477):324)
08-01 02:39:55.538  6212 11465 W SystemUpdate: 	at com.google.android.gms.update.execution.InstallationIntentOperation.onHandleIntent(:com.google.android.gms@232617044@23.26.17 (190400-551657477):120)
08-01 02:39:55.538  6212 11465 W SystemUpdate: 	at com.google.android.chimera.IntentOperation.onHandleIntent(:com.google.android.gms@232617044@23.26.17 (190400-551657477):2)
08-01 02:39:55.538  6212 11465 W SystemUpdate: 	at zvn.onHandleIntent(:com.google.android.gms@232617044@23.26.17 (190400-551657477):10)
08-01 02:39:55.538  6212 11465 W SystemUpdate: 	at hpu.run(:com.google.android.gms@232617044@23.26.17 (190400-551657477):70)
08-01 02:39:55.538  6212 11465 W SystemUpdate: 	at hpt.run(:com.google.android.gms@232617044@23.26.17 (190400-551657477):152)
08-01 02:39:55.538  6212 11465 W SystemUpdate: 	at difl.run(:com.google.android.gms@232617044@23.26.17 (190400-551657477):13)
08-01 02:39:55.538  6212 11465 W SystemUpdate: 	at java.util.concurrent.ThreadPoolExecutor.runWorker(ThreadPoolExecutor.java:1167)
08-01 02:39:55.538  6212 11465 W SystemUpdate: 	at java.util.concurrent.ThreadPoolExecutor$Worker.run(ThreadPoolExecutor.java:641)
08-01 02:39:55.538  6212 11465 W SystemUpdate: 	at java.lang.Thread.run(Thread.java:920)
08-01 02:39:55.545  4767 21693 I tlc_communication: mcWaitNotification is completed
08-01 02:39:55.545  4767 21693 I TLC_BAUTH: Check the Trustlet return code is completed
08-01 02:39:55.545  4767 21693 D bauth_FPBAuthService: check_opcode status = 2, opcode = 6, func_ret_val = 0, function_status = 1, timeout = 0
08-01 02:39:55.545  4767 21693 D bauth_FPBAuthService: FPBAuthService, 2462
08-01 02:39:55.545  4767 21693 D bauth_FPBAuthService: FPBAuthService, 2468
08-01 02:39:55.545  4767 21693 D bauth_FPBAuthService: fpop : 100022
08-01 02:39:55.545  4767 21693 D vendor.samsung.hardware.biometrics.fingerprint@3.0-service: onAcquired(6, 10003)
08-01 02:39:55.546  4767 21693 D bauth_FPBAuthService: FPBAuthService, 5377
08-01 02:39:55.546  4767 21693 I TLC_BAUTH: Call FP cmd 0x6
08-01 02:39:55.546  4767 21693 I tlc_communication: Send Trustlet TCI Message
08-01 02:39:55.546  4767 21693 I tlc_communication: mcNotify is completed
08-01 02:39:55.546  4974  4974 V Biometrics/AcquisitionClient: Acquired: 6 10003, shouldSend: true
08-01 02:39:55.546  5271  5271 W FingerprintManager: Invalid acquired message: 6, 10003
08-01 02:39:55.549  4767  5711 D bauth_FPBAuthService: pcf : 0x1012, 0 ,1 ,0 ,0 ,0 ,0, 5.0.0.0
08-01 02:39:55.549  4767  5711 D bauth_FPBAuthService: thread id : 1, preenroll_flag : 0, nd cnt : 0, cso : 0, et : 0
08-01 02:39:55.549  4767  5711 D bauth_FPBAuthService: FPBAuthService, 10979
08-01 02:39:55.559  6212 11465 I SystemUpdate: [Execution,ExecutionManager] Action pending executed for 0.02 seconds.
08-01 02:39:55.562  6212 11465 I SystemUpdate: [Execution,ExecutionManager] Action pre-download-validate executed for 0.00 seconds.
08-01 02:39:55.566  6212 11465 W SystemUpdate: [Execution,ExecutionManager] Unable to create the action. Restart the execution from the scratch.
08-01 02:39:55.566  6212 11465 W SystemUpdate: java.lang.IllegalStateException
08-01 02:39:55.566  6212 11465 W SystemUpdate: 	at acea.l(:com.google.android.gms@232617044@23.26.17 (190400-551657477):6)
08-01 02:39:55.566  6212 11465 W SystemUpdate: 	at ckxl.a(:com.google.android.gms@232617044@23.26.17 (190400-551657477):324)
08-01 02:39:55.566  6212 11465 W SystemUpdate: 	at com.google.android.gms.update.execution.InstallationIntentOperation.onHandleIntent(:com.google.android.gms@232617044@23.26.17 (190400-551657477):120)
08-01 02:39:55.566  6212 11465 W SystemUpdate: 	at com.google.android.chimera.IntentOperation.onHandleIntent(:com.google.android.gms@232617044@23.26.17 (190400-551657477):2)
08-01 02:39:55.566  6212 11465 W SystemUpdate: 	at zvn.onHandleIntent(:com.google.android.gms@232617044@23.26.17 (190400-551657477):10)
08-01 02:39:55.566  6212 11465 W SystemUpdate: 	at hpu.run(:com.google.android.gms@232617044@23.26.17 (190400-551657477):70)
08-01 02:39:55.566  6212 11465 W SystemUpdate: 	at hpt.run(:com.google.android.gms@232617044@23.26.17 (190400-551657477):152)
08-01 02:39:55.566  6212 11465 W SystemUpdate: 	at difl.run(:com.google.android.gms@232617044@23.26.17 (190400-551657477):13)
08-01 02:39:55.566  6212 11465 W SystemUpdate: 	at java.util.concurrent.ThreadPoolExecutor.runWorker(ThreadPoolExecutor.java:1167)
08-01 02:39:55.566  6212 11465 W SystemUpdate: 	at java.util.concurrent.ThreadPoolExecutor$Worker.run(ThreadPoolExecutor.java:641)
08-01 02:39:55.566  6212 11465 W SystemUpdate: 	at java.lang.Thread.run(Thread.java:920)
08-01 02:39:55.586  6212 11465 I SystemUpdate: [Execution,ExecutionManager] Action pending executed for 0.02 seconds.
08-01 02:39:55.590  6212 11465 I SystemUpdate: [Execution,ExecutionManager] Action pre-download-validate executed for 0.00 seconds.
08-01 02:39:55.593  6212 11465 W SystemUpdate: [Execution,ExecutionManager] Unable to create the action. Restart the execution from the scratch.
08-01 02:39:55.593  6212 11465 W SystemUpdate: java.lang.IllegalStateException
08-01 02:39:55.593  6212 11465 W SystemUpdate: 	at acea.l(:com.google.android.gms@232617044@23.26.17 (190400-551657477):6)
08-01 02:39:55.593  6212 11465 W SystemUpdate: 	at ckxl.a(:com.google.android.gms@232617044@23.26.17 (190400-551657477):324)
08-01 02:39:55.593  6212 11465 W SystemUpdate: 	at com.google.android.gms.update.execution.InstallationIntentOperation.onHandleIntent(:com.google.android.gms@232617044@23.26.17 (190400-551657477):120)
08-01 02:39:55.593  6212 11465 W SystemUpdate: 	at com.google.android.chimera.IntentOperation.onHandleIntent(:com.google.android.gms@232617044@23.26.17 (190400-551657477):2)
08-01 02:39:55.593  6212 11465 W SystemUpdate: 	at zvn.onHandleIntent(:com.google.android.gms@232617044@23.26.17 (190400-551657477):10)
08-01 02:39:55.593  6212 11465 W SystemUpdate: 	at hpu.run(:com.google.android.gms@232617044@23.26.17 (190400-551657477):70)
08-01 02:39:55.593  6212 11465 W SystemUpdate: 	at hpt.run(:com.google.android.gms@232617044@23.26.17 (190400-551657477):152)
08-01 02:39:55.593  6212 11465 W SystemUpdate: 	at difl.run(:com.google.android.gms@232617044@23.26.17 (190400-551657477):13)
08-01 02:39:55.593  6212 11465 W SystemUpdate: 	at java.util.concurrent.ThreadPoolExecutor.runWorker(ThreadPoolExecutor.java:1167)
08-01 02:39:55.593  6212 11465 W SystemUpdate: 	at java.util.concurrent.ThreadPoolExecutor$Worker.run(ThreadPoolExecutor.java:641)
08-01 02:39:55.593  6212 11465 W SystemUpdate: 	at java.lang.Thread.run(Thread.java:920)
08-01 02:39:55.606  4767 21693 I tlc_communication: mcWaitNotification is completed
08-01 02:39:55.606  4767 21693 I TLC_BAUTH: Check the Trustlet return code is completed
08-01 02:39:55.606  4767 21693 D bauth_FPBAuthService: check_opcode status = 2, opcode = 0, func_ret_val = 0, function_status = 1, timeout = 0
08-01 02:39:55.606  4767 21693 D bauth_FPBAuthService: FPBAuthService, 5515
08-01 02:39:55.606  4767 21693 D bauth_FPBAuthService: fpop : 100024
08-01 02:39:55.606  4767 21693 D vendor.samsung.hardware.biometrics.fingerprint@3.0-service: onAcquired(6, 10005)
08-01 02:39:55.606  4767 21693 D bauth_FPBAuthService: cfcbe
08-01 02:39:55.607  4767 21693 D bauth_FPBAuthService: FPBAuthService, 5575
08-01 02:39:55.607  4767 21693 D bauth_FPBAuthService: fpop : 100010
08-01 02:39:55.607  4767 21693 D vendor.samsung.hardware.biometrics.fingerprint@3.0-service: onAuthenticated(fid=2, gid=0)
08-01 02:39:55.607  4767 21693 I TLC_BAUTH: Call FP cmd 0xc (46)
08-01 02:39:55.607  4974  4974 V Biometrics/AcquisitionClient: Acquired: 6 10005, shouldSend: true
08-01 02:39:55.607  4767 21693 I TLC_BAUTH: reqUserID = User_0 | User_0
08-01 02:39:55.607  4767 21693 I tlc_communication: Send Trustlet TCI Message
08-01 02:39:55.607  4767 21693 I tlc_communication: mcNotify is completed
08-01 02:39:55.607  4974  4974 V Biometrics/LoggableMonitor: Authentication latency: -1
08-01 02:39:55.607  4974  4974 W Biometrics/LoggableMonitor: found a negative latency : -1
08-01 02:39:55.607  4974  4974 V Biometrics/AuthenticationClient: onAuthenticated(true), ID:2, Owner: com.android.systemui, isBP: false, listener: com.android.server.biometrics.sensors.ClientMonitorCallbackConverter@6b13c03, requireConfirmation: false, user: 0, clientMonitor: {[74] FingerprintAuthenticationClient, proto=3, owner=com.android.systemui, cookie=0, requestId=35, userId=0}
08-01 02:39:55.607  5271  5271 W FingerprintManager: Invalid acquired message: 6, 10005
08-01 02:39:55.607  4974  4974 W Biometrics/AuthenticationClient: Allowing background authentication, this is allowed only for platform or test invocations
08-01 02:39:55.609  4635  4635 D SecVibrator-HAL: perform start effect : 0, strength : 0
08-01 02:39:55.609  4635  4635 D SecVibrator-HAL: >> writeNode node:/sys/class/timed_output/vibrator/enable val:20
08-01 02:39:55.609  4767 21693 I tlc_communication: mcWaitNotification is completed
08-01 02:39:55.609  4767 21693 I TLC_BAUTH: Check the Trustlet return code is completed
08-01 02:39:55.609  4767 21693 D bauth_FPBAuthService: FPBAuthService, 5650
08-01 02:39:55.609  4635  4635 D SecVibrator-HAL: << writeNode node OK
08-01 02:39:55.609  4635  4635 D SecVibrator-HAL: isNodeExist node:/sys/class/timed_output/vibrator/intensity 
08-01 02:39:55.610  4635  4635 D SecVibrator-HAL: true
08-01 02:39:55.610  4635  4635 D SecVibrator-HAL: Setting amplitude to: 1379
08-01 02:39:55.610  4635  4635 D SecVibrator-HAL: >> writeNode node:/sys/class/timed_output/vibrator/intensity val:1379
08-01 02:39:55.610  4635  4635 D SecVibrator-HAL: << writeNode node OK
08-01 02:39:55.610  4635  4635 D SecVibrator-HAL: perform end effect
08-01 02:39:55.610  4974  4974 D Biometrics/AuthenticationClient: addAuthToken: 0
08-01 02:39:55.610  4974  4974 D BiometricScheduler/Fingerprint21: [Finishing] {[74] FingerprintAuthenticationClient, proto=3, owner=com.android.systemui, cookie=0, requestId=35, userId=0}, success: true
08-01 02:39:55.610  4974  4974 D BiometricCoexCoordinator: removeAuthenticationClient(OtherFp), client: {[74] FingerprintAuthenticationClient, proto=3, owner=com.android.systemui, cookie=0, requestId=35, userId=0}
08-01 02:39:55.610  4974  4974 D FingerprintService: Client finished, fps state updated to 0, client {[74] FingerprintAuthenticationClient, proto=3, owner=com.android.systemui, cookie=0, requestId=35, userId=0}
08-01 02:39:55.611  4974  4974 D GestureAvailabilityTracker: Notifying gesture availability, active=true
08-01 02:39:55.611  4974  4974 D BiometricScheduler/Fingerprint21: No operations, returning to idle
08-01 02:39:55.614  4543 14603 I keystore2: keystore2::authorization: on_lock_screen_event(LockScreenEvent(0), user_id=0, password.is_some()=false, unlocking_sids=Some([5366086529039087194]))
08-01 02:39:55.616  5271  5271 E FaceManager: No sensors
08-01 02:39:55.617  4544  4544 W keymaster_tee: [WRN]start nwd_get_key_characteristics
08-01 02:39:55.619  4544  4544 W keymaster_tee: [WRN]ret OK PARAMS: A32 AT2 P1 B32 P1 TO15 CN1 S256 2023.08.01,02:38:23.482 
08-01 02:39:55.619  4544  4544 W keymaster_tee: [WRN]begin req PARAMS: A32 S256 B32 P1 
08-01 02:39:55.621  6212 11465 I SystemUpdate: [Execution,ExecutionManager] Action pending executed for 0.03 seconds.
08-01 02:39:55.624  4544  4544 W keymaster_tee: [WRN]start nwd_get_key_characteristics
08-01 02:39:55.624  5271  5271 V BiometricUnlockCtrl: startWakeAndUnlock(1)
08-01 02:39:55.624  5271  5271 I BiometricUnlockCtrl: bio wakelock: Authenticated, waking up...
08-01 02:39:55.624  4974  5607 I PowerManagerService: Powering on display group fromDozing (groupId=0, uid=10101, reason=WAKE_REASON_GESTURE, details=android.policy:BIOMETRIC)...
08-01 02:39:55.624  4974  5607 I PowerManagerService: Waking up from Dozing (uid=10101, reason=WAKE_REASON_GESTURE, details=android.policy:BIOMETRIC)...
08-01 02:39:55.625  4544  4544 W keymaster_tee: [WRN]ret OK PARAMS: A32 AT2 P1 B32 P1 TO15 CN1 S256 2023.08.01,02:38:23.482 
08-01 02:39:55.625  4544  4544 W keymaster_tee: [WRN]begin req PARAMS: A32 S256 B32 P1 
08-01 02:39:55.626  6212 11465 I SystemUpdate: [Execution,ExecutionManager] Action pre-download-validate executed for 0.00 seconds.
08-01 02:39:55.628  4543 14603 I keystore2: keystore2::super_key: In try_unlock_user_with_biometric: Successfully unlocked with biometric
08-01 02:39:55.629  4603  4697 I display : getColorModes:: is not supported
08-01 02:39:55.629  4603  4697 I display : getColorModes:: is not supported
08-01 02:39:55.629  4653  5045 E HWComposer: getSupportedContentTypes: getSupportedContentTypes failed for display 0: Unsupported (8)
08-01 02:39:55.630  4635  4635 D SecVibrator-HAL: >> writeNode node:/sys/class/timed_output/vibrator/enable val:0
08-01 02:39:55.631  4635  4635 D SecVibrator-HAL: << writeNode node OK
08-01 02:39:55.631  4612  4612 E libperfmgr: PowerHint type not present in actions: NOT_INTERACTIVE
08-01 02:39:55.634  4767 21693 I TLC_BAUTH: Call FP cmd 0x7
08-01 02:39:55.634  4767 21693 I tlc_communication: Send Trustlet TCI Message
08-01 02:39:55.634  4767 21693 I tlc_communication: mcNotify is completed
08-01 02:39:55.643  6212 11465 W SystemUpdate: [Execution,ExecutionManager] Unable to create the action. Restart the execution from the scratch.
08-01 02:39:55.643  6212 11465 W SystemUpdate: java.lang.IllegalStateException
08-01 02:39:55.643  6212 11465 W SystemUpdate: 	at acea.l(:com.google.android.gms@232617044@23.26.17 (190400-551657477):6)
08-01 02:39:55.643  6212 11465 W SystemUpdate: 	at ckxl.a(:com.google.android.gms@232617044@23.26.17 (190400-551657477):324)
08-01 02:39:55.643  6212 11465 W SystemUpdate: 	at com.google.android.gms.update.execution.InstallationIntentOperation.onHandleIntent(:com.google.android.gms@232617044@23.26.17 (190400-551657477):120)
08-01 02:39:55.643  6212 11465 W SystemUpdate: 	at com.google.android.chimera.IntentOperation.onHandleIntent(:com.google.android.gms@232617044@23.26.17 (190400-551657477):2)
08-01 02:39:55.643  6212 11465 W SystemUpdate: 	at zvn.onHandleIntent(:com.google.android.gms@232617044@23.26.17 (190400-551657477):10)
08-01 02:39:55.643  6212 11465 W SystemUpdate: 	at hpu.run(:com.google.android.gms@232617044@23.26.17 (190400-551657477):70)
08-01 02:39:55.643  6212 11465 W SystemUpdate: 	at hpt.run(:com.google.android.gms@232617044@23.26.17 (190400-551657477):152)
08-01 02:39:55.643  6212 11465 W SystemUpdate: 	at difl.run(:com.google.android.gms@232617044@23.26.17 (190400-551657477):13)
08-01 02:39:55.643  6212 11465 W SystemUpdate: 	at java.util.concurrent.ThreadPoolExecutor.runWorker(ThreadPoolExecutor.java:1167)
08-01 02:39:55.643  6212 11465 W SystemUpdate: 	at java.util.concurrent.ThreadPoolExecutor$Worker.run(ThreadPoolExecutor.java:641)
08-01 02:39:55.643  6212 11465 W SystemUpdate: 	at java.lang.Thread.run(Thread.java:920)
08-01 02:39:55.647  4974  5041 D mali_winsys: EGLint new_window_surface(egl_winsys_display *, void *, EGLSurface, EGLConfig, egl_winsys_surface **, EGLBoolean) returns 0x3000
08-01 02:39:55.648  4767 21693 I tlc_communication: mcWaitNotification is completed
08-01 02:39:55.648  4767 21693 I TLC_BAUTH: Check the Trustlet return code is completed
08-01 02:39:55.648  4767 21693 D bauth_FPBAuthService: FPBAuthService, 5916
08-01 02:39:55.648  4767 21693 D bauth_FPBAuthService: check_opcode status = 2, opcode = 7, func_ret_val = 0, function_status = 2, timeout = 0
08-01 02:39:55.649  4974  5041 I DisplayPowerController[0]: Blocking screen off
08-01 02:39:55.649  4974  5041 I DisplayPowerController[0]: Unblocked screen off after 0 ms
08-01 02:39:55.650  4614  4614 I Sensors : batch(0) - accelerometer_sensor try to batching with 2000000
08-01 02:39:55.650 10224 10224 I Finsky  : [2] zhk.onStartJob(132): SCH: job service start with id 9252.
08-01 02:39:55.652  4974  5041 I DisplayPowerController[0]: Blocking screen on until initial contents have been drawn.
08-01 02:39:55.654  4974  5041 V DisplayPowerController[0]: Brightness [0.28985476] reason changing to: 'manual', previous reason: 'doze'.
08-01 02:39:55.655  5271  5271 D StatusBar: updateQsExpansionEnabled - QS Expand enabled: true
08-01 02:39:55.655  4974  5027 E system_server: Cannot read thread CPU times for PID 4974
08-01 02:39:55.655  4653  4653 D SurfaceFlinger: Setting power mode 2 on display 0
08-01 02:39:55.655  4603  4697 D display : setPowerMode:: FBIOBLANK mode(2), blank(0)
08-01 02:39:55.656  4974  5012 I DisplayDeviceRepository: Display device changed state: "Built-in Screen", ON
08-01 02:39:55.658  4974  5012 I InputManager-JNI: Viewport [0] to add: local:0, isActive: true
08-01 02:39:55.659  5271  5271 D StatusBar: updateQsExpansionEnabled - QS Expand enabled: true
08-01 02:39:55.661  4974  5109 I InputReader: Reconfiguring input devices, changes=DISPLAY_INFO | 
08-01 02:39:55.661  4974  5109 I InputReader: Device reconfigured: id=5, name='sec_touchpad', size 1440x2960, orientation 0, mode 4, display id 0
08-01 02:39:55.661  4974  5109 I InputReader: Device reconfigured: id=3, name='sec_touchscreen', size 1440x2960, orientation 0, mode 1, display id 0
08-01 02:39:55.661  5892  5892 I NearbyDiscovery: (REDACTED) FastPairDisplayObserver: %s -> %s
08-01 02:39:55.662  5892  5892 I NearbyDirect: (REDACTED) FastPairDisplayObserver: %s -> %s
08-01 02:39:55.662  4614  4812 E Sensors : Sensor : Meta event
08-01 02:39:55.662  5271  5271 E FaceManager: No sensors
08-01 02:39:55.662  5892  8506 I NearbyDiscovery: (REDACTED) FastPairScanner: isScreenOn=%s, isLocationEnabled=%s, disableLocationRequirement=%s, isDiscoveryScanningEnabled=%s, during24GhzWifiWarmingUpPeriod=%s
08-01 02:39:55.662  5892  8506 D BluetoothAdapter: isLeEnabled(): ON
08-01 02:39:55.662  5892  8506 I NearbyDiscovery: (REDACTED) FastPairScanner: eventType=%s, intReq=%s, scanning=%s, scanAllowed=%s, bleEnabled=%s, bleScanAvailable=%s, lockScanRate=%s, startScanningByLowPowerMode=%s
08-01 02:39:55.663  5892  8506 I NearbyDiscovery: (REDACTED) FastPairScanner: isScreenOn=%s, isLocationEnabled=%s, disableLocationRequirement=%s, isDiscoveryScanningEnabled=%s, during24GhzWifiWarmingUpPeriod=%s
08-01 02:39:55.663  5892  8506 I NearbyDiscovery: (REDACTED) FastPairScanner: Start scanning internally in %s
08-01 02:39:55.663  5892  8506 D BluetoothAdapter: isLeEnabled(): ON
08-01 02:39:55.663  5892  8556 I Nearby  : (REDACTED) [MBleClient] Start ble scanning from %s, context tag = %s
08-01 02:39:55.663  5892  8556 D BluetoothAdapter: isLeEnabled(): ON
08-01 02:39:55.665  5271  5271 D KeyguardUpdateMonitor: fingerprintRunningState: 0
08-01 02:39:55.665  5892  8556 I Nearby  : (REDACTED) [MBleClient] M hardware scan: %d clients, scanMode= %s, filters size = %s
08-01 02:39:55.666  5892  8556 D BluetoothAdapter: isLeEnabled(): ON
08-01 02:39:55.666  5256  5956 E bt_btm  : system/bt/main/bte_logmsg.cc:191 LogMsg: BTM_BleObserve Observe not active
08-01 02:39:55.666  5256  5956 I bt_stack: [INFO:gatt_api.cc(1042)] GATT_Deregister gatt_if=6
08-01 02:39:55.666  5271  5271 E FaceManager: No sensors
08-01 02:39:55.666  6212 11465 I SystemUpdate: [Execution,ExecutionManager] Action pending executed for 0.02 seconds.
08-01 02:39:55.666  5271  5271 E FaceManager: No sensors
08-01 02:39:55.667  5256  5956 I bluetooth: system/bt/stack/gatt/gatt_api.cc:1019 GATT_Register: Allocated name:GattClient uuid:c635f3d4-334e-d20e-d920-56ae0eced09b gatt_if:5 eatt_support:0
08-01 02:39:55.667  5256  5956 I bluetooth: system/bt/stack/gatt/gatt_api.cc:1019 GATT_Register: Allocated name:GattClient uuid:49bb0a90-aca7-7520-f222-16f05e107252 gatt_if:6 eatt_support:0
08-01 02:39:55.668  5892  5944 D BluetoothLeScanner: onScannerRegistered() - status=0 scannerId=5 mScannerId=0
08-01 02:39:55.668  5892 10767 D BluetoothLeScanner: onScannerRegistered() - status=0 scannerId=6 mScannerId=0
08-01 02:39:55.670  6212 11465 I SystemUpdate: [Execution,ExecutionManager] Action pre-download-validate executed for 0.00 seconds.
08-01 02:39:55.671  5892  8506 I NearbyDiscovery: (REDACTED) FastPairScanner: Starting %s scan for %s seconds
08-01 02:39:55.672 10224 22165 I Finsky  : [1291] zgf.a(961): SCH: Satisfied jobs for 9252 are: 12-1
08-01 02:39:55.673  6212 11465 W SystemUpdate: [Execution,ExecutionManager] Unable to create the action. Restart the execution from the scratch.
08-01 02:39:55.673  6212 11465 W SystemUpdate: java.lang.IllegalStateException
08-01 02:39:55.673  6212 11465 W SystemUpdate: 	at acea.l(:com.google.android.gms@232617044@23.26.17 (190400-551657477):6)
08-01 02:39:55.673  6212 11465 W SystemUpdate: 	at ckxl.a(:com.google.android.gms@232617044@23.26.17 (190400-551657477):324)
08-01 02:39:55.673  6212 11465 W SystemUpdate: 	at com.google.android.gms.update.execution.InstallationIntentOperation.onHandleIntent(:com.google.android.gms@232617044@23.26.17 (190400-551657477):120)
08-01 02:39:55.673  6212 11465 W SystemUpdate: 	at com.google.android.chimera.IntentOperation.onHandleIntent(:com.google.android.gms@232617044@23.26.17 (190400-551657477):2)
08-01 02:39:55.673  6212 11465 W SystemUpdate: 	at zvn.onHandleIntent(:com.google.android.gms@232617044@23.26.17 (190400-551657477):10)
08-01 02:39:55.673  6212 11465 W SystemUpdate: 	at hpu.run(:com.google.android.gms@232617044@23.26.17 (190400-551657477):70)
08-01 02:39:55.673  6212 11465 W SystemUpdate: 	at hpt.run(:com.google.android.gms@232617044@23.26.17 (190400-551657477):152)
08-01 02:39:55.673  6212 11465 W SystemUpdate: 	at difl.run(:com.google.android.gms@232617044@23.26.17 (190400-551657477):13)
08-01 02:39:55.673  6212 11465 W SystemUpdate: 	at java.util.concurrent.ThreadPoolExecutor.runWorker(ThreadPoolExecutor.java:1167)
08-01 02:39:55.673  6212 11465 W SystemUpdate: 	at java.util.concurrent.ThreadPoolExecutor$Worker.run(ThreadPoolExecutor.java:641)
08-01 02:39:55.673  6212 11465 W SystemUpdate: 	at java.lang.Thread.run(Thread.java:920)
08-01 02:39:55.675 10224 22719 I Finsky  : [1296] zfs.accept(576): SCH: Job 12-1 starting
08-01 02:39:55.675  4754  4852 W libc    : Access denied finding property "mdc.set_partnerid"
08-01 02:39:55.676 10224 10224 I Finsky  : [2] ContentSyncJob.v(14): [ContentSync] job started
08-01 02:39:55.677  4591  4681 D audio_hw_primary: device-adev_set_parameters: enter with key(screen_state=on)
08-01 02:39:55.677  4591  4681 I audio_hw_primary: device-adev_set_parameters: Screen State = on)
08-01 02:39:55.679  4754  5001 W libc    : Access denied finding property "mdc.set_partnerid"
08-01 02:39:55.679  4754  5001 W libc    : Access denied finding property "mdc.set_partnerid"
08-01 02:39:55.679  4754  5001 W libc    : Access denied finding property "mdc.set_partnerid"
08-01 02:39:55.684  4754  4852 W libc    : Access denied finding property "mdc.set_partnerid"
08-01 02:39:55.684  4754  4852 W libc    : Access denied finding property "mdc.set_partnerid"
08-01 02:39:55.685  4754  4852 W libc    : Access denied finding property "mdc.set_partnerid"
08-01 02:39:55.687  4614  4812 E Sensors : Sensor : Meta event
08-01 02:39:55.690  4754  5001 W libc    : Access denied finding property "mdc.set_partnerid"
08-01 02:39:55.690  4754  5001 W libc    : Access denied finding property "mdc.set_partnerid"
08-01 02:39:55.690  4754  5001 W libc    : Access denied finding property "mdc.set_partnerid"
08-01 02:39:55.690  4754  4852 W libc    : Access denied finding property "mdc.set_partnerid"
08-01 02:39:55.691  6212 11465 I SystemUpdate: [Execution,ExecutionManager] Action pending executed for 0.02 seconds.
08-01 02:39:55.694  6212 11465 I SystemUpdate: [Execution,ExecutionManager] Action pre-download-validate executed for 0.00 seconds.
08-01 02:39:55.694  4754  4852 W libc    : Access denied finding property "mdc.set_partnerid"
08-01 02:39:55.694  4754  4852 W libc    : Access denied finding property "mdc.set_partnerid"
08-01 02:39:55.694  4754  4852 W libc    : Access denied finding property "mdc.set_partnerid"
08-01 02:39:55.695  5271  5271 E FaceManager: No sensors
08-01 02:39:55.695  5271  5271 D StatusBar: updateQsExpansionEnabled - QS Expand enabled: true
08-01 02:39:55.700  6212 11465 W SystemUpdate: [Execution,ExecutionManager] Unable to create the action. Restart the execution from the scratch.
08-01 02:39:55.700  6212 11465 W SystemUpdate: java.lang.IllegalStateException
08-01 02:39:55.700  6212 11465 W SystemUpdate: 	at acea.l(:com.google.android.gms@232617044@23.26.17 (190400-551657477):6)
08-01 02:39:55.700  6212 11465 W SystemUpdate: 	at ckxl.a(:com.google.android.gms@232617044@23.26.17 (190400-551657477):324)
08-01 02:39:55.700  6212 11465 W SystemUpdate: 	at com.google.android.gms.update.execution.InstallationIntentOperation.onHandleIntent(:com.google.android.gms@232617044@23.26.17 (190400-551657477):120)
08-01 02:39:55.700  6212 11465 W SystemUpdate: 	at com.google.android.chimera.IntentOperation.onHandleIntent(:com.google.android.gms@232617044@23.26.17 (190400-551657477):2)
08-01 02:39:55.700  6212 11465 W SystemUpdate: 	at zvn.onHandleIntent(:com.google.android.gms@232617044@23.26.17 (190400-551657477):10)
08-01 02:39:55.700  6212 11465 W SystemUpdate: 	at hpu.run(:com.google.android.gms@232617044@23.26.17 (190400-551657477):70)
08-01 02:39:55.700  6212 11465 W SystemUpdate: 	at hpt.run(:com.google.android.gms@232617044@23.26.17 (190400-551657477):152)
08-01 02:39:55.700  6212 11465 W SystemUpdate: 	at difl.run(:com.google.android.gms@232617044@23.26.17 (190400-551657477):13)
08-01 02:39:55.700  6212 11465 W SystemUpdate: 	at java.util.concurrent.ThreadPoolExecutor.runWorker(ThreadPoolExecutor.java:1167)
08-01 02:39:55.700  6212 11465 W SystemUpdate: 	at java.util.concurrent.ThreadPoolExecutor$Worker.run(ThreadPoolExecutor.java:641)
08-01 02:39:55.700  6212 11465 W SystemUpdate: 	at java.lang.Thread.run(Thread.java:920)
08-01 02:39:55.703  6357  6357 D NfcService: MSG_APPLY_SCREEN_STATE 4
08-01 02:39:55.706  6357  8010 I libnfc_nci: [INFO:NativeNfcManager.cpp(1321)] nfcManager_enableDiscovery: enter; tech_mask = 00
08-01 02:39:55.706  6357  8010 I libnfc_nci: [INFO:PowerSwitch.cpp(154)] PowerSwitch::setLevel: level=PS-FULL (1)
08-01 02:39:55.706  6357  8010 I libnfc_nci: [INFO:NativeNfcTag.cpp(1829)] nativeNfcTag_acquireRfInterfaceMutexLock: try to acquire lock
08-01 02:39:55.706  6357  8010 I libnfc_nci: [INFO:NativeNfcTag.cpp(1832)] nativeNfcTag_acquireRfInterfaceMutexLock: sRfInterfaceMutex lock
08-01 02:39:55.706  6357  8010 I libnfc_nci: [INFO:NativeNfcManager.cpp(2425)] stopPolling_rfDiscoveryDisabled: disable polling
08-01 02:39:55.707  6357  8010 I libnfc_nci: [INFO:nfa_dm_api.cc(477)] NFA_DisablePolling
08-01 02:39:55.707  6357  8010 I libnfc_nci: [INFO:gki_buffer.cc(305)] GKI_getbuf 0x77c80a6560 31:36
08-01 02:39:55.707  6357  6887 I libnfc_nci: [INFO:nfa_sys_main.cc(77)] NFA got event 0x0107
08-01 02:39:55.707  6357  6887 I libnfc_nci: [INFO:nfa_dm_main.cc(122)] event: NFA_DM_API_DISABLE_POLLING_EVT (0x07)
08-01 02:39:55.707  6357  6887 I libnfc_nci: [INFO:nfa_dm_act.cc(1053)] nfa_dm_act_disable_polling
08-01 02:39:55.708  6357  6887 I libnfc_nci: [INFO:NativeNfcManager.cpp(293)] nfaConnectionCallback: event= 1
08-01 02:39:55.708  6357  6887 I libnfc_nci: [INFO:NativeNfcManager.cpp(308)] nfaConnectionCallback: NFA_POLL_DISABLED_EVT: status = 3
08-01 02:39:55.708  6357  8010 I libnfc_nci: [INFO:NativeNfcTag.cpp(1847)] nativeNfcTag_releaseRfInterfaceMutexLock: sRfInterfaceMutex unlock
08-01 02:39:55.708  6357  8010 I libnfc_nci: [INFO:nfa_ee_api.cc(434)] handle:<0x0>protocol_mask:<0x8>/<0x0>/<0x0><0x8><0x0><0x0>
08-01 02:39:55.708  6357  8010 I libnfc_nci: [INFO:nfa_ee_main.cc(409)] nfa_ee_find_ecb
08-01 02:39:55.708  6357  8010 I libnfc_nci: [INFO:gki_buffer.cc(305)] GKI_getbuf 0x77d8045ba0 31:36
08-01 02:39:55.708  6357  6887 I libnfc_nci: [INFO:nfa_sys_main.cc(77)] NFA got event 0x0206
08-01 02:39:55.708  6357  6887 I libnfc_nci: [INFO:nfa_ee_main.cc(651)] Event API_SET_PROTO_CFG(0x206), State: INIT_DONE(1)
08-01 02:39:55.708  6357  6887 I libnfc_nci: [INFO:RoutingManager.cpp(789)] RoutingManager::nfaEeCallback: NFA_EE_SET_PROTO_CFG_EVT; status=0x0
08-01 02:39:55.708  6357  8010 I libnfc_nci: [INFO:nfa_ee_api.cc(303)] handle:<0x0>technology_mask:<0x4>/<0x0>/<0x0><0x4><0x4><0x4>
08-01 02:39:55.708  6357  8010 I libnfc_nci: [INFO:nfa_ee_main.cc(409)] nfa_ee_find_ecb
08-01 02:39:55.708  6357  8010 I libnfc_nci: [INFO:gki_buffer.cc(305)] GKI_getbuf 0x77d8045ba0 31:36
08-01 02:39:55.708  6357  6887 I libnfc_nci: [INFO:nfa_sys_main.cc(77)] NFA got event 0x0204
08-01 02:39:55.708  6357  6887 I libnfc_nci: [INFO:nfa_ee_main.cc(651)] Event API_SET_TECH_CFG(0x204), State: INIT_DONE(1)
08-01 02:39:55.708  6357  6887 I libnfc_nci: [INFO:RoutingManager.cpp(775)] RoutingManager::nfaEeCallback: NFA_EE_SET_TECH_CFG_EVT; status=0x0
08-01 02:39:55.708  6357  8010 I libnfc_nci: [INFO:RoutingManager.cpp(351)] RoutingManager::commitRouting
08-01 02:39:55.708  6357  8010 I libnfc_nci: [INFO:nfa_ee_api.cc(803)] NFA_EeUpdateNow
08-01 02:39:55.708  6357  8010 I libnfc_nci: [INFO:gki_buffer.cc(305)] GKI_getbuf 0x77c80a6560 31:36
08-01 02:39:55.708  6357  6887 I libnfc_nci: [INFO:nfa_sys_main.cc(77)] NFA got event 0x020D
08-01 02:39:55.708  6357  6887 I libnfc_nci: [INFO:nfa_ee_main.cc(651)] Event API_UPDATE_NOW(0x20d), State: INIT_DONE(1)
08-01 02:39:55.708  6357  6887 I libnfc_nci: [INFO:nfa_sys_ptim.cc(156)] nfa_sys_ptim_stop_timer 0x7733f7b378
08-01 02:39:55.708  6357  6887 I libnfc_nci: [INFO:nfa_sys_ptim.cc(163)] ptim timer stop
08-01 02:39:55.708  6357  6887 I libnfc_nci: [INFO:nfa_ee_act.cc(2755)] nfa_ee_rout_timeout
08-01 02:39:55.708  6357  6887 I libnfc_nci: [INFO:nfa_ee_act.cc(2715)] ee_cfged: 0x92 ee_cfg_sts: 0x10
08-01 02:39:55.708  6357  6887 I libnfc_nci: [INFO:nfa_ee_act.cc(2726)] 0: ecb_flags  : 0x00, mask: 0x10
08-01 02:39:55.708  6357  6887 I libnfc_nci: [INFO:nfa_ee_act.cc(2726)] 1: ecb_flags  : 0x00, mask: 0x01
08-01 02:39:55.708  6357  6887 I libnfc_nci: [INFO:nfa_ee_act.cc(2726)] 2: ecb_flags  : 0x00, mask: 0x02
08-01 02:39:55.708  6357  6887 I libnfc_nci: [INFO:nfa_ee_act.cc(2246)] nfa_ee_report_update_evt ee_wait_evt:0x10 wait_rsp:0
08-01 02:39:55.708  6357  6887 I libnfc_nci: [INFO:RoutingManager.cpp(888)] RoutingManager::nfaEeCallback: NFA_EE_UPDATED_EVT
08-01 02:39:55.708  6357  8010 I libnfc_nci: [INFO:NativeNfcManager.cpp(2275)] startRfDiscovery: is start=1
08-01 02:39:55.708  6357  8010 I libnfc_nci: [INFO:NativeNfcTag.cpp(1829)] nativeNfcTag_acquireRfInterfaceMutexLock: try to acquire lock
08-01 02:39:55.708  6357  8010 I libnfc_nci: [INFO:NativeNfcTag.cpp(1832)] nativeNfcTag_acquireRfInterfaceMutexLock: sRfInterfaceMutex lock
08-01 02:39:55.708  6357  8010 I libnfc_nci: [INFO:nfa_dm_api.cc(691)] NFA_StartRfDiscovery
08-01 02:39:55.708  6357  8010 I libnfc_nci: [INFO:gki_buffer.cc(305)] GKI_getbuf 0x77c80a6560 31:36
08-01 02:39:55.708  6357  6887 I libnfc_nci: [INFO:nfa_sys_main.cc(77)] NFA got event 0x010E
08-01 02:39:55.708  6357  6887 I libnfc_nci: [INFO:nfa_dm_main.cc(122)] event: NFA_DM_API_START_RF_DISCOVERY_EVT (0x0e)
08-01 02:39:55.709  6357  6887 I libnfc_nci: [INFO:nfa_dm_act.cc(1241)] nfa_dm_act_start_rf_discovery
08-01 02:39:55.709  6357  6887 I libnfc_nci: [INFO:nfa_dm_discover.cc(884)] nfa_dm_start_rf_discover
08-01 02:39:55.709  6357  6887 I libnfc_nci: [INFO:nfa_ee_act.cc(2526)] 1
08-01 02:39:55.709  6357  6887 I libnfc_nci: [INFO:nfa_ee_act.cc(2550)] 0x2, 0x2, 0x0, 0x0
08-01 02:39:55.709  6357  6887 I libnfc_nci: [INFO:nfa_dm_discover.cc(1012)] nfa_dm_cb.disc_cb.entry[0].selected_disc_mask = 0x140000
08-01 02:39:55.709  6357  6887 I libnfc_nci: [INFO:nfa_dm_discover.cc(1012)] nfa_dm_cb.disc_cb.entry[1].selected_disc_mask = 0x40000
08-01 02:39:55.709  6357  6887 I libnfc_nci: [INFO:nfa_dm_discover.cc(1050)] dm_disc_mask = 0x140000
08-01 02:39:55.709  6357  6887 I libnfc_nci: [INFO:nfa_dm_discover.cc(280)] tech_proto_mask = 0x00140000
08-01 02:39:55.709  6357  6887 I libnfc_nci: [INFO:nfa_dm_main.cc(222)] nfa_dm_check_set_config
08-01 02:39:55.709  6357  6887 I libnfc_nci: [INFO:gki_buffer.cc(305)] GKI_getbuf 0x7898039060 32:36
08-01 02:39:55.709  6357  6887 I libnfc_nci: [INFO:NfcAdaptation.cc(648)] NfcAdaptation::HalWrite
08-01 02:39:55.713  4627  4627 I SecHAL  : nfc_hal_write: enter;
08-01 02:39:55.713  4627  4627 E SecHAL  : nfc_hal_write: [Cmd]Send EVT data_sending_flag = true, return size=7!!
08-01 02:39:55.713  4627  4627 I SecHAL  : nfc_hal_write: exit;
08-01 02:39:55.713  4627  6917 D SecHAL  : nfc_hal_task: Got a event: HAL_EVT_WRITE(3)
08-01 02:39:55.713  4627  6917 D SecHAL  : nfc_hal_task: current state: SERVICE
08-01 02:39:55.713  6357  6887 I libnfc_nci: [INFO:nfa_dm_discover.cc(370)] nfa_dm_set_total_duration
08-01 02:39:55.713  6357  6887 I libnfc_nci: [INFO:nfa_dm_main.cc(222)] nfa_dm_check_set_config
08-01 02:39:55.713  6357  6887 I libnfc_nci: [INFO:nfc_main.cc(934)] NFC_DiscoveryStart
08-01 02:39:55.713  6357  6887 I libnfc_nci: [INFO:gki_buffer.cc(305)] GKI_getbuf 0x77d80444e0 32:36
