08-02 16:12:39.540  6755 12042 W SystemUpdate: 	at zvn.onHandleIntent(:com.google.android.gms@232617044@23.26.17 (190400-551657477):10)
08-02 16:12:39.540  6755 12042 W SystemUpdate: 	at hpu.run(:com.google.android.gms@232617044@23.26.17 (190400-551657477):70)
08-02 16:12:39.540  6755 12042 W SystemUpdate: 	at hpt.run(:com.google.android.gms@232617044@23.26.17 (190400-551657477):152)
08-02 16:12:39.540  6755 12042 W SystemUpdate: 	at difl.run(:com.google.android.gms@232617044@23.26.17 (190400-551657477):13)
08-02 16:12:39.540  6755 12042 W SystemUpdate: 	at java.util.concurrent.ThreadPoolExecutor.runWorker(ThreadPoolExecutor.java:1167)
08-02 16:12:39.540  6755 12042 W SystemUpdate: 	at java.util.concurrent.ThreadPoolExecutor$Worker.run(ThreadPoolExecutor.java:641)
08-02 16:12:39.540  6755 12042 W SystemUpdate: 	at java.lang.Thread.run(Thread.java:920)
08-02 16:12:39.548  4602  4658 I display : getColorModes:: is not supported
08-02 16:12:39.548  4602  4658 I display : getColorModes:: is not supported
08-02 16:12:39.548  4653  5038 E HWComposer: getSupportedContentTypes: getSupportedContentTypes failed for display 0: Unsupported (8)
08-02 16:12:39.550  9638  9712 D hw-ProcessState: Binder ioctl to enable oneway spam detection failed: Invalid argument
08-02 16:12:39.551  9638  9712 D mali_winsys: EGLint new_window_surface(egl_winsys_display *, void *, EGLSurface, EGLConfig, egl_winsys_surface **, EGLBoolean) returns 0x3000
08-02 16:12:39.560  6755 12042 I SystemUpdate: [Execution,ExecutionManager] Action pending executed for 0.02 seconds.
08-02 16:12:39.564  4429  4429 I hwservicemanager: getTransport: Cannot find entry android.hardware.graphics.mapper@4.0::IMapper/default in either framework or device VINTF manifest.
08-02 16:12:39.564  6755 12042 I SystemUpdate: [Execution,ExecutionManager] Action pre-download-validate executed for 0.00 seconds.
08-02 16:12:39.564  9638  9874 I Gralloc4: mapper 4.x is not supported
08-02 16:12:39.564  4429  4429 I hwservicemanager: getTransport: Cannot find entry android.hardware.graphics.mapper@3.0::IMapper/default in either framework or device VINTF manifest.
08-02 16:12:39.565  9638  9874 W Gralloc3: mapper 3.x is not supported
08-02 16:12:39.567  6755 12042 W SystemUpdate: [Execution,ExecutionManager] Unable to create the action. Restart the execution from the scratch.
08-02 16:12:39.567  6755 12042 W SystemUpdate: java.lang.IllegalStateException
08-02 16:12:39.567  6755 12042 W SystemUpdate: 	at acea.l(:com.google.android.gms@232617044@23.26.17 (190400-551657477):6)
08-02 16:12:39.567  6755 12042 W SystemUpdate: 	at ckxl.a(:com.google.android.gms@232617044@23.26.17 (190400-551657477):324)
08-02 16:12:39.567  6755 12042 W SystemUpdate: 	at com.google.android.gms.update.execution.InstallationIntentOperation.onHandleIntent(:com.google.android.gms@232617044@23.26.17 (190400-551657477):120)
08-02 16:12:39.567  6755 12042 W SystemUpdate: 	at com.google.android.chimera.IntentOperation.onHandleIntent(:com.google.android.gms@232617044@23.26.17 (190400-551657477):2)
08-02 16:12:39.567  6755 12042 W SystemUpdate: 	at zvn.onHandleIntent(:com.google.android.gms@232617044@23.26.17 (190400-551657477):10)
08-02 16:12:39.567  6755 12042 W SystemUpdate: 	at hpu.run(:com.google.android.gms@232617044@23.26.17 (190400-551657477):70)
08-02 16:12:39.567  6755 12042 W SystemUpdate: 	at hpt.run(:com.google.android.gms@232617044@23.26.17 (190400-551657477):152)
08-02 16:12:39.567  6755 12042 W SystemUpdate: 	at difl.run(:com.google.android.gms@232617044@23.26.17 (190400-551657477):13)
08-02 16:12:39.567  6755 12042 W SystemUpdate: 	at java.util.concurrent.ThreadPoolExecutor.runWorker(ThreadPoolExecutor.java:1167)
08-02 16:12:39.567  6755 12042 W SystemUpdate: 	at java.util.concurrent.ThreadPoolExecutor$Worker.run(ThreadPoolExecutor.java:641)
08-02 16:12:39.567  6755 12042 W SystemUpdate: 	at java.lang.Thread.run(Thread.java:920)
08-02 16:12:39.568  9638  9874 I gralloc : Arm Module v1.0
08-02 16:12:39.570  4429  4429 I hwservicemanager: getTransport: Cannot find entry android.hardware.graphics.allocator@4.0::IAllocator/default in either framework or device VINTF manifest.
08-02 16:12:39.570  9638  9874 W Gralloc4: allocator 4.x is not supported
08-02 16:12:39.570  4429  4429 I hwservicemanager: getTransport: Cannot find entry android.hardware.graphics.allocator@3.0::IAllocator/default in either framework or device VINTF manifest.
08-02 16:12:39.570  9638  9874 W Gralloc3: allocator 3.x is not supported
08-02 16:12:39.572  9638  9874 I Gralloc2: Adding additional valid usage bits: 0x0
08-02 16:12:39.581  6755 12042 I SystemUpdate: [Execution,ExecutionManager] Action pending executed for 0.02 seconds.
08-02 16:12:39.585  6755 12042 I SystemUpdate: [Execution,ExecutionManager] Action pre-download-validate executed for 0.00 seconds.
08-02 16:12:39.588  6755 12042 W SystemUpdate: [Execution,ExecutionManager] Unable to create the action. Restart the execution from the scratch.
08-02 16:12:39.588  6755 12042 W SystemUpdate: java.lang.IllegalStateException
08-02 16:12:39.588  6755 12042 W SystemUpdate: 	at acea.l(:com.google.android.gms@232617044@23.26.17 (190400-551657477):6)
08-02 16:12:39.588  6755 12042 W SystemUpdate: 	at ckxl.a(:com.google.android.gms@232617044@23.26.17 (190400-551657477):324)
08-02 16:12:39.588  6755 12042 W SystemUpdate: 	at com.google.android.gms.update.execution.InstallationIntentOperation.onHandleIntent(:com.google.android.gms@232617044@23.26.17 (190400-551657477):120)
08-02 16:12:39.588  6755 12042 W SystemUpdate: 	at com.google.android.chimera.IntentOperation.onHandleIntent(:com.google.android.gms@232617044@23.26.17 (190400-551657477):2)
08-02 16:12:39.588  6755 12042 W SystemUpdate: 	at zvn.onHandleIntent(:com.google.android.gms@232617044@23.26.17 (190400-551657477):10)
08-02 16:12:39.588  6755 12042 W SystemUpdate: 	at hpu.run(:com.google.android.gms@232617044@23.26.17 (190400-551657477):70)
08-02 16:12:39.588  6755 12042 W SystemUpdate: 	at hpt.run(:com.google.android.gms@232617044@23.26.17 (190400-551657477):152)
08-02 16:12:39.588  6755 12042 W SystemUpdate: 	at difl.run(:com.google.android.gms@232617044@23.26.17 (190400-551657477):13)
08-02 16:12:39.588  6755 12042 W SystemUpdate: 	at java.util.concurrent.ThreadPoolExecutor.runWorker(ThreadPoolExecutor.java:1167)
08-02 16:12:39.588  6755 12042 W SystemUpdate: 	at java.util.concurrent.ThreadPoolExecutor$Worker.run(ThreadPoolExecutor.java:641)
08-02 16:12:39.588  6755 12042 W SystemUpdate: 	at java.lang.Thread.run(Thread.java:920)
08-02 16:12:39.610  6755 12042 I SystemUpdate: [Execution,ExecutionManager] Action pending executed for 0.02 seconds.
08-02 16:12:39.615  6755 12042 I SystemUpdate: [Execution,ExecutionManager] Action pre-download-validate executed for 0.00 seconds.
08-02 16:12:39.619  6755 12042 W SystemUpdate: [Execution,ExecutionManager] Unable to create the action. Restart the execution from the scratch.
08-02 16:12:39.619  6755 12042 W SystemUpdate: java.lang.IllegalStateException
08-02 16:12:39.619  6755 12042 W SystemUpdate: 	at acea.l(:com.google.android.gms@232617044@23.26.17 (190400-551657477):6)
08-02 16:12:39.619  6755 12042 W SystemUpdate: 	at ckxl.a(:com.google.android.gms@232617044@23.26.17 (190400-551657477):324)
08-02 16:12:39.619  6755 12042 W SystemUpdate: 	at com.google.android.gms.update.execution.InstallationIntentOperation.onHandleIntent(:com.google.android.gms@232617044@23.26.17 (190400-551657477):120)
08-02 16:12:39.619  6755 12042 W SystemUpdate: 	at com.google.android.chimera.IntentOperation.onHandleIntent(:com.google.android.gms@232617044@23.26.17 (190400-551657477):2)
08-02 16:12:39.619  6755 12042 W SystemUpdate: 	at zvn.onHandleIntent(:com.google.android.gms@232617044@23.26.17 (190400-551657477):10)
08-02 16:12:39.619  6755 12042 W SystemUpdate: 	at hpu.run(:com.google.android.gms@232617044@23.26.17 (190400-551657477):70)
08-02 16:12:39.619  6755 12042 W SystemUpdate: 	at hpt.run(:com.google.android.gms@232617044@23.26.17 (190400-551657477):152)
08-02 16:12:39.619  6755 12042 W SystemUpdate: 	at difl.run(:com.google.android.gms@232617044@23.26.17 (190400-551657477):13)
08-02 16:12:39.619  6755 12042 W SystemUpdate: 	at java.util.concurrent.ThreadPoolExecutor.runWorker(ThreadPoolExecutor.java:1167)
08-02 16:12:39.619  6755 12042 W SystemUpdate: 	at java.util.concurrent.ThreadPoolExecutor$Worker.run(ThreadPoolExecutor.java:641)
08-02 16:12:39.619  6755 12042 W SystemUpdate: 	at java.lang.Thread.run(Thread.java:920)
08-02 16:12:39.641  6755 12042 I SystemUpdate: [Execution,ExecutionManager] Action pending executed for 0.02 seconds.
08-02 16:12:39.650  6755 12042 I SystemUpdate: [Execution,ExecutionManager] Action pre-download-validate executed for 0.00 seconds.
08-02 16:12:39.654  6755 12042 W SystemUpdate: [Execution,ExecutionManager] Unable to create the action. Restart the execution from the scratch.
08-02 16:12:39.654  6755 12042 W SystemUpdate: java.lang.IllegalStateException
08-02 16:12:39.654  6755 12042 W SystemUpdate: 	at acea.l(:com.google.android.gms@232617044@23.26.17 (190400-551657477):6)
08-02 16:12:39.654  6755 12042 W SystemUpdate: 	at ckxl.a(:com.google.android.gms@232617044@23.26.17 (190400-551657477):324)
08-02 16:12:39.654  6755 12042 W SystemUpdate: 	at com.google.android.gms.update.execution.InstallationIntentOperation.onHandleIntent(:com.google.android.gms@232617044@23.26.17 (190400-551657477):120)
08-02 16:12:39.654  6755 12042 W SystemUpdate: 	at com.google.android.chimera.IntentOperation.onHandleIntent(:com.google.android.gms@232617044@23.26.17 (190400-551657477):2)
08-02 16:12:39.654  6755 12042 W SystemUpdate: 	at zvn.onHandleIntent(:com.google.android.gms@232617044@23.26.17 (190400-551657477):10)
08-02 16:12:39.654  6755 12042 W SystemUpdate: 	at hpu.run(:com.google.android.gms@232617044@23.26.17 (190400-551657477):70)
08-02 16:12:39.654  6755 12042 W SystemUpdate: 	at hpt.run(:com.google.android.gms@232617044@23.26.17 (190400-551657477):152)
08-02 16:12:39.654  6755 12042 W SystemUpdate: 	at difl.run(:com.google.android.gms@232617044@23.26.17 (190400-551657477):13)
08-02 16:12:39.654  6755 12042 W SystemUpdate: 	at java.util.concurrent.ThreadPoolExecutor.runWorker(ThreadPoolExecutor.java:1167)
08-02 16:12:39.654  6755 12042 W SystemUpdate: 	at java.util.concurrent.ThreadPoolExecutor$Worker.run(ThreadPoolExecutor.java:641)
08-02 16:12:39.654  6755 12042 W SystemUpdate: 	at java.lang.Thread.run(Thread.java:920)
08-02 16:12:39.681  6755 12042 I SystemUpdate: [Execution,ExecutionManager] Action pending executed for 0.03 seconds.
08-02 16:12:39.686  6755 12042 I SystemUpdate: [Execution,ExecutionManager] Action pre-download-validate executed for 0.00 seconds.
08-02 16:12:39.691  6755 12042 W SystemUpdate: [Execution,ExecutionManager] Unable to create the action. Restart the execution from the scratch.
08-02 16:12:39.691  6755 12042 W SystemUpdate: java.lang.IllegalStateException
08-02 16:12:39.691  6755 12042 W SystemUpdate: 	at acea.l(:com.google.android.gms@232617044@23.26.17 (190400-551657477):6)
08-02 16:12:39.691  6755 12042 W SystemUpdate: 	at ckxl.a(:com.google.android.gms@232617044@23.26.17 (190400-551657477):324)
08-02 16:12:39.691  6755 12042 W SystemUpdate: 	at com.google.android.gms.update.execution.InstallationIntentOperation.onHandleIntent(:com.google.android.gms@232617044@23.26.17 (190400-551657477):120)
08-02 16:12:39.691  6755 12042 W SystemUpdate: 	at com.google.android.chimera.IntentOperation.onHandleIntent(:com.google.android.gms@232617044@23.26.17 (190400-551657477):2)
08-02 16:12:39.691  6755 12042 W SystemUpdate: 	at zvn.onHandleIntent(:com.google.android.gms@232617044@23.26.17 (190400-551657477):10)
08-02 16:12:39.691  6755 12042 W SystemUpdate: 	at hpu.run(:com.google.android.gms@232617044@23.26.17 (190400-551657477):70)
08-02 16:12:39.691  6755 12042 W SystemUpdate: 	at hpt.run(:com.google.android.gms@232617044@23.26.17 (190400-551657477):152)
08-02 16:12:39.691  6755 12042 W SystemUpdate: 	at difl.run(:com.google.android.gms@232617044@23.26.17 (190400-551657477):13)
08-02 16:12:39.691  6755 12042 W SystemUpdate: 	at java.util.concurrent.ThreadPoolExecutor.runWorker(ThreadPoolExecutor.java:1167)
08-02 16:12:39.691  6755 12042 W SystemUpdate: 	at java.util.concurrent.ThreadPoolExecutor$Worker.run(ThreadPoolExecutor.java:641)
08-02 16:12:39.691  6755 12042 W SystemUpdate: 	at java.lang.Thread.run(Thread.java:920)
08-02 16:12:39.721  6755 12042 I SystemUpdate: [Execution,ExecutionManager] Action pending executed for 0.03 seconds.
08-02 16:12:39.725  6755 12042 I SystemUpdate: [Execution,ExecutionManager] Action pre-download-validate executed for 0.00 seconds.
08-02 16:12:39.730  6755 12042 W SystemUpdate: [Execution,ExecutionManager] Unable to create the action. Restart the execution from the scratch.
08-02 16:12:39.730  6755 12042 W SystemUpdate: java.lang.IllegalStateException
08-02 16:12:39.730  6755 12042 W SystemUpdate: 	at acea.l(:com.google.android.gms@232617044@23.26.17 (190400-551657477):6)
08-02 16:12:39.730  6755 12042 W SystemUpdate: 	at ckxl.a(:com.google.android.gms@232617044@23.26.17 (190400-551657477):324)
08-02 16:12:39.730  6755 12042 W SystemUpdate: 	at com.google.android.gms.update.execution.InstallationIntentOperation.onHandleIntent(:com.google.android.gms@232617044@23.26.17 (190400-551657477):120)
08-02 16:12:39.730  6755 12042 W SystemUpdate: 	at com.google.android.chimera.IntentOperation.onHandleIntent(:com.google.android.gms@232617044@23.26.17 (190400-551657477):2)
08-02 16:12:39.730  6755 12042 W SystemUpdate: 	at zvn.onHandleIntent(:com.google.android.gms@232617044@23.26.17 (190400-551657477):10)
08-02 16:12:39.730  6755 12042 W SystemUpdate: 	at hpu.run(:com.google.android.gms@232617044@23.26.17 (190400-551657477):70)
08-02 16:12:39.730  6755 12042 W SystemUpdate: 	at hpt.run(:com.google.android.gms@232617044@23.26.17 (190400-551657477):152)
08-02 16:12:39.730  6755 12042 W SystemUpdate: 	at difl.run(:com.google.android.gms@232617044@23.26.17 (190400-551657477):13)
08-02 16:12:39.730  6755 12042 W SystemUpdate: 	at java.util.concurrent.ThreadPoolExecutor.runWorker(ThreadPoolExecutor.java:1167)
08-02 16:12:39.730  6755 12042 W SystemUpdate: 	at java.util.concurrent.ThreadPoolExecutor$Worker.run(ThreadPoolExecutor.java:641)
08-02 16:12:39.730  6755 12042 W SystemUpdate: 	at java.lang.Thread.run(Thread.java:920)
08-02 16:12:39.752  6755 12042 I SystemUpdate: [Execution,ExecutionManager] Action pending executed for 0.02 seconds.
08-02 16:12:39.757  6755 12042 I SystemUpdate: [Execution,ExecutionManager] Action pre-download-validate executed for 0.00 seconds.
08-02 16:12:39.758  9638  9712 D mali_winsys: EGLint new_window_surface(egl_winsys_display *, void *, EGLSurface, EGLConfig, egl_winsys_surface **, EGLBoolean) returns 0x3000
08-02 16:12:39.760  6755 12042 W SystemUpdate: [Execution,ExecutionManager] Unable to create the action. Restart the execution from the scratch.
08-02 16:12:39.760  6755 12042 W SystemUpdate: java.lang.IllegalStateException
08-02 16:12:39.760  6755 12042 W SystemUpdate: 	at acea.l(:com.google.android.gms@232617044@23.26.17 (190400-551657477):6)
08-02 16:12:39.760  6755 12042 W SystemUpdate: 	at ckxl.a(:com.google.android.gms@232617044@23.26.17 (190400-551657477):324)
08-02 16:12:39.760  6755 12042 W SystemUpdate: 	at com.google.android.gms.update.execution.InstallationIntentOperation.onHandleIntent(:com.google.android.gms@232617044@23.26.17 (190400-551657477):120)
08-02 16:12:39.760  6755 12042 W SystemUpdate: 	at com.google.android.chimera.IntentOperation.onHandleIntent(:com.google.android.gms@232617044@23.26.17 (190400-551657477):2)
08-02 16:12:39.760  6755 12042 W SystemUpdate: 	at zvn.onHandleIntent(:com.google.android.gms@232617044@23.26.17 (190400-551657477):10)
08-02 16:12:39.760  6755 12042 W SystemUpdate: 	at hpu.run(:com.google.android.gms@232617044@23.26.17 (190400-551657477):70)
08-02 16:12:39.760  6755 12042 W SystemUpdate: 	at hpt.run(:com.google.android.gms@232617044@23.26.17 (190400-551657477):152)
08-02 16:12:39.760  6755 12042 W SystemUpdate: 	at difl.run(:com.google.android.gms@232617044@23.26.17 (190400-551657477):13)
08-02 16:12:39.760  6755 12042 W SystemUpdate: 	at java.util.concurrent.ThreadPoolExecutor.runWorker(ThreadPoolExecutor.java:1167)
08-02 16:12:39.760  6755 12042 W SystemUpdate: 	at java.util.concurrent.ThreadPoolExecutor$Worker.run(ThreadPoolExecutor.java:641)
08-02 16:12:39.760  6755 12042 W SystemUpdate: 	at java.lang.Thread.run(Thread.java:920)
08-02 16:12:39.764  9638  9860 D UE      : Case APP_CMD_INIT_WINDOW
08-02 16:12:39.764  9638  9860 D UE      : LogAndroidEvents::EnqueueAppEvent : 0, [width=1440, height=2960], tid = 9860, APP_EVENT_STATE_WINDOW_CREATED
08-02 16:12:39.764  9638  9860 D UE      : LogAndroidEvents::EnqueueAppEvent : 14, [width=-1, height=-1], tid = 9860, APP_EVENT_STATE_APP_ACTIVATED
08-02 16:12:39.764  9638  9860 D UE      : LogAndroidEvents::EnqueueAppEvent : 15, [width=-1, height=-1], tid = 9860, APP_EVENT_RUN_CALLBACK
08-02 16:12:39.764  9638  9860 D UE      : LogAndroidEvents::EnqueueAppEvent : 1, [width=1440, height=2960], tid = 9860, APP_EVENT_STATE_WINDOW_RESIZED
08-02 16:12:39.764  9638  9860 D UE      : LogAndroidEvents::EnqueueAppEvent : 4, [width=-1, height=-1], tid = 9860, APP_EVENT_STATE_WINDOW_REDRAW_NEEDED
08-02 16:12:39.781  6755 12042 I SystemUpdate: [Execution,ExecutionManager] Action pending executed for 0.02 seconds.
08-02 16:12:39.784  6755 12042 I SystemUpdate: [Execution,ExecutionManager] Action pre-download-validate executed for 0.00 seconds.
08-02 16:12:39.786  9638  9638 D UE      : [GameActivity] === Thermal status changed to 0
08-02 16:12:39.787  6755 12042 W SystemUpdate: [Execution,ExecutionManager] Unable to create the action. Restart the execution from the scratch.
08-02 16:12:39.787  6755 12042 W SystemUpdate: java.lang.IllegalStateException
08-02 16:12:39.787  6755 12042 W SystemUpdate: 	at acea.l(:com.google.android.gms@232617044@23.26.17 (190400-551657477):6)
08-02 16:12:39.787  6755 12042 W SystemUpdate: 	at ckxl.a(:com.google.android.gms@232617044@23.26.17 (190400-551657477):324)
08-02 16:12:39.787  6755 12042 W SystemUpdate: 	at com.google.android.gms.update.execution.InstallationIntentOperation.onHandleIntent(:com.google.android.gms@232617044@23.26.17 (190400-551657477):120)
08-02 16:12:39.787  6755 12042 W SystemUpdate: 	at com.google.android.chimera.IntentOperation.onHandleIntent(:com.google.android.gms@232617044@23.26.17 (190400-551657477):2)
08-02 16:12:39.787  6755 12042 W SystemUpdate: 	at zvn.onHandleIntent(:com.google.android.gms@232617044@23.26.17 (190400-551657477):10)
08-02 16:12:39.787  6755 12042 W SystemUpdate: 	at hpu.run(:com.google.android.gms@232617044@23.26.17 (190400-551657477):70)
08-02 16:12:39.787  6755 12042 W SystemUpdate: 	at hpt.run(:com.google.android.gms@232617044@23.26.17 (190400-551657477):152)
08-02 16:12:39.787  6755 12042 W SystemUpdate: 	at difl.run(:com.google.android.gms@232617044@23.26.17 (190400-551657477):13)
08-02 16:12:39.787  6755 12042 W SystemUpdate: 	at java.util.concurrent.ThreadPoolExecutor.runWorker(ThreadPoolExecutor.java:1167)
08-02 16:12:39.787  6755 12042 W SystemUpdate: 	at java.util.concurrent.ThreadPoolExecutor$Worker.run(ThreadPoolExecutor.java:641)
08-02 16:12:39.787  6755 12042 W SystemUpdate: 	at java.lang.Thread.run(Thread.java:920)
08-02 16:12:39.787  9638  9638 D UE      : [GameActivity] === Restoring Transparent Bars due to Visibility Change ===
08-02 16:12:39.787  9638  9638 D UE      : [GameActivity] === Restoring Transparent Bars ===
08-02 16:12:39.801  4972  4999 I ActivityTaskManager: Displayed com.yashu.wonder/com.epicgames.unreal.GameActivity: +696ms
08-02 16:12:39.802  4608  4608 D android.hardware.power@1.3-service.samsung-libperfmgr: LAUNCH: 0
08-02 16:12:39.810  6565  6565 I dnzf    : onStop
08-02 16:12:39.813  6755 12042 I SystemUpdate: [Execution,ExecutionManager] Action pending executed for 0.03 seconds.
08-02 16:12:39.820  6755 12042 I SystemUpdate: [Execution,ExecutionManager] Action pre-download-validate executed for 0.00 seconds.
08-02 16:12:39.822 11340 11340 I GoogleInputMethodService: GoogleInputMethodService.onFinishInput():3228 
08-02 16:12:39.827  6755 12042 W SystemUpdate: [Execution,ExecutionManager] Unable to create the action. Restart the execution from the scratch.
08-02 16:12:39.827  6755 12042 W SystemUpdate: java.lang.IllegalStateException
08-02 16:12:39.827  6755 12042 W SystemUpdate: 	at acea.l(:com.google.android.gms@232617044@23.26.17 (190400-551657477):6)
08-02 16:12:39.827  6755 12042 W SystemUpdate: 	at ckxl.a(:com.google.android.gms@232617044@23.26.17 (190400-551657477):324)
08-02 16:12:39.827  6755 12042 W SystemUpdate: 	at com.google.android.gms.update.execution.InstallationIntentOperation.onHandleIntent(:com.google.android.gms@232617044@23.26.17 (190400-551657477):120)
08-02 16:12:39.827  6755 12042 W SystemUpdate: 	at com.google.android.chimera.IntentOperation.onHandleIntent(:com.google.android.gms@232617044@23.26.17 (190400-551657477):2)
08-02 16:12:39.827  6755 12042 W SystemUpdate: 	at zvn.onHandleIntent(:com.google.android.gms@232617044@23.26.17 (190400-551657477):10)
08-02 16:12:39.827  6755 12042 W SystemUpdate: 	at hpu.run(:com.google.android.gms@232617044@23.26.17 (190400-551657477):70)
08-02 16:12:39.827  6755 12042 W SystemUpdate: 	at hpt.run(:com.google.android.gms@232617044@23.26.17 (190400-551657477):152)
08-02 16:12:39.827  6755 12042 W SystemUpdate: 	at difl.run(:com.google.android.gms@232617044@23.26.17 (190400-551657477):13)
08-02 16:12:39.827  6755 12042 W SystemUpdate: 	at java.util.concurrent.ThreadPoolExecutor.runWorker(ThreadPoolExecutor.java:1167)
08-02 16:12:39.827  6755 12042 W SystemUpdate: 	at java.util.concurrent.ThreadPoolExecutor$Worker.run(ThreadPoolExecutor.java:641)
08-02 16:12:39.827  6755 12042 W SystemUpdate: 	at java.lang.Thread.run(Thread.java:920)
08-02 16:12:39.829 11340 11340 I GoogleInputMethodService: GoogleInputMethodService.updateDeviceLockedStatus():2068 repeatCheckTimes = 0, locked = false
08-02 16:12:39.830 11340 11340 I GoogleInputMethodService: GoogleInputMethodService.onStartInput():1862 onStartInput(EditorInfo{EditorInfo{packageName=com.yashu.wonder, inputType=0, inputTypeString=NULL, enableLearning=false, autoCorrection=false, autoComplete=false, imeOptions=0, privateImeOptions=null, actionName=UNSPECIFIED, actionLabel=null, initialSelStart=-1, initialSelEnd=-1, initialCapsMode=0, label=null, fieldId=-1, fieldName=null, extras=null, hintText=null, hintLocales=[]}}, false)
08-02 16:12:39.831 11340 11340 I GoogleInputMethodService: GoogleInputMethodService.updateDeviceLockedStatus():2068 repeatCheckTimes = 1, locked = false
08-02 16:12:39.847  6755 12042 I SystemUpdate: [Execution,ExecutionManager] Action pending executed for 0.02 seconds.
08-02 16:12:39.850  6755 12042 I SystemUpdate: [Execution,ExecutionManager] Action pre-download-validate executed for 0.00 seconds.
08-02 16:12:39.853  6755 12042 W SystemUpdate: [Execution,ExecutionManager] Unable to create the action. Restart the execution from the scratch.
08-02 16:12:39.853  6755 12042 W SystemUpdate: java.lang.IllegalStateException
08-02 16:12:39.853  6755 12042 W SystemUpdate: 	at acea.l(:com.google.android.gms@232617044@23.26.17 (190400-551657477):6)
08-02 16:12:39.853  6755 12042 W SystemUpdate: 	at ckxl.a(:com.google.android.gms@232617044@23.26.17 (190400-551657477):324)
08-02 16:12:39.853  6755 12042 W SystemUpdate: 	at com.google.android.gms.update.execution.InstallationIntentOperation.onHandleIntent(:com.google.android.gms@232617044@23.26.17 (190400-551657477):120)
08-02 16:12:39.853  6755 12042 W SystemUpdate: 	at com.google.android.chimera.IntentOperation.onHandleIntent(:com.google.android.gms@232617044@23.26.17 (190400-551657477):2)
08-02 16:12:39.853  6755 12042 W SystemUpdate: 	at zvn.onHandleIntent(:com.google.android.gms@232617044@23.26.17 (190400-551657477):10)
08-02 16:12:39.853  6755 12042 W SystemUpdate: 	at hpu.run(:com.google.android.gms@232617044@23.26.17 (190400-551657477):70)
08-02 16:12:39.853  6755 12042 W SystemUpdate: 	at hpt.run(:com.google.android.gms@232617044@23.26.17 (190400-551657477):152)
08-02 16:12:39.853  6755 12042 W SystemUpdate: 	at difl.run(:com.google.android.gms@232617044@23.26.17 (190400-551657477):13)
08-02 16:12:39.853  6755 12042 W SystemUpdate: 	at java.util.concurrent.ThreadPoolExecutor.runWorker(ThreadPoolExecutor.java:1167)
08-02 16:12:39.853  6755 12042 W SystemUpdate: 	at java.util.concurrent.ThreadPoolExecutor$Worker.run(ThreadPoolExecutor.java:641)
08-02 16:12:39.853  6755 12042 W SystemUpdate: 	at java.lang.Thread.run(Thread.java:920)
08-02 16:12:39.868  6755 12042 I SystemUpdate: [Execution,ExecutionManager] Action pending executed for 0.02 seconds.
08-02 16:12:39.872  6755 12042 I SystemUpdate: [Execution,ExecutionManager] Action pre-download-validate executed for 0.00 seconds.
08-02 16:12:39.876  6755 12042 W SystemUpdate: [Execution,ExecutionManager] Unable to create the action. Restart the execution from the scratch.
08-02 16:12:39.876  6755 12042 W SystemUpdate: java.lang.IllegalStateException
08-02 16:12:39.876  6755 12042 W SystemUpdate: 	at acea.l(:com.google.android.gms@232617044@23.26.17 (190400-551657477):6)
08-02 16:12:39.876  6755 12042 W SystemUpdate: 	at ckxl.a(:com.google.android.gms@232617044@23.26.17 (190400-551657477):324)
08-02 16:12:39.876  6755 12042 W SystemUpdate: 	at com.google.android.gms.update.execution.InstallationIntentOperation.onHandleIntent(:com.google.android.gms@232617044@23.26.17 (190400-551657477):120)
08-02 16:12:39.876  6755 12042 W SystemUpdate: 	at com.google.android.chimera.IntentOperation.onHandleIntent(:com.google.android.gms@232617044@23.26.17 (190400-551657477):2)
08-02 16:12:39.876  6755 12042 W SystemUpdate: 	at zvn.onHandleIntent(:com.google.android.gms@232617044@23.26.17 (190400-551657477):10)
08-02 16:12:39.876  6755 12042 W SystemUpdate: 	at hpu.run(:com.google.android.gms@232617044@23.26.17 (190400-551657477):70)
08-02 16:12:39.876  6755 12042 W SystemUpdate: 	at hpt.run(:com.google.android.gms@232617044@23.26.17 (190400-551657477):152)
08-02 16:12:39.876  6755 12042 W SystemUpdate: 	at difl.run(:com.google.android.gms@232617044@23.26.17 (190400-551657477):13)
08-02 16:12:39.876  6755 12042 W SystemUpdate: 	at java.util.concurrent.ThreadPoolExecutor.runWorker(ThreadPoolExecutor.java:1167)
08-02 16:12:39.876  6755 12042 W SystemUpdate: 	at java.util.concurrent.ThreadPoolExecutor$Worker.run(ThreadPoolExecutor.java:641)
08-02 16:12:39.876  6755 12042 W SystemUpdate: 	at java.lang.Thread.run(Thread.java:920)
08-02 16:12:39.892  6755 12042 I SystemUpdate: [Execution,ExecutionManager] Action pending executed for 0.02 seconds.
08-02 16:12:39.895  6755 12042 I SystemUpdate: [Execution,ExecutionManager] Action pre-download-validate executed for 0.00 seconds.
08-02 16:12:39.900  6755 12042 W SystemUpdate: [Execution,ExecutionManager] Unable to create the action. Restart the execution from the scratch.
08-02 16:12:39.900  6755 12042 W SystemUpdate: java.lang.IllegalStateException
08-02 16:12:39.900  6755 12042 W SystemUpdate: 	at acea.l(:com.google.android.gms@232617044@23.26.17 (190400-551657477):6)
08-02 16:12:39.900  6755 12042 W SystemUpdate: 	at ckxl.a(:com.google.android.gms@232617044@23.26.17 (190400-551657477):324)
08-02 16:12:39.900  6755 12042 W SystemUpdate: 	at com.google.android.gms.update.execution.InstallationIntentOperation.onHandleIntent(:com.google.android.gms@232617044@23.26.17 (190400-551657477):120)
08-02 16:12:39.900  6755 12042 W SystemUpdate: 	at com.google.android.chimera.IntentOperation.onHandleIntent(:com.google.android.gms@232617044@23.26.17 (190400-551657477):2)
08-02 16:12:39.900  6755 12042 W SystemUpdate: 	at zvn.onHandleIntent(:com.google.android.gms@232617044@23.26.17 (190400-551657477):10)
08-02 16:12:39.900  6755 12042 W SystemUpdate: 	at hpu.run(:com.google.android.gms@232617044@23.26.17 (190400-551657477):70)
08-02 16:12:39.900  6755 12042 W SystemUpdate: 	at hpt.run(:com.google.android.gms@232617044@23.26.17 (190400-551657477):152)
08-02 16:12:39.900  6755 12042 W SystemUpdate: 	at difl.run(:com.google.android.gms@232617044@23.26.17 (190400-551657477):13)
08-02 16:12:39.900  6755 12042 W SystemUpdate: 	at java.util.concurrent.ThreadPoolExecutor.runWorker(ThreadPoolExecutor.java:1167)
08-02 16:12:39.900  6755 12042 W SystemUpdate: 	at java.util.concurrent.ThreadPoolExecutor$Worker.run(ThreadPoolExecutor.java:641)
08-02 16:12:39.900  6755 12042 W SystemUpdate: 	at java.lang.Thread.run(Thread.java:920)
08-02 16:12:39.922  6755 12042 I SystemUpdate: [Execution,ExecutionManager] Action pending executed for 0.02 seconds.
08-02 16:12:39.927  6755 12042 I SystemUpdate: [Execution,ExecutionManager] Action pre-download-validate executed for 0.00 seconds.
08-02 16:12:39.931  6755 12042 W SystemUpdate: [Execution,ExecutionManager] Unable to create the action. Restart the execution from the scratch.
08-02 16:12:39.931  6755 12042 W SystemUpdate: java.lang.IllegalStateException
08-02 16:12:39.931  6755 12042 W SystemUpdate: 	at acea.l(:com.google.android.gms@232617044@23.26.17 (190400-551657477):6)
08-02 16:12:39.931  6755 12042 W SystemUpdate: 	at ckxl.a(:com.google.android.gms@232617044@23.26.17 (190400-551657477):324)
08-02 16:12:39.931  6755 12042 W SystemUpdate: 	at com.google.android.gms.update.execution.InstallationIntentOperation.onHandleIntent(:com.google.android.gms@232617044@23.26.17 (190400-551657477):120)
08-02 16:12:39.931  6755 12042 W SystemUpdate: 	at com.google.android.chimera.IntentOperation.onHandleIntent(:com.google.android.gms@232617044@23.26.17 (190400-551657477):2)
08-02 16:12:39.931  6755 12042 W SystemUpdate: 	at zvn.onHandleIntent(:com.google.android.gms@232617044@23.26.17 (190400-551657477):10)
08-02 16:12:39.931  6755 12042 W SystemUpdate: 	at hpu.run(:com.google.android.gms@232617044@23.26.17 (190400-551657477):70)
08-02 16:12:39.931  6755 12042 W SystemUpdate: 	at hpt.run(:com.google.android.gms@232617044@23.26.17 (190400-551657477):152)
08-02 16:12:39.931  6755 12042 W SystemUpdate: 	at difl.run(:com.google.android.gms@232617044@23.26.17 (190400-551657477):13)
08-02 16:12:39.931  6755 12042 W SystemUpdate: 	at java.util.concurrent.ThreadPoolExecutor.runWorker(ThreadPoolExecutor.java:1167)
08-02 16:12:39.931  6755 12042 W SystemUpdate: 	at java.util.concurrent.ThreadPoolExecutor$Worker.run(ThreadPoolExecutor.java:641)
08-02 16:12:39.931  6755 12042 W SystemUpdate: 	at java.lang.Thread.run(Thread.java:920)
08-02 16:12:39.947  6755 12042 I SystemUpdate: [Execution,ExecutionManager] Action pending executed for 0.02 seconds.
08-02 16:12:39.950  6755 12042 I SystemUpdate: [Execution,ExecutionManager] Action pre-download-validate executed for 0.00 seconds.
08-02 16:12:39.950  9638  9859 D UE      : ANativeWindow_setBuffersTransform is supported on this device
08-02 16:12:39.951  9638  9859 D UE      : EGL Extensions: 
08-02 16:12:39.951  9638  9859 D UE      : EGL_ANDROID_front_buffer_auto_refresh EGL_ANDROID_get_frame_timestamps EGL_ANDROID_get_native_client_buffer EGL_ANDROID_presentation_time EGL_EXT_surface_CTA861_3_metadata EGL_EXT_surface_SMPTE2086_metadata EGL_KHR_get_all_proc_addresses EGL_KHR_swap_buffers_with_damage EGL_EXT_gl_colorspace_scrgb EGL_EXT_gl_colorspace_scrgb_linear EGL_EXT_gl_colorspace_display_p3_linear EGL_EXT_gl_colorspace_display_p3 EGL_EXT_gl_colorspace_display_p3_passthrough EGL_EXT_gl_colorspace_bt2020_linear EGL_EXT_gl_colorspace_bt2020_pq EGL_ANDROID_image_native_buffer EGL_ANDROID_native_fence_sync EGL_ANDROID_recordable EGL_EXT_create_context_robustness EGL_EXT_image_gl_colorspace EGL_EXT_pixel_format_float EGL_EXT_protected_content EGL_IMG_context_priority EGL_KHR_config_attribs EGL_KHR_create_context EGL_KHR_fence_sync EGL_KHR_gl_colorspace EGL_KHR_gl_renderbuffer_image EGL_KHR_gl_texture_2D_image EGL_KHR_gl_texture_cubemap_image EGL_KHR_image EGL_KHR_image_base EGL_KHR_mutable_render_buffer EGL_KHR_no_config_context EGL_KHR_par
08-02 16:12:39.953  9638  9859 D UE      : FAndroidGPUInfo
08-02 16:12:39.953  9638  9859 D UE      : AndroidEGL::InitRenderSurface 0, 1
08-02 16:12:39.953  9638  9859 D UE      : AndroidEGL::InitRenderSurface, Using width: 616, height 1280 
08-02 16:12:39.953  9638  9859 D UE      : [GameActivity] [JAVA] - SetDesiredViewSize width=616 and height=1280
08-02 16:12:39.953  6755 12042 W SystemUpdate: [Execution,ExecutionManager] Unable to create the action. Restart the execution from the scratch.
08-02 16:12:39.953  6755 12042 W SystemUpdate: java.lang.IllegalStateException
08-02 16:12:39.953  6755 12042 W SystemUpdate: 	at acea.l(:com.google.android.gms@232617044@23.26.17 (190400-551657477):6)
08-02 16:12:39.953  6755 12042 W SystemUpdate: 	at ckxl.a(:com.google.android.gms@232617044@23.26.17 (190400-551657477):324)
08-02 16:12:39.953  6755 12042 W SystemUpdate: 	at com.google.android.gms.update.execution.InstallationIntentOperation.onHandleIntent(:com.google.android.gms@232617044@23.26.17 (190400-551657477):120)
08-02 16:12:39.953  6755 12042 W SystemUpdate: 	at com.google.android.chimera.IntentOperation.onHandleIntent(:com.google.android.gms@232617044@23.26.17 (190400-551657477):2)
08-02 16:12:39.953  6755 12042 W SystemUpdate: 	at zvn.onHandleIntent(:com.google.android.gms@232617044@23.26.17 (190400-551657477):10)
08-02 16:12:39.953  6755 12042 W SystemUpdate: 	at hpu.run(:com.google.android.gms@232617044@23.26.17 (190400-551657477):70)
08-02 16:12:39.953  6755 12042 W SystemUpdate: 	at hpt.run(:com.google.android.gms@232617044@23.26.17 (190400-551657477):152)
08-02 16:12:39.953  6755 12042 W SystemUpdate: 	at difl.run(:com.google.android.gms@232617044@23.26.17 (190400-551657477):13)
08-02 16:12:39.953  6755 12042 W SystemUpdate: 	at java.util.concurrent.ThreadPoolExecutor.runWorker(ThreadPoolExecutor.java:1167)
08-02 16:12:39.953  6755 12042 W SystemUpdate: 	at java.util.concurrent.ThreadPoolExecutor$Worker.run(ThreadPoolExecutor.java:641)
08-02 16:12:39.953  6755 12042 W SystemUpdate: 	at java.lang.Thread.run(Thread.java:920)
08-02 16:12:39.953  9638  9859 D UE      : AndroidEGL::InitRenderSurface, wnd: 0x7cfbc0a6c0, width: 616, height 1280 
08-02 16:12:39.953  9638  9859 D mali_winsys: EGLint new_window_surface(egl_winsys_display *, void *, EGLSurface, EGLConfig, egl_winsys_surface **, EGLBoolean) returns 0x3000
08-02 16:12:39.953  9638  9859 D UE      : AndroidEGL::CreateEGLRenderSurface() 0x7bebbe76f0
08-02 16:12:39.953  9638  9859 D UE      : AndroidEGL::InitSharedSurface 0
08-02 16:12:39.953  9638  9859 D UE      : AndroidEGL::InitSharedSurface, Using width: 616, height 1280 
08-02 16:12:39.954  9638  9859 D UE      : AndroidEGL::InitSharedSurface, width: 616, height 1280 
08-02 16:12:39.954  9638  9859 D UE      : AndroidEGL::CreateEGLSharedSurface(), auxSurface = eglCreatePbufferSurface(), 616x1280
08-02 16:12:39.958  9638  9859 D vulkan  : searching for layers in '/data/app/~~pSXa79o5uc0-XLAFXL1-pQ==/com.yashu.wonder-8tpnPevgs0OyzH-jOZL83g==/lib/arm64'
08-02 16:12:39.958  9638  9859 D vulkan  : searching for layers in '/data/app/~~pSXa79o5uc0-XLAFXL1-pQ==/com.yashu.wonder-8tpnPevgs0OyzH-jOZL83g==/base.apk!/lib/arm64-v8a'
08-02 16:12:39.969  6755 12042 I SystemUpdate: [Execution,ExecutionManager] Action pending executed for 0.02 seconds.
08-02 16:12:39.972  6755 12042 I SystemUpdate: [Execution,ExecutionManager] Action pre-download-validate executed for 0.00 seconds.
08-02 16:12:39.975  6755 12042 W SystemUpdate: [Execution,ExecutionManager] Unable to create the action. Restart the execution from the scratch.
08-02 16:12:39.975  6755 12042 W SystemUpdate: java.lang.IllegalStateException
08-02 16:12:39.975  6755 12042 W SystemUpdate: 	at acea.l(:com.google.android.gms@232617044@23.26.17 (190400-551657477):6)
08-02 16:12:39.975  6755 12042 W SystemUpdate: 	at ckxl.a(:com.google.android.gms@232617044@23.26.17 (190400-551657477):324)
08-02 16:12:39.975  6755 12042 W SystemUpdate: 	at com.google.android.gms.update.execution.InstallationIntentOperation.onHandleIntent(:com.google.android.gms@232617044@23.26.17 (190400-551657477):120)
08-02 16:12:39.975  6755 12042 W SystemUpdate: 	at com.google.android.chimera.IntentOperation.onHandleIntent(:com.google.android.gms@232617044@23.26.17 (190400-551657477):2)
08-02 16:12:39.975  6755 12042 W SystemUpdate: 	at zvn.onHandleIntent(:com.google.android.gms@232617044@23.26.17 (190400-551657477):10)
08-02 16:12:39.975  6755 12042 W SystemUpdate: 	at hpu.run(:com.google.android.gms@232617044@23.26.17 (190400-551657477):70)
08-02 16:12:39.975  6755 12042 W SystemUpdate: 	at hpt.run(:com.google.android.gms@232617044@23.26.17 (190400-551657477):152)
08-02 16:12:39.975  6755 12042 W SystemUpdate: 	at difl.run(:com.google.android.gms@232617044@23.26.17 (190400-551657477):13)
08-02 16:12:39.975  6755 12042 W SystemUpdate: 	at java.util.concurrent.ThreadPoolExecutor.runWorker(ThreadPoolExecutor.java:1167)
08-02 16:12:39.975  6755 12042 W SystemUpdate: 	at java.util.concurrent.ThreadPoolExecutor$Worker.run(ThreadPoolExecutor.java:641)
08-02 16:12:39.975  6755 12042 W SystemUpdate: 	at java.lang.Thread.run(Thread.java:920)
08-02 16:12:39.991  6755 12042 I SystemUpdate: [Execution,ExecutionManager] Action pending executed for 0.02 seconds.
08-02 16:12:39.994  6755 12042 I SystemUpdate: [Execution,ExecutionManager] Action pre-download-validate executed for 0.00 seconds.
08-02 16:12:40.000  6755 12042 W SystemUpdate: [Execution,ExecutionManager] Unable to create the action. Restart the execution from the scratch.
08-02 16:12:40.000  6755 12042 W SystemUpdate: java.lang.IllegalStateException
08-02 16:12:40.000  6755 12042 W SystemUpdate: 	at acea.l(:com.google.android.gms@232617044@23.26.17 (190400-551657477):6)
08-02 16:12:40.000  6755 12042 W SystemUpdate: 	at ckxl.a(:com.google.android.gms@232617044@23.26.17 (190400-551657477):324)
08-02 16:12:40.000  6755 12042 W SystemUpdate: 	at com.google.android.gms.update.execution.InstallationIntentOperation.onHandleIntent(:com.google.android.gms@232617044@23.26.17 (190400-551657477):120)
08-02 16:12:40.000  6755 12042 W SystemUpdate: 	at com.google.android.chimera.IntentOperation.onHandleIntent(:com.google.android.gms@232617044@23.26.17 (190400-551657477):2)
08-02 16:12:40.000  6755 12042 W SystemUpdate: 	at zvn.onHandleIntent(:com.google.android.gms@232617044@23.26.17 (190400-551657477):10)
08-02 16:12:40.000  6755 12042 W SystemUpdate: 	at hpu.run(:com.google.android.gms@232617044@23.26.17 (190400-551657477):70)
08-02 16:12:40.000  6755 12042 W SystemUpdate: 	at hpt.run(:com.google.android.gms@232617044@23.26.17 (190400-551657477):152)
08-02 16:12:40.000  6755 12042 W SystemUpdate: 	at difl.run(:com.google.android.gms@232617044@23.26.17 (190400-551657477):13)
08-02 16:12:40.000  6755 12042 W SystemUpdate: 	at java.util.concurrent.ThreadPoolExecutor.runWorker(ThreadPoolExecutor.java:1167)
08-02 16:12:40.000  6755 12042 W SystemUpdate: 	at java.util.concurrent.ThreadPoolExecutor$Worker.run(ThreadPoolExecutor.java:641)
08-02 16:12:40.000  6755 12042 W SystemUpdate: 	at java.lang.Thread.run(Thread.java:920)
08-02 16:12:40.018  6755 12042 I SystemUpdate: [Execution,ExecutionManager] Action pending executed for 0.02 seconds.
08-02 16:12:40.021  6755 12042 I SystemUpdate: [Execution,ExecutionManager] Action pre-download-validate executed for 0.00 seconds.
08-02 16:12:40.024  6755 12042 W SystemUpdate: [Execution,ExecutionManager] Unable to create the action. Restart the execution from the scratch.
08-02 16:12:40.024  6755 12042 W SystemUpdate: java.lang.IllegalStateException
08-02 16:12:40.024  6755 12042 W SystemUpdate: 	at acea.l(:com.google.android.gms@232617044@23.26.17 (190400-551657477):6)
08-02 16:12:40.024  6755 12042 W SystemUpdate: 	at ckxl.a(:com.google.android.gms@232617044@23.26.17 (190400-551657477):324)
08-02 16:12:40.024  6755 12042 W SystemUpdate: 	at com.google.android.gms.update.execution.InstallationIntentOperation.onHandleIntent(:com.google.android.gms@232617044@23.26.17 (190400-551657477):120)
08-02 16:12:40.024  6755 12042 W SystemUpdate: 	at com.google.android.chimera.IntentOperation.onHandleIntent(:com.google.android.gms@232617044@23.26.17 (190400-551657477):2)
08-02 16:12:40.024  6755 12042 W SystemUpdate: 	at zvn.onHandleIntent(:com.google.android.gms@232617044@23.26.17 (190400-551657477):10)
08-02 16:12:40.024  6755 12042 W SystemUpdate: 	at hpu.run(:com.google.android.gms@232617044@23.26.17 (190400-551657477):70)
08-02 16:12:40.024  6755 12042 W SystemUpdate: 	at hpt.run(:com.google.android.gms@232617044@23.26.17 (190400-551657477):152)
08-02 16:12:40.024  6755 12042 W SystemUpdate: 	at difl.run(:com.google.android.gms@232617044@23.26.17 (190400-551657477):13)
08-02 16:12:40.024  6755 12042 W SystemUpdate: 	at java.util.concurrent.ThreadPoolExecutor.runWorker(ThreadPoolExecutor.java:1167)
08-02 16:12:40.024  6755 12042 W SystemUpdate: 	at java.util.concurrent.ThreadPoolExecutor$Worker.run(ThreadPoolExecutor.java:641)
08-02 16:12:40.024  6755 12042 W SystemUpdate: 	at java.lang.Thread.run(Thread.java:920)
08-02 16:12:40.034  4081  4081 E adbd    : failed to connect to socket 'tcp:6666': Connection refused
08-02 16:12:40.049  6755 12042 I SystemUpdate: [Execution,ExecutionManager] Action pending executed for 0.03 seconds.
08-02 16:12:40.053  9638  9859 D UE      : LogPluginManager: Mounting Engine plugin EnhancedInput
08-02 16:12:40.054  6755 12042 I SystemUpdate: [Execution,ExecutionManager] Action pre-download-validate executed for 0.00 seconds.
08-02 16:12:40.057  6755 12042 W SystemUpdate: [Execution,ExecutionManager] Unable to create the action. Restart the execution from the scratch.
08-02 16:12:40.057  6755 12042 W SystemUpdate: java.lang.IllegalStateException
08-02 16:12:40.057  6755 12042 W SystemUpdate: 	at acea.l(:com.google.android.gms@232617044@23.26.17 (190400-551657477):6)
08-02 16:12:40.057  6755 12042 W SystemUpdate: 	at ckxl.a(:com.google.android.gms@232617044@23.26.17 (190400-551657477):324)
08-02 16:12:40.057  6755 12042 W SystemUpdate: 	at com.google.android.gms.update.execution.InstallationIntentOperation.onHandleIntent(:com.google.android.gms@232617044@23.26.17 (190400-551657477):120)
08-02 16:12:40.057  6755 12042 W SystemUpdate: 	at com.google.android.chimera.IntentOperation.onHandleIntent(:com.google.android.gms@232617044@23.26.17 (190400-551657477):2)
08-02 16:12:40.057  6755 12042 W SystemUpdate: 	at zvn.onHandleIntent(:com.google.android.gms@232617044@23.26.17 (190400-551657477):10)
08-02 16:12:40.057  6755 12042 W SystemUpdate: 	at hpu.run(:com.google.android.gms@232617044@23.26.17 (190400-551657477):70)
08-02 16:12:40.057  6755 12042 W SystemUpdate: 	at hpt.run(:com.google.android.gms@232617044@23.26.17 (190400-551657477):152)
08-02 16:12:40.057  6755 12042 W SystemUpdate: 	at difl.run(:com.google.android.gms@232617044@23.26.17 (190400-551657477):13)
08-02 16:12:40.057  6755 12042 W SystemUpdate: 	at java.util.concurrent.ThreadPoolExecutor.runWorker(ThreadPoolExecutor.java:1167)
08-02 16:12:40.057  6755 12042 W SystemUpdate: 	at java.util.concurrent.ThreadPoolExecutor$Worker.run(ThreadPoolExecutor.java:641)
08-02 16:12:40.057  6755 12042 W SystemUpdate: 	at java.lang.Thread.run(Thread.java:920)
08-02 16:12:40.071  5273  5431 E BufferQueueProducer: [ViewRootImpl[wonder]#153(BLAST Consumer)153](id:149900000099,api:0,p:-1,c:5273) disconnect: not connected (req=1)
08-02 16:12:40.071  5273  5431 W libEGL  : EGLNativeWindowType 0x7cfbdc31b0 disconnect failed
08-02 16:12:40.075  6755 12042 I SystemUpdate: [Execution,ExecutionManager] Action pending executed for 0.02 seconds.
08-02 16:12:40.078  4972  6307 W InputManager-JNI: Input channel object 'a28f50d Splash Screen com.yashu.wonder (client)' was disposed without first being removed with the input manager!
08-02 16:12:40.079  6755 12042 I SystemUpdate: [Execution,ExecutionManager] Action pre-download-validate executed for 0.00 seconds.
08-02 16:12:40.084  6755 12042 W SystemUpdate: [Execution,ExecutionManager] Unable to create the action. Restart the execution from the scratch.
08-02 16:12:40.084  6755 12042 W SystemUpdate: java.lang.IllegalStateException
08-02 16:12:40.084  6755 12042 W SystemUpdate: 	at acea.l(:com.google.android.gms@232617044@23.26.17 (190400-551657477):6)
08-02 16:12:40.084  6755 12042 W SystemUpdate: 	at ckxl.a(:com.google.android.gms@232617044@23.26.17 (190400-551657477):324)
08-02 16:12:40.084  6755 12042 W SystemUpdate: 	at com.google.android.gms.update.execution.InstallationIntentOperation.onHandleIntent(:com.google.android.gms@232617044@23.26.17 (190400-551657477):120)
08-02 16:12:40.084  6755 12042 W SystemUpdate: 	at com.google.android.chimera.IntentOperation.onHandleIntent(:com.google.android.gms@232617044@23.26.17 (190400-551657477):2)
08-02 16:12:40.084  6755 12042 W SystemUpdate: 	at zvn.onHandleIntent(:com.google.android.gms@232617044@23.26.17 (190400-551657477):10)
08-02 16:12:40.084  6755 12042 W SystemUpdate: 	at hpu.run(:com.google.android.gms@232617044@23.26.17 (190400-551657477):70)
08-02 16:12:40.084  6755 12042 W SystemUpdate: 	at hpt.run(:com.google.android.gms@232617044@23.26.17 (190400-551657477):152)
08-02 16:12:40.084  6755 12042 W SystemUpdate: 	at difl.run(:com.google.android.gms@232617044@23.26.17 (190400-551657477):13)
08-02 16:12:40.084  6755 12042 W SystemUpdate: 	at java.util.concurrent.ThreadPoolExecutor.runWorker(ThreadPoolExecutor.java:1167)
08-02 16:12:40.084  6755 12042 W SystemUpdate: 	at java.util.concurrent.ThreadPoolExecutor$Worker.run(ThreadPoolExecutor.java:641)
08-02 16:12:40.084  6755 12042 W SystemUpdate: 	at java.lang.Thread.run(Thread.java:920)
08-02 16:12:40.099  9638  9859 D UE      : LogPluginManager: Found config from plugin[EnhancedInput] Input
08-02 16:12:40.099  9638  9859 D UE      : LogPluginManager: Mounting Engine plugin MeshPainting
08-02 16:12:40.100  9638  9859 D UE      : LogPluginManager: Mounting Engine plugin TraceUtilities
08-02 16:12:40.101  9638  9859 D UE      : LogPluginManager: Mounting Engine plugin AISupport
08-02 16:12:40.101  9638  9859 D UE      : LogPluginManager: Mounting Engine plugin EnvironmentQueryEditor
08-02 16:12:40.101  9638  9859 D UE      : LogPluginManager: Mounting Engine plugin AnimationSharing
08-02 16:12:40.102  9638  9859 D UE      : LogPluginManager: Mounting Engine plugin DumpGPUServices
08-02 16:12:40.102  9638  9859 D UE      : LogPluginManager: Mounting Engine plugin PluginUtils
08-02 16:12:40.102  9638  9859 D UE      : LogPluginManager: Mounting Engine plugin UObjectPlugin
08-02 16:12:40.102  9638  9859 D UE      : LogPluginManager: Mounting Engine plugin AnimationData
08-02 16:12:40.103  6755 12042 I SystemUpdate: [Execution,ExecutionManager] Action pending executed for 0.02 seconds.
08-02 16:12:40.103  9638  9859 D UE      : LogPluginManager: Mounting Engine plugin ControlRig
08-02 16:12:40.106  6755 12042 I SystemUpdate: [Execution,ExecutionManager] Action pre-download-validate executed for 0.00 seconds.
08-02 16:12:40.106  9638  9859 D UE      : LogPluginManager: Mounting Engine plugin ControlRigSpline
08-02 16:12:40.106  9638  9859 D UE      : LogPluginManager: Mounting Engine plugin IKRig
08-02 16:12:40.107  9638  9859 D UE      : LogPluginManager: Mounting Engine plugin LiveLink
08-02 16:12:40.108  9638  9859 D UE      : LogPluginManager: Mounting Engine plugin DatasmithContent
08-02 16:12:40.108  6755 12042 W SystemUpdate: [Execution,ExecutionManager] Unable to create the action. Restart the execution from the scratch.
08-02 16:12:40.108  6755 12042 W SystemUpdate: java.lang.IllegalStateException
08-02 16:12:40.108  6755 12042 W SystemUpdate: 	at acea.l(:com.google.android.gms@232617044@23.26.17 (190400-551657477):6)
08-02 16:12:40.108  6755 12042 W SystemUpdate: 	at ckxl.a(:com.google.android.gms@232617044@23.26.17 (190400-551657477):324)
08-02 16:12:40.108  6755 12042 W SystemUpdate: 	at com.google.android.gms.update.execution.InstallationIntentOperation.onHandleIntent(:com.google.android.gms@232617044@23.26.17 (190400-551657477):120)
08-02 16:12:40.108  6755 12042 W SystemUpdate: 	at com.google.android.chimera.IntentOperation.onHandleIntent(:com.google.android.gms@232617044@23.26.17 (190400-551657477):2)
08-02 16:12:40.108  6755 12042 W SystemUpdate: 	at zvn.onHandleIntent(:com.google.android.gms@232617044@23.26.17 (190400-551657477):10)
08-02 16:12:40.108  6755 12042 W SystemUpdate: 	at hpu.run(:com.google.android.gms@232617044@23.26.17 (190400-551657477):70)
08-02 16:12:40.108  6755 12042 W SystemUpdate: 	at hpt.run(:com.google.android.gms@232617044@23.26.17 (190400-551657477):152)
08-02 16:12:40.108  6755 12042 W SystemUpdate: 	at difl.run(:com.google.android.gms@232617044@23.26.17 (190400-551657477):13)
08-02 16:12:40.108  6755 12042 W SystemUpdate: 	at java.util.concurrent.ThreadPoolExecutor.runWorker(ThreadPoolExecutor.java:1167)
08-02 16:12:40.108  6755 12042 W SystemUpdate: 	at java.util.concurrent.ThreadPoolExecutor$Worker.run(ThreadPoolExecutor.java:641)
08-02 16:12:40.108  6755 12042 W SystemUpdate: 	at java.lang.Thread.run(Thread.java:920)
08-02 16:12:40.108  9638  9859 D UE      : LogPluginManager: Mounting Engine plugin GLTFExporter
08-02 16:12:40.109  9638  9859 D UE      : LogPluginManager: Mounting Engine plugin VariantManagerContent
08-02 16:12:40.110  9638  9859 D UE      : LogPluginManager: Mounting Engine plugin ActorSequence
08-02 16:12:40.110  9638  9859 D UE      : LogPluginManager: Mounting Engine plugin LevelSequenceEditor
08-02 16:12:40.110  9638  9859 D UE      : LogPluginManager: Mounting Engine plugin SequencerScripting
08-02 16:12:40.111  9638  9859 D UE      : LogPluginManager: Mounting Engine plugin TemplateSequence
08-02 16:12:40.111  9638  9859 D UE      : LogPluginManager: Mounting Engine plugin CameraShakePreviewer
08-02 16:12:40.111  9638  9859 D UE      : LogPluginManager: Mounting Engine plugin GameplayCameras
