08-02 16:12:41.247  9638  9859 D UE      : [2023.08.02-06.12.41:247][  0]LogStreaming: Error: Couldn't find file for package /ARUtilities/Materials/MI_PassthroughCameraExternalTexture requested by async loading code. NameToLoad: /ARUtilities/Materials/MI_PassthroughCameraExternalTexture
08-02 16:12:41.247  9638  9859 D UE      : [2023.08.02-06.12.41:247][  0]LogStreaming: Error: Found 0 dependent packages...
08-02 16:12:41.247  9638  9859 D UE      : CDO Constructor (GoogleARCoreCameraOverlayMaterialLoader): Failed to find /ARUtilities/Materials/MI_PassthroughCameraExternalTexture.MI_PassthroughCameraExternalTexture
08-02 16:12:41.247  9638  9859 D UE      : [2023.08.02-06.12.41:247][  0]Error: CDO Constructor (GoogleARCoreCameraOverlayMaterialLoader): Failed to find /ARUtilities/Materials/MI_PassthroughCameraExternalTexture.MI_PassthroughCameraExternalTexture
08-02 16:12:41.247  9638  9859 D UE      : 
08-02 16:12:41.248  9638  9859 D UE      : [2023.08.02-06.12.41:248][  0]LogStreaming: Error: Couldn't find file for package /ARUtilities/Materials/M_PassthroughCamera requested by async loading code. NameToLoad: /ARUtilities/Materials/M_PassthroughCamera
08-02 16:12:41.248  9638  9859 D UE      : [2023.08.02-06.12.41:248][  0]LogStreaming: Error: Found 0 dependent packages...
08-02 16:12:41.248  9638  9859 D UE      : CDO Constructor (GoogleARCoreCameraOverlayMaterialLoader): Failed to find /ARUtilities/Materials/M_PassthroughCamera.M_PassthroughCamera
08-02 16:12:41.248  9638  9859 D UE      : [2023.08.02-06.12.41:248][  0]Error: CDO Constructor (GoogleARCoreCameraOverlayMaterialLoader): Failed to find /ARUtilities/Materials/M_PassthroughCamera.M_PassthroughCamera
08-02 16:12:41.248  9638  9859 D UE      : 
08-02 16:12:41.248  9638  9859 D UE      : [2023.08.02-06.12.41:248][  0]LogStreaming: Error: Couldn't find file for package /GoogleARCore/M_SceneDepthOcclusion requested by async loading code. NameToLoad: /GoogleARCore/M_SceneDepthOcclusion
08-02 16:12:41.248  9638  9859 D UE      : [2023.08.02-06.12.41:248][  0]LogStreaming: Error: Found 0 dependent packages...
08-02 16:12:41.249  9638  9859 D UE      : CDO Constructor (GoogleARCoreCameraOverlayMaterialLoader): Failed to find /GoogleARCore/M_SceneDepthOcclusion.M_SceneDepthOcclusion
08-02 16:12:41.249  9638  9859 D UE      : [2023.08.02-06.12.41:249][  0]Error: CDO Constructor (GoogleARCoreCameraOverlayMaterialLoader): Failed to find /GoogleARCore/M_SceneDepthOcclusion.M_SceneDepthOcclusion
08-02 16:12:41.249  9638  9859 D UE      : 
08-02 16:12:41.249  9638  9859 D UE      : [2023.08.02-06.12.41:249][  0]LogStreaming: Error: Couldn't find file for package /ARUtilities/Materials/M_DepthColoration requested by async loading code. NameToLoad: /ARUtilities/Materials/M_DepthColoration
08-02 16:12:41.249  9638  9859 D UE      : [2023.08.02-06.12.41:249][  0]LogStreaming: Error: Found 0 dependent packages...
08-02 16:12:41.250  9638  9859 D UE      : CDO Constructor (GoogleARCoreCameraOverlayMaterialLoader): Failed to find /ARUtilities/Materials/M_DepthColoration.M_DepthColoration
08-02 16:12:41.250  9638  9859 D UE      : [2023.08.02-06.12.41:250][  0]Error: CDO Constructor (GoogleARCoreCameraOverlayMaterialLoader): Failed to find /ARUtilities/Materials/M_DepthColoration.M_DepthColoration
08-02 16:12:41.250  9638  9859 D UE      : 
08-02 16:12:41.250  9638  9859 D UE      : [2023.08.02-06.12.41:250][  0]LogStreaming: Error: Couldn't find file for package /ARUtilities/Materials/M_ScreenSpacePassthroughCamera requested by async loading code. NameToLoad: /ARUtilities/Materials/M_ScreenSpacePassthroughCamera
08-02 16:12:41.250  9638  9859 D UE      : [2023.08.02-06.12.41:250][  0]LogStreaming: Error: Found 0 dependent packages...
08-02 16:12:41.251  9638  9859 D UE      : CDO Constructor (PassthroughMaterialUpdateComponent): Failed to find /ARUtilities/Materials/M_ScreenSpacePassthroughCamera.M_ScreenSpacePassthroughCamera
08-02 16:12:41.251  9638  9859 D UE      : [2023.08.02-06.12.41:251][  0]Error: CDO Constructor (PassthroughMaterialUpdateComponent): Failed to find /ARUtilities/Materials/M_ScreenSpacePassthroughCamera.M_ScreenSpacePassthroughCamera
08-02 16:12:41.251  9638  9859 D UE      : 
08-02 16:12:41.251  9638  9859 D UE      : [2023.08.02-06.12.41:251][  0]LogStreaming: Error: Couldn't find file for package /ARUtilities/Materials/MI_ScreenSpacePassthroughCameraExternalTexture requested by async loading code. NameToLoad: /ARUtilities/Materials/MI_ScreenSpacePassthroughCameraExternalTexture
08-02 16:12:41.251  9638  9859 D UE      : [2023.08.02-06.12.41:251][  0]LogStreaming: Error: Found 0 dependent packages...
08-02 16:12:41.252  9638  9859 D UE      : CDO Constructor (PassthroughMaterialUpdateComponent): Failed to find /ARUtilities/Materials/MI_ScreenSpacePassthroughCameraExternalTexture.MI_ScreenSpacePassthroughCameraExternalTexture
08-02 16:12:41.252  9638  9859 D UE      : [2023.08.02-06.12.41:252][  0]Error: CDO Constructor (PassthroughMaterialUpdateComponent): Failed to find /ARUtilities/Materials/MI_ScreenSpacePassthroughCameraExternalTexture.MI_ScreenSpacePassthroughCameraExternalTexture
08-02 16:12:41.252  9638  9859 D UE      : 
08-02 16:12:41.256  6755 12042 I SystemUpdate: [Execution,ExecutionManager] Action pending executed for 0.01 seconds.
08-02 16:12:41.259  6755 12042 I SystemUpdate: [Execution,ExecutionManager] Action pre-download-validate executed for 0.00 seconds.
08-02 16:12:41.262  6755 12042 W SystemUpdate: [Execution,ExecutionManager] Unable to create the action. Restart the execution from the scratch.
08-02 16:12:41.262  6755 12042 W SystemUpdate: java.lang.IllegalStateException
08-02 16:12:41.262  6755 12042 W SystemUpdate: 	at acea.l(:com.google.android.gms@232617044@23.26.17 (190400-551657477):6)
08-02 16:12:41.262  6755 12042 W SystemUpdate: 	at ckxl.a(:com.google.android.gms@232617044@23.26.17 (190400-551657477):324)
08-02 16:12:41.262  6755 12042 W SystemUpdate: 	at com.google.android.gms.update.execution.InstallationIntentOperation.onHandleIntent(:com.google.android.gms@232617044@23.26.17 (190400-551657477):120)
08-02 16:12:41.262  6755 12042 W SystemUpdate: 	at com.google.android.chimera.IntentOperation.onHandleIntent(:com.google.android.gms@232617044@23.26.17 (190400-551657477):2)
08-02 16:12:41.262  6755 12042 W SystemUpdate: 	at zvn.onHandleIntent(:com.google.android.gms@232617044@23.26.17 (190400-551657477):10)
08-02 16:12:41.262  6755 12042 W SystemUpdate: 	at hpu.run(:com.google.android.gms@232617044@23.26.17 (190400-551657477):70)
08-02 16:12:41.262  6755 12042 W SystemUpdate: 	at hpt.run(:com.google.android.gms@232617044@23.26.17 (190400-551657477):152)
08-02 16:12:41.262  6755 12042 W SystemUpdate: 	at difl.run(:com.google.android.gms@232617044@23.26.17 (190400-551657477):13)
08-02 16:12:41.262  6755 12042 W SystemUpdate: 	at java.util.concurrent.ThreadPoolExecutor.runWorker(ThreadPoolExecutor.java:1167)
08-02 16:12:41.262  6755 12042 W SystemUpdate: 	at java.util.concurrent.ThreadPoolExecutor$Worker.run(ThreadPoolExecutor.java:641)
08-02 16:12:41.262  6755 12042 W SystemUpdate: 	at java.lang.Thread.run(Thread.java:920)
08-02 16:12:41.277  6755 12042 I SystemUpdate: [Execution,ExecutionManager] Action pending executed for 0.02 seconds.
08-02 16:12:41.280  6755 12042 I SystemUpdate: [Execution,ExecutionManager] Action pre-download-validate executed for 0.00 seconds.
08-02 16:12:41.283  6755 12042 W SystemUpdate: [Execution,ExecutionManager] Unable to create the action. Restart the execution from the scratch.
08-02 16:12:41.283  6755 12042 W SystemUpdate: java.lang.IllegalStateException
08-02 16:12:41.283  6755 12042 W SystemUpdate: 	at acea.l(:com.google.android.gms@232617044@23.26.17 (190400-551657477):6)
08-02 16:12:41.283  6755 12042 W SystemUpdate: 	at ckxl.a(:com.google.android.gms@232617044@23.26.17 (190400-551657477):324)
08-02 16:12:41.283  6755 12042 W SystemUpdate: 	at com.google.android.gms.update.execution.InstallationIntentOperation.onHandleIntent(:com.google.android.gms@232617044@23.26.17 (190400-551657477):120)
08-02 16:12:41.283  6755 12042 W SystemUpdate: 	at com.google.android.chimera.IntentOperation.onHandleIntent(:com.google.android.gms@232617044@23.26.17 (190400-551657477):2)
08-02 16:12:41.283  6755 12042 W SystemUpdate: 	at zvn.onHandleIntent(:com.google.android.gms@232617044@23.26.17 (190400-551657477):10)
08-02 16:12:41.283  6755 12042 W SystemUpdate: 	at hpu.run(:com.google.android.gms@232617044@23.26.17 (190400-551657477):70)
08-02 16:12:41.283  6755 12042 W SystemUpdate: 	at hpt.run(:com.google.android.gms@232617044@23.26.17 (190400-551657477):152)
08-02 16:12:41.283  6755 12042 W SystemUpdate: 	at difl.run(:com.google.android.gms@232617044@23.26.17 (190400-551657477):13)
08-02 16:12:41.283  6755 12042 W SystemUpdate: 	at java.util.concurrent.ThreadPoolExecutor.runWorker(ThreadPoolExecutor.java:1167)
08-02 16:12:41.283  6755 12042 W SystemUpdate: 	at java.util.concurrent.ThreadPoolExecutor$Worker.run(ThreadPoolExecutor.java:641)
08-02 16:12:41.283  6755 12042 W SystemUpdate: 	at java.lang.Thread.run(Thread.java:920)
08-02 16:12:41.298  6755 12042 I SystemUpdate: [Execution,ExecutionManager] Action pending executed for 0.02 seconds.
08-02 16:12:41.299  9638  9859 D UE      : [2023.08.02-06.12.41:299][  0]LogAudioCaptureCore: Display: No Audio Capture implementations found. Audio input will be silent.
08-02 16:12:41.299  9638  9859 D UE      : [2023.08.02-06.12.41:299][  0]LogAudioCaptureCore: Display: No Audio Capture implementations found. Audio input will be silent.
08-02 16:12:41.301  6755 12042 I SystemUpdate: [Execution,ExecutionManager] Action pre-download-validate executed for 0.00 seconds.
08-02 16:12:41.303  6755 12042 W SystemUpdate: [Execution,ExecutionManager] Unable to create the action. Restart the execution from the scratch.
08-02 16:12:41.303  6755 12042 W SystemUpdate: java.lang.IllegalStateException
08-02 16:12:41.303  6755 12042 W SystemUpdate: 	at acea.l(:com.google.android.gms@232617044@23.26.17 (190400-551657477):6)
08-02 16:12:41.303  6755 12042 W SystemUpdate: 	at ckxl.a(:com.google.android.gms@232617044@23.26.17 (190400-551657477):324)
08-02 16:12:41.303  6755 12042 W SystemUpdate: 	at com.google.android.gms.update.execution.InstallationIntentOperation.onHandleIntent(:com.google.android.gms@232617044@23.26.17 (190400-551657477):120)
08-02 16:12:41.303  6755 12042 W SystemUpdate: 	at com.google.android.chimera.IntentOperation.onHandleIntent(:com.google.android.gms@232617044@23.26.17 (190400-551657477):2)
08-02 16:12:41.303  6755 12042 W SystemUpdate: 	at zvn.onHandleIntent(:com.google.android.gms@232617044@23.26.17 (190400-551657477):10)
08-02 16:12:41.303  6755 12042 W SystemUpdate: 	at hpu.run(:com.google.android.gms@232617044@23.26.17 (190400-551657477):70)
08-02 16:12:41.303  6755 12042 W SystemUpdate: 	at hpt.run(:com.google.android.gms@232617044@23.26.17 (190400-551657477):152)
08-02 16:12:41.303  6755 12042 W SystemUpdate: 	at difl.run(:com.google.android.gms@232617044@23.26.17 (190400-551657477):13)
08-02 16:12:41.303  6755 12042 W SystemUpdate: 	at java.util.concurrent.ThreadPoolExecutor.runWorker(ThreadPoolExecutor.java:1167)
08-02 16:12:41.303  6755 12042 W SystemUpdate: 	at java.util.concurrent.ThreadPoolExecutor$Worker.run(ThreadPoolExecutor.java:641)
08-02 16:12:41.303  6755 12042 W SystemUpdate: 	at java.lang.Thread.run(Thread.java:920)
08-02 16:12:41.320  6755 12042 I SystemUpdate: [Execution,ExecutionManager] Action pending executed for 0.02 seconds.
08-02 16:12:41.323  6755 12042 I SystemUpdate: [Execution,ExecutionManager] Action pre-download-validate executed for 0.00 seconds.
08-02 16:12:41.328  6755 12042 W SystemUpdate: [Execution,ExecutionManager] Unable to create the action. Restart the execution from the scratch.
08-02 16:12:41.328  6755 12042 W SystemUpdate: java.lang.IllegalStateException
08-02 16:12:41.328  6755 12042 W SystemUpdate: 	at acea.l(:com.google.android.gms@232617044@23.26.17 (190400-551657477):6)
08-02 16:12:41.328  6755 12042 W SystemUpdate: 	at ckxl.a(:com.google.android.gms@232617044@23.26.17 (190400-551657477):324)
08-02 16:12:41.328  6755 12042 W SystemUpdate: 	at com.google.android.gms.update.execution.InstallationIntentOperation.onHandleIntent(:com.google.android.gms@232617044@23.26.17 (190400-551657477):120)
08-02 16:12:41.328  6755 12042 W SystemUpdate: 	at com.google.android.chimera.IntentOperation.onHandleIntent(:com.google.android.gms@232617044@23.26.17 (190400-551657477):2)
08-02 16:12:41.328  6755 12042 W SystemUpdate: 	at zvn.onHandleIntent(:com.google.android.gms@232617044@23.26.17 (190400-551657477):10)
08-02 16:12:41.328  6755 12042 W SystemUpdate: 	at hpu.run(:com.google.android.gms@232617044@23.26.17 (190400-551657477):70)
08-02 16:12:41.328  6755 12042 W SystemUpdate: 	at hpt.run(:com.google.android.gms@232617044@23.26.17 (190400-551657477):152)
08-02 16:12:41.328  6755 12042 W SystemUpdate: 	at difl.run(:com.google.android.gms@232617044@23.26.17 (190400-551657477):13)
08-02 16:12:41.328  6755 12042 W SystemUpdate: 	at java.util.concurrent.ThreadPoolExecutor.runWorker(ThreadPoolExecutor.java:1167)
08-02 16:12:41.328  6755 12042 W SystemUpdate: 	at java.util.concurrent.ThreadPoolExecutor$Worker.run(ThreadPoolExecutor.java:641)
08-02 16:12:41.328  6755 12042 W SystemUpdate: 	at java.lang.Thread.run(Thread.java:920)
08-02 16:12:41.348  6755 12042 I SystemUpdate: [Execution,ExecutionManager] Action pending executed for 0.02 seconds.
08-02 16:12:41.353  6755 12042 I SystemUpdate: [Execution,ExecutionManager] Action pre-download-validate executed for 0.00 seconds.
08-02 16:12:41.358  6755 12042 W SystemUpdate: [Execution,ExecutionManager] Unable to create the action. Restart the execution from the scratch.
08-02 16:12:41.358  6755 12042 W SystemUpdate: java.lang.IllegalStateException
08-02 16:12:41.358  6755 12042 W SystemUpdate: 	at acea.l(:com.google.android.gms@232617044@23.26.17 (190400-551657477):6)
08-02 16:12:41.358  6755 12042 W SystemUpdate: 	at ckxl.a(:com.google.android.gms@232617044@23.26.17 (190400-551657477):324)
08-02 16:12:41.358  6755 12042 W SystemUpdate: 	at com.google.android.gms.update.execution.InstallationIntentOperation.onHandleIntent(:com.google.android.gms@232617044@23.26.17 (190400-551657477):120)
08-02 16:12:41.358  6755 12042 W SystemUpdate: 	at com.google.android.chimera.IntentOperation.onHandleIntent(:com.google.android.gms@232617044@23.26.17 (190400-551657477):2)
08-02 16:12:41.358  6755 12042 W SystemUpdate: 	at zvn.onHandleIntent(:com.google.android.gms@232617044@23.26.17 (190400-551657477):10)
08-02 16:12:41.358  6755 12042 W SystemUpdate: 	at hpu.run(:com.google.android.gms@232617044@23.26.17 (190400-551657477):70)
08-02 16:12:41.358  6755 12042 W SystemUpdate: 	at hpt.run(:com.google.android.gms@232617044@23.26.17 (190400-551657477):152)
08-02 16:12:41.358  6755 12042 W SystemUpdate: 	at difl.run(:com.google.android.gms@232617044@23.26.17 (190400-551657477):13)
08-02 16:12:41.358  6755 12042 W SystemUpdate: 	at java.util.concurrent.ThreadPoolExecutor.runWorker(ThreadPoolExecutor.java:1167)
08-02 16:12:41.358  6755 12042 W SystemUpdate: 	at java.util.concurrent.ThreadPoolExecutor$Worker.run(ThreadPoolExecutor.java:641)
08-02 16:12:41.358  6755 12042 W SystemUpdate: 	at java.lang.Thread.run(Thread.java:920)
08-02 16:12:41.375  6755 12042 I SystemUpdate: [Execution,ExecutionManager] Action pending executed for 0.02 seconds.
08-02 16:12:41.378  6755 12042 I SystemUpdate: [Execution,ExecutionManager] Action pre-download-validate executed for 0.00 seconds.
08-02 16:12:41.382  6755 12042 W SystemUpdate: [Execution,ExecutionManager] Unable to create the action. Restart the execution from the scratch.
08-02 16:12:41.382  6755 12042 W SystemUpdate: java.lang.IllegalStateException
08-02 16:12:41.382  6755 12042 W SystemUpdate: 	at acea.l(:com.google.android.gms@232617044@23.26.17 (190400-551657477):6)
08-02 16:12:41.382  6755 12042 W SystemUpdate: 	at ckxl.a(:com.google.android.gms@232617044@23.26.17 (190400-551657477):324)
08-02 16:12:41.382  6755 12042 W SystemUpdate: 	at com.google.android.gms.update.execution.InstallationIntentOperation.onHandleIntent(:com.google.android.gms@232617044@23.26.17 (190400-551657477):120)
08-02 16:12:41.382  6755 12042 W SystemUpdate: 	at com.google.android.chimera.IntentOperation.onHandleIntent(:com.google.android.gms@232617044@23.26.17 (190400-551657477):2)
08-02 16:12:41.382  6755 12042 W SystemUpdate: 	at zvn.onHandleIntent(:com.google.android.gms@232617044@23.26.17 (190400-551657477):10)
08-02 16:12:41.382  6755 12042 W SystemUpdate: 	at hpu.run(:com.google.android.gms@232617044@23.26.17 (190400-551657477):70)
08-02 16:12:41.382  6755 12042 W SystemUpdate: 	at hpt.run(:com.google.android.gms@232617044@23.26.17 (190400-551657477):152)
08-02 16:12:41.382  6755 12042 W SystemUpdate: 	at difl.run(:com.google.android.gms@232617044@23.26.17 (190400-551657477):13)
08-02 16:12:41.382  6755 12042 W SystemUpdate: 	at java.util.concurrent.ThreadPoolExecutor.runWorker(ThreadPoolExecutor.java:1167)
08-02 16:12:41.382  6755 12042 W SystemUpdate: 	at java.util.concurrent.ThreadPoolExecutor$Worker.run(ThreadPoolExecutor.java:641)
08-02 16:12:41.382  6755 12042 W SystemUpdate: 	at java.lang.Thread.run(Thread.java:920)
08-02 16:12:41.399  6755 12042 I SystemUpdate: [Execution,ExecutionManager] Action pending executed for 0.02 seconds.
08-02 16:12:41.402  6755 12042 I SystemUpdate: [Execution,ExecutionManager] Action pre-download-validate executed for 0.00 seconds.
08-02 16:12:41.405  6755 12042 W SystemUpdate: [Execution,ExecutionManager] Unable to create the action. Restart the execution from the scratch.
08-02 16:12:41.405  6755 12042 W SystemUpdate: java.lang.IllegalStateException
08-02 16:12:41.405  6755 12042 W SystemUpdate: 	at acea.l(:com.google.android.gms@232617044@23.26.17 (190400-551657477):6)
08-02 16:12:41.405  6755 12042 W SystemUpdate: 	at ckxl.a(:com.google.android.gms@232617044@23.26.17 (190400-551657477):324)
08-02 16:12:41.405  6755 12042 W SystemUpdate: 	at com.google.android.gms.update.execution.InstallationIntentOperation.onHandleIntent(:com.google.android.gms@232617044@23.26.17 (190400-551657477):120)
08-02 16:12:41.405  6755 12042 W SystemUpdate: 	at com.google.android.chimera.IntentOperation.onHandleIntent(:com.google.android.gms@232617044@23.26.17 (190400-551657477):2)
08-02 16:12:41.405  6755 12042 W SystemUpdate: 	at zvn.onHandleIntent(:com.google.android.gms@232617044@23.26.17 (190400-551657477):10)
08-02 16:12:41.405  6755 12042 W SystemUpdate: 	at hpu.run(:com.google.android.gms@232617044@23.26.17 (190400-551657477):70)
08-02 16:12:41.405  6755 12042 W SystemUpdate: 	at hpt.run(:com.google.android.gms@232617044@23.26.17 (190400-551657477):152)
08-02 16:12:41.405  6755 12042 W SystemUpdate: 	at difl.run(:com.google.android.gms@232617044@23.26.17 (190400-551657477):13)
08-02 16:12:41.405  6755 12042 W SystemUpdate: 	at java.util.concurrent.ThreadPoolExecutor.runWorker(ThreadPoolExecutor.java:1167)
08-02 16:12:41.405  6755 12042 W SystemUpdate: 	at java.util.concurrent.ThreadPoolExecutor$Worker.run(ThreadPoolExecutor.java:641)
08-02 16:12:41.405  6755 12042 W SystemUpdate: 	at java.lang.Thread.run(Thread.java:920)
08-02 16:12:41.423  6755 12042 I SystemUpdate: [Execution,ExecutionManager] Action pending executed for 0.02 seconds.
08-02 16:12:41.428  6755 12042 I SystemUpdate: [Execution,ExecutionManager] Action pre-download-validate executed for 0.00 seconds.
08-02 16:12:41.430  9638  9859 D UE      : [2023.08.02-06.12.41:430][  0]LogMoviePlayer: Initializing movie player
08-02 16:12:41.433  6755 12042 W SystemUpdate: [Execution,ExecutionManager] Unable to create the action. Restart the execution from the scratch.
08-02 16:12:41.433  6755 12042 W SystemUpdate: java.lang.IllegalStateException
08-02 16:12:41.433  6755 12042 W SystemUpdate: 	at acea.l(:com.google.android.gms@232617044@23.26.17 (190400-551657477):6)
08-02 16:12:41.433  6755 12042 W SystemUpdate: 	at ckxl.a(:com.google.android.gms@232617044@23.26.17 (190400-551657477):324)
08-02 16:12:41.433  6755 12042 W SystemUpdate: 	at com.google.android.gms.update.execution.InstallationIntentOperation.onHandleIntent(:com.google.android.gms@232617044@23.26.17 (190400-551657477):120)
08-02 16:12:41.433  6755 12042 W SystemUpdate: 	at com.google.android.chimera.IntentOperation.onHandleIntent(:com.google.android.gms@232617044@23.26.17 (190400-551657477):2)
08-02 16:12:41.433  6755 12042 W SystemUpdate: 	at zvn.onHandleIntent(:com.google.android.gms@232617044@23.26.17 (190400-551657477):10)
08-02 16:12:41.433  6755 12042 W SystemUpdate: 	at hpu.run(:com.google.android.gms@232617044@23.26.17 (190400-551657477):70)
08-02 16:12:41.433  6755 12042 W SystemUpdate: 	at hpt.run(:com.google.android.gms@232617044@23.26.17 (190400-551657477):152)
08-02 16:12:41.433  6755 12042 W SystemUpdate: 	at difl.run(:com.google.android.gms@232617044@23.26.17 (190400-551657477):13)
08-02 16:12:41.433  6755 12042 W SystemUpdate: 	at java.util.concurrent.ThreadPoolExecutor.runWorker(ThreadPoolExecutor.java:1167)
08-02 16:12:41.433  6755 12042 W SystemUpdate: 	at java.util.concurrent.ThreadPoolExecutor$Worker.run(ThreadPoolExecutor.java:641)
08-02 16:12:41.433  6755 12042 W SystemUpdate: 	at java.lang.Thread.run(Thread.java:920)
08-02 16:12:41.450  6755 12042 I SystemUpdate: [Execution,ExecutionManager] Action pending executed for 0.02 seconds.
08-02 16:12:41.454  6755 12042 I SystemUpdate: [Execution,ExecutionManager] Action pre-download-validate executed for 0.00 seconds.
08-02 16:12:41.457  6755 12042 W SystemUpdate: [Execution,ExecutionManager] Unable to create the action. Restart the execution from the scratch.
08-02 16:12:41.457  6755 12042 W SystemUpdate: java.lang.IllegalStateException
08-02 16:12:41.457  6755 12042 W SystemUpdate: 	at acea.l(:com.google.android.gms@232617044@23.26.17 (190400-551657477):6)
08-02 16:12:41.457  6755 12042 W SystemUpdate: 	at ckxl.a(:com.google.android.gms@232617044@23.26.17 (190400-551657477):324)
08-02 16:12:41.457  6755 12042 W SystemUpdate: 	at com.google.android.gms.update.execution.InstallationIntentOperation.onHandleIntent(:com.google.android.gms@232617044@23.26.17 (190400-551657477):120)
08-02 16:12:41.457  6755 12042 W SystemUpdate: 	at com.google.android.chimera.IntentOperation.onHandleIntent(:com.google.android.gms@232617044@23.26.17 (190400-551657477):2)
08-02 16:12:41.457  6755 12042 W SystemUpdate: 	at zvn.onHandleIntent(:com.google.android.gms@232617044@23.26.17 (190400-551657477):10)
08-02 16:12:41.457  6755 12042 W SystemUpdate: 	at hpu.run(:com.google.android.gms@232617044@23.26.17 (190400-551657477):70)
08-02 16:12:41.457  6755 12042 W SystemUpdate: 	at hpt.run(:com.google.android.gms@232617044@23.26.17 (190400-551657477):152)
08-02 16:12:41.457  6755 12042 W SystemUpdate: 	at difl.run(:com.google.android.gms@232617044@23.26.17 (190400-551657477):13)
08-02 16:12:41.457  6755 12042 W SystemUpdate: 	at java.util.concurrent.ThreadPoolExecutor.runWorker(ThreadPoolExecutor.java:1167)
08-02 16:12:41.457  6755 12042 W SystemUpdate: 	at java.util.concurrent.ThreadPoolExecutor$Worker.run(ThreadPoolExecutor.java:641)
08-02 16:12:41.457  6755 12042 W SystemUpdate: 	at java.lang.Thread.run(Thread.java:920)
08-02 16:12:41.479  6755 12042 I SystemUpdate: [Execution,ExecutionManager] Action pending executed for 0.02 seconds.
08-02 16:12:41.482  6755 12042 I SystemUpdate: [Execution,ExecutionManager] Action pre-download-validate executed for 0.00 seconds.
08-02 16:12:41.486  6755 12042 W SystemUpdate: [Execution,ExecutionManager] Unable to create the action. Restart the execution from the scratch.
08-02 16:12:41.486  6755 12042 W SystemUpdate: java.lang.IllegalStateException
08-02 16:12:41.486  6755 12042 W SystemUpdate: 	at acea.l(:com.google.android.gms@232617044@23.26.17 (190400-551657477):6)
08-02 16:12:41.486  6755 12042 W SystemUpdate: 	at ckxl.a(:com.google.android.gms@232617044@23.26.17 (190400-551657477):324)
08-02 16:12:41.486  6755 12042 W SystemUpdate: 	at com.google.android.gms.update.execution.InstallationIntentOperation.onHandleIntent(:com.google.android.gms@232617044@23.26.17 (190400-551657477):120)
08-02 16:12:41.486  6755 12042 W SystemUpdate: 	at com.google.android.chimera.IntentOperation.onHandleIntent(:com.google.android.gms@232617044@23.26.17 (190400-551657477):2)
08-02 16:12:41.486  6755 12042 W SystemUpdate: 	at zvn.onHandleIntent(:com.google.android.gms@232617044@23.26.17 (190400-551657477):10)
08-02 16:12:41.486  6755 12042 W SystemUpdate: 	at hpu.run(:com.google.android.gms@232617044@23.26.17 (190400-551657477):70)
08-02 16:12:41.486  6755 12042 W SystemUpdate: 	at hpt.run(:com.google.android.gms@232617044@23.26.17 (190400-551657477):152)
08-02 16:12:41.486  6755 12042 W SystemUpdate: 	at difl.run(:com.google.android.gms@232617044@23.26.17 (190400-551657477):13)
08-02 16:12:41.486  6755 12042 W SystemUpdate: 	at java.util.concurrent.ThreadPoolExecutor.runWorker(ThreadPoolExecutor.java:1167)
08-02 16:12:41.486  6755 12042 W SystemUpdate: 	at java.util.concurrent.ThreadPoolExecutor$Worker.run(ThreadPoolExecutor.java:641)
08-02 16:12:41.486  6755 12042 W SystemUpdate: 	at java.lang.Thread.run(Thread.java:920)
08-02 16:12:41.500  6755 12042 I SystemUpdate: [Execution,ExecutionManager] Action pending executed for 0.01 seconds.
08-02 16:12:41.503  6755 12042 I SystemUpdate: [Execution,ExecutionManager] Action pre-download-validate executed for 0.00 seconds.
08-02 16:12:41.505  6755 12042 W SystemUpdate: [Execution,ExecutionManager] Unable to create the action. Restart the execution from the scratch.
08-02 16:12:41.505  6755 12042 W SystemUpdate: java.lang.IllegalStateException
08-02 16:12:41.505  6755 12042 W SystemUpdate: 	at acea.l(:com.google.android.gms@232617044@23.26.17 (190400-551657477):6)
08-02 16:12:41.505  6755 12042 W SystemUpdate: 	at ckxl.a(:com.google.android.gms@232617044@23.26.17 (190400-551657477):324)
08-02 16:12:41.505  6755 12042 W SystemUpdate: 	at com.google.android.gms.update.execution.InstallationIntentOperation.onHandleIntent(:com.google.android.gms@232617044@23.26.17 (190400-551657477):120)
08-02 16:12:41.505  6755 12042 W SystemUpdate: 	at com.google.android.chimera.IntentOperation.onHandleIntent(:com.google.android.gms@232617044@23.26.17 (190400-551657477):2)
08-02 16:12:41.505  6755 12042 W SystemUpdate: 	at zvn.onHandleIntent(:com.google.android.gms@232617044@23.26.17 (190400-551657477):10)
08-02 16:12:41.505  6755 12042 W SystemUpdate: 	at hpu.run(:com.google.android.gms@232617044@23.26.17 (190400-551657477):70)
08-02 16:12:41.505  6755 12042 W SystemUpdate: 	at hpt.run(:com.google.android.gms@232617044@23.26.17 (190400-551657477):152)
08-02 16:12:41.505  6755 12042 W SystemUpdate: 	at difl.run(:com.google.android.gms@232617044@23.26.17 (190400-551657477):13)
08-02 16:12:41.505  6755 12042 W SystemUpdate: 	at java.util.concurrent.ThreadPoolExecutor.runWorker(ThreadPoolExecutor.java:1167)
08-02 16:12:41.505  6755 12042 W SystemUpdate: 	at java.util.concurrent.ThreadPoolExecutor$Worker.run(ThreadPoolExecutor.java:641)
08-02 16:12:41.505  6755 12042 W SystemUpdate: 	at java.lang.Thread.run(Thread.java:920)
08-02 16:12:41.520  6755 12042 I SystemUpdate: [Execution,ExecutionManager] Action pending executed for 0.02 seconds.
08-02 16:12:41.523  6755 12042 I SystemUpdate: [Execution,ExecutionManager] Action pre-download-validate executed for 0.00 seconds.
08-02 16:12:41.526  6755 12042 W SystemUpdate: [Execution,ExecutionManager] Unable to create the action. Restart the execution from the scratch.
08-02 16:12:41.526  6755 12042 W SystemUpdate: java.lang.IllegalStateException
08-02 16:12:41.526  6755 12042 W SystemUpdate: 	at acea.l(:com.google.android.gms@232617044@23.26.17 (190400-551657477):6)
08-02 16:12:41.526  6755 12042 W SystemUpdate: 	at ckxl.a(:com.google.android.gms@232617044@23.26.17 (190400-551657477):324)
08-02 16:12:41.526  6755 12042 W SystemUpdate: 	at com.google.android.gms.update.execution.InstallationIntentOperation.onHandleIntent(:com.google.android.gms@232617044@23.26.17 (190400-551657477):120)
08-02 16:12:41.526  6755 12042 W SystemUpdate: 	at com.google.android.chimera.IntentOperation.onHandleIntent(:com.google.android.gms@232617044@23.26.17 (190400-551657477):2)
08-02 16:12:41.526  6755 12042 W SystemUpdate: 	at zvn.onHandleIntent(:com.google.android.gms@232617044@23.26.17 (190400-551657477):10)
08-02 16:12:41.526  6755 12042 W SystemUpdate: 	at hpu.run(:com.google.android.gms@232617044@23.26.17 (190400-551657477):70)
08-02 16:12:41.526  6755 12042 W SystemUpdate: 	at hpt.run(:com.google.android.gms@232617044@23.26.17 (190400-551657477):152)
08-02 16:12:41.526  6755 12042 W SystemUpdate: 	at difl.run(:com.google.android.gms@232617044@23.26.17 (190400-551657477):13)
08-02 16:12:41.526  6755 12042 W SystemUpdate: 	at java.util.concurrent.ThreadPoolExecutor.runWorker(ThreadPoolExecutor.java:1167)
08-02 16:12:41.526  6755 12042 W SystemUpdate: 	at java.util.concurrent.ThreadPoolExecutor$Worker.run(ThreadPoolExecutor.java:641)
08-02 16:12:41.526  6755 12042 W SystemUpdate: 	at java.lang.Thread.run(Thread.java:920)
08-02 16:12:41.540  6755 12042 I SystemUpdate: [Execution,ExecutionManager] Action pending executed for 0.01 seconds.
08-02 16:12:41.542  6755 12042 I SystemUpdate: [Execution,ExecutionManager] Action pre-download-validate executed for 0.00 seconds.
08-02 16:12:41.545  6755 12042 W SystemUpdate: [Execution,ExecutionManager] Unable to create the action. Restart the execution from the scratch.
08-02 16:12:41.545  6755 12042 W SystemUpdate: java.lang.IllegalStateException
08-02 16:12:41.545  6755 12042 W SystemUpdate: 	at acea.l(:com.google.android.gms@232617044@23.26.17 (190400-551657477):6)
08-02 16:12:41.545  6755 12042 W SystemUpdate: 	at ckxl.a(:com.google.android.gms@232617044@23.26.17 (190400-551657477):324)
08-02 16:12:41.545  6755 12042 W SystemUpdate: 	at com.google.android.gms.update.execution.InstallationIntentOperation.onHandleIntent(:com.google.android.gms@232617044@23.26.17 (190400-551657477):120)
08-02 16:12:41.545  6755 12042 W SystemUpdate: 	at com.google.android.chimera.IntentOperation.onHandleIntent(:com.google.android.gms@232617044@23.26.17 (190400-551657477):2)
08-02 16:12:41.545  6755 12042 W SystemUpdate: 	at zvn.onHandleIntent(:com.google.android.gms@232617044@23.26.17 (190400-551657477):10)
08-02 16:12:41.545  6755 12042 W SystemUpdate: 	at hpu.run(:com.google.android.gms@232617044@23.26.17 (190400-551657477):70)
08-02 16:12:41.545  6755 12042 W SystemUpdate: 	at hpt.run(:com.google.android.gms@232617044@23.26.17 (190400-551657477):152)
08-02 16:12:41.545  6755 12042 W SystemUpdate: 	at difl.run(:com.google.android.gms@232617044@23.26.17 (190400-551657477):13)
08-02 16:12:41.545  6755 12042 W SystemUpdate: 	at java.util.concurrent.ThreadPoolExecutor.runWorker(ThreadPoolExecutor.java:1167)
08-02 16:12:41.545  6755 12042 W SystemUpdate: 	at java.util.concurrent.ThreadPoolExecutor$Worker.run(ThreadPoolExecutor.java:641)
08-02 16:12:41.545  6755 12042 W SystemUpdate: 	at java.lang.Thread.run(Thread.java:920)
08-02 16:12:41.556  9638  9859 D UE      : [2023.08.02-06.12.41:556][  0]LogAudio: Display: Registering Engine Module Parameter Interfaces...
08-02 16:12:41.558  9638  9859 D UE      : [2023.08.02-06.12.41:558][  0]LogMetasoundEngine: MetaSound Engine Initialized
08-02 16:12:41.558  9638  9859 D UE      : [2023.08.02-06.12.41:558][  0]LogTcpMessaging: Initializing TcpMessaging bridge, listening on 127.0.0.1:6666
08-02 16:12:41.559  6755 12042 I SystemUpdate: [Execution,ExecutionManager] Action pending executed for 0.01 seconds.
08-02 16:12:41.562  6755 12042 I SystemUpdate: [Execution,ExecutionManager] Action pre-download-validate executed for 0.00 seconds.
08-02 16:12:41.562  9638  9859 D UE      : [2023.08.02-06.12.41:562][  0]LogUdpMessaging: Initializing bridge on interface 0.0.0.0:0 to multicast group 230.0.0.1:6666.
08-02 16:12:41.562  9638  9859 D UE      : [2023.08.02-06.12.41:562][  0]LogSockets: (BSD_Android) Address 192.168.1.220:0 Wifi (1)
08-02 16:12:41.562  9638  9859 D UE      : [2023.08.02-06.12.41:562][  0]LogSockets: (BSD_Android) Address 100.76.101.3:0 Cell (2)
08-02 16:12:41.562  9638  9859 D UE      : [2023.08.02-06.12.41:562][  0]LogSockets: (BSD_Android) Address 10.0.0.2:0 Alternative (3)
08-02 16:12:41.563  9638  9859 D UE      : [2023.08.02-06.12.41:563][  0]LogSockets: Warning: Failed to acquire WifiManager.MulticastLock. Is multicast/broadcast support for Android enabled in AndroidRuntimeSettings?
08-02 16:12:41.564  9638  9859 D UE      : [2023.08.02-06.12.41:564][  0]LogUdpMessaging: Display: Added local interface '192.168.1.220' to multicast group '230.0.0.1:6666'
08-02 16:12:41.564  9638  9859 D UE      : [2023.08.02-06.12.41:564][  0]LogUdpMessaging: Display: Added local interface '100.76.101.3' to multicast group '230.0.0.1:6666'
08-02 16:12:41.564  9638  9859 D UE      : [2023.08.02-06.12.41:564][  0]LogUdpMessaging: Display: Added local interface '10.0.0.2' to multicast group '230.0.0.1:6666'
08-02 16:12:41.567  6755 12042 W SystemUpdate: [Execution,ExecutionManager] Unable to create the action. Restart the execution from the scratch.
08-02 16:12:41.567  6755 12042 W SystemUpdate: java.lang.IllegalStateException
08-02 16:12:41.567  6755 12042 W SystemUpdate: 	at acea.l(:com.google.android.gms@232617044@23.26.17 (190400-551657477):6)
08-02 16:12:41.567  6755 12042 W SystemUpdate: 	at ckxl.a(:com.google.android.gms@232617044@23.26.17 (190400-551657477):324)
08-02 16:12:41.567  6755 12042 W SystemUpdate: 	at com.google.android.gms.update.execution.InstallationIntentOperation.onHandleIntent(:com.google.android.gms@232617044@23.26.17 (190400-551657477):120)
08-02 16:12:41.567  6755 12042 W SystemUpdate: 	at com.google.android.chimera.IntentOperation.onHandleIntent(:com.google.android.gms@232617044@23.26.17 (190400-551657477):2)
08-02 16:12:41.567  6755 12042 W SystemUpdate: 	at zvn.onHandleIntent(:com.google.android.gms@232617044@23.26.17 (190400-551657477):10)
08-02 16:12:41.567  6755 12042 W SystemUpdate: 	at hpu.run(:com.google.android.gms@232617044@23.26.17 (190400-551657477):70)
08-02 16:12:41.567  6755 12042 W SystemUpdate: 	at hpt.run(:com.google.android.gms@232617044@23.26.17 (190400-551657477):152)
08-02 16:12:41.567  6755 12042 W SystemUpdate: 	at difl.run(:com.google.android.gms@232617044@23.26.17 (190400-551657477):13)
08-02 16:12:41.567  6755 12042 W SystemUpdate: 	at java.util.concurrent.ThreadPoolExecutor.runWorker(ThreadPoolExecutor.java:1167)
08-02 16:12:41.567  6755 12042 W SystemUpdate: 	at java.util.concurrent.ThreadPoolExecutor$Worker.run(ThreadPoolExecutor.java:641)
08-02 16:12:41.567  6755 12042 W SystemUpdate: 	at java.lang.Thread.run(Thread.java:920)
08-02 16:12:41.569  9638  9859 D UE      : [2023.08.02-06.12.41:569][  0]LogNiagaraDebuggerClient: Niagara Debugger Client Initialized | Session: DBA87288461CD1A7DAB3A889962EE531 | Instance: DD45DB3CFA9D42FE95042885C313503A (SM-G965F-9638).
08-02 16:12:41.574  9638  9859 D UE      : [2023.08.02-06.12.41:574][  0]LogAndroidPermission: UAndroidPermissionCallbackProxy::GetInstance
08-02 16:12:41.575  9638  9859 D UE      : [2023.08.02-06.12.41:575][  0]LogGooglePAD: Display: GooglePAD disabled.
08-02 16:12:41.581  3398  3450 I Finsky  : [2355] jbc.run(641): AIM: AppInfoManager-Perf > Destroying AppInfoManager ...
08-02 16:12:41.583  6755 12042 I SystemUpdate: [Execution,ExecutionManager] Action pending executed for 0.02 seconds.
08-02 16:12:41.586  6755 12042 I SystemUpdate: [Execution,ExecutionManager] Action pre-download-validate executed for 0.00 seconds.
08-02 16:12:41.589  6755 12042 W SystemUpdate: [Execution,ExecutionManager] Unable to create the action. Restart the execution from the scratch.
08-02 16:12:41.589  6755 12042 W SystemUpdate: java.lang.IllegalStateException
08-02 16:12:41.589  6755 12042 W SystemUpdate: 	at acea.l(:com.google.android.gms@232617044@23.26.17 (190400-551657477):6)
08-02 16:12:41.589  6755 12042 W SystemUpdate: 	at ckxl.a(:com.google.android.gms@232617044@23.26.17 (190400-551657477):324)
08-02 16:12:41.589  6755 12042 W SystemUpdate: 	at com.google.android.gms.update.execution.InstallationIntentOperation.onHandleIntent(:com.google.android.gms@232617044@23.26.17 (190400-551657477):120)
08-02 16:12:41.589  6755 12042 W SystemUpdate: 	at com.google.android.chimera.IntentOperation.onHandleIntent(:com.google.android.gms@232617044@23.26.17 (190400-551657477):2)
08-02 16:12:41.589  6755 12042 W SystemUpdate: 	at zvn.onHandleIntent(:com.google.android.gms@232617044@23.26.17 (190400-551657477):10)
08-02 16:12:41.589  6755 12042 W SystemUpdate: 	at hpu.run(:com.google.android.gms@232617044@23.26.17 (190400-551657477):70)
08-02 16:12:41.589  6755 12042 W SystemUpdate: 	at hpt.run(:com.google.android.gms@232617044@23.26.17 (190400-551657477):152)
08-02 16:12:41.589  6755 12042 W SystemUpdate: 	at difl.run(:com.google.android.gms@232617044@23.26.17 (190400-551657477):13)
08-02 16:12:41.589  6755 12042 W SystemUpdate: 	at java.util.concurrent.ThreadPoolExecutor.runWorker(ThreadPoolExecutor.java:1167)
08-02 16:12:41.589  6755 12042 W SystemUpdate: 	at java.util.concurrent.ThreadPoolExecutor$Worker.run(ThreadPoolExecutor.java:641)
08-02 16:12:41.589  6755 12042 W SystemUpdate: 	at java.lang.Thread.run(Thread.java:920)
08-02 16:12:41.593  9638  9859 D UE      : [2023.08.02-06.12.41:593][  0]LogUObjectArray: 20739 objects as part of root set at end of initial load.
08-02 16:12:41.593  9638  9859 D UE      : [2023.08.02-06.12.41:593][  0]LogUObjectArray: 22 objects are not in the root set, but can never be destroyed because they are in the DisregardForGC set.
08-02 16:12:41.593  9638  9859 D UE      : [2023.08.02-06.12.41:593][  0]LogUObjectAllocator: 4374992 out of 0 bytes used by permanent object pool.
08-02 16:12:41.593  9638  9859 D UE      : [2023.08.02-06.12.41:593][  0]LogUObjectArray: CloseDisregardForGC: 20739/20739 objects in disregard for GC pool
08-02 16:12:41.604  6755 12042 I SystemUpdate: [Execution,ExecutionManager] Action pending executed for 0.02 seconds.
08-02 16:12:41.605  9638  9859 D UE      : [2023.08.02-06.12.41:605][  0]LogAndroid: Display: Passed PreInit()
08-02 16:12:41.606  9638  9859 D UE      : [2023.08.02-06.12.41:606][  0]LogEngine: Initializing Engine...
08-02 16:12:41.607  6755 12042 I SystemUpdate: [Execution,ExecutionManager] Action pre-download-validate executed for 0.00 seconds.
08-02 16:12:41.609  6755 12042 W SystemUpdate: [Execution,ExecutionManager] Unable to create the action. Restart the execution from the scratch.
08-02 16:12:41.609  6755 12042 W SystemUpdate: java.lang.IllegalStateException
08-02 16:12:41.609  6755 12042 W SystemUpdate: 	at acea.l(:com.google.android.gms@232617044@23.26.17 (190400-551657477):6)
08-02 16:12:41.609  6755 12042 W SystemUpdate: 	at ckxl.a(:com.google.android.gms@232617044@23.26.17 (190400-551657477):324)
08-02 16:12:41.609  6755 12042 W SystemUpdate: 	at com.google.android.gms.update.execution.InstallationIntentOperation.onHandleIntent(:com.google.android.gms@232617044@23.26.17 (190400-551657477):120)
08-02 16:12:41.609  6755 12042 W SystemUpdate: 	at com.google.android.chimera.IntentOperation.onHandleIntent(:com.google.android.gms@232617044@23.26.17 (190400-551657477):2)
08-02 16:12:41.609  6755 12042 W SystemUpdate: 	at zvn.onHandleIntent(:com.google.android.gms@232617044@23.26.17 (190400-551657477):10)
08-02 16:12:41.609  6755 12042 W SystemUpdate: 	at hpu.run(:com.google.android.gms@232617044@23.26.17 (190400-551657477):70)
08-02 16:12:41.609  6755 12042 W SystemUpdate: 	at hpt.run(:com.google.android.gms@232617044@23.26.17 (190400-551657477):152)
08-02 16:12:41.609  6755 12042 W SystemUpdate: 	at difl.run(:com.google.android.gms@232617044@23.26.17 (190400-551657477):13)
08-02 16:12:41.609  6755 12042 W SystemUpdate: 	at java.util.concurrent.ThreadPoolExecutor.runWorker(ThreadPoolExecutor.java:1167)
08-02 16:12:41.609  6755 12042 W SystemUpdate: 	at java.util.concurrent.ThreadPoolExecutor$Worker.run(ThreadPoolExecutor.java:641)
08-02 16:12:41.609  6755 12042 W SystemUpdate: 	at java.lang.Thread.run(Thread.java:920)
08-02 16:12:41.609  9638  9859 D UE      : [2023.08.02-06.12.41:609][  0]LogGoogleARCoreTrackingSystem: Creating GoogleARCore Tracking System.
08-02 16:12:41.612  9638  9859 D UE      : [2023.08.02-06.12.41:612][  0]LogStats: UGameplayTagsManager::InitializeManager -  0.000 s
08-02 16:12:41.627  6755 12042 I SystemUpdate: [Execution,ExecutionManager] Action pending executed for 0.02 seconds.
08-02 16:12:41.630  6755 12042 I SystemUpdate: [Execution,ExecutionManager] Action pre-download-validate executed for 0.00 seconds.
08-02 16:12:41.634  6755 12042 W SystemUpdate: [Execution,ExecutionManager] Unable to create the action. Restart the execution from the scratch.
08-02 16:12:41.634  6755 12042 W SystemUpdate: java.lang.IllegalStateException
08-02 16:12:41.634  6755 12042 W SystemUpdate: 	at acea.l(:com.google.android.gms@232617044@23.26.17 (190400-551657477):6)
08-02 16:12:41.634  6755 12042 W SystemUpdate: 	at ckxl.a(:com.google.android.gms@232617044@23.26.17 (190400-551657477):324)
08-02 16:12:41.634  6755 12042 W SystemUpdate: 	at com.google.android.gms.update.execution.InstallationIntentOperation.onHandleIntent(:com.google.android.gms@232617044@23.26.17 (190400-551657477):120)
08-02 16:12:41.634  6755 12042 W SystemUpdate: 	at com.google.android.chimera.IntentOperation.onHandleIntent(:com.google.android.gms@232617044@23.26.17 (190400-551657477):2)
08-02 16:12:41.634  6755 12042 W SystemUpdate: 	at zvn.onHandleIntent(:com.google.android.gms@232617044@23.26.17 (190400-551657477):10)
08-02 16:12:41.634  6755 12042 W SystemUpdate: 	at hpu.run(:com.google.android.gms@232617044@23.26.17 (190400-551657477):70)
08-02 16:12:41.634  6755 12042 W SystemUpdate: 	at hpt.run(:com.google.android.gms@232617044@23.26.17 (190400-551657477):152)
08-02 16:12:41.634  6755 12042 W SystemUpdate: 	at difl.run(:com.google.android.gms@232617044@23.26.17 (190400-551657477):13)
08-02 16:12:41.634  6755 12042 W SystemUpdate: 	at java.util.concurrent.ThreadPoolExecutor.runWorker(ThreadPoolExecutor.java:1167)
08-02 16:12:41.634  6755 12042 W SystemUpdate: 	at java.util.concurrent.ThreadPoolExecutor$Worker.run(ThreadPoolExecutor.java:641)
08-02 16:12:41.634  6755 12042 W SystemUpdate: 	at java.lang.Thread.run(Thread.java:920)
08-02 16:12:41.652  6755 12042 I SystemUpdate: [Execution,ExecutionManager] Action pending executed for 0.02 seconds.
08-02 16:12:41.655  6755 12042 I SystemUpdate: [Execution,ExecutionManager] Action pre-download-validate executed for 0.00 seconds.
08-02 16:12:41.658  6755 12042 W SystemUpdate: [Execution,ExecutionManager] Unable to create the action. Restart the execution from the scratch.
08-02 16:12:41.658  6755 12042 W SystemUpdate: java.lang.IllegalStateException
08-02 16:12:41.658  6755 12042 W SystemUpdate: 	at acea.l(:com.google.android.gms@232617044@23.26.17 (190400-551657477):6)
08-02 16:12:41.658  6755 12042 W SystemUpdate: 	at ckxl.a(:com.google.android.gms@232617044@23.26.17 (190400-551657477):324)
08-02 16:12:41.658  6755 12042 W SystemUpdate: 	at com.google.android.gms.update.execution.InstallationIntentOperation.onHandleIntent(:com.google.android.gms@232617044@23.26.17 (190400-551657477):120)
08-02 16:12:41.658  6755 12042 W SystemUpdate: 	at com.google.android.chimera.IntentOperation.onHandleIntent(:com.google.android.gms@232617044@23.26.17 (190400-551657477):2)
08-02 16:12:41.658  6755 12042 W SystemUpdate: 	at zvn.onHandleIntent(:com.google.android.gms@232617044@23.26.17 (190400-551657477):10)
08-02 16:12:41.658  6755 12042 W SystemUpdate: 	at hpu.run(:com.google.android.gms@232617044@23.26.17 (190400-551657477):70)
08-02 16:12:41.658  6755 12042 W SystemUpdate: 	at hpt.run(:com.google.android.gms@232617044@23.26.17 (190400-551657477):152)
08-02 16:12:41.658  6755 12042 W SystemUpdate: 	at difl.run(:com.google.android.gms@232617044@23.26.17 (190400-551657477):13)
08-02 16:12:41.658  6755 12042 W SystemUpdate: 	at java.util.concurrent.ThreadPoolExecutor.runWorker(ThreadPoolExecutor.java:1167)
08-02 16:12:41.658  6755 12042 W SystemUpdate: 	at java.util.concurrent.ThreadPoolExecutor$Worker.run(ThreadPoolExecutor.java:641)
08-02 16:12:41.658  6755 12042 W SystemUpdate: 	at java.lang.Thread.run(Thread.java:920)
08-02 16:12:41.672  9638  9859 D UE      : [2023.08.02-06.12.41:672][  0]LogInit: Initializing FReadOnlyCVARCache
08-02 16:12:41.672  9638  9859 D UE      : [2023.08.02-06.12.41:672][  0]LogNetVersion: Set ProjectVersion to 1.0.0.0. Version Checksum will be recalculated on next use.
08-02 16:12:41.672  9638  9859 D UE      : [2023.08.02-06.12.41:672][  0]LogInit: Texture streaming: Enabled
08-02 16:12:41.673  9638  9859 D UE      : [2023.08.02-06.12.41:673][  0]LogAudio: Display: Initializing Audio Device Manager...
08-02 16:12:41.673  9638  9859 D UE      : [2023.08.02-06.12.41:673][  0]LogAudio: Display: Loading Default Audio Settings Objects...
08-02 16:12:41.674  6755 12042 I SystemUpdate: [Execution,ExecutionManager] Action pending executed for 0.02 seconds.
08-02 16:12:41.677  6755 12042 I SystemUpdate: [Execution,ExecutionManager] Action pre-download-validate executed for 0.00 seconds.
08-02 16:12:41.677  9638  9859 D UE      : [2023.08.02-06.12.41:677][  0]LogAudio: Display: No default SoundConcurrencyObject specified (or failed to load).
08-02 16:12:41.677  9638  9859 D UE      : [2023.08.02-06.12.41:677][  0]LogAudio: Display: AudioInfo: 'BINKA' Registered
08-02 16:12:41.678  9638  9859 D UE      : [2023.08.02-06.12.41:678][  0]LogAudio: Display: AudioInfo: 'PCM' Registered
08-02 16:12:41.678  9638  9859 D UE      : [2023.08.02-06.12.41:678][  0]LogAudio: Display: AudioInfo: 'ADPCM' Registered
08-02 16:12:41.678  9638  9859 D UE      : [2023.08.02-06.12.41:678][  0]LogAudio: Display: AudioInfo: 'OGG' Registered
08-02 16:12:41.678  9638  9859 D UE      : [2023.08.02-06.12.41:678][  0]LogAudio: Display: AudioInfo: 'OPUS' Registered
08-02 16:12:41.678  9638  9859 D UE      : [2023.08.02-06.12.41:678][  0]LogAudio: Display: Audio Device Manager Initialized
08-02 16:12:41.678  9638  9859 D UE      : [2023.08.02-06.12.41:678][  0]LogAudio: Display: Creating Audio Device:                 Id: 1, Scope: Shared, Realtime: True
08-02 16:12:41.681  6755 12042 W SystemUpdate: [Execution,ExecutionManager] Unable to create the action. Restart the execution from the scratch.
08-02 16:12:41.681  6755 12042 W SystemUpdate: java.lang.IllegalStateException
08-02 16:12:41.681  6755 12042 W SystemUpdate: 	at acea.l(:com.google.android.gms@232617044@23.26.17 (190400-551657477):6)
08-02 16:12:41.681  6755 12042 W SystemUpdate: 	at ckxl.a(:com.google.android.gms@232617044@23.26.17 (190400-551657477):324)
08-02 16:12:41.681  6755 12042 W SystemUpdate: 	at com.google.android.gms.update.execution.InstallationIntentOperation.onHandleIntent(:com.google.android.gms@232617044@23.26.17 (190400-551657477):120)
08-02 16:12:41.681  6755 12042 W SystemUpdate: 	at com.google.android.chimera.IntentOperation.onHandleIntent(:com.google.android.gms@232617044@23.26.17 (190400-551657477):2)
08-02 16:12:41.681  6755 12042 W SystemUpdate: 	at zvn.onHandleIntent(:com.google.android.gms@232617044@23.26.17 (190400-551657477):10)
08-02 16:12:41.681  6755 12042 W SystemUpdate: 	at hpu.run(:com.google.android.gms@232617044@23.26.17 (190400-551657477):70)
08-02 16:12:41.681  6755 12042 W SystemUpdate: 	at hpt.run(:com.google.android.gms@232617044@23.26.17 (190400-551657477):152)
08-02 16:12:41.681  6755 12042 W SystemUpdate: 	at difl.run(:com.google.android.gms@232617044@23.26.17 (190400-551657477):13)
08-02 16:12:41.681  6755 12042 W SystemUpdate: 	at java.util.concurrent.ThreadPoolExecutor.runWorker(ThreadPoolExecutor.java:1167)
08-02 16:12:41.681  6755 12042 W SystemUpdate: 	at java.util.concurrent.ThreadPoolExecutor$Worker.run(ThreadPoolExecutor.java:641)
08-02 16:12:41.681  6755 12042 W SystemUpdate: 	at java.lang.Thread.run(Thread.java:920)
08-02 16:12:41.682  9638  9859 D UE      : [GameActivity] [JAVA] audiomanager.framesPerBuffer = 192
08-02 16:12:41.682  9638  9859 D UE      : [2023.08.02-06.12.41:682][  0]LogAudioMixer: Display: Audio Mixer Platform Settings:
08-02 16:12:41.682  9638  9859 D UE      : [2023.08.02-06.12.41:682][  0]LogAudioMixer: Display: 	Sample Rate:						  48000
08-02 16:12:41.682  9638  9859 D UE      : [2023.08.02-06.12.41:682][  0]LogAudioMixer: Display: 	Callback Buffer Frame Size Requested: 1152
08-02 16:12:41.682  9638  9859 D UE      : [2023.08.02-06.12.41:682][  0]LogAudioMixer: Display: 	Callback Buffer Frame Size To Use:	  1152
08-02 16:12:41.682  9638  9859 D UE      : [2023.08.02-06.12.41:682][  0]LogAudioMixer: Display: 	Number of buffers to queue:			  2
08-02 16:12:41.682  9638  9859 D UE      : [2023.08.02-06.12.41:682][  0]LogAudioMixer: Display: 	Max Channels (voices):				  0
08-02 16:12:41.682  9638  9859 D UE      : [2023.08.02-06.12.41:682][  0]LogAudioMixer: Display: 	Number of Async Source Workers:		  0
08-02 16:12:41.682  9638  9859 D UE      : [2023.08.02-06.12.41:682][  0]LogAudio: Display: AudioDevice MaxSources: 32
08-02 16:12:41.684  9638  9859 D UE      : [2023.08.02-06.12.41:684][  0]LogAudio: Display: Audio Spatialization Plugin: None (built-in).
08-02 16:12:41.684  9638  9859 D UE      : [2023.08.02-06.12.41:684][  0]LogAudio: Display: Audio Reverb Plugin: None (built-in).
08-02 16:12:41.684  9638  9859 D UE      : [2023.08.02-06.12.41:684][  0]LogAudio: Display: Audio Occlusion Plugin: None (built-in).
08-02 16:12:41.686  9638  9859 D UE      : [2023.08.02-06.12.41:686][  0]LogAudioMixer: Display: Initializing audio mixer using platform API: 'OpenSLES'
08-02 16:12:41.687  9638  9859 D UE      : [GameActivity] [JAVA] audiomanager.optimalSampleRate = 48000
08-02 16:12:41.688  9638  9859 D UE      : [GameActivity] [JAVA] audiomanager.framesPerBuffer = 192
