08-02 16:12:40.891  6755 12042 W SystemUpdate: 	at hpu.run(:com.google.android.gms@232617044@23.26.17 (190400-551657477):70)
08-02 16:12:40.891  6755 12042 W SystemUpdate: 	at hpt.run(:com.google.android.gms@232617044@23.26.17 (190400-551657477):152)
08-02 16:12:40.891  6755 12042 W SystemUpdate: 	at difl.run(:com.google.android.gms@232617044@23.26.17 (190400-551657477):13)
08-02 16:12:40.891  6755 12042 W SystemUpdate: 	at java.util.concurrent.ThreadPoolExecutor.runWorker(ThreadPoolExecutor.java:1167)
08-02 16:12:40.891  6755 12042 W SystemUpdate: 	at java.util.concurrent.ThreadPoolExecutor$Worker.run(ThreadPoolExecutor.java:641)
08-02 16:12:40.891  6755 12042 W SystemUpdate: 	at java.lang.Thread.run(Thread.java:920)
08-02 16:12:40.908  6755 12042 I SystemUpdate: [Execution,ExecutionManager] Action pending executed for 0.02 seconds.
08-02 16:12:40.911  6755 12042 I SystemUpdate: [Execution,ExecutionManager] Action pre-download-validate executed for 0.00 seconds.
08-02 16:12:40.914  6755 12042 W SystemUpdate: [Execution,ExecutionManager] Unable to create the action. Restart the execution from the scratch.
08-02 16:12:40.914  6755 12042 W SystemUpdate: java.lang.IllegalStateException
08-02 16:12:40.914  6755 12042 W SystemUpdate: 	at acea.l(:com.google.android.gms@232617044@23.26.17 (190400-551657477):6)
08-02 16:12:40.914  6755 12042 W SystemUpdate: 	at ckxl.a(:com.google.android.gms@232617044@23.26.17 (190400-551657477):324)
08-02 16:12:40.914  6755 12042 W SystemUpdate: 	at com.google.android.gms.update.execution.InstallationIntentOperation.onHandleIntent(:com.google.android.gms@232617044@23.26.17 (190400-551657477):120)
08-02 16:12:40.914  6755 12042 W SystemUpdate: 	at com.google.android.chimera.IntentOperation.onHandleIntent(:com.google.android.gms@232617044@23.26.17 (190400-551657477):2)
08-02 16:12:40.914  6755 12042 W SystemUpdate: 	at zvn.onHandleIntent(:com.google.android.gms@232617044@23.26.17 (190400-551657477):10)
08-02 16:12:40.914  6755 12042 W SystemUpdate: 	at hpu.run(:com.google.android.gms@232617044@23.26.17 (190400-551657477):70)
08-02 16:12:40.914  6755 12042 W SystemUpdate: 	at hpt.run(:com.google.android.gms@232617044@23.26.17 (190400-551657477):152)
08-02 16:12:40.914  6755 12042 W SystemUpdate: 	at difl.run(:com.google.android.gms@232617044@23.26.17 (190400-551657477):13)
08-02 16:12:40.914  6755 12042 W SystemUpdate: 	at java.util.concurrent.ThreadPoolExecutor.runWorker(ThreadPoolExecutor.java:1167)
08-02 16:12:40.914  6755 12042 W SystemUpdate: 	at java.util.concurrent.ThreadPoolExecutor$Worker.run(ThreadPoolExecutor.java:641)
08-02 16:12:40.914  6755 12042 W SystemUpdate: 	at java.lang.Thread.run(Thread.java:920)
08-02 16:12:40.933  6755 12042 I SystemUpdate: [Execution,ExecutionManager] Action pending executed for 0.02 seconds.
08-02 16:12:40.935  6755  6785 I gle.android.gm: Background concurrent copying GC freed 36899(1803KB) AllocSpace objects, 470(23MB) LOS objects, 46% free, 27MB/51MB, paused 59us,60us total 103.027ms
08-02 16:12:40.937  6755 12042 I SystemUpdate: [Execution,ExecutionManager] Action pre-download-validate executed for 0.00 seconds.
08-02 16:12:40.941  6755 12042 W SystemUpdate: [Execution,ExecutionManager] Unable to create the action. Restart the execution from the scratch.
08-02 16:12:40.941  6755 12042 W SystemUpdate: java.lang.IllegalStateException
08-02 16:12:40.941  6755 12042 W SystemUpdate: 	at acea.l(:com.google.android.gms@232617044@23.26.17 (190400-551657477):6)
08-02 16:12:40.941  6755 12042 W SystemUpdate: 	at ckxl.a(:com.google.android.gms@232617044@23.26.17 (190400-551657477):324)
08-02 16:12:40.941  6755 12042 W SystemUpdate: 	at com.google.android.gms.update.execution.InstallationIntentOperation.onHandleIntent(:com.google.android.gms@232617044@23.26.17 (190400-551657477):120)
08-02 16:12:40.941  6755 12042 W SystemUpdate: 	at com.google.android.chimera.IntentOperation.onHandleIntent(:com.google.android.gms@232617044@23.26.17 (190400-551657477):2)
08-02 16:12:40.941  6755 12042 W SystemUpdate: 	at zvn.onHandleIntent(:com.google.android.gms@232617044@23.26.17 (190400-551657477):10)
08-02 16:12:40.941  6755 12042 W SystemUpdate: 	at hpu.run(:com.google.android.gms@232617044@23.26.17 (190400-551657477):70)
08-02 16:12:40.941  6755 12042 W SystemUpdate: 	at hpt.run(:com.google.android.gms@232617044@23.26.17 (190400-551657477):152)
08-02 16:12:40.941  6755 12042 W SystemUpdate: 	at difl.run(:com.google.android.gms@232617044@23.26.17 (190400-551657477):13)
08-02 16:12:40.941  6755 12042 W SystemUpdate: 	at java.util.concurrent.ThreadPoolExecutor.runWorker(ThreadPoolExecutor.java:1167)
08-02 16:12:40.941  6755 12042 W SystemUpdate: 	at java.util.concurrent.ThreadPoolExecutor$Worker.run(ThreadPoolExecutor.java:641)
08-02 16:12:40.941  6755 12042 W SystemUpdate: 	at java.lang.Thread.run(Thread.java:920)
08-02 16:12:40.958  6755 12042 I SystemUpdate: [Execution,ExecutionManager] Action pending executed for 0.02 seconds.
08-02 16:12:40.961  6755 12042 I SystemUpdate: [Execution,ExecutionManager] Action pre-download-validate executed for 0.00 seconds.
08-02 16:12:40.965  6755 12042 W SystemUpdate: [Execution,ExecutionManager] Unable to create the action. Restart the execution from the scratch.
08-02 16:12:40.965  6755 12042 W SystemUpdate: java.lang.IllegalStateException
08-02 16:12:40.965  6755 12042 W SystemUpdate: 	at acea.l(:com.google.android.gms@232617044@23.26.17 (190400-551657477):6)
08-02 16:12:40.965  6755 12042 W SystemUpdate: 	at ckxl.a(:com.google.android.gms@232617044@23.26.17 (190400-551657477):324)
08-02 16:12:40.965  6755 12042 W SystemUpdate: 	at com.google.android.gms.update.execution.InstallationIntentOperation.onHandleIntent(:com.google.android.gms@232617044@23.26.17 (190400-551657477):120)
08-02 16:12:40.965  6755 12042 W SystemUpdate: 	at com.google.android.chimera.IntentOperation.onHandleIntent(:com.google.android.gms@232617044@23.26.17 (190400-551657477):2)
08-02 16:12:40.965  6755 12042 W SystemUpdate: 	at zvn.onHandleIntent(:com.google.android.gms@232617044@23.26.17 (190400-551657477):10)
08-02 16:12:40.965  6755 12042 W SystemUpdate: 	at hpu.run(:com.google.android.gms@232617044@23.26.17 (190400-551657477):70)
08-02 16:12:40.965  6755 12042 W SystemUpdate: 	at hpt.run(:com.google.android.gms@232617044@23.26.17 (190400-551657477):152)
08-02 16:12:40.965  6755 12042 W SystemUpdate: 	at difl.run(:com.google.android.gms@232617044@23.26.17 (190400-551657477):13)
08-02 16:12:40.965  6755 12042 W SystemUpdate: 	at java.util.concurrent.ThreadPoolExecutor.runWorker(ThreadPoolExecutor.java:1167)
08-02 16:12:40.965  6755 12042 W SystemUpdate: 	at java.util.concurrent.ThreadPoolExecutor$Worker.run(ThreadPoolExecutor.java:641)
08-02 16:12:40.965  6755 12042 W SystemUpdate: 	at java.lang.Thread.run(Thread.java:920)
08-02 16:12:40.979  6755 12042 I SystemUpdate: [Execution,ExecutionManager] Action pending executed for 0.01 seconds.
08-02 16:12:40.982  6755 12042 I SystemUpdate: [Execution,ExecutionManager] Action pre-download-validate executed for 0.00 seconds.
08-02 16:12:40.985  6755 12042 W SystemUpdate: [Execution,ExecutionManager] Unable to create the action. Restart the execution from the scratch.
08-02 16:12:40.985  6755 12042 W SystemUpdate: java.lang.IllegalStateException
08-02 16:12:40.985  6755 12042 W SystemUpdate: 	at acea.l(:com.google.android.gms@232617044@23.26.17 (190400-551657477):6)
08-02 16:12:40.985  6755 12042 W SystemUpdate: 	at ckxl.a(:com.google.android.gms@232617044@23.26.17 (190400-551657477):324)
08-02 16:12:40.985  6755 12042 W SystemUpdate: 	at com.google.android.gms.update.execution.InstallationIntentOperation.onHandleIntent(:com.google.android.gms@232617044@23.26.17 (190400-551657477):120)
08-02 16:12:40.985  6755 12042 W SystemUpdate: 	at com.google.android.chimera.IntentOperation.onHandleIntent(:com.google.android.gms@232617044@23.26.17 (190400-551657477):2)
08-02 16:12:40.985  6755 12042 W SystemUpdate: 	at zvn.onHandleIntent(:com.google.android.gms@232617044@23.26.17 (190400-551657477):10)
08-02 16:12:40.985  6755 12042 W SystemUpdate: 	at hpu.run(:com.google.android.gms@232617044@23.26.17 (190400-551657477):70)
08-02 16:12:40.985  6755 12042 W SystemUpdate: 	at hpt.run(:com.google.android.gms@232617044@23.26.17 (190400-551657477):152)
08-02 16:12:40.985  6755 12042 W SystemUpdate: 	at difl.run(:com.google.android.gms@232617044@23.26.17 (190400-551657477):13)
08-02 16:12:40.985  6755 12042 W SystemUpdate: 	at java.util.concurrent.ThreadPoolExecutor.runWorker(ThreadPoolExecutor.java:1167)
08-02 16:12:40.985  6755 12042 W SystemUpdate: 	at java.util.concurrent.ThreadPoolExecutor$Worker.run(ThreadPoolExecutor.java:641)
08-02 16:12:40.985  6755 12042 W SystemUpdate: 	at java.lang.Thread.run(Thread.java:920)
08-02 16:12:40.998  6755 12042 I SystemUpdate: [Execution,ExecutionManager] Action pending executed for 0.01 seconds.
08-02 16:12:41.001  6755 12042 I SystemUpdate: [Execution,ExecutionManager] Action pre-download-validate executed for 0.00 seconds.
08-02 16:12:41.004  6755 12042 W SystemUpdate: [Execution,ExecutionManager] Unable to create the action. Restart the execution from the scratch.
08-02 16:12:41.004  6755 12042 W SystemUpdate: java.lang.IllegalStateException
08-02 16:12:41.004  6755 12042 W SystemUpdate: 	at acea.l(:com.google.android.gms@232617044@23.26.17 (190400-551657477):6)
08-02 16:12:41.004  6755 12042 W SystemUpdate: 	at ckxl.a(:com.google.android.gms@232617044@23.26.17 (190400-551657477):324)
08-02 16:12:41.004  6755 12042 W SystemUpdate: 	at com.google.android.gms.update.execution.InstallationIntentOperation.onHandleIntent(:com.google.android.gms@232617044@23.26.17 (190400-551657477):120)
08-02 16:12:41.004  6755 12042 W SystemUpdate: 	at com.google.android.chimera.IntentOperation.onHandleIntent(:com.google.android.gms@232617044@23.26.17 (190400-551657477):2)
08-02 16:12:41.004  6755 12042 W SystemUpdate: 	at zvn.onHandleIntent(:com.google.android.gms@232617044@23.26.17 (190400-551657477):10)
08-02 16:12:41.004  6755 12042 W SystemUpdate: 	at hpu.run(:com.google.android.gms@232617044@23.26.17 (190400-551657477):70)
08-02 16:12:41.004  6755 12042 W SystemUpdate: 	at hpt.run(:com.google.android.gms@232617044@23.26.17 (190400-551657477):152)
08-02 16:12:41.004  6755 12042 W SystemUpdate: 	at difl.run(:com.google.android.gms@232617044@23.26.17 (190400-551657477):13)
08-02 16:12:41.004  6755 12042 W SystemUpdate: 	at java.util.concurrent.ThreadPoolExecutor.runWorker(ThreadPoolExecutor.java:1167)
08-02 16:12:41.004  6755 12042 W SystemUpdate: 	at java.util.concurrent.ThreadPoolExecutor$Worker.run(ThreadPoolExecutor.java:641)
08-02 16:12:41.004  6755 12042 W SystemUpdate: 	at java.lang.Thread.run(Thread.java:920)
08-02 16:12:41.020  6755 12042 I SystemUpdate: [Execution,ExecutionManager] Action pending executed for 0.02 seconds.
08-02 16:12:41.023  6755 12042 I SystemUpdate: [Execution,ExecutionManager] Action pre-download-validate executed for 0.00 seconds.
08-02 16:12:41.026  6755 12042 W SystemUpdate: [Execution,ExecutionManager] Unable to create the action. Restart the execution from the scratch.
08-02 16:12:41.026  6755 12042 W SystemUpdate: java.lang.IllegalStateException
08-02 16:12:41.026  6755 12042 W SystemUpdate: 	at acea.l(:com.google.android.gms@232617044@23.26.17 (190400-551657477):6)
08-02 16:12:41.026  6755 12042 W SystemUpdate: 	at ckxl.a(:com.google.android.gms@232617044@23.26.17 (190400-551657477):324)
08-02 16:12:41.026  6755 12042 W SystemUpdate: 	at com.google.android.gms.update.execution.InstallationIntentOperation.onHandleIntent(:com.google.android.gms@232617044@23.26.17 (190400-551657477):120)
08-02 16:12:41.026  6755 12042 W SystemUpdate: 	at com.google.android.chimera.IntentOperation.onHandleIntent(:com.google.android.gms@232617044@23.26.17 (190400-551657477):2)
08-02 16:12:41.026  6755 12042 W SystemUpdate: 	at zvn.onHandleIntent(:com.google.android.gms@232617044@23.26.17 (190400-551657477):10)
08-02 16:12:41.026  6755 12042 W SystemUpdate: 	at hpu.run(:com.google.android.gms@232617044@23.26.17 (190400-551657477):70)
08-02 16:12:41.026  6755 12042 W SystemUpdate: 	at hpt.run(:com.google.android.gms@232617044@23.26.17 (190400-551657477):152)
08-02 16:12:41.026  6755 12042 W SystemUpdate: 	at difl.run(:com.google.android.gms@232617044@23.26.17 (190400-551657477):13)
08-02 16:12:41.026  6755 12042 W SystemUpdate: 	at java.util.concurrent.ThreadPoolExecutor.runWorker(ThreadPoolExecutor.java:1167)
08-02 16:12:41.026  6755 12042 W SystemUpdate: 	at java.util.concurrent.ThreadPoolExecutor$Worker.run(ThreadPoolExecutor.java:641)
08-02 16:12:41.026  6755 12042 W SystemUpdate: 	at java.lang.Thread.run(Thread.java:920)
08-02 16:12:41.040  6755 12042 I SystemUpdate: [Execution,ExecutionManager] Action pending executed for 0.01 seconds.
08-02 16:12:41.043  6755 12042 I SystemUpdate: [Execution,ExecutionManager] Action pre-download-validate executed for 0.00 seconds.
08-02 16:12:41.046  6755 12042 W SystemUpdate: [Execution,ExecutionManager] Unable to create the action. Restart the execution from the scratch.
08-02 16:12:41.046  6755 12042 W SystemUpdate: java.lang.IllegalStateException
08-02 16:12:41.046  6755 12042 W SystemUpdate: 	at acea.l(:com.google.android.gms@232617044@23.26.17 (190400-551657477):6)
08-02 16:12:41.046  6755 12042 W SystemUpdate: 	at ckxl.a(:com.google.android.gms@232617044@23.26.17 (190400-551657477):324)
08-02 16:12:41.046  6755 12042 W SystemUpdate: 	at com.google.android.gms.update.execution.InstallationIntentOperation.onHandleIntent(:com.google.android.gms@232617044@23.26.17 (190400-551657477):120)
08-02 16:12:41.046  6755 12042 W SystemUpdate: 	at com.google.android.chimera.IntentOperation.onHandleIntent(:com.google.android.gms@232617044@23.26.17 (190400-551657477):2)
08-02 16:12:41.046  6755 12042 W SystemUpdate: 	at zvn.onHandleIntent(:com.google.android.gms@232617044@23.26.17 (190400-551657477):10)
08-02 16:12:41.046  6755 12042 W SystemUpdate: 	at hpu.run(:com.google.android.gms@232617044@23.26.17 (190400-551657477):70)
08-02 16:12:41.046  6755 12042 W SystemUpdate: 	at hpt.run(:com.google.android.gms@232617044@23.26.17 (190400-551657477):152)
08-02 16:12:41.046  6755 12042 W SystemUpdate: 	at difl.run(:com.google.android.gms@232617044@23.26.17 (190400-551657477):13)
08-02 16:12:41.046  6755 12042 W SystemUpdate: 	at java.util.concurrent.ThreadPoolExecutor.runWorker(ThreadPoolExecutor.java:1167)
08-02 16:12:41.046  6755 12042 W SystemUpdate: 	at java.util.concurrent.ThreadPoolExecutor$Worker.run(ThreadPoolExecutor.java:641)
08-02 16:12:41.046  6755 12042 W SystemUpdate: 	at java.lang.Thread.run(Thread.java:920)
08-02 16:12:41.061  6755 12042 I SystemUpdate: [Execution,ExecutionManager] Action pending executed for 0.02 seconds.
08-02 16:12:41.064  6755 12042 I SystemUpdate: [Execution,ExecutionManager] Action pre-download-validate executed for 0.00 seconds.
08-02 16:12:41.066  6755 12042 W SystemUpdate: [Execution,ExecutionManager] Unable to create the action. Restart the execution from the scratch.
08-02 16:12:41.066  6755 12042 W SystemUpdate: java.lang.IllegalStateException
08-02 16:12:41.066  6755 12042 W SystemUpdate: 	at acea.l(:com.google.android.gms@232617044@23.26.17 (190400-551657477):6)
08-02 16:12:41.066  6755 12042 W SystemUpdate: 	at ckxl.a(:com.google.android.gms@232617044@23.26.17 (190400-551657477):324)
08-02 16:12:41.066  6755 12042 W SystemUpdate: 	at com.google.android.gms.update.execution.InstallationIntentOperation.onHandleIntent(:com.google.android.gms@232617044@23.26.17 (190400-551657477):120)
08-02 16:12:41.066  6755 12042 W SystemUpdate: 	at com.google.android.chimera.IntentOperation.onHandleIntent(:com.google.android.gms@232617044@23.26.17 (190400-551657477):2)
08-02 16:12:41.066  6755 12042 W SystemUpdate: 	at zvn.onHandleIntent(:com.google.android.gms@232617044@23.26.17 (190400-551657477):10)
08-02 16:12:41.066  6755 12042 W SystemUpdate: 	at hpu.run(:com.google.android.gms@232617044@23.26.17 (190400-551657477):70)
08-02 16:12:41.066  6755 12042 W SystemUpdate: 	at hpt.run(:com.google.android.gms@232617044@23.26.17 (190400-551657477):152)
08-02 16:12:41.066  6755 12042 W SystemUpdate: 	at difl.run(:com.google.android.gms@232617044@23.26.17 (190400-551657477):13)
08-02 16:12:41.066  6755 12042 W SystemUpdate: 	at java.util.concurrent.ThreadPoolExecutor.runWorker(ThreadPoolExecutor.java:1167)
08-02 16:12:41.066  6755 12042 W SystemUpdate: 	at java.util.concurrent.ThreadPoolExecutor$Worker.run(ThreadPoolExecutor.java:641)
08-02 16:12:41.066  6755 12042 W SystemUpdate: 	at java.lang.Thread.run(Thread.java:920)
08-02 16:12:41.080  6755 12042 I SystemUpdate: [Execution,ExecutionManager] Action pending executed for 0.01 seconds.
08-02 16:12:41.083  6755 12042 I SystemUpdate: [Execution,ExecutionManager] Action pre-download-validate executed for 0.00 seconds.
08-02 16:12:41.086  6755 12042 W SystemUpdate: [Execution,ExecutionManager] Unable to create the action. Restart the execution from the scratch.
08-02 16:12:41.086  6755 12042 W SystemUpdate: java.lang.IllegalStateException
08-02 16:12:41.086  6755 12042 W SystemUpdate: 	at acea.l(:com.google.android.gms@232617044@23.26.17 (190400-551657477):6)
08-02 16:12:41.086  6755 12042 W SystemUpdate: 	at ckxl.a(:com.google.android.gms@232617044@23.26.17 (190400-551657477):324)
08-02 16:12:41.086  6755 12042 W SystemUpdate: 	at com.google.android.gms.update.execution.InstallationIntentOperation.onHandleIntent(:com.google.android.gms@232617044@23.26.17 (190400-551657477):120)
08-02 16:12:41.086  6755 12042 W SystemUpdate: 	at com.google.android.chimera.IntentOperation.onHandleIntent(:com.google.android.gms@232617044@23.26.17 (190400-551657477):2)
08-02 16:12:41.086  6755 12042 W SystemUpdate: 	at zvn.onHandleIntent(:com.google.android.gms@232617044@23.26.17 (190400-551657477):10)
08-02 16:12:41.086  6755 12042 W SystemUpdate: 	at hpu.run(:com.google.android.gms@232617044@23.26.17 (190400-551657477):70)
08-02 16:12:41.086  6755 12042 W SystemUpdate: 	at hpt.run(:com.google.android.gms@232617044@23.26.17 (190400-551657477):152)
08-02 16:12:41.086  6755 12042 W SystemUpdate: 	at difl.run(:com.google.android.gms@232617044@23.26.17 (190400-551657477):13)
08-02 16:12:41.086  6755 12042 W SystemUpdate: 	at java.util.concurrent.ThreadPoolExecutor.runWorker(ThreadPoolExecutor.java:1167)
08-02 16:12:41.086  6755 12042 W SystemUpdate: 	at java.util.concurrent.ThreadPoolExecutor$Worker.run(ThreadPoolExecutor.java:641)
08-02 16:12:41.086  6755 12042 W SystemUpdate: 	at java.lang.Thread.run(Thread.java:920)
08-02 16:12:41.099  9638  9859 D UE      : [2023.08.02-06.12.41:099][  0]LogStreaming: Display: FlushAsyncLoading(1): 1 QueuedPackages, 0 AsyncPackages
08-02 16:12:41.101  9638  9859 D UE      : [2023.08.02-06.12.41:101][  0]LogPackageLocalizationCache: Processed 39 localized package path(s) for 1 prioritized culture(s) in 0.001174 seconds
08-02 16:12:41.106  6755 12042 I SystemUpdate: [Execution,ExecutionManager] Action pending executed for 0.02 seconds.
08-02 16:12:41.110  6755 12042 I SystemUpdate: [Execution,ExecutionManager] Action pre-download-validate executed for 0.00 seconds.
08-02 16:12:41.113  6755 12042 W SystemUpdate: [Execution,ExecutionManager] Unable to create the action. Restart the execution from the scratch.
08-02 16:12:41.113  6755 12042 W SystemUpdate: java.lang.IllegalStateException
08-02 16:12:41.113  6755 12042 W SystemUpdate: 	at acea.l(:com.google.android.gms@232617044@23.26.17 (190400-551657477):6)
08-02 16:12:41.113  6755 12042 W SystemUpdate: 	at ckxl.a(:com.google.android.gms@232617044@23.26.17 (190400-551657477):324)
08-02 16:12:41.113  6755 12042 W SystemUpdate: 	at com.google.android.gms.update.execution.InstallationIntentOperation.onHandleIntent(:com.google.android.gms@232617044@23.26.17 (190400-551657477):120)
08-02 16:12:41.113  6755 12042 W SystemUpdate: 	at com.google.android.chimera.IntentOperation.onHandleIntent(:com.google.android.gms@232617044@23.26.17 (190400-551657477):2)
08-02 16:12:41.113  6755 12042 W SystemUpdate: 	at zvn.onHandleIntent(:com.google.android.gms@232617044@23.26.17 (190400-551657477):10)
08-02 16:12:41.113  6755 12042 W SystemUpdate: 	at hpu.run(:com.google.android.gms@232617044@23.26.17 (190400-551657477):70)
08-02 16:12:41.113  6755 12042 W SystemUpdate: 	at hpt.run(:com.google.android.gms@232617044@23.26.17 (190400-551657477):152)
08-02 16:12:41.113  6755 12042 W SystemUpdate: 	at difl.run(:com.google.android.gms@232617044@23.26.17 (190400-551657477):13)
08-02 16:12:41.113  6755 12042 W SystemUpdate: 	at java.util.concurrent.ThreadPoolExecutor.runWorker(ThreadPoolExecutor.java:1167)
08-02 16:12:41.113  6755 12042 W SystemUpdate: 	at java.util.concurrent.ThreadPoolExecutor$Worker.run(ThreadPoolExecutor.java:641)
08-02 16:12:41.113  6755 12042 W SystemUpdate: 	at java.lang.Thread.run(Thread.java:920)
08-02 16:12:41.120  9638  9859 D UE      : [2023.08.02-06.12.41:120][  0]LogDeviceProfileManager: Available device profiles:
08-02 16:12:41.120  9638  9859 D UE      : [2023.08.02-06.12.41:120][  0]LogDeviceProfileManager: 	[0x7aab77a000][0x7aaa9b2ae0 52] GlobalDefaults, 
08-02 16:12:41.120  9638  9859 D UE      : [2023.08.02-06.12.41:120][  0]LogDeviceProfileManager: 	[0x7aab779d00][0x7aab446dc0 52] Windows, 
08-02 16:12:41.120  9638  9859 D UE      : [2023.08.02-06.12.41:120][  0]LogDeviceProfileManager: 	[0x7aab779b80][0x7aab449250 52] WindowsEditor, 
08-02 16:12:41.120  9638  9859 D UE      : [2023.08.02-06.12.41:120][  0]LogDeviceProfileManager: 	[0x7aab779880][0x7aab44b6e0 52] WindowsServer, 
08-02 16:12:41.120  9638  9859 D UE      : [2023.08.02-06.12.41:120][  0]LogDeviceProfileManager: 	[0x7aab779580][0x7aab444930 52] WindowsClient, 
08-02 16:12:41.120  9638  9859 D UE      : [2023.08.02-06.12.41:120][  0]LogDeviceProfileManager: 	[0x7aab77f700][0x7aab4424a0 52] IOS, 
08-02 16:12:41.120  9638  9859 D UE      : [2023.08.02-06.12.41:120][  0]LogDeviceProfileManager: 	[0x7aab77f580][0x7aab440010 52] iPadAir2, 
08-02 16:12:41.120  9638  9859 D UE      : [2023.08.02-06.12.41:120][  0]LogDeviceProfileManager: 	[0x7aab77f400][0x7aabb2db70 52] IPadPro, 
08-02 16:12:41.120  9638  9859 D UE      : [2023.08.02-06.12.41:120][  0]LogDeviceProfileManager: 	[0x7aab77f280][0x7aabb2b6e0 52] iPadAir3, 
08-02 16:12:41.120  9638  9859 D UE      : [2023.08.02-06.12.41:120][  0]LogDeviceProfileManager: 	[0x7aab77f100][0x7aabb29250 52] iPadAir4, 
08-02 16:12:41.120  9638  9859 D UE      : [2023.08.02-06.12.41:120][  0]LogDeviceProfileManager: 	[0x7aab77ef80][0x7aabb26dc0 52] iPadAir5, 
08-02 16:12:41.120  9638  9859 D UE      : [2023.08.02-06.12.41:120][  0]LogDeviceProfileManager: 	[0x7aab77ee00][0x7aabb24930 52] iPadMini4, 
08-02 16:12:41.120  9638  9859 D UE      : [2023.08.02-06.12.41:120][  0]LogDeviceProfileManager: 	[0x7aab77ec80][0x7aabb224a0 52] iPadMini5, 
08-02 16:12:41.120  9638  9859 D UE      : [2023.08.02-06.12.41:120][  0]LogDeviceProfileManager: 	[0x7aab77eb00][0x7aabb20010 52] iPadMini6, 
08-02 16:12:41.120  9638  9859 D UE      : [2023.08.02-06.12.41:120][  0]LogDeviceProfileManager: 	[0x7aab77e980][0x7aabb3db70 52] iPhone6S, 
08-02 16:12:41.120  9638  9859 D UE      : [2023.08.02-06.12.41:120][  0]LogDeviceProfileManager: 	[0x7aab77e800][0x7aabb3b6e0 52] iPhone7, 
08-02 16:12:41.120  9638  9859 D UE      : [2023.08.02-06.12.41:120][  0]LogDeviceProfileManager: 	[0x7aab77a180][0x7aabb39250 52] iPodTouch7, 
08-02 16:12:41.120  9638  9859 D UE      : [2023.08.02-06.12.41:120][  0]LogDeviceProfileManager: 	[0x7aab77e680][0x7aabb36dc0 52] iPhone6SPlus, 
08-02 16:12:41.120  9638  9859 D UE      : [2023.08.02-06.12.41:120][  0]LogDeviceProfileManager: 	[0x7aab77e500][0x7aabb34930 52] iPhone7Plus, 
08-02 16:12:41.120  9638  9859 D UE      : [2023.08.02-06.12.41:120][  0]LogDeviceProfileManager: 	[0x7aab77e380][0x7aabb324a0 52] iPhoneSE, 
08-02 16:12:41.120  9638  9859 D UE      : [2023.08.02-06.12.41:120][  0]LogDeviceProfileManager: 	[0x7aab77e200][0x7aabb30010 52] iPhone8, 
08-02 16:12:41.120  9638  9859 D UE      : [2023.08.02-06.12.41:120][  0]LogDeviceProfileManager: 	[0x7aab77e080][0x7aabb4db70 52] iPhone8Plus, 
08-02 16:12:41.120  9638  9859 D UE      : [2023.08.02-06.12.41:120][  0]LogDeviceProfileManager: 	[0x7aab77df00][0x7aabb4b6e0 52] iPhoneX, 
08-02 16:12:41.120  9638  9859 D UE      : [2023.08.02-06.12.41:120][  0]LogDeviceProfileManager: 	[0x7aab779a00][0x7aabb49250 52] iPhoneXS, 
08-02 16:12:41.120  9638  9859 D UE      : [2023.08.02-06.12.41:120][  0]LogDeviceProfileManager: 	[0x7aab779700][0x7aabb46dc0 52] iPhoneXSMax, 
08-02 16:12:41.120  9638  9859 D UE      : [2023.08.02-06.12.41:120][  0]LogDeviceProfileManager: 	[0x7aab77dd80][0x7aabb44930 52] iPhoneXR, 
08-02 16:12:41.120  9638  9859 D UE      : [2023.08.02-06.12.41:120][  0]LogDeviceProfileManager: 	[0x7aab77dc00][0x7aabb424a0 52] iPhone11, 
08-02 16:12:41.120  9638  9859 D UE      : [2023.08.02-06.12.41:120][  0]LogDeviceProfileManager: 	[0x7aab77da80][0x7aabb40010 52] iPhone11Pro, 
08-02 16:12:41.120  9638  9859 D UE      : [2023.08.02-06.12.41:120][  0]LogDeviceProfileManager: 	[0x7aab77d900][0x7aabb5db70 52] iPhone11ProMax, 
08-02 16:12:41.120  9638  9859 D UE      : [2023.08.02-06.12.41:120][  0]LogDeviceProfileManager: 	[0x7aab77d780][0x7aabb5b6e0 52] iPhoneSE2, 
08-02 16:12:41.121  9638  9859 D UE      : [2023.08.02-06.12.41:121][  0]LogDeviceProfileManager: 	[0x7aab77d600][0x7aabb59250 52] iPhone12Mini, 
08-02 16:12:41.121  9638  9859 D UE      : [2023.08.02-06.12.41:121][  0]LogDeviceProfileManager: 	[0x7aab77d480][0x7aabb56dc0 52] iPhone12, 
08-02 16:12:41.121  9638  9859 D UE      : [2023.08.02-06.12.41:121][  0]LogDeviceProfileManager: 	[0x7aab77d300][0x7aabb54930 52] iPhone12Pro, 
08-02 16:12:41.121  9638  9859 D UE      : [2023.08.02-06.12.41:121][  0]LogDeviceProfileManager: 	[0x7aab77d180][0x7aabb524a0 52] iPhone12ProMax, 
08-02 16:12:41.121  9638  9859 D UE      : [2023.08.02-06.12.41:121][  0]LogDeviceProfileManager: 	[0x7aab77d000][0x7aabb50010 52] iPhone13Mini, 
08-02 16:12:41.121  9638  9859 D UE      : [2023.08.02-06.12.41:121][  0]LogDeviceProfileManager: 	[0x7aab77ce80][0x7aabb6db70 52] iPhone13, 
08-02 16:12:41.121  9638  9859 D UE      : [2023.08.02-06.12.41:121][  0]LogDeviceProfileManager: 	[0x7aab77cd00][0x7aabb6b6e0 52] iPhone13Pro, 
08-02 16:12:41.121  9638  9859 D UE      : [2023.08.02-06.12.41:121][  0]LogDeviceProfileManager: 	[0x7aab77cb80][0x7aabb69250 52] iPhone13ProMax, 
08-02 16:12:41.121  9638  9859 D UE      : [2023.08.02-06.12.41:121][  0]LogDeviceProfileManager: 	[0x7aab77ca00][0x7aabb66dc0 52] iPhoneSE3, 
08-02 16:12:41.121  9638  9859 D UE      : [2023.08.02-06.12.41:121][  0]LogDeviceProfileManager: 	[0x7aab77c880][0x7aabb64930 52] iPhone14, 
08-02 16:12:41.121  9638  9859 D UE      : [2023.08.02-06.12.41:121][  0]LogDeviceProfileManager: 	[0x7aab77c700][0x7aabb624a0 52] iPhone14Plus, 
08-02 16:12:41.121  9638  9859 D UE      : [2023.08.02-06.12.41:121][  0]LogDeviceProfileManager: 	[0x7aab77fe80][0x7aabb60010 52] iPhone14Pro, 
08-02 16:12:41.121  9638  9859 D UE      : [2023.08.02-06.12.41:121][  0]LogDeviceProfileManager: 	[0x7aab77fd00][0x7aabb7db70 52] iPhone14ProMax, 
08-02 16:12:41.121  9638  9859 D UE      : [2023.08.02-06.12.41:121][  0]LogDeviceProfileManager: 	[0x7aab77fb80][0x7aabb7b6e0 52] iPadPro105, 
08-02 16:12:41.121  9638  9859 D UE      : [2023.08.02-06.12.41:121][  0]LogDeviceProfileManager: 	[0x7aab77fa00][0x7aabb79250 52] iPadPro129, 
08-02 16:12:41.121  9638  9859 D UE      : [2023.08.02-06.12.41:121][  0]LogDeviceProfileManager: 	[0x7aab77f880][0x7aabb76dc0 52] iPadPro97, 
08-02 16:12:41.121  9638  9859 D UE      : [2023.08.02-06.12.41:121][  0]LogDeviceProfileManager: 	[0x7aabb83100][0x7aabb74930 52] iPadPro2_129, 
08-02 16:12:41.121  9638  9859 D UE      : [2023.08.02-06.12.41:121][  0]LogDeviceProfileManager: 	[0x7aabb82f80][0x7aabb724a0 52] iPad5, 
08-02 16:12:41.121  9638  9859 D UE      : [2023.08.02-06.12.41:121][  0]LogDeviceProfileManager: 	[0x7aabb82e00][0x7aabb70010 52] iPad6, 
08-02 16:12:41.121  9638  9859 D UE      : [2023.08.02-06.12.41:121][  0]LogDeviceProfileManager: 	[0x7aabb82c80][0x7aabb9db70 52] iPad7, 
08-02 16:12:41.121  9638  9859 D UE      : [2023.08.02-06.12.41:121][  0]LogDeviceProfileManager: 	[0x7aabb82b00][0x7aabb9b6e0 52] iPad8, 
08-02 16:12:41.121  9638  9859 D UE      : [2023.08.02-06.12.41:121][  0]LogDeviceProfileManager: 	[0x7aabb82980][0x7aabb99250 52] iPad9, 
08-02 16:12:41.121  9638  9859 D UE      : [2023.08.02-06.12.41:121][  0]LogDeviceProfileManager: 	[0x7aabb82800][0x7aabb96dc0 52] iPad10, 
08-02 16:12:41.121  9638  9859 D UE      : [2023.08.02-06.12.41:121][  0]LogDeviceProfileManager: 	[0x7aabb82680][0x7aabb94930 52] iPadPro11, 
08-02 16:12:41.121  9638  9859 D UE      : [2023.08.02-06.12.41:121][  0]LogDeviceProfileManager: 	[0x7aabb82500][0x7aabb924a0 52] iPadPro2_11, 
08-02 16:12:41.121  9638  9859 D UE      : [2023.08.02-06.12.41:121][  0]LogDeviceProfileManager: 	[0x7aabb82380][0x7aabb90010 52] iPadPro3_11, 
08-02 16:12:41.121  9638  9859 D UE      : [2023.08.02-06.12.41:121][  0]LogDeviceProfileManager: 	[0x7aabb82200][0x7aabbadb70 52] iPadPro4_11, 
08-02 16:12:41.121  9638  9859 D UE      : [2023.08.02-06.12.41:121][  0]LogDeviceProfileManager: 	[0x7aabb82080][0x7aabbab6e0 52] iPadPro3_129, 
08-02 16:12:41.121  9638  9859 D UE      : [2023.08.02-06.12.41:121][  0]LogDeviceProfileManager: 	[0x7aabb81f00][0x7aabba9250 52] iPadPro4_129, 
08-02 16:12:41.121  9638  9859 D UE      : [2023.08.02-06.12.41:121][  0]LogDeviceProfileManager: 	[0x7aabb81d80][0x7aabba6dc0 52] iPadPro5_129, 
08-02 16:12:41.121  9638  9859 D UE      : [2023.08.02-06.12.41:121][  0]LogDeviceProfileManager: 	[0x7aabb81c00][0x7aabba4930 52] iPadPro6_129, 
08-02 16:12:41.121  9638  9859 D UE      : [2023.08.02-06.12.41:121][  0]LogDeviceProfileManager: 	[0x7aabb81a80][0x7aabba24a0 52] AppleTV, 
08-02 16:12:41.121  9638  9859 D UE      : [2023.08.02-06.12.41:121][  0]LogDeviceProfileManager: 	[0x7aabb81900][0x7aabba0010 52] AppleTV4K, 
08-02 16:12:41.121  9638  9859 D UE      : [2023.08.02-06.12.41:121][  0]LogDeviceProfileManager: 	[0x7aabb81780][0x7aabbbdb70 52] AppleTV2_4K, 
08-02 16:12:41.121  9638  9859 D UE      : [2023.08.02-06.12.41:121][  0]LogDeviceProfileManager: 	[0x7aabb81600][0x7aabbbb6e0 52] TVOS, 
08-02 16:12:41.121  9638  9859 D UE      : [2023.08.02-06.12.41:121][  0]LogDeviceProfileManager: 	[0x7aabb81480][0x7aabbb9250 52] Mac, 
08-02 16:12:41.121  9638  9859 D UE      : [2023.08.02-06.12.41:121][  0]LogDeviceProfileManager: 	[0x7aabb81300][0x7aabbb6dc0 52] MacEditor, 
08-02 16:12:41.121  9638  9859 D UE      : [2023.08.02-06.12.41:121][  0]LogDeviceProfileManager: 	[0x7aabb81180][0x7aabbb4930 52] MacClient, 
08-02 16:12:41.121  9638  9859 D UE      : [2023.08.02-06.12.41:121][  0]LogDeviceProfileManager: 	[0x7aabb81000][0x7aabbb24a0 52] MacServer, 
08-02 16:12:41.121  9638  9859 D UE      : [2023.08.02-06.12.41:121][  0]LogDeviceProfileManager: 	[0x7aabb80e80][0x7aabbb0010 52] Linux, 
08-02 16:12:41.121  9638  9859 D UE      : [2023.08.02-06.12.41:121][  0]LogDeviceProfileManager: 	[0x7aabb80d00][0x7aabbcdb70 52] LinuxEditor, 
08-02 16:12:41.121  9638  9859 D UE      : [2023.08.02-06.12.41:121][  0]LogDeviceProfileManager: 	[0x7aabb80b80][0x7aabbcb6e0 52] LinuxArm64Editor, 
08-02 16:12:41.121  9638  9859 D UE      : [2023.08.02-06.12.41:121][  0]LogDeviceProfileManager: 	[0x7aabb80a00][0x7aabbc9250 52] LinuxArm64, 
08-02 16:12:41.121  9638  9859 D UE      : [2023.08.02-06.12.41:121][  0]LogDeviceProfileManager: 	[0x7aabb80880][0x7aabbc6dc0 52] LinuxClient, 
08-02 16:12:41.121  9638  9859 D UE      : [2023.08.02-06.12.41:121][  0]LogDeviceProfileManager: 	[0x7aabb80700][0x7aabbc4930 52] LinuxArm64Client, 
08-02 16:12:41.121  9638  9859 D UE      : [2023.08.02-06.12.41:121][  0]LogDeviceProfileManager: 	[0x7aabb80580][0x7aabbc24a0 52] LinuxServer, 
08-02 16:12:41.121  9638  9859 D UE      : [2023.08.02-06.12.41:121][  0]LogDeviceProfileManager: 	[0x7aabb80400][0x7aabbc0010 52] LinuxArm64Server, 
08-02 16:12:41.121  9638  9859 D UE      : [2023.08.02-06.12.41:121][  0]LogDeviceProfileManager: 	[0x7aabb80280][0x7aabbddb70 52] Android, 
08-02 16:12:41.121  9638  9859 D UE      : [2023.08.02-06.12.41:121][  0]LogDeviceProfileManager: 	[0x7aabb80100][0x7aabbdb6e0 52] Android_Preview_OpenGL, 
08-02 16:12:41.121  9638  9859 D UE      : [2023.08.02-06.12.41:121][  0]LogDeviceProfileManager: 	[0x7aabb86280][0x7aabbd9250 52] Android_Preview_Vulkan, 
08-02 16:12:41.121  9638  9859 D UE      : [2023.08.02-06.12.41:121][  0]LogDeviceProfileManager: 	[0x7aabb86100][0x7aabbd6dc0 52] Android_Low, 
08-02 16:12:41.121  9638  9859 D UE      : [2023.08.02-06.12.41:121][  0]LogDeviceProfileManager: 	[0x7aabb85f80][0x7aabbd4930 52] Android_Mid, 
08-02 16:12:41.121  9638  9859 D UE      : [2023.08.02-06.12.41:121][  0]LogDeviceProfileManager: 	[0x7aabb85e00][0x7aabbd24a0 52] Android_High, 
08-02 16:12:41.121  9638  9859 D UE      : [2023.08.02-06.12.41:121][  0]LogDeviceProfileManager: 	[0x7aabb85c80][0x7aabbd0010 52] Android_Default, 
08-02 16:12:41.121  9638  9859 D UE      : [2023.08.02-06.12.41:121][  0]LogDeviceProfileManager: 	[0x7aabb85b00][0x7aabbedb70 52] Android_Adreno4xx, 
08-02 16:12:41.121  9638  9859 D UE      : [2023.08.02-06.12.41:121][  0]LogDeviceProfileManager: 	[0x7aabb85980][0x7aabbeb6e0 52] Android_Adreno5xx_Low, 
08-02 16:12:41.121  9638  9859 D UE      : [2023.08.02-06.12.41:121][  0]LogDeviceProfileManager: 	[0x7aabb85800][0x7aabbe9250 52] Android_Adreno5xx, 
08-02 16:12:41.121  9638  9859 D UE      : [2023.08.02-06.12.41:121][  0]LogDeviceProfileManager: 	[0x7aabb85680][0x7aabbe6dc0 52] Android_Adreno6xx, 
08-02 16:12:41.121  9638  9859 D UE      : [2023.08.02-06.12.41:121][  0]LogDeviceProfileManager: 	[0x7aabb85500][0x7aabbe4930 52] Android_Adreno6xx_Vulkan, 
08-02 16:12:41.121  9638  9859 D UE      : [2023.08.02-06.12.41:121][  0]LogDeviceProfileManager: 	[0x7aabb85380][0x7aabbe24a0 52] Android_Adreno7xx, 
08-02 16:12:41.121  9638  9859 D UE      : [2023.08.02-06.12.41:121][  0]LogDeviceProfileManager: 	[0x7aabb85200][0x7aabbe0010 52] Android_Adreno7xx_Vulkan, 
08-02 16:12:41.121  9638  9859 D UE      : [2023.08.02-06.12.41:121][  0]LogDeviceProfileManager: 	[0x7aabb85080][0x7aabbfdb70 52] Android_Mali_T6xx, 
08-02 16:12:41.121  9638  9859 D UE      : [2023.08.02-06.12.41:121][  0]LogDeviceProfileManager: 	[0x7aabb84f00][0x7aabbfb6e0 52] Android_Mali_T7xx, 
08-02 16:12:41.121  9638  9859 D UE      : [2023.08.02-06.12.41:121][  0]LogDeviceProfileManager: 	[0x7aabb84d80][0x7aabbf9250 52] Android_Mali_T8xx, 
08-02 16:12:41.121  9638  9859 D UE      : [2023.08.02-06.12.41:121][  0]LogDeviceProfileManager: 	[0x7aabb84c00][0x7aabbf6dc0 52] Android_Mali_G71, 
08-02 16:12:41.122  9638  9859 D UE      : [2023.08.02-06.12.41:121][  0]LogDeviceProfileManager: 	[0x7aabb84a80][0x7aabbf4930 52] Android_Mali_G72, 
08-02 16:12:41.122  9638  9859 D UE      : [2023.08.02-06.12.41:122][  0]LogDeviceProfileManager: 	[0x7aabb84900][0x7aabbf24a0 52] Android_Mali_G72_Vulkan, 
08-02 16:12:41.122  9638  9859 D UE      : [2023.08.02-06.12.41:122][  0]LogDeviceProfileManager: 	[0x7aabb84780][0x7aabbf0010 52] Android_Mali_G76, 
08-02 16:12:41.122  9638  9859 D UE      : [2023.08.02-06.12.41:122][  0]LogDeviceProfileManager: 	[0x7aabb84600][0x7aabc0db70 52] Android_Mali_G76_Vulkan, 
08-02 16:12:41.122  9638  9859 D UE      : [2023.08.02-06.12.41:122][  0]LogDeviceProfileManager: 	[0x7aabb84480][0x7aabc0b6e0 52] Android_Mali_G77, 
08-02 16:12:41.122  9638  9859 D UE      : [2023.08.02-06.12.41:122][  0]LogDeviceProfileManager: 	[0x7aabb84300][0x7aabc09250 52] Android_Mali_G77_Vulkan, 
08-02 16:12:41.122  9638  9859 D UE      : [2023.08.02-06.12.41:122][  0]LogDeviceProfileManager: 	[0x7aabb84180][0x7aabc06dc0 52] Android_Mali_G78, 
08-02 16:12:41.122  9638  9859 D UE      : [2023.08.02-06.12.41:122][  0]LogDeviceProfileManager: 	[0x7aabb84000][0x7aabc04930 52] Android_Mali_G78_Vulkan, 
08-02 16:12:41.122  9638  9859 D UE      : [2023.08.02-06.12.41:122][  0]LogDeviceProfileManager: 	[0x7aabb83e80][0x7aabc024a0 52] Android_Mali_G710, 
08-02 16:12:41.122  9638  9859 D UE      : [2023.08.02-06.12.41:122][  0]LogDeviceProfileManager: 	[0x7aabb83d00][0x7aabc00010 52] Android_Mali_G710_Vulkan, 
08-02 16:12:41.122  9638  9859 D UE      : [2023.08.02-06.12.41:122][  0]LogDeviceProfileManager: 	[0x7aabb83b80][0x7aabc1db70 52] Android_Mali_G7xx, 
08-02 16:12:41.122  9638  9859 D UE      : [2023.08.02-06.12.41:122][  0]LogDeviceProfileManager: 	[0x7aabb83a00][0x7aabc1b6e0 52] Android_Mali_G7xx_Vulkan, 
08-02 16:12:41.122  9638  9859 D UE      : [2023.08.02-06.12.41:122][  0]LogDeviceProfileManager: 	[0x7aabb83880][0x7aabc19250 52] Android_Xclipse_920, 
08-02 16:12:41.122  9638  9859 D UE      : [2023.08.02-06.12.41:122][  0]LogDeviceProfileManager: 	[0x7aabb83700][0x7aabc16dc0 52] Android_Xclipse_920_Vulkan, 
08-02 16:12:41.122  9638  9859 D UE      : [2023.08.02-06.12.41:122][  0]LogDeviceProfileManager: 	[0x7aabb83580][0x7aabc14930 52] Android_Vulkan_SM5, 
08-02 16:12:41.122  9638  9859 D UE      : [2023.08.02-06.12.41:122][  0]LogDeviceProfileManager: 	[0x7aabb83400][0x7aabc124a0 52] Android_PowerVR_G6xxx, 
08-02 16:12:41.122  9638  9859 D UE      : [2023.08.02-06.12.41:122][  0]LogDeviceProfileManager: 	[0x7aabb83280][0x7aabc10010 52] Android_PowerVR_GT7xxx, 
08-02 16:12:41.122  9638  9859 D UE      : [2023.08.02-06.12.41:122][  0]LogDeviceProfileManager: 	[0x7aabb89400][0x7aabc2db70 52] Android_PowerVR_GE8xxx, 
08-02 16:12:41.122  9638  9859 D UE      : [2023.08.02-06.12.41:122][  0]LogDeviceProfileManager: 	[0x7aabb89280][0x7aabc2b6e0 52] Android_PowerVR_GM9xxx, 
08-02 16:12:41.122  9638  9859 D UE      : [2023.08.02-06.12.41:122][  0]LogDeviceProfileManager: 	[0x7aabb89100][0x7aabc29250 52] Android_PowerVR_GM9xxx_Vulkan, 
08-02 16:12:41.122  9638  9859 D UE      : [2023.08.02-06.12.41:122][  0]LogDeviceProfileManager: 	[0x7aabb88f80][0x7aabc26dc0 52] Android_TegraK1, 
08-02 16:12:41.122  9638  9859 D UE      : [2023.08.02-06.12.41:122][  0]LogDeviceProfileManager: 	[0x7aabb88e00][0x7aabc24930 52] Android_Unknown_Vulkan, 
08-02 16:12:41.122  9638  9859 D UE      : [2023.08.02-06.12.41:122][  0]LogDeviceProfileManager: 	[0x7aabb88c80][0x7aabc224a0 52] Oculus_Quest, 
08-02 16:12:41.122  9638  9859 D UE      : [2023.08.02-06.12.41:122][  0]LogDeviceProfileManager: 	[0x7aabb88b00][0x7aabc20010 52] Oculus_Quest2, 
08-02 16:12:41.122  9638  9859 D UE      : [2023.08.02-06.12.41:122][  0]LogDeviceProfileManager: 	[0x7aabb88980][0x7aabc3db70 52] HoloLens, 
08-02 16:12:41.122  9638  9859 D UE      : [2023.08.02-06.12.41:122][  0]LogDeviceProfileManager: Active device profile: [0x7aabb84a80][0x7aabbf4930 52] Android_Mali_G72
08-02 16:12:41.122  9638  9859 D UE      : [2023.08.02-06.12.41:122][  0]LogCsvProfiler: Display: Metadata set : deviceprofile="Android_Mali_G72"
08-02 16:12:41.132  6755 12042 I SystemUpdate: [Execution,ExecutionManager] Action pending executed for 0.02 seconds.
08-02 16:12:41.141  6755 12042 I SystemUpdate: [Execution,ExecutionManager] Action pre-download-validate executed for 0.00 seconds.
08-02 16:12:41.149  6755 12042 W SystemUpdate: [Execution,ExecutionManager] Unable to create the action. Restart the execution from the scratch.
08-02 16:12:41.149  6755 12042 W SystemUpdate: java.lang.IllegalStateException
08-02 16:12:41.149  6755 12042 W SystemUpdate: 	at acea.l(:com.google.android.gms@232617044@23.26.17 (190400-551657477):6)
08-02 16:12:41.149  6755 12042 W SystemUpdate: 	at ckxl.a(:com.google.android.gms@232617044@23.26.17 (190400-551657477):324)
08-02 16:12:41.149  6755 12042 W SystemUpdate: 	at com.google.android.gms.update.execution.InstallationIntentOperation.onHandleIntent(:com.google.android.gms@232617044@23.26.17 (190400-551657477):120)
08-02 16:12:41.149  6755 12042 W SystemUpdate: 	at com.google.android.chimera.IntentOperation.onHandleIntent(:com.google.android.gms@232617044@23.26.17 (190400-551657477):2)
08-02 16:12:41.149  6755 12042 W SystemUpdate: 	at zvn.onHandleIntent(:com.google.android.gms@232617044@23.26.17 (190400-551657477):10)
08-02 16:12:41.149  6755 12042 W SystemUpdate: 	at hpu.run(:com.google.android.gms@232617044@23.26.17 (190400-551657477):70)
08-02 16:12:41.149  6755 12042 W SystemUpdate: 	at hpt.run(:com.google.android.gms@232617044@23.26.17 (190400-551657477):152)
08-02 16:12:41.149  6755 12042 W SystemUpdate: 	at difl.run(:com.google.android.gms@232617044@23.26.17 (190400-551657477):13)
08-02 16:12:41.149  6755 12042 W SystemUpdate: 	at java.util.concurrent.ThreadPoolExecutor.runWorker(ThreadPoolExecutor.java:1167)
08-02 16:12:41.149  6755 12042 W SystemUpdate: 	at java.util.concurrent.ThreadPoolExecutor$Worker.run(ThreadPoolExecutor.java:641)
08-02 16:12:41.149  6755 12042 W SystemUpdate: 	at java.lang.Thread.run(Thread.java:920)
08-02 16:12:41.168  6755 12042 I SystemUpdate: [Execution,ExecutionManager] Action pending executed for 0.02 seconds.
08-02 16:12:41.171  6755 12042 I SystemUpdate: [Execution,ExecutionManager] Action pre-download-validate executed for 0.00 seconds.
08-02 16:12:41.175  6755 12042 W SystemUpdate: [Execution,ExecutionManager] Unable to create the action. Restart the execution from the scratch.
08-02 16:12:41.175  6755 12042 W SystemUpdate: java.lang.IllegalStateException
08-02 16:12:41.175  6755 12042 W SystemUpdate: 	at acea.l(:com.google.android.gms@232617044@23.26.17 (190400-551657477):6)
08-02 16:12:41.175  6755 12042 W SystemUpdate: 	at ckxl.a(:com.google.android.gms@232617044@23.26.17 (190400-551657477):324)
08-02 16:12:41.175  6755 12042 W SystemUpdate: 	at com.google.android.gms.update.execution.InstallationIntentOperation.onHandleIntent(:com.google.android.gms@232617044@23.26.17 (190400-551657477):120)
08-02 16:12:41.175  6755 12042 W SystemUpdate: 	at com.google.android.chimera.IntentOperation.onHandleIntent(:com.google.android.gms@232617044@23.26.17 (190400-551657477):2)
08-02 16:12:41.175  6755 12042 W SystemUpdate: 	at zvn.onHandleIntent(:com.google.android.gms@232617044@23.26.17 (190400-551657477):10)
08-02 16:12:41.175  6755 12042 W SystemUpdate: 	at hpu.run(:com.google.android.gms@232617044@23.26.17 (190400-551657477):70)
08-02 16:12:41.175  6755 12042 W SystemUpdate: 	at hpt.run(:com.google.android.gms@232617044@23.26.17 (190400-551657477):152)
08-02 16:12:41.175  6755 12042 W SystemUpdate: 	at difl.run(:com.google.android.gms@232617044@23.26.17 (190400-551657477):13)
08-02 16:12:41.175  6755 12042 W SystemUpdate: 	at java.util.concurrent.ThreadPoolExecutor.runWorker(ThreadPoolExecutor.java:1167)
08-02 16:12:41.175  6755 12042 W SystemUpdate: 	at java.util.concurrent.ThreadPoolExecutor$Worker.run(ThreadPoolExecutor.java:641)
08-02 16:12:41.175  6755 12042 W SystemUpdate: 	at java.lang.Thread.run(Thread.java:920)
08-02 16:12:41.191  6755 12042 I SystemUpdate: [Execution,ExecutionManager] Action pending executed for 0.02 seconds.
08-02 16:12:41.194  6755 12042 I SystemUpdate: [Execution,ExecutionManager] Action pre-download-validate executed for 0.00 seconds.
08-02 16:12:41.194  4972  6879 W ServiceManager: Permission failure: android.permission.HIGH_SAMPLING_RATE_SENSORS from uid=10288 pid=9638
08-02 16:12:41.195  4972  6879 W ServiceManager: Permission failure: android.permission.HIGH_SAMPLING_RATE_SENSORS from uid=10288 pid=9638
08-02 16:12:41.196  4609  4609 I Sensors : batch(0) - accelerometer_sensor try to batching with 20000000
08-02 16:12:41.198  6755 12042 W SystemUpdate: [Execution,ExecutionManager] Unable to create the action. Restart the execution from the scratch.
08-02 16:12:41.198  6755 12042 W SystemUpdate: java.lang.IllegalStateException
08-02 16:12:41.198  6755 12042 W SystemUpdate: 	at acea.l(:com.google.android.gms@232617044@23.26.17 (190400-551657477):6)
08-02 16:12:41.198  6755 12042 W SystemUpdate: 	at ckxl.a(:com.google.android.gms@232617044@23.26.17 (190400-551657477):324)
08-02 16:12:41.198  6755 12042 W SystemUpdate: 	at com.google.android.gms.update.execution.InstallationIntentOperation.onHandleIntent(:com.google.android.gms@232617044@23.26.17 (190400-551657477):120)
08-02 16:12:41.198  6755 12042 W SystemUpdate: 	at com.google.android.chimera.IntentOperation.onHandleIntent(:com.google.android.gms@232617044@23.26.17 (190400-551657477):2)
08-02 16:12:41.198  6755 12042 W SystemUpdate: 	at zvn.onHandleIntent(:com.google.android.gms@232617044@23.26.17 (190400-551657477):10)
08-02 16:12:41.198  6755 12042 W SystemUpdate: 	at hpu.run(:com.google.android.gms@232617044@23.26.17 (190400-551657477):70)
08-02 16:12:41.198  6755 12042 W SystemUpdate: 	at hpt.run(:com.google.android.gms@232617044@23.26.17 (190400-551657477):152)
08-02 16:12:41.198  6755 12042 W SystemUpdate: 	at difl.run(:com.google.android.gms@232617044@23.26.17 (190400-551657477):13)
08-02 16:12:41.198  6755 12042 W SystemUpdate: 	at java.util.concurrent.ThreadPoolExecutor.runWorker(ThreadPoolExecutor.java:1167)
08-02 16:12:41.198  6755 12042 W SystemUpdate: 	at java.util.concurrent.ThreadPoolExecutor$Worker.run(ThreadPoolExecutor.java:641)
08-02 16:12:41.198  6755 12042 W SystemUpdate: 	at java.lang.Thread.run(Thread.java:920)
08-02 16:12:41.203  4972  6879 W ServiceManager: Permission failure: android.permission.HIGH_SAMPLING_RATE_SENSORS from uid=10288 pid=9638
08-02 16:12:41.203  4609  4609 I Sensors : batch(1) - geomagnetic_sensor try to batching with 20000000
08-02 16:12:41.203  4609  4609 I Sensors : GeoMagneticSensor old sensor_state 513, new sensor_state : 529 en : 1
08-02 16:12:41.207  4972  6879 W ServiceManager: Permission failure: android.permission.HIGH_SAMPLING_RATE_SENSORS from uid=10288 pid=9638
08-02 16:12:41.207  4609  4609 I Sensors : batch(2) - gyro_sensor try to batching with 20000000
08-02 16:12:41.207  4609  4609 I Sensors : GyroSensor old sensor_state 529, new sensor_state : 531 en : 1
08-02 16:12:41.213  6755 12042 I SystemUpdate: [Execution,ExecutionManager] Action pending executed for 0.02 seconds.
08-02 16:12:41.217  6755 12042 I SystemUpdate: [Execution,ExecutionManager] Action pre-download-validate executed for 0.00 seconds.
08-02 16:12:41.221  6755 12042 W SystemUpdate: [Execution,ExecutionManager] Unable to create the action. Restart the execution from the scratch.
08-02 16:12:41.221  6755 12042 W SystemUpdate: java.lang.IllegalStateException
08-02 16:12:41.221  6755 12042 W SystemUpdate: 	at acea.l(:com.google.android.gms@232617044@23.26.17 (190400-551657477):6)
08-02 16:12:41.221  6755 12042 W SystemUpdate: 	at ckxl.a(:com.google.android.gms@232617044@23.26.17 (190400-551657477):324)
08-02 16:12:41.221  6755 12042 W SystemUpdate: 	at com.google.android.gms.update.execution.InstallationIntentOperation.onHandleIntent(:com.google.android.gms@232617044@23.26.17 (190400-551657477):120)
08-02 16:12:41.221  6755 12042 W SystemUpdate: 	at com.google.android.chimera.IntentOperation.onHandleIntent(:com.google.android.gms@232617044@23.26.17 (190400-551657477):2)
08-02 16:12:41.221  6755 12042 W SystemUpdate: 	at zvn.onHandleIntent(:com.google.android.gms@232617044@23.26.17 (190400-551657477):10)
08-02 16:12:41.221  6755 12042 W SystemUpdate: 	at hpu.run(:com.google.android.gms@232617044@23.26.17 (190400-551657477):70)
08-02 16:12:41.221  6755 12042 W SystemUpdate: 	at hpt.run(:com.google.android.gms@232617044@23.26.17 (190400-551657477):152)
08-02 16:12:41.221  6755 12042 W SystemUpdate: 	at difl.run(:com.google.android.gms@232617044@23.26.17 (190400-551657477):13)
08-02 16:12:41.221  6755 12042 W SystemUpdate: 	at java.util.concurrent.ThreadPoolExecutor.runWorker(ThreadPoolExecutor.java:1167)
08-02 16:12:41.221  6755 12042 W SystemUpdate: 	at java.util.concurrent.ThreadPoolExecutor$Worker.run(ThreadPoolExecutor.java:641)
08-02 16:12:41.221  6755 12042 W SystemUpdate: 	at java.lang.Thread.run(Thread.java:920)
08-02 16:12:41.228  4609  4808 E Sensors : Sensor : Meta event
08-02 16:12:41.237  6755 12042 I SystemUpdate: [Execution,ExecutionManager] Action pending executed for 0.02 seconds.
08-02 16:12:41.239  6755 12042 I SystemUpdate: [Execution,ExecutionManager] Action pre-download-validate executed for 0.00 seconds.
08-02 16:12:41.242  6755 12042 W SystemUpdate: [Execution,ExecutionManager] Unable to create the action. Restart the execution from the scratch.
08-02 16:12:41.242  6755 12042 W SystemUpdate: java.lang.IllegalStateException
08-02 16:12:41.242  6755 12042 W SystemUpdate: 	at acea.l(:com.google.android.gms@232617044@23.26.17 (190400-551657477):6)
08-02 16:12:41.242  6755 12042 W SystemUpdate: 	at ckxl.a(:com.google.android.gms@232617044@23.26.17 (190400-551657477):324)
08-02 16:12:41.242  6755 12042 W SystemUpdate: 	at com.google.android.gms.update.execution.InstallationIntentOperation.onHandleIntent(:com.google.android.gms@232617044@23.26.17 (190400-551657477):120)
08-02 16:12:41.242  6755 12042 W SystemUpdate: 	at com.google.android.chimera.IntentOperation.onHandleIntent(:com.google.android.gms@232617044@23.26.17 (190400-551657477):2)
08-02 16:12:41.242  6755 12042 W SystemUpdate: 	at zvn.onHandleIntent(:com.google.android.gms@232617044@23.26.17 (190400-551657477):10)
08-02 16:12:41.242  6755 12042 W SystemUpdate: 	at hpu.run(:com.google.android.gms@232617044@23.26.17 (190400-551657477):70)
08-02 16:12:41.242  6755 12042 W SystemUpdate: 	at hpt.run(:com.google.android.gms@232617044@23.26.17 (190400-551657477):152)
08-02 16:12:41.242  6755 12042 W SystemUpdate: 	at difl.run(:com.google.android.gms@232617044@23.26.17 (190400-551657477):13)
08-02 16:12:41.242  6755 12042 W SystemUpdate: 	at java.util.concurrent.ThreadPoolExecutor.runWorker(ThreadPoolExecutor.java:1167)
08-02 16:12:41.242  6755 12042 W SystemUpdate: 	at java.util.concurrent.ThreadPoolExecutor$Worker.run(ThreadPoolExecutor.java:641)
08-02 16:12:41.242  6755 12042 W SystemUpdate: 	at java.lang.Thread.run(Thread.java:920)
