08-01 02:39:53.573  6212 11465 W SystemUpdate: 	at hpt.run(:com.google.android.gms@232617044@23.26.17 (190400-551657477):152)
08-01 02:39:53.573  6212 11465 W SystemUpdate: 	at difl.run(:com.google.android.gms@232617044@23.26.17 (190400-551657477):13)
08-01 02:39:53.573  6212 11465 W SystemUpdate: 	at java.util.concurrent.ThreadPoolExecutor.runWorker(ThreadPoolExecutor.java:1167)
08-01 02:39:53.573  6212 11465 W SystemUpdate: 	at java.util.concurrent.ThreadPoolExecutor$Worker.run(ThreadPoolExecutor.java:641)
08-01 02:39:53.573  6212 11465 W SystemUpdate: 	at java.lang.Thread.run(Thread.java:920)
08-01 02:39:53.600  6212 11465 I SystemUpdate: [Execution,ExecutionManager] Action pending executed for 0.03 seconds.
08-01 02:39:53.605  6212 11465 I SystemUpdate: [Execution,ExecutionManager] Action pre-download-validate executed for 0.00 seconds.
08-01 02:39:53.609  6212 11465 W SystemUpdate: [Execution,ExecutionManager] Unable to create the action. Restart the execution from the scratch.
08-01 02:39:53.609  6212 11465 W SystemUpdate: java.lang.IllegalStateException
08-01 02:39:53.609  6212 11465 W SystemUpdate: 	at acea.l(:com.google.android.gms@232617044@23.26.17 (190400-551657477):6)
08-01 02:39:53.609  6212 11465 W SystemUpdate: 	at ckxl.a(:com.google.android.gms@232617044@23.26.17 (190400-551657477):324)
08-01 02:39:53.609  6212 11465 W SystemUpdate: 	at com.google.android.gms.update.execution.InstallationIntentOperation.onHandleIntent(:com.google.android.gms@232617044@23.26.17 (190400-551657477):120)
08-01 02:39:53.609  6212 11465 W SystemUpdate: 	at com.google.android.chimera.IntentOperation.onHandleIntent(:com.google.android.gms@232617044@23.26.17 (190400-551657477):2)
08-01 02:39:53.609  6212 11465 W SystemUpdate: 	at zvn.onHandleIntent(:com.google.android.gms@232617044@23.26.17 (190400-551657477):10)
08-01 02:39:53.609  6212 11465 W SystemUpdate: 	at hpu.run(:com.google.android.gms@232617044@23.26.17 (190400-551657477):70)
08-01 02:39:53.609  6212 11465 W SystemUpdate: 	at hpt.run(:com.google.android.gms@232617044@23.26.17 (190400-551657477):152)
08-01 02:39:53.609  6212 11465 W SystemUpdate: 	at difl.run(:com.google.android.gms@232617044@23.26.17 (190400-551657477):13)
08-01 02:39:53.609  6212 11465 W SystemUpdate: 	at java.util.concurrent.ThreadPoolExecutor.runWorker(ThreadPoolExecutor.java:1167)
08-01 02:39:53.609  6212 11465 W SystemUpdate: 	at java.util.concurrent.ThreadPoolExecutor$Worker.run(ThreadPoolExecutor.java:641)
08-01 02:39:53.609  6212 11465 W SystemUpdate: 	at java.lang.Thread.run(Thread.java:920)
08-01 02:39:53.631  6212 11465 I SystemUpdate: [Execution,ExecutionManager] Action pending executed for 0.02 seconds.
08-01 02:39:53.636  6212 11465 I SystemUpdate: [Execution,ExecutionManager] Action pre-download-validate executed for 0.00 seconds.
08-01 02:39:53.641  6212 11465 W SystemUpdate: [Execution,ExecutionManager] Unable to create the action. Restart the execution from the scratch.
08-01 02:39:53.641  6212 11465 W SystemUpdate: java.lang.IllegalStateException
08-01 02:39:53.641  6212 11465 W SystemUpdate: 	at acea.l(:com.google.android.gms@232617044@23.26.17 (190400-551657477):6)
08-01 02:39:53.641  6212 11465 W SystemUpdate: 	at ckxl.a(:com.google.android.gms@232617044@23.26.17 (190400-551657477):324)
08-01 02:39:53.641  6212 11465 W SystemUpdate: 	at com.google.android.gms.update.execution.InstallationIntentOperation.onHandleIntent(:com.google.android.gms@232617044@23.26.17 (190400-551657477):120)
08-01 02:39:53.641  6212 11465 W SystemUpdate: 	at com.google.android.chimera.IntentOperation.onHandleIntent(:com.google.android.gms@232617044@23.26.17 (190400-551657477):2)
08-01 02:39:53.641  6212 11465 W SystemUpdate: 	at zvn.onHandleIntent(:com.google.android.gms@232617044@23.26.17 (190400-551657477):10)
08-01 02:39:53.641  6212 11465 W SystemUpdate: 	at hpu.run(:com.google.android.gms@232617044@23.26.17 (190400-551657477):70)
08-01 02:39:53.641  6212 11465 W SystemUpdate: 	at hpt.run(:com.google.android.gms@232617044@23.26.17 (190400-551657477):152)
08-01 02:39:53.641  6212 11465 W SystemUpdate: 	at difl.run(:com.google.android.gms@232617044@23.26.17 (190400-551657477):13)
08-01 02:39:53.641  6212 11465 W SystemUpdate: 	at java.util.concurrent.ThreadPoolExecutor.runWorker(ThreadPoolExecutor.java:1167)
08-01 02:39:53.641  6212 11465 W SystemUpdate: 	at java.util.concurrent.ThreadPoolExecutor$Worker.run(ThreadPoolExecutor.java:641)
08-01 02:39:53.641  6212 11465 W SystemUpdate: 	at java.lang.Thread.run(Thread.java:920)
08-01 02:39:53.669  6212 11465 I SystemUpdate: [Execution,ExecutionManager] Action pending executed for 0.03 seconds.
08-01 02:39:53.674  6212 11465 I SystemUpdate: [Execution,ExecutionManager] Action pre-download-validate executed for 0.00 seconds.
08-01 02:39:53.680  6212 11465 W SystemUpdate: [Execution,ExecutionManager] Unable to create the action. Restart the execution from the scratch.
08-01 02:39:53.680  6212 11465 W SystemUpdate: java.lang.IllegalStateException
08-01 02:39:53.680  6212 11465 W SystemUpdate: 	at acea.l(:com.google.android.gms@232617044@23.26.17 (190400-551657477):6)
08-01 02:39:53.680  6212 11465 W SystemUpdate: 	at ckxl.a(:com.google.android.gms@232617044@23.26.17 (190400-551657477):324)
08-01 02:39:53.680  6212 11465 W SystemUpdate: 	at com.google.android.gms.update.execution.InstallationIntentOperation.onHandleIntent(:com.google.android.gms@232617044@23.26.17 (190400-551657477):120)
08-01 02:39:53.680  6212 11465 W SystemUpdate: 	at com.google.android.chimera.IntentOperation.onHandleIntent(:com.google.android.gms@232617044@23.26.17 (190400-551657477):2)
08-01 02:39:53.680  6212 11465 W SystemUpdate: 	at zvn.onHandleIntent(:com.google.android.gms@232617044@23.26.17 (190400-551657477):10)
08-01 02:39:53.680  6212 11465 W SystemUpdate: 	at hpu.run(:com.google.android.gms@232617044@23.26.17 (190400-551657477):70)
08-01 02:39:53.680  6212 11465 W SystemUpdate: 	at hpt.run(:com.google.android.gms@232617044@23.26.17 (190400-551657477):152)
08-01 02:39:53.680  6212 11465 W SystemUpdate: 	at difl.run(:com.google.android.gms@232617044@23.26.17 (190400-551657477):13)
08-01 02:39:53.680  6212 11465 W SystemUpdate: 	at java.util.concurrent.ThreadPoolExecutor.runWorker(ThreadPoolExecutor.java:1167)
08-01 02:39:53.680  6212 11465 W SystemUpdate: 	at java.util.concurrent.ThreadPoolExecutor$Worker.run(ThreadPoolExecutor.java:641)
08-01 02:39:53.680  6212 11465 W SystemUpdate: 	at java.lang.Thread.run(Thread.java:920)
08-01 02:39:53.707  6212 11465 I SystemUpdate: [Execution,ExecutionManager] Action pending executed for 0.03 seconds.
08-01 02:39:53.712  6212 11465 I SystemUpdate: [Execution,ExecutionManager] Action pre-download-validate executed for 0.00 seconds.
08-01 02:39:53.717  6212 11465 W SystemUpdate: [Execution,ExecutionManager] Unable to create the action. Restart the execution from the scratch.
08-01 02:39:53.717  6212 11465 W SystemUpdate: java.lang.IllegalStateException
08-01 02:39:53.717  6212 11465 W SystemUpdate: 	at acea.l(:com.google.android.gms@232617044@23.26.17 (190400-551657477):6)
08-01 02:39:53.717  6212 11465 W SystemUpdate: 	at ckxl.a(:com.google.android.gms@232617044@23.26.17 (190400-551657477):324)
08-01 02:39:53.717  6212 11465 W SystemUpdate: 	at com.google.android.gms.update.execution.InstallationIntentOperation.onHandleIntent(:com.google.android.gms@232617044@23.26.17 (190400-551657477):120)
08-01 02:39:53.717  6212 11465 W SystemUpdate: 	at com.google.android.chimera.IntentOperation.onHandleIntent(:com.google.android.gms@232617044@23.26.17 (190400-551657477):2)
08-01 02:39:53.717  6212 11465 W SystemUpdate: 	at zvn.onHandleIntent(:com.google.android.gms@232617044@23.26.17 (190400-551657477):10)
08-01 02:39:53.717  6212 11465 W SystemUpdate: 	at hpu.run(:com.google.android.gms@232617044@23.26.17 (190400-551657477):70)
08-01 02:39:53.717  6212 11465 W SystemUpdate: 	at hpt.run(:com.google.android.gms@232617044@23.26.17 (190400-551657477):152)
08-01 02:39:53.717  6212 11465 W SystemUpdate: 	at difl.run(:com.google.android.gms@232617044@23.26.17 (190400-551657477):13)
08-01 02:39:53.717  6212 11465 W SystemUpdate: 	at java.util.concurrent.ThreadPoolExecutor.runWorker(ThreadPoolExecutor.java:1167)
08-01 02:39:53.717  6212 11465 W SystemUpdate: 	at java.util.concurrent.ThreadPoolExecutor$Worker.run(ThreadPoolExecutor.java:641)
08-01 02:39:53.717  6212 11465 W SystemUpdate: 	at java.lang.Thread.run(Thread.java:920)
08-01 02:39:53.743  6212 11465 I SystemUpdate: [Execution,ExecutionManager] Action pending executed for 0.03 seconds.
08-01 02:39:53.749  6212 11465 I SystemUpdate: [Execution,ExecutionManager] Action pre-download-validate executed for 0.00 seconds.
08-01 02:39:53.754  6212 11465 W SystemUpdate: [Execution,ExecutionManager] Unable to create the action. Restart the execution from the scratch.
08-01 02:39:53.754  6212 11465 W SystemUpdate: java.lang.IllegalStateException
08-01 02:39:53.754  6212 11465 W SystemUpdate: 	at acea.l(:com.google.android.gms@232617044@23.26.17 (190400-551657477):6)
08-01 02:39:53.754  6212 11465 W SystemUpdate: 	at ckxl.a(:com.google.android.gms@232617044@23.26.17 (190400-551657477):324)
08-01 02:39:53.754  6212 11465 W SystemUpdate: 	at com.google.android.gms.update.execution.InstallationIntentOperation.onHandleIntent(:com.google.android.gms@232617044@23.26.17 (190400-551657477):120)
08-01 02:39:53.754  6212 11465 W SystemUpdate: 	at com.google.android.chimera.IntentOperation.onHandleIntent(:com.google.android.gms@232617044@23.26.17 (190400-551657477):2)
08-01 02:39:53.754  6212 11465 W SystemUpdate: 	at zvn.onHandleIntent(:com.google.android.gms@232617044@23.26.17 (190400-551657477):10)
08-01 02:39:53.754  6212 11465 W SystemUpdate: 	at hpu.run(:com.google.android.gms@232617044@23.26.17 (190400-551657477):70)
08-01 02:39:53.754  6212 11465 W SystemUpdate: 	at hpt.run(:com.google.android.gms@232617044@23.26.17 (190400-551657477):152)
08-01 02:39:53.754  6212 11465 W SystemUpdate: 	at difl.run(:com.google.android.gms@232617044@23.26.17 (190400-551657477):13)
08-01 02:39:53.754  6212 11465 W SystemUpdate: 	at java.util.concurrent.ThreadPoolExecutor.runWorker(ThreadPoolExecutor.java:1167)
08-01 02:39:53.754  6212 11465 W SystemUpdate: 	at java.util.concurrent.ThreadPoolExecutor$Worker.run(ThreadPoolExecutor.java:641)
08-01 02:39:53.754  6212 11465 W SystemUpdate: 	at java.lang.Thread.run(Thread.java:920)
08-01 02:39:53.781  6212 11465 I SystemUpdate: [Execution,ExecutionManager] Action pending executed for 0.03 seconds.
08-01 02:39:53.786  6212 11465 I SystemUpdate: [Execution,ExecutionManager] Action pre-download-validate executed for 0.00 seconds.
08-01 02:39:53.791  6212 11465 W SystemUpdate: [Execution,ExecutionManager] Unable to create the action. Restart the execution from the scratch.
08-01 02:39:53.791  6212 11465 W SystemUpdate: java.lang.IllegalStateException
08-01 02:39:53.791  6212 11465 W SystemUpdate: 	at acea.l(:com.google.android.gms@232617044@23.26.17 (190400-551657477):6)
08-01 02:39:53.791  6212 11465 W SystemUpdate: 	at ckxl.a(:com.google.android.gms@232617044@23.26.17 (190400-551657477):324)
08-01 02:39:53.791  6212 11465 W SystemUpdate: 	at com.google.android.gms.update.execution.InstallationIntentOperation.onHandleIntent(:com.google.android.gms@232617044@23.26.17 (190400-551657477):120)
08-01 02:39:53.791  6212 11465 W SystemUpdate: 	at com.google.android.chimera.IntentOperation.onHandleIntent(:com.google.android.gms@232617044@23.26.17 (190400-551657477):2)
08-01 02:39:53.791  6212 11465 W SystemUpdate: 	at zvn.onHandleIntent(:com.google.android.gms@232617044@23.26.17 (190400-551657477):10)
08-01 02:39:53.791  6212 11465 W SystemUpdate: 	at hpu.run(:com.google.android.gms@232617044@23.26.17 (190400-551657477):70)
08-01 02:39:53.791  6212 11465 W SystemUpdate: 	at hpt.run(:com.google.android.gms@232617044@23.26.17 (190400-551657477):152)
08-01 02:39:53.791  6212 11465 W SystemUpdate: 	at difl.run(:com.google.android.gms@232617044@23.26.17 (190400-551657477):13)
08-01 02:39:53.791  6212 11465 W SystemUpdate: 	at java.util.concurrent.ThreadPoolExecutor.runWorker(ThreadPoolExecutor.java:1167)
08-01 02:39:53.791  6212 11465 W SystemUpdate: 	at java.util.concurrent.ThreadPoolExecutor$Worker.run(ThreadPoolExecutor.java:641)
08-01 02:39:53.791  6212 11465 W SystemUpdate: 	at java.lang.Thread.run(Thread.java:920)
08-01 02:39:53.819  6212 11465 I SystemUpdate: [Execution,ExecutionManager] Action pending executed for 0.03 seconds.
08-01 02:39:53.825  6212 11465 I SystemUpdate: [Execution,ExecutionManager] Action pre-download-validate executed for 0.00 seconds.
08-01 02:39:53.830  6212 11465 W SystemUpdate: [Execution,ExecutionManager] Unable to create the action. Restart the execution from the scratch.
08-01 02:39:53.830  6212 11465 W SystemUpdate: java.lang.IllegalStateException
08-01 02:39:53.830  6212 11465 W SystemUpdate: 	at acea.l(:com.google.android.gms@232617044@23.26.17 (190400-551657477):6)
08-01 02:39:53.830  6212 11465 W SystemUpdate: 	at ckxl.a(:com.google.android.gms@232617044@23.26.17 (190400-551657477):324)
08-01 02:39:53.830  6212 11465 W SystemUpdate: 	at com.google.android.gms.update.execution.InstallationIntentOperation.onHandleIntent(:com.google.android.gms@232617044@23.26.17 (190400-551657477):120)
08-01 02:39:53.830  6212 11465 W SystemUpdate: 	at com.google.android.chimera.IntentOperation.onHandleIntent(:com.google.android.gms@232617044@23.26.17 (190400-551657477):2)
08-01 02:39:53.830  6212 11465 W SystemUpdate: 	at zvn.onHandleIntent(:com.google.android.gms@232617044@23.26.17 (190400-551657477):10)
08-01 02:39:53.830  6212 11465 W SystemUpdate: 	at hpu.run(:com.google.android.gms@232617044@23.26.17 (190400-551657477):70)
08-01 02:39:53.830  6212 11465 W SystemUpdate: 	at hpt.run(:com.google.android.gms@232617044@23.26.17 (190400-551657477):152)
08-01 02:39:53.830  6212 11465 W SystemUpdate: 	at difl.run(:com.google.android.gms@232617044@23.26.17 (190400-551657477):13)
08-01 02:39:53.830  6212 11465 W SystemUpdate: 	at java.util.concurrent.ThreadPoolExecutor.runWorker(ThreadPoolExecutor.java:1167)
08-01 02:39:53.830  6212 11465 W SystemUpdate: 	at java.util.concurrent.ThreadPoolExecutor$Worker.run(ThreadPoolExecutor.java:641)
08-01 02:39:53.830  6212 11465 W SystemUpdate: 	at java.lang.Thread.run(Thread.java:920)
08-01 02:39:53.853  6212 11465 I SystemUpdate: [Execution,ExecutionManager] Action pending executed for 0.02 seconds.
08-01 02:39:53.857  6212 11465 I SystemUpdate: [Execution,ExecutionManager] Action pre-download-validate executed for 0.00 seconds.
08-01 02:39:53.861  6212 11465 W SystemUpdate: [Execution,ExecutionManager] Unable to create the action. Restart the execution from the scratch.
08-01 02:39:53.861  6212 11465 W SystemUpdate: java.lang.IllegalStateException
08-01 02:39:53.861  6212 11465 W SystemUpdate: 	at acea.l(:com.google.android.gms@232617044@23.26.17 (190400-551657477):6)
08-01 02:39:53.861  6212 11465 W SystemUpdate: 	at ckxl.a(:com.google.android.gms@232617044@23.26.17 (190400-551657477):324)
08-01 02:39:53.861  6212 11465 W SystemUpdate: 	at com.google.android.gms.update.execution.InstallationIntentOperation.onHandleIntent(:com.google.android.gms@232617044@23.26.17 (190400-551657477):120)
08-01 02:39:53.861  6212 11465 W SystemUpdate: 	at com.google.android.chimera.IntentOperation.onHandleIntent(:com.google.android.gms@232617044@23.26.17 (190400-551657477):2)
08-01 02:39:53.861  6212 11465 W SystemUpdate: 	at zvn.onHandleIntent(:com.google.android.gms@232617044@23.26.17 (190400-551657477):10)
08-01 02:39:53.861  6212 11465 W SystemUpdate: 	at hpu.run(:com.google.android.gms@232617044@23.26.17 (190400-551657477):70)
08-01 02:39:53.861  6212 11465 W SystemUpdate: 	at hpt.run(:com.google.android.gms@232617044@23.26.17 (190400-551657477):152)
08-01 02:39:53.861  6212 11465 W SystemUpdate: 	at difl.run(:com.google.android.gms@232617044@23.26.17 (190400-551657477):13)
08-01 02:39:53.861  6212 11465 W SystemUpdate: 	at java.util.concurrent.ThreadPoolExecutor.runWorker(ThreadPoolExecutor.java:1167)
08-01 02:39:53.861  6212 11465 W SystemUpdate: 	at java.util.concurrent.ThreadPoolExecutor$Worker.run(ThreadPoolExecutor.java:641)
08-01 02:39:53.861  6212 11465 W SystemUpdate: 	at java.lang.Thread.run(Thread.java:920)
08-01 02:39:53.884  6212 11465 I SystemUpdate: [Execution,ExecutionManager] Action pending executed for 0.02 seconds.
08-01 02:39:53.887  6212 11465 I SystemUpdate: [Execution,ExecutionManager] Action pre-download-validate executed for 0.00 seconds.
08-01 02:39:53.893  6212 11465 W SystemUpdate: [Execution,ExecutionManager] Unable to create the action. Restart the execution from the scratch.
08-01 02:39:53.893  6212 11465 W SystemUpdate: java.lang.IllegalStateException
08-01 02:39:53.893  6212 11465 W SystemUpdate: 	at acea.l(:com.google.android.gms@232617044@23.26.17 (190400-551657477):6)
08-01 02:39:53.893  6212 11465 W SystemUpdate: 	at ckxl.a(:com.google.android.gms@232617044@23.26.17 (190400-551657477):324)
08-01 02:39:53.893  6212 11465 W SystemUpdate: 	at com.google.android.gms.update.execution.InstallationIntentOperation.onHandleIntent(:com.google.android.gms@232617044@23.26.17 (190400-551657477):120)
08-01 02:39:53.893  6212 11465 W SystemUpdate: 	at com.google.android.chimera.IntentOperation.onHandleIntent(:com.google.android.gms@232617044@23.26.17 (190400-551657477):2)
08-01 02:39:53.893  6212 11465 W SystemUpdate: 	at zvn.onHandleIntent(:com.google.android.gms@232617044@23.26.17 (190400-551657477):10)
08-01 02:39:53.893  6212 11465 W SystemUpdate: 	at hpu.run(:com.google.android.gms@232617044@23.26.17 (190400-551657477):70)
08-01 02:39:53.893  6212 11465 W SystemUpdate: 	at hpt.run(:com.google.android.gms@232617044@23.26.17 (190400-551657477):152)
08-01 02:39:53.893  6212 11465 W SystemUpdate: 	at difl.run(:com.google.android.gms@232617044@23.26.17 (190400-551657477):13)
08-01 02:39:53.893  6212 11465 W SystemUpdate: 	at java.util.concurrent.ThreadPoolExecutor.runWorker(ThreadPoolExecutor.java:1167)
08-01 02:39:53.893  6212 11465 W SystemUpdate: 	at java.util.concurrent.ThreadPoolExecutor$Worker.run(ThreadPoolExecutor.java:641)
08-01 02:39:53.893  6212 11465 W SystemUpdate: 	at java.lang.Thread.run(Thread.java:920)
08-01 02:39:53.918  6212 11465 I SystemUpdate: [Execution,ExecutionManager] Action pending executed for 0.03 seconds.
08-01 02:39:53.924  6212 11465 I SystemUpdate: [Execution,ExecutionManager] Action pre-download-validate executed for 0.00 seconds.
08-01 02:39:53.927  6212 11465 W SystemUpdate: [Execution,ExecutionManager] Unable to create the action. Restart the execution from the scratch.
08-01 02:39:53.927  6212 11465 W SystemUpdate: java.lang.IllegalStateException
08-01 02:39:53.927  6212 11465 W SystemUpdate: 	at acea.l(:com.google.android.gms@232617044@23.26.17 (190400-551657477):6)
08-01 02:39:53.927  6212 11465 W SystemUpdate: 	at ckxl.a(:com.google.android.gms@232617044@23.26.17 (190400-551657477):324)
08-01 02:39:53.927  6212 11465 W SystemUpdate: 	at com.google.android.gms.update.execution.InstallationIntentOperation.onHandleIntent(:com.google.android.gms@232617044@23.26.17 (190400-551657477):120)
08-01 02:39:53.927  6212 11465 W SystemUpdate: 	at com.google.android.chimera.IntentOperation.onHandleIntent(:com.google.android.gms@232617044@23.26.17 (190400-551657477):2)
08-01 02:39:53.927  6212 11465 W SystemUpdate: 	at zvn.onHandleIntent(:com.google.android.gms@232617044@23.26.17 (190400-551657477):10)
08-01 02:39:53.927  6212 11465 W SystemUpdate: 	at hpu.run(:com.google.android.gms@232617044@23.26.17 (190400-551657477):70)
08-01 02:39:53.927  6212 11465 W SystemUpdate: 	at hpt.run(:com.google.android.gms@232617044@23.26.17 (190400-551657477):152)
08-01 02:39:53.927  6212 11465 W SystemUpdate: 	at difl.run(:com.google.android.gms@232617044@23.26.17 (190400-551657477):13)
08-01 02:39:53.927  6212 11465 W SystemUpdate: 	at java.util.concurrent.ThreadPoolExecutor.runWorker(ThreadPoolExecutor.java:1167)
08-01 02:39:53.927  6212 11465 W SystemUpdate: 	at java.util.concurrent.ThreadPoolExecutor$Worker.run(ThreadPoolExecutor.java:641)
08-01 02:39:53.927  6212 11465 W SystemUpdate: 	at java.lang.Thread.run(Thread.java:920)
08-01 02:39:53.950  6212 11465 I SystemUpdate: [Execution,ExecutionManager] Action pending executed for 0.02 seconds.
08-01 02:39:53.954  6212 11465 I SystemUpdate: [Execution,ExecutionManager] Action pre-download-validate executed for 0.00 seconds.
08-01 02:39:53.959  6212 11465 W SystemUpdate: [Execution,ExecutionManager] Unable to create the action. Restart the execution from the scratch.
08-01 02:39:53.959  6212 11465 W SystemUpdate: java.lang.IllegalStateException
08-01 02:39:53.959  6212 11465 W SystemUpdate: 	at acea.l(:com.google.android.gms@232617044@23.26.17 (190400-551657477):6)
08-01 02:39:53.959  6212 11465 W SystemUpdate: 	at ckxl.a(:com.google.android.gms@232617044@23.26.17 (190400-551657477):324)
08-01 02:39:53.959  6212 11465 W SystemUpdate: 	at com.google.android.gms.update.execution.InstallationIntentOperation.onHandleIntent(:com.google.android.gms@232617044@23.26.17 (190400-551657477):120)
08-01 02:39:53.959  6212 11465 W SystemUpdate: 	at com.google.android.chimera.IntentOperation.onHandleIntent(:com.google.android.gms@232617044@23.26.17 (190400-551657477):2)
08-01 02:39:53.959  6212 11465 W SystemUpdate: 	at zvn.onHandleIntent(:com.google.android.gms@232617044@23.26.17 (190400-551657477):10)
08-01 02:39:53.959  6212 11465 W SystemUpdate: 	at hpu.run(:com.google.android.gms@232617044@23.26.17 (190400-551657477):70)
08-01 02:39:53.959  6212 11465 W SystemUpdate: 	at hpt.run(:com.google.android.gms@232617044@23.26.17 (190400-551657477):152)
08-01 02:39:53.959  6212 11465 W SystemUpdate: 	at difl.run(:com.google.android.gms@232617044@23.26.17 (190400-551657477):13)
08-01 02:39:53.959  6212 11465 W SystemUpdate: 	at java.util.concurrent.ThreadPoolExecutor.runWorker(ThreadPoolExecutor.java:1167)
08-01 02:39:53.959  6212 11465 W SystemUpdate: 	at java.util.concurrent.ThreadPoolExecutor$Worker.run(ThreadPoolExecutor.java:641)
08-01 02:39:53.959  6212 11465 W SystemUpdate: 	at java.lang.Thread.run(Thread.java:920)
08-01 02:39:53.986  6212 11465 I SystemUpdate: [Execution,ExecutionManager] Action pending executed for 0.03 seconds.
08-01 02:39:53.992  6212 11465 I SystemUpdate: [Execution,ExecutionManager] Action pre-download-validate executed for 0.00 seconds.
08-01 02:39:53.998  6212 11465 W SystemUpdate: [Execution,ExecutionManager] Unable to create the action. Restart the execution from the scratch.
08-01 02:39:53.998  6212 11465 W SystemUpdate: java.lang.IllegalStateException
08-01 02:39:53.998  6212 11465 W SystemUpdate: 	at acea.l(:com.google.android.gms@232617044@23.26.17 (190400-551657477):6)
08-01 02:39:53.998  6212 11465 W SystemUpdate: 	at ckxl.a(:com.google.android.gms@232617044@23.26.17 (190400-551657477):324)
08-01 02:39:53.998  6212 11465 W SystemUpdate: 	at com.google.android.gms.update.execution.InstallationIntentOperation.onHandleIntent(:com.google.android.gms@232617044@23.26.17 (190400-551657477):120)
08-01 02:39:53.998  6212 11465 W SystemUpdate: 	at com.google.android.chimera.IntentOperation.onHandleIntent(:com.google.android.gms@232617044@23.26.17 (190400-551657477):2)
08-01 02:39:53.998  6212 11465 W SystemUpdate: 	at zvn.onHandleIntent(:com.google.android.gms@232617044@23.26.17 (190400-551657477):10)
08-01 02:39:53.998  6212 11465 W SystemUpdate: 	at hpu.run(:com.google.android.gms@232617044@23.26.17 (190400-551657477):70)
08-01 02:39:53.998  6212 11465 W SystemUpdate: 	at hpt.run(:com.google.android.gms@232617044@23.26.17 (190400-551657477):152)
08-01 02:39:53.998  6212 11465 W SystemUpdate: 	at difl.run(:com.google.android.gms@232617044@23.26.17 (190400-551657477):13)
08-01 02:39:53.998  6212 11465 W SystemUpdate: 	at java.util.concurrent.ThreadPoolExecutor.runWorker(ThreadPoolExecutor.java:1167)
08-01 02:39:53.998  6212 11465 W SystemUpdate: 	at java.util.concurrent.ThreadPoolExecutor$Worker.run(ThreadPoolExecutor.java:641)
08-01 02:39:53.998  6212 11465 W SystemUpdate: 	at java.lang.Thread.run(Thread.java:920)
08-01 02:39:54.019  6212 11465 I SystemUpdate: [Execution,ExecutionManager] Action pending executed for 0.02 seconds.
08-01 02:39:54.023  6212 11465 I SystemUpdate: [Execution,ExecutionManager] Action pre-download-validate executed for 0.00 seconds.
08-01 02:39:54.029  6212 11465 W SystemUpdate: [Execution,ExecutionManager] Unable to create the action. Restart the execution from the scratch.
08-01 02:39:54.029  6212 11465 W SystemUpdate: java.lang.IllegalStateException
08-01 02:39:54.029  6212 11465 W SystemUpdate: 	at acea.l(:com.google.android.gms@232617044@23.26.17 (190400-551657477):6)
08-01 02:39:54.029  6212 11465 W SystemUpdate: 	at ckxl.a(:com.google.android.gms@232617044@23.26.17 (190400-551657477):324)
08-01 02:39:54.029  6212 11465 W SystemUpdate: 	at com.google.android.gms.update.execution.InstallationIntentOperation.onHandleIntent(:com.google.android.gms@232617044@23.26.17 (190400-551657477):120)
08-01 02:39:54.029  6212 11465 W SystemUpdate: 	at com.google.android.chimera.IntentOperation.onHandleIntent(:com.google.android.gms@232617044@23.26.17 (190400-551657477):2)
08-01 02:39:54.029  6212 11465 W SystemUpdate: 	at zvn.onHandleIntent(:com.google.android.gms@232617044@23.26.17 (190400-551657477):10)
08-01 02:39:54.029  6212 11465 W SystemUpdate: 	at hpu.run(:com.google.android.gms@232617044@23.26.17 (190400-551657477):70)
08-01 02:39:54.029  6212 11465 W SystemUpdate: 	at hpt.run(:com.google.android.gms@232617044@23.26.17 (190400-551657477):152)
08-01 02:39:54.029  6212 11465 W SystemUpdate: 	at difl.run(:com.google.android.gms@232617044@23.26.17 (190400-551657477):13)
08-01 02:39:54.029  6212 11465 W SystemUpdate: 	at java.util.concurrent.ThreadPoolExecutor.runWorker(ThreadPoolExecutor.java:1167)
08-01 02:39:54.029  6212 11465 W SystemUpdate: 	at java.util.concurrent.ThreadPoolExecutor$Worker.run(ThreadPoolExecutor.java:641)
08-01 02:39:54.029  6212 11465 W SystemUpdate: 	at java.lang.Thread.run(Thread.java:920)
08-01 02:39:54.054  6212 11465 I SystemUpdate: [Execution,ExecutionManager] Action pending executed for 0.03 seconds.
08-01 02:39:54.059  6212 11465 I SystemUpdate: [Execution,ExecutionManager] Action pre-download-validate executed for 0.00 seconds.
08-01 02:39:54.063  6212 11465 W SystemUpdate: [Execution,ExecutionManager] Unable to create the action. Restart the execution from the scratch.
08-01 02:39:54.063  6212 11465 W SystemUpdate: java.lang.IllegalStateException
08-01 02:39:54.063  6212 11465 W SystemUpdate: 	at acea.l(:com.google.android.gms@232617044@23.26.17 (190400-551657477):6)
08-01 02:39:54.063  6212 11465 W SystemUpdate: 	at ckxl.a(:com.google.android.gms@232617044@23.26.17 (190400-551657477):324)
08-01 02:39:54.063  6212 11465 W SystemUpdate: 	at com.google.android.gms.update.execution.InstallationIntentOperation.onHandleIntent(:com.google.android.gms@232617044@23.26.17 (190400-551657477):120)
08-01 02:39:54.063  6212 11465 W SystemUpdate: 	at com.google.android.chimera.IntentOperation.onHandleIntent(:com.google.android.gms@232617044@23.26.17 (190400-551657477):2)
08-01 02:39:54.063  6212 11465 W SystemUpdate: 	at zvn.onHandleIntent(:com.google.android.gms@232617044@23.26.17 (190400-551657477):10)
08-01 02:39:54.063  6212 11465 W SystemUpdate: 	at hpu.run(:com.google.android.gms@232617044@23.26.17 (190400-551657477):70)
08-01 02:39:54.063  6212 11465 W SystemUpdate: 	at hpt.run(:com.google.android.gms@232617044@23.26.17 (190400-551657477):152)
08-01 02:39:54.063  6212 11465 W SystemUpdate: 	at difl.run(:com.google.android.gms@232617044@23.26.17 (190400-551657477):13)
08-01 02:39:54.063  6212 11465 W SystemUpdate: 	at java.util.concurrent.ThreadPoolExecutor.runWorker(ThreadPoolExecutor.java:1167)
08-01 02:39:54.063  6212 11465 W SystemUpdate: 	at java.util.concurrent.ThreadPoolExecutor$Worker.run(ThreadPoolExecutor.java:641)
08-01 02:39:54.063  6212 11465 W SystemUpdate: 	at java.lang.Thread.run(Thread.java:920)
08-01 02:39:54.091  6212 11465 I SystemUpdate: [Execution,ExecutionManager] Action pending executed for 0.03 seconds.
08-01 02:39:54.096  6212 11465 I SystemUpdate: [Execution,ExecutionManager] Action pre-download-validate executed for 0.00 seconds.
08-01 02:39:54.102  6212 11465 W SystemUpdate: [Execution,ExecutionManager] Unable to create the action. Restart the execution from the scratch.
08-01 02:39:54.102  6212 11465 W SystemUpdate: java.lang.IllegalStateException
08-01 02:39:54.102  6212 11465 W SystemUpdate: 	at acea.l(:com.google.android.gms@232617044@23.26.17 (190400-551657477):6)
08-01 02:39:54.102  6212 11465 W SystemUpdate: 	at ckxl.a(:com.google.android.gms@232617044@23.26.17 (190400-551657477):324)
08-01 02:39:54.102  6212 11465 W SystemUpdate: 	at com.google.android.gms.update.execution.InstallationIntentOperation.onHandleIntent(:com.google.android.gms@232617044@23.26.17 (190400-551657477):120)
08-01 02:39:54.102  6212 11465 W SystemUpdate: 	at com.google.android.chimera.IntentOperation.onHandleIntent(:com.google.android.gms@232617044@23.26.17 (190400-551657477):2)
08-01 02:39:54.102  6212 11465 W SystemUpdate: 	at zvn.onHandleIntent(:com.google.android.gms@232617044@23.26.17 (190400-551657477):10)
08-01 02:39:54.102  6212 11465 W SystemUpdate: 	at hpu.run(:com.google.android.gms@232617044@23.26.17 (190400-551657477):70)
08-01 02:39:54.102  6212 11465 W SystemUpdate: 	at hpt.run(:com.google.android.gms@232617044@23.26.17 (190400-551657477):152)
08-01 02:39:54.102  6212 11465 W SystemUpdate: 	at difl.run(:com.google.android.gms@232617044@23.26.17 (190400-551657477):13)
08-01 02:39:54.102  6212 11465 W SystemUpdate: 	at java.util.concurrent.ThreadPoolExecutor.runWorker(ThreadPoolExecutor.java:1167)
08-01 02:39:54.102  6212 11465 W SystemUpdate: 	at java.util.concurrent.ThreadPoolExecutor$Worker.run(ThreadPoolExecutor.java:641)
08-01 02:39:54.102  6212 11465 W SystemUpdate: 	at java.lang.Thread.run(Thread.java:920)
08-01 02:39:54.129  6212 11465 I SystemUpdate: [Execution,ExecutionManager] Action pending executed for 0.03 seconds.
08-01 02:39:54.134  6212 11465 I SystemUpdate: [Execution,ExecutionManager] Action pre-download-validate executed for 0.00 seconds.
08-01 02:39:54.139  6212 11465 W SystemUpdate: [Execution,ExecutionManager] Unable to create the action. Restart the execution from the scratch.
08-01 02:39:54.139  6212 11465 W SystemUpdate: java.lang.IllegalStateException
08-01 02:39:54.139  6212 11465 W SystemUpdate: 	at acea.l(:com.google.android.gms@232617044@23.26.17 (190400-551657477):6)
08-01 02:39:54.139  6212 11465 W SystemUpdate: 	at ckxl.a(:com.google.android.gms@232617044@23.26.17 (190400-551657477):324)
08-01 02:39:54.139  6212 11465 W SystemUpdate: 	at com.google.android.gms.update.execution.InstallationIntentOperation.onHandleIntent(:com.google.android.gms@232617044@23.26.17 (190400-551657477):120)
08-01 02:39:54.139  6212 11465 W SystemUpdate: 	at com.google.android.chimera.IntentOperation.onHandleIntent(:com.google.android.gms@232617044@23.26.17 (190400-551657477):2)
08-01 02:39:54.139  6212 11465 W SystemUpdate: 	at zvn.onHandleIntent(:com.google.android.gms@232617044@23.26.17 (190400-551657477):10)
08-01 02:39:54.139  6212 11465 W SystemUpdate: 	at hpu.run(:com.google.android.gms@232617044@23.26.17 (190400-551657477):70)
08-01 02:39:54.139  6212 11465 W SystemUpdate: 	at hpt.run(:com.google.android.gms@232617044@23.26.17 (190400-551657477):152)
08-01 02:39:54.139  6212 11465 W SystemUpdate: 	at difl.run(:com.google.android.gms@232617044@23.26.17 (190400-551657477):13)
08-01 02:39:54.139  6212 11465 W SystemUpdate: 	at java.util.concurrent.ThreadPoolExecutor.runWorker(ThreadPoolExecutor.java:1167)
08-01 02:39:54.139  6212 11465 W SystemUpdate: 	at java.util.concurrent.ThreadPoolExecutor$Worker.run(ThreadPoolExecutor.java:641)
08-01 02:39:54.139  6212 11465 W SystemUpdate: 	at java.lang.Thread.run(Thread.java:920)
08-01 02:39:54.165  6212 11465 I SystemUpdate: [Execution,ExecutionManager] Action pending executed for 0.03 seconds.
08-01 02:39:54.171  6212 11465 I SystemUpdate: [Execution,ExecutionManager] Action pre-download-validate executed for 0.00 seconds.
08-01 02:39:54.176  6212 11465 W SystemUpdate: [Execution,ExecutionManager] Unable to create the action. Restart the execution from the scratch.
08-01 02:39:54.176  6212 11465 W SystemUpdate: java.lang.IllegalStateException
08-01 02:39:54.176  6212 11465 W SystemUpdate: 	at acea.l(:com.google.android.gms@232617044@23.26.17 (190400-551657477):6)
08-01 02:39:54.176  6212 11465 W SystemUpdate: 	at ckxl.a(:com.google.android.gms@232617044@23.26.17 (190400-551657477):324)
08-01 02:39:54.176  6212 11465 W SystemUpdate: 	at com.google.android.gms.update.execution.InstallationIntentOperation.onHandleIntent(:com.google.android.gms@232617044@23.26.17 (190400-551657477):120)
08-01 02:39:54.176  6212 11465 W SystemUpdate: 	at com.google.android.chimera.IntentOperation.onHandleIntent(:com.google.android.gms@232617044@23.26.17 (190400-551657477):2)
08-01 02:39:54.176  6212 11465 W SystemUpdate: 	at zvn.onHandleIntent(:com.google.android.gms@232617044@23.26.17 (190400-551657477):10)
08-01 02:39:54.176  6212 11465 W SystemUpdate: 	at hpu.run(:com.google.android.gms@232617044@23.26.17 (190400-551657477):70)
08-01 02:39:54.176  6212 11465 W SystemUpdate: 	at hpt.run(:com.google.android.gms@232617044@23.26.17 (190400-551657477):152)
08-01 02:39:54.176  6212 11465 W SystemUpdate: 	at difl.run(:com.google.android.gms@232617044@23.26.17 (190400-551657477):13)
08-01 02:39:54.176  6212 11465 W SystemUpdate: 	at java.util.concurrent.ThreadPoolExecutor.runWorker(ThreadPoolExecutor.java:1167)
08-01 02:39:54.176  6212 11465 W SystemUpdate: 	at java.util.concurrent.ThreadPoolExecutor$Worker.run(ThreadPoolExecutor.java:641)
08-01 02:39:54.176  6212 11465 W SystemUpdate: 	at java.lang.Thread.run(Thread.java:920)
08-01 02:39:54.206  6212 11465 I SystemUpdate: [Execution,ExecutionManager] Action pending executed for 0.03 seconds.
08-01 02:39:54.211  6212 11465 I SystemUpdate: [Execution,ExecutionManager] Action pre-download-validate executed for 0.00 seconds.
08-01 02:39:54.216  6212 11465 W SystemUpdate: [Execution,ExecutionManager] Unable to create the action. Restart the execution from the scratch.
08-01 02:39:54.216  6212 11465 W SystemUpdate: java.lang.IllegalStateException
08-01 02:39:54.216  6212 11465 W SystemUpdate: 	at acea.l(:com.google.android.gms@232617044@23.26.17 (190400-551657477):6)
08-01 02:39:54.216  6212 11465 W SystemUpdate: 	at ckxl.a(:com.google.android.gms@232617044@23.26.17 (190400-551657477):324)
08-01 02:39:54.216  6212 11465 W SystemUpdate: 	at com.google.android.gms.update.execution.InstallationIntentOperation.onHandleIntent(:com.google.android.gms@232617044@23.26.17 (190400-551657477):120)
08-01 02:39:54.216  6212 11465 W SystemUpdate: 	at com.google.android.chimera.IntentOperation.onHandleIntent(:com.google.android.gms@232617044@23.26.17 (190400-551657477):2)
08-01 02:39:54.216  6212 11465 W SystemUpdate: 	at zvn.onHandleIntent(:com.google.android.gms@232617044@23.26.17 (190400-551657477):10)
08-01 02:39:54.216  6212 11465 W SystemUpdate: 	at hpu.run(:com.google.android.gms@232617044@23.26.17 (190400-551657477):70)
08-01 02:39:54.216  6212 11465 W SystemUpdate: 	at hpt.run(:com.google.android.gms@232617044@23.26.17 (190400-551657477):152)
08-01 02:39:54.216  6212 11465 W SystemUpdate: 	at difl.run(:com.google.android.gms@232617044@23.26.17 (190400-551657477):13)
08-01 02:39:54.216  6212 11465 W SystemUpdate: 	at java.util.concurrent.ThreadPoolExecutor.runWorker(ThreadPoolExecutor.java:1167)
08-01 02:39:54.216  6212 11465 W SystemUpdate: 	at java.util.concurrent.ThreadPoolExecutor$Worker.run(ThreadPoolExecutor.java:641)
08-01 02:39:54.216  6212 11465 W SystemUpdate: 	at java.lang.Thread.run(Thread.java:920)
08-01 02:39:54.225  4584 22700 D resolv  : GetAddrInfoHandler::run: {101 101 101 917605 10149 0}
08-01 02:39:54.226  4584 22700 D resolv  : resolv_getaddrinfo: explore_fqdn(): ai_family=0 ai_socktype=1 ai_protocol=6
08-01 02:39:54.227  4584 22702 D resolv  : doQuery: (1, 1)
08-01 02:39:54.228  4584 22702 D resolv  : res_nmkquery: (QUERY, IN, A)
08-01 02:39:54.228  4584 22701 D resolv  : doQuery: (1, 28)
08-01 02:39:54.228  4584 22702 D resolv  : res_nsend
08-01 02:39:54.228  4584 22701 D resolv  : res_nmkquery: (QUERY, IN, AAAA)
08-01 02:39:54.228  4584 22702 I resolv  : resolv_cache_lookup: lookup
08-01 02:39:54.228  4584 22702 I resolv  : resolv_cache_lookup: NOT IN CACHE
08-01 02:39:54.228  4584 22701 D resolv  : res_nsend
08-01 02:39:54.228  4584 22702 I resolv  : resolv_populate_res_for_net: netid=101
08-01 02:39:54.228  4584 22701 I resolv  : resolv_cache_lookup: lookup
08-01 02:39:54.228  4584 22701 I resolv  : resolv_cache_lookup: NOT IN CACHE
08-01 02:39:54.228  4584 22701 I resolv  : resolv_populate_res_for_net: netid=101
08-01 02:39:54.228  4584 22701 I resolv  : res_stats_usable_server: NS stats: S 64 + E 0 + T 0 + I 0 = 64, rtt = 131, min_samples = 8
08-01 02:39:54.228  4584 22701 I resolv  : res_stats_usable_server: success rate 100
08-01 02:39:54.228  4584 22701 I resolv  : res_stats_usable_server: NS stats: S 3 + E 0 + T 0 + I 0 = 3, rtt = 2492, min_samples = 8
08-01 02:39:54.228  4584 22701 D resolv  : res_nsend: Querying server (# 1) address = [fd30:2b3a:d3a6::1]:53
08-01 02:39:54.228  4584 22701 D resolv  : send_dg: new DG socket
08-01 02:39:54.228  4584 22701 D resolv  : send_dg: send: : Operation not permitted
08-01 02:39:54.229  4584 22701 I resolv  : res_nsend: used send_dg 0 terrno: 1
08-01 02:39:54.229  4584 22701 D resolv  : res_nsend: Querying server (# 2) address = 192.168.1.1:53
08-01 02:39:54.229  4584 22701 D resolv  : send_dg: new DG socket
08-01 02:39:54.229  4584 22701 D resolv  : send_dg: send: : Operation not permitted
08-01 02:39:54.229  4584 22701 I resolv  : res_nsend: used send_dg 0 terrno: 1
08-01 02:39:54.229  4584 22701 D resolv  : res_nsend: Querying server (# 1) address = [fd30:2b3a:d3a6::1]:53
08-01 02:39:54.230  4584 22701 D resolv  : send_dg: new DG socket
08-01 02:39:54.230  4584 22702 I resolv  : res_stats_usable_server: NS stats: S 64 + E 0 + T 0 + I 0 = 64, rtt = 131, min_samples = 8
08-01 02:39:54.230  4584 22702 I resolv  : res_stats_usable_server: success rate 100
08-01 02:39:54.230  4584 22702 I resolv  : res_stats_usable_server: NS stats: S 3 + E 0 + T 0 + I 0 = 3, rtt = 2492, min_samples = 8
08-01 02:39:54.230  4584 22701 D resolv  : send_dg: send: : Operation not permitted
08-01 02:39:54.230  4584 22702 D resolv  : res_nsend: Querying server (# 1) address = [fd30:2b3a:d3a6::1]:53
08-01 02:39:54.230  4584 22701 I resolv  : res_nsend: used send_dg 0 terrno: 1
08-01 02:39:54.230  4584 22701 D resolv  : res_nsend: Querying server (# 2) address = 192.168.1.1:53
08-01 02:39:54.230  4584 22702 D resolv  : send_dg: new DG socket
08-01 02:39:54.230  4584 22702 D resolv  : send_dg: send: : Operation not permitted
08-01 02:39:54.230  4584 22702 I resolv  : res_nsend: used send_dg 0 terrno: 1
08-01 02:39:54.230  4584 22702 D resolv  : res_nsend: Querying server (# 2) address = 192.168.1.1:53
08-01 02:39:54.231  4584 22701 D resolv  : send_dg: new DG socket
08-01 02:39:54.231  4584 22701 D resolv  : send_dg: send: : Operation not permitted
08-01 02:39:54.231  4584 22701 I resolv  : res_nsend: used send_dg 0 terrno: 1
08-01 02:39:54.231  4584 22701 D resolv  : doQuery: rcode=0, ancount=0
08-01 02:39:54.231  4584 22702 D resolv  : send_dg: new DG socket
08-01 02:39:54.231  4584 22702 D resolv  : send_dg: send: : Operation not permitted
08-01 02:39:54.231  4584 22702 I resolv  : res_nsend: used send_dg 0 terrno: 1
08-01 02:39:54.231  4584 22702 D resolv  : res_nsend: Querying server (# 1) address = [fd30:2b3a:d3a6::1]:53
08-01 02:39:54.232  4584 22702 D resolv  : send_dg: new DG socket
08-01 02:39:54.232  4584 22702 D resolv  : send_dg: send: : Operation not permitted
08-01 02:39:54.232  4584 22702 I resolv  : res_nsend: used send_dg 0 terrno: 1
08-01 02:39:54.232  4584 22702 D resolv  : res_nsend: Querying server (# 2) address = 192.168.1.1:53
08-01 02:39:54.232  4584 22702 D resolv  : send_dg: new DG socket
08-01 02:39:54.232  4584 22702 D resolv  : send_dg: send: : Operation not permitted
08-01 02:39:54.232  4584 22702 I resolv  : res_nsend: used send_dg 0 terrno: 1
08-01 02:39:54.232  4584 22702 D resolv  : doQuery: rcode=0, ancount=0
08-01 02:39:54.233  4584 22700 I resolv  : resolv_populate_res_for_net: netid=101
08-01 02:39:54.233  4584 22704 D resolv  : doQuery: (1, 1)
08-01 02:39:54.233  4584 22704 D resolv  : res_nmkquery: (QUERY, IN, A)
08-01 02:39:54.233  4584 22704 D resolv  : res_nsend
08-01 02:39:54.233  4584 22704 I resolv  : resolv_cache_lookup: lookup
08-01 02:39:54.233  4584 22704 I resolv  : resolv_cache_lookup: NOT IN CACHE
08-01 02:39:54.233  4584 22703 D resolv  : doQuery: (1, 28)
08-01 02:39:54.233  4584 22704 I resolv  : resolv_populate_res_for_net: netid=101
08-01 02:39:54.233  4584 22703 D resolv  : res_nmkquery: (QUERY, IN, AAAA)
08-01 02:39:54.233  4584 22703 D resolv  : res_nsend
08-01 02:39:54.233  4584 22703 I resolv  : resolv_cache_lookup: lookup
08-01 02:39:54.233  4584 22703 I resolv  : resolv_cache_lookup: NOT IN CACHE
08-01 02:39:54.233  4584 22703 I resolv  : resolv_populate_res_for_net: netid=101
08-01 02:39:54.233  4584 22703 I resolv  : res_stats_usable_server: NS stats: S 64 + E 0 + T 0 + I 0 = 64, rtt = 131, min_samples = 8
08-01 02:39:54.233  4584 22703 I resolv  : res_stats_usable_server: success rate 100
08-01 02:39:54.233  4584 22703 I resolv  : res_stats_usable_server: NS stats: S 3 + E 0 + T 0 + I 0 = 3, rtt = 2492, min_samples = 8
08-01 02:39:54.233  4584 22703 D resolv  : res_nsend: Querying server (# 1) address = [fd30:2b3a:d3a6::1]:53
08-01 02:39:54.234  4584 22703 D resolv  : send_dg: new DG socket
08-01 02:39:54.234  4584 22703 D resolv  : send_dg: send: : Operation not permitted
08-01 02:39:54.234  4584 22703 I resolv  : res_nsend: used send_dg 0 terrno: 1
08-01 02:39:54.234  4584 22703 D resolv  : res_nsend: Querying server (# 2) address = 192.168.1.1:53
08-01 02:39:54.235  4584 22703 D resolv  : send_dg: new DG socket
08-01 02:39:54.235  4584 22703 D resolv  : send_dg: send: : Operation not permitted
08-01 02:39:54.235  4584 22704 I resolv  : res_stats_usable_server: NS stats: S 64 + E 0 + T 0 + I 0 = 64, rtt = 131, min_samples = 8
08-01 02:39:54.235  4584 22704 I resolv  : res_stats_usable_server: success rate 100
08-01 02:39:54.235  4584 22703 I resolv  : res_nsend: used send_dg 0 terrno: 1
08-01 02:39:54.235  4584 22704 I resolv  : res_stats_usable_server: NS stats: S 3 + E 0 + T 0 + I 0 = 3, rtt = 2492, min_samples = 8
08-01 02:39:54.235  4584 22704 D resolv  : res_nsend: Querying server (# 1) address = [fd30:2b3a:d3a6::1]:53
08-01 02:39:54.235  4584 22703 D resolv  : res_nsend: Querying server (# 1) address = [fd30:2b3a:d3a6::1]:53
08-01 02:39:54.235  4584 22704 D resolv  : send_dg: new DG socket
08-01 02:39:54.235  4584 22704 D resolv  : send_dg: send: : Operation not permitted
08-01 02:39:54.235  4584 22704 I resolv  : res_nsend: used send_dg 0 terrno: 1
08-01 02:39:54.236  4584 22704 D resolv  : res_nsend: Querying server (# 2) address = 192.168.1.1:53
08-01 02:39:54.236  4584 22703 D resolv  : send_dg: new DG socket
08-01 02:39:54.236  4584 22703 D resolv  : send_dg: send: : Operation not permitted
08-01 02:39:54.236  4584 22703 I resolv  : res_nsend: used send_dg 0 terrno: 1
08-01 02:39:54.236  4584 22703 D resolv  : res_nsend: Querying server (# 2) address = 192.168.1.1:53
08-01 02:39:54.236  4584 22704 D resolv  : send_dg: new DG socket
08-01 02:39:54.236  4584 22704 D resolv  : send_dg: send: : Operation not permitted
08-01 02:39:54.236  4584 22703 D resolv  : send_dg: new DG socket
08-01 02:39:54.236  4584 22703 D resolv  : send_dg: send: : Operation not permitted
08-01 02:39:54.237  4584 22703 I resolv  : res_nsend: used send_dg 0 terrno: 1
08-01 02:39:54.237  4584 22703 D resolv  : doQuery: rcode=0, ancount=0
08-01 02:39:54.237  4584 22704 I resolv  : res_nsend: used send_dg 0 terrno: 1
08-01 02:39:54.237  4584 22704 D resolv  : res_nsend: Querying server (# 1) address = [fd30:2b3a:d3a6::1]:53
08-01 02:39:54.237  4584 22704 D resolv  : send_dg: new DG socket
08-01 02:39:54.237  4584 22704 D resolv  : send_dg: send: : Operation not permitted
08-01 02:39:54.237  4584 22704 I resolv  : res_nsend: used send_dg 0 terrno: 1
08-01 02:39:54.237  4584 22704 D resolv  : res_nsend: Querying server (# 2) address = 192.168.1.1:53
08-01 02:39:54.238  4584 22704 D resolv  : send_dg: new DG socket
08-01 02:39:54.238  4584 22704 D resolv  : send_dg: send: : Operation not permitted
08-01 02:39:54.238  4584 22704 I resolv  : res_nsend: used send_dg 0 terrno: 1
08-01 02:39:54.238  4584 22704 D resolv  : doQuery: rcode=0, ancount=0
08-01 02:39:54.243  6212 11465 I SystemUpdate: [Execution,ExecutionManager] Action pending executed for 0.03 seconds.
08-01 02:39:54.247  6212 11465 I SystemUpdate: [Execution,ExecutionManager] Action pre-download-validate executed for 0.00 seconds.
08-01 02:39:54.251  6212 11465 W SystemUpdate: [Execution,ExecutionManager] Unable to create the action. Restart the execution from the scratch.
08-01 02:39:54.251  6212 11465 W SystemUpdate: java.lang.IllegalStateException
08-01 02:39:54.251  6212 11465 W SystemUpdate: 	at acea.l(:com.google.android.gms@232617044@23.26.17 (190400-551657477):6)
08-01 02:39:54.251  6212 11465 W SystemUpdate: 	at ckxl.a(:com.google.android.gms@232617044@23.26.17 (190400-551657477):324)
08-01 02:39:54.251  6212 11465 W SystemUpdate: 	at com.google.android.gms.update.execution.InstallationIntentOperation.onHandleIntent(:com.google.android.gms@232617044@23.26.17 (190400-551657477):120)
08-01 02:39:54.251  6212 11465 W SystemUpdate: 	at com.google.android.chimera.IntentOperation.onHandleIntent(:com.google.android.gms@232617044@23.26.17 (190400-551657477):2)
08-01 02:39:54.251  6212 11465 W SystemUpdate: 	at zvn.onHandleIntent(:com.google.android.gms@232617044@23.26.17 (190400-551657477):10)
08-01 02:39:54.251  6212 11465 W SystemUpdate: 	at hpu.run(:com.google.android.gms@232617044@23.26.17 (190400-551657477):70)
08-01 02:39:54.251  6212 11465 W SystemUpdate: 	at hpt.run(:com.google.android.gms@232617044@23.26.17 (190400-551657477):152)
08-01 02:39:54.251  6212 11465 W SystemUpdate: 	at difl.run(:com.google.android.gms@232617044@23.26.17 (190400-551657477):13)
08-01 02:39:54.251  6212 11465 W SystemUpdate: 	at java.util.concurrent.ThreadPoolExecutor.runWorker(ThreadPoolExecutor.java:1167)
08-01 02:39:54.251  6212 11465 W SystemUpdate: 	at java.util.concurrent.ThreadPoolExecutor$Worker.run(ThreadPoolExecutor.java:641)
08-01 02:39:54.251  6212 11465 W SystemUpdate: 	at java.lang.Thread.run(Thread.java:920)
08-01 02:39:54.274  6212 11465 I SystemUpdate: [Execution,ExecutionManager] Action pending executed for 0.02 seconds.
08-01 02:39:54.278  6212 11465 I SystemUpdate: [Execution,ExecutionManager] Action pre-download-validate executed for 0.00 seconds.
08-01 02:39:54.282  6212 11465 W SystemUpdate: [Execution,ExecutionManager] Unable to create the action. Restart the execution from the scratch.
08-01 02:39:54.282  6212 11465 W SystemUpdate: java.lang.IllegalStateException
08-01 02:39:54.282  6212 11465 W SystemUpdate: 	at acea.l(:com.google.android.gms@232617044@23.26.17 (190400-551657477):6)
08-01 02:39:54.282  6212 11465 W SystemUpdate: 	at ckxl.a(:com.google.android.gms@232617044@23.26.17 (190400-551657477):324)
08-01 02:39:54.282  6212 11465 W SystemUpdate: 	at com.google.android.gms.update.execution.InstallationIntentOperation.onHandleIntent(:com.google.android.gms@232617044@23.26.17 (190400-551657477):120)
08-01 02:39:54.282  6212 11465 W SystemUpdate: 	at com.google.android.chimera.IntentOperation.onHandleIntent(:com.google.android.gms@232617044@23.26.17 (190400-551657477):2)
08-01 02:39:54.282  6212 11465 W SystemUpdate: 	at zvn.onHandleIntent(:com.google.android.gms@232617044@23.26.17 (190400-551657477):10)
08-01 02:39:54.282  6212 11465 W SystemUpdate: 	at hpu.run(:com.google.android.gms@232617044@23.26.17 (190400-551657477):70)
08-01 02:39:54.282  6212 11465 W SystemUpdate: 	at hpt.run(:com.google.android.gms@232617044@23.26.17 (190400-551657477):152)
08-01 02:39:54.282  6212 11465 W SystemUpdate: 	at difl.run(:com.google.android.gms@232617044@23.26.17 (190400-551657477):13)
08-01 02:39:54.282  6212 11465 W SystemUpdate: 	at java.util.concurrent.ThreadPoolExecutor.runWorker(ThreadPoolExecutor.java:1167)
08-01 02:39:54.282  6212 11465 W SystemUpdate: 	at java.util.concurrent.ThreadPoolExecutor$Worker.run(ThreadPoolExecutor.java:641)
08-01 02:39:54.282  6212 11465 W SystemUpdate: 	at java.lang.Thread.run(Thread.java:920)
08-01 02:39:54.310  6212 11465 I SystemUpdate: [Execution,ExecutionManager] Action pending executed for 0.03 seconds.
08-01 02:39:54.315  6212 11465 I SystemUpdate: [Execution,ExecutionManager] Action pre-download-validate executed for 0.00 seconds.
08-01 02:39:54.320  6212 11465 W SystemUpdate: [Execution,ExecutionManager] Unable to create the action. Restart the execution from the scratch.
08-01 02:39:54.320  6212 11465 W SystemUpdate: java.lang.IllegalStateException
08-01 02:39:54.320  6212 11465 W SystemUpdate: 	at acea.l(:com.google.android.gms@232617044@23.26.17 (190400-551657477):6)
08-01 02:39:54.320  6212 11465 W SystemUpdate: 	at ckxl.a(:com.google.android.gms@232617044@23.26.17 (190400-551657477):324)
08-01 02:39:54.320  6212 11465 W SystemUpdate: 	at com.google.android.gms.update.execution.InstallationIntentOperation.onHandleIntent(:com.google.android.gms@232617044@23.26.17 (190400-551657477):120)
08-01 02:39:54.320  6212 11465 W SystemUpdate: 	at com.google.android.chimera.IntentOperation.onHandleIntent(:com.google.android.gms@232617044@23.26.17 (190400-551657477):2)
