08-01 02:39:50.011  4974  7023 W WindowManager: Failed looking up window session=Session{fa31920 22317:u0a10270} callers=com.android.server.wm.WindowManagerService.pokeDrawLock:2198 com.android.server.wm.Session.pokeDrawLock:595 android.view.IWindowSession$Stub.onTransact:1076 
08-01 02:39:50.015  4974  7023 W WindowManager: Failed looking up window session=Session{fa31920 22317:u0a10270} callers=com.android.server.wm.WindowManagerService.windowForClientLocked:5610 com.android.server.wm.Session.insetsModified:629 android.view.IWindowSession$Stub.onTransact:1151 
08-01 02:39:50.018  6212 11465 W SystemUpdate: [Execution,ExecutionManager] Unable to create the action. Restart the execution from the scratch.
08-01 02:39:50.018  6212 11465 W SystemUpdate: java.lang.IllegalStateException
08-01 02:39:50.018  6212 11465 W SystemUpdate: 	at acea.l(:com.google.android.gms@232617044@23.26.17 (190400-551657477):6)
08-01 02:39:50.018  6212 11465 W SystemUpdate: 	at ckxl.a(:com.google.android.gms@232617044@23.26.17 (190400-551657477):324)
08-01 02:39:50.018  6212 11465 W SystemUpdate: 	at com.google.android.gms.update.execution.InstallationIntentOperation.onHandleIntent(:com.google.android.gms@232617044@23.26.17 (190400-551657477):120)
08-01 02:39:50.018  6212 11465 W SystemUpdate: 	at com.google.android.chimera.IntentOperation.onHandleIntent(:com.google.android.gms@232617044@23.26.17 (190400-551657477):2)
08-01 02:39:50.018  6212 11465 W SystemUpdate: 	at zvn.onHandleIntent(:com.google.android.gms@232617044@23.26.17 (190400-551657477):10)
08-01 02:39:50.018  6212 11465 W SystemUpdate: 	at hpu.run(:com.google.android.gms@232617044@23.26.17 (190400-551657477):70)
08-01 02:39:50.018  6212 11465 W SystemUpdate: 	at hpt.run(:com.google.android.gms@232617044@23.26.17 (190400-551657477):152)
08-01 02:39:50.018  6212 11465 W SystemUpdate: 	at difl.run(:com.google.android.gms@232617044@23.26.17 (190400-551657477):13)
08-01 02:39:50.018  6212 11465 W SystemUpdate: 	at java.util.concurrent.ThreadPoolExecutor.runWorker(ThreadPoolExecutor.java:1167)
08-01 02:39:50.018  6212 11465 W SystemUpdate: 	at java.util.concurrent.ThreadPoolExecutor$Worker.run(ThreadPoolExecutor.java:641)
08-01 02:39:50.018  6212 11465 W SystemUpdate: 	at java.lang.Thread.run(Thread.java:920)
08-01 02:39:50.034 22317 22317 D UE      : [GameActivity] onPause: stop memory reporter runnable
08-01 02:39:50.035 22317 22637 D UE      : Case APP_CMD_PAUSE
08-01 02:39:50.035 22317 22317 D UE      : [GameActivity] ==============> GameActive.onPause complete!
08-01 02:39:50.035 22317 22637 D UE      : LogAndroidEvents::EnqueueAppEvent : 10, [width=-1, height=-1], tid = 22637, APP_EVENT_STATE_WINDOW_LOST_FOCUS
08-01 02:39:50.035 22317 22637 D UE      : LogAndroidEvents::EnqueueAppEvent : 6, [width=-1, height=-1], tid = 22637, APP_EVENT_STATE_ON_PAUSE
08-01 02:39:50.041 22317 22317 D UE      : [GameActivity] ==============> GameActive.onTrimMemory(TRIM_MEMORY_UI_HIDDEN) called!
08-01 02:39:50.055  6212 11465 I SystemUpdate: [Execution,ExecutionManager] Action pending executed for 0.04 seconds.
08-01 02:39:50.063  6212 11465 I SystemUpdate: [Execution,ExecutionManager] Action pre-download-validate executed for 0.00 seconds.
08-01 02:39:50.069  6212 11465 W SystemUpdate: [Execution,ExecutionManager] Unable to create the action. Restart the execution from the scratch.
08-01 02:39:50.069  6212 11465 W SystemUpdate: java.lang.IllegalStateException
08-01 02:39:50.069  6212 11465 W SystemUpdate: 	at acea.l(:com.google.android.gms@232617044@23.26.17 (190400-551657477):6)
08-01 02:39:50.069  6212 11465 W SystemUpdate: 	at ckxl.a(:com.google.android.gms@232617044@23.26.17 (190400-551657477):324)
08-01 02:39:50.069  6212 11465 W SystemUpdate: 	at com.google.android.gms.update.execution.InstallationIntentOperation.onHandleIntent(:com.google.android.gms@232617044@23.26.17 (190400-551657477):120)
08-01 02:39:50.069  6212 11465 W SystemUpdate: 	at com.google.android.chimera.IntentOperation.onHandleIntent(:com.google.android.gms@232617044@23.26.17 (190400-551657477):2)
08-01 02:39:50.069  6212 11465 W SystemUpdate: 	at zvn.onHandleIntent(:com.google.android.gms@232617044@23.26.17 (190400-551657477):10)
08-01 02:39:50.069  6212 11465 W SystemUpdate: 	at hpu.run(:com.google.android.gms@232617044@23.26.17 (190400-551657477):70)
08-01 02:39:50.069  6212 11465 W SystemUpdate: 	at hpt.run(:com.google.android.gms@232617044@23.26.17 (190400-551657477):152)
08-01 02:39:50.069  6212 11465 W SystemUpdate: 	at difl.run(:com.google.android.gms@232617044@23.26.17 (190400-551657477):13)
08-01 02:39:50.069  6212 11465 W SystemUpdate: 	at java.util.concurrent.ThreadPoolExecutor.runWorker(ThreadPoolExecutor.java:1167)
08-01 02:39:50.069  6212 11465 W SystemUpdate: 	at java.util.concurrent.ThreadPoolExecutor$Worker.run(ThreadPoolExecutor.java:641)
08-01 02:39:50.069  6212 11465 W SystemUpdate: 	at java.lang.Thread.run(Thread.java:920)
08-01 02:39:50.090  4603  4697 I display : getColorModes:: is not supported
08-01 02:39:50.090  4603  4697 I display : getColorModes:: is not supported
08-01 02:39:50.090  4653  5188 E HWComposer: getSupportedContentTypes: getSupportedContentTypes failed for display 0: Unsupported (8)
08-01 02:39:50.092 22317 22366 D hw-ProcessState: Binder ioctl to enable oneway spam detection failed: Invalid argument
08-01 02:39:50.093 22317 22366 D mali_winsys: EGLint new_window_surface(egl_winsys_display *, void *, EGLSurface, EGLConfig, egl_winsys_surface **, EGLBoolean) returns 0x3000
08-01 02:39:50.096  4429  4429 I hwservicemanager: getTransport: Cannot find entry android.hardware.graphics.mapper@4.0::IMapper/default in either framework or device VINTF manifest.
08-01 02:39:50.096 22317 22651 I Gralloc4: mapper 4.x is not supported
08-01 02:39:50.097  4429  4429 I hwservicemanager: getTransport: Cannot find entry android.hardware.graphics.mapper@3.0::IMapper/default in either framework or device VINTF manifest.
08-01 02:39:50.097 22317 22651 W Gralloc3: mapper 3.x is not supported
08-01 02:39:50.102 22317 22651 I gralloc : Arm Module v1.0
08-01 02:39:50.103  6212 11465 I SystemUpdate: [Execution,ExecutionManager] Action pending executed for 0.04 seconds.
08-01 02:39:50.105  4429  4429 I hwservicemanager: getTransport: Cannot find entry android.hardware.graphics.allocator@4.0::IAllocator/default in either framework or device VINTF manifest.
08-01 02:39:50.105 22317 22651 W Gralloc4: allocator 4.x is not supported
08-01 02:39:50.106  4429  4429 I hwservicemanager: getTransport: Cannot find entry android.hardware.graphics.allocator@3.0::IAllocator/default in either framework or device VINTF manifest.
08-01 02:39:50.106 22317 22651 W Gralloc3: allocator 3.x is not supported
08-01 02:39:50.109  6212 11465 I SystemUpdate: [Execution,ExecutionManager] Action pre-download-validate executed for 0.00 seconds.
08-01 02:39:50.110 22317 22651 I Gralloc2: Adding additional valid usage bits: 0x0
08-01 02:39:50.116  6212 11465 W SystemUpdate: [Execution,ExecutionManager] Unable to create the action. Restart the execution from the scratch.
08-01 02:39:50.116  6212 11465 W SystemUpdate: java.lang.IllegalStateException
08-01 02:39:50.116  6212 11465 W SystemUpdate: 	at acea.l(:com.google.android.gms@232617044@23.26.17 (190400-551657477):6)
08-01 02:39:50.116  6212 11465 W SystemUpdate: 	at ckxl.a(:com.google.android.gms@232617044@23.26.17 (190400-551657477):324)
08-01 02:39:50.116  6212 11465 W SystemUpdate: 	at com.google.android.gms.update.execution.InstallationIntentOperation.onHandleIntent(:com.google.android.gms@232617044@23.26.17 (190400-551657477):120)
08-01 02:39:50.116  6212 11465 W SystemUpdate: 	at com.google.android.chimera.IntentOperation.onHandleIntent(:com.google.android.gms@232617044@23.26.17 (190400-551657477):2)
08-01 02:39:50.116  6212 11465 W SystemUpdate: 	at zvn.onHandleIntent(:com.google.android.gms@232617044@23.26.17 (190400-551657477):10)
08-01 02:39:50.116  6212 11465 W SystemUpdate: 	at hpu.run(:com.google.android.gms@232617044@23.26.17 (190400-551657477):70)
08-01 02:39:50.116  6212 11465 W SystemUpdate: 	at hpt.run(:com.google.android.gms@232617044@23.26.17 (190400-551657477):152)
08-01 02:39:50.116  6212 11465 W SystemUpdate: 	at difl.run(:com.google.android.gms@232617044@23.26.17 (190400-551657477):13)
08-01 02:39:50.116  6212 11465 W SystemUpdate: 	at java.util.concurrent.ThreadPoolExecutor.runWorker(ThreadPoolExecutor.java:1167)
08-01 02:39:50.116  6212 11465 W SystemUpdate: 	at java.util.concurrent.ThreadPoolExecutor$Worker.run(ThreadPoolExecutor.java:641)
08-01 02:39:50.116  6212 11465 W SystemUpdate: 	at java.lang.Thread.run(Thread.java:920)
08-01 02:39:50.148  6212 11465 I SystemUpdate: [Execution,ExecutionManager] Action pending executed for 0.03 seconds.
08-01 02:39:50.154  6212 11465 I SystemUpdate: [Execution,ExecutionManager] Action pre-download-validate executed for 0.00 seconds.
08-01 02:39:50.161  6212 11465 W SystemUpdate: [Execution,ExecutionManager] Unable to create the action. Restart the execution from the scratch.
08-01 02:39:50.161  6212 11465 W SystemUpdate: java.lang.IllegalStateException
08-01 02:39:50.161  6212 11465 W SystemUpdate: 	at acea.l(:com.google.android.gms@232617044@23.26.17 (190400-551657477):6)
08-01 02:39:50.161  6212 11465 W SystemUpdate: 	at ckxl.a(:com.google.android.gms@232617044@23.26.17 (190400-551657477):324)
08-01 02:39:50.161  6212 11465 W SystemUpdate: 	at com.google.android.gms.update.execution.InstallationIntentOperation.onHandleIntent(:com.google.android.gms@232617044@23.26.17 (190400-551657477):120)
08-01 02:39:50.161  6212 11465 W SystemUpdate: 	at com.google.android.chimera.IntentOperation.onHandleIntent(:com.google.android.gms@232617044@23.26.17 (190400-551657477):2)
08-01 02:39:50.161  6212 11465 W SystemUpdate: 	at zvn.onHandleIntent(:com.google.android.gms@232617044@23.26.17 (190400-551657477):10)
08-01 02:39:50.161  6212 11465 W SystemUpdate: 	at hpu.run(:com.google.android.gms@232617044@23.26.17 (190400-551657477):70)
08-01 02:39:50.161  6212 11465 W SystemUpdate: 	at hpt.run(:com.google.android.gms@232617044@23.26.17 (190400-551657477):152)
08-01 02:39:50.161  6212 11465 W SystemUpdate: 	at difl.run(:com.google.android.gms@232617044@23.26.17 (190400-551657477):13)
08-01 02:39:50.161  6212 11465 W SystemUpdate: 	at java.util.concurrent.ThreadPoolExecutor.runWorker(ThreadPoolExecutor.java:1167)
08-01 02:39:50.161  6212 11465 W SystemUpdate: 	at java.util.concurrent.ThreadPoolExecutor$Worker.run(ThreadPoolExecutor.java:641)
08-01 02:39:50.161  6212 11465 W SystemUpdate: 	at java.lang.Thread.run(Thread.java:920)
08-01 02:39:50.162  4584 22654 D resolv  : GetAddrInfoHandler::run: {101 101 101 917605 10149 0}
08-01 02:39:50.162  4584 22654 D resolv  : resolv_getaddrinfo: explore_fqdn(): ai_family=0 ai_socktype=1 ai_protocol=6
08-01 02:39:50.163  4584 22657 D resolv  : doQuery: (1, 1)
08-01 02:39:50.163  4584 22656 D resolv  : doQuery: (1, 28)
08-01 02:39:50.164  4584 22657 D resolv  : res_nmkquery: (QUERY, IN, A)
08-01 02:39:50.164  4584 22656 D resolv  : res_nmkquery: (QUERY, IN, AAAA)
08-01 02:39:50.164  4584 22657 D resolv  : res_nsend
08-01 02:39:50.164  4584 22657 I resolv  : resolv_cache_lookup: lookup
08-01 02:39:50.164  4584 22656 D resolv  : res_nsend
08-01 02:39:50.164  4584 22657 I resolv  : resolv_cache_lookup: NOT IN CACHE
08-01 02:39:50.164  4584 22656 I resolv  : resolv_cache_lookup: lookup
08-01 02:39:50.164  4584 22657 I resolv  : resolv_populate_res_for_net: netid=101
08-01 02:39:50.164  4584 22656 I resolv  : resolv_cache_lookup: NOT IN CACHE
08-01 02:39:50.164  4584 22656 I resolv  : resolv_populate_res_for_net: netid=101
08-01 02:39:50.164  4584 22656 I resolv  : res_stats_usable_server: NS stats: S 64 + E 0 + T 0 + I 0 = 64, rtt = 131, min_samples = 8
08-01 02:39:50.164  4584 22656 I resolv  : res_stats_usable_server: success rate 100
08-01 02:39:50.164  4584 22656 I resolv  : res_stats_usable_server: NS stats: S 3 + E 0 + T 0 + I 0 = 3, rtt = 2492, min_samples = 8
08-01 02:39:50.164  4584 22656 D resolv  : res_nsend: Querying server (# 1) address = [fd30:2b3a:d3a6::1]:53
08-01 02:39:50.165  4584 22656 D resolv  : send_dg: new DG socket
08-01 02:39:50.165  4584 22656 D resolv  : send_dg: send: : Operation not permitted
08-01 02:39:50.165  4584 22656 I resolv  : res_nsend: used send_dg 0 terrno: 1
08-01 02:39:50.165  4584 22656 D resolv  : res_nsend: Querying server (# 2) address = 192.168.1.1:53
08-01 02:39:50.166  4584 22656 D resolv  : send_dg: new DG socket
08-01 02:39:50.166  4584 22656 D resolv  : send_dg: send: : Operation not permitted
08-01 02:39:50.166  4584 22657 I resolv  : res_stats_usable_server: NS stats: S 64 + E 0 + T 0 + I 0 = 64, rtt = 131, min_samples = 8
08-01 02:39:50.166  4584 22657 I resolv  : res_stats_usable_server: success rate 100
08-01 02:39:50.166  4584 22657 I resolv  : res_stats_usable_server: NS stats: S 3 + E 0 + T 0 + I 0 = 3, rtt = 2492, min_samples = 8
08-01 02:39:50.166  4584 22656 I resolv  : res_nsend: used send_dg 0 terrno: 1
08-01 02:39:50.166  4584 22657 D resolv  : res_nsend: Querying server (# 1) address = [fd30:2b3a:d3a6::1]:53
08-01 02:39:50.166  4584 22656 D resolv  : res_nsend: Querying server (# 1) address = [fd30:2b3a:d3a6::1]:53
08-01 02:39:50.167  4584 22656 D resolv  : send_dg: new DG socket
08-01 02:39:50.167  4584 22656 D resolv  : send_dg: send: : Operation not permitted
08-01 02:39:50.167  4584 22656 I resolv  : res_nsend: used send_dg 0 terrno: 1
08-01 02:39:50.167  4584 22656 D resolv  : res_nsend: Querying server (# 2) address = 192.168.1.1:53
08-01 02:39:50.167  4584 22657 D resolv  : send_dg: new DG socket
08-01 02:39:50.167  4584 22657 D resolv  : send_dg: send: : Operation not permitted
08-01 02:39:50.167  4584 22657 I resolv  : res_nsend: used send_dg 0 terrno: 1
08-01 02:39:50.167  4584 22657 D resolv  : res_nsend: Querying server (# 2) address = 192.168.1.1:53
08-01 02:39:50.168  4584 22656 D resolv  : send_dg: new DG socket
08-01 02:39:50.168  4584 22656 D resolv  : send_dg: send: : Operation not permitted
08-01 02:39:50.168  4584 22656 I resolv  : res_nsend: used send_dg 0 terrno: 1
08-01 02:39:50.168  4584 22656 D resolv  : doQuery: rcode=0, ancount=0
08-01 02:39:50.169  4584 22657 D resolv  : send_dg: new DG socket
08-01 02:39:50.169  4584 22657 D resolv  : send_dg: send: : Operation not permitted
08-01 02:39:50.169  4584 22657 I resolv  : res_nsend: used send_dg 0 terrno: 1
08-01 02:39:50.169  4584 22657 D resolv  : res_nsend: Querying server (# 1) address = [fd30:2b3a:d3a6::1]:53
08-01 02:39:50.169  4584 22657 D resolv  : send_dg: new DG socket
08-01 02:39:50.169  4584 22657 D resolv  : send_dg: send: : Operation not permitted
08-01 02:39:50.170  4584 22657 I resolv  : res_nsend: used send_dg 0 terrno: 1
08-01 02:39:50.170  4584 22657 D resolv  : res_nsend: Querying server (# 2) address = 192.168.1.1:53
08-01 02:39:50.170  4584 22657 D resolv  : send_dg: new DG socket
08-01 02:39:50.170  4584 22657 D resolv  : send_dg: send: : Operation not permitted
08-01 02:39:50.170  4584 22657 I resolv  : res_nsend: used send_dg 0 terrno: 1
08-01 02:39:50.170  4584 22657 D resolv  : doQuery: rcode=0, ancount=0
08-01 02:39:50.170  4584 22654 I resolv  : resolv_populate_res_for_net: netid=101
08-01 02:39:50.171  4584 22659 D resolv  : doQuery: (1, 28)
08-01 02:39:50.171  4584 22660 D resolv  : doQuery: (1, 1)
08-01 02:39:50.171  4584 22660 D resolv  : res_nmkquery: (QUERY, IN, A)
08-01 02:39:50.171  4584 22660 D resolv  : res_nsend
08-01 02:39:50.171  4584 22660 I resolv  : resolv_cache_lookup: lookup
08-01 02:39:50.171  4584 22660 I resolv  : resolv_cache_lookup: NOT IN CACHE
08-01 02:39:50.171  4584 22660 I resolv  : resolv_populate_res_for_net: netid=101
08-01 02:39:50.171  4584 22659 D resolv  : res_nmkquery: (QUERY, IN, AAAA)
08-01 02:39:50.171  4584 22659 D resolv  : res_nsend
08-01 02:39:50.171  4584 22659 I resolv  : resolv_cache_lookup: lookup
08-01 02:39:50.171  4584 22659 I resolv  : resolv_cache_lookup: NOT IN CACHE
08-01 02:39:50.171  4584 22659 I resolv  : resolv_populate_res_for_net: netid=101
08-01 02:39:50.171  4584 22659 I resolv  : res_stats_usable_server: NS stats: S 64 + E 0 + T 0 + I 0 = 64, rtt = 131, min_samples = 8
08-01 02:39:50.171  4584 22659 I resolv  : res_stats_usable_server: success rate 100
08-01 02:39:50.171  4584 22659 I resolv  : res_stats_usable_server: NS stats: S 3 + E 0 + T 0 + I 0 = 3, rtt = 2492, min_samples = 8
08-01 02:39:50.171  4584 22659 D resolv  : res_nsend: Querying server (# 1) address = [fd30:2b3a:d3a6::1]:53
08-01 02:39:50.172  4584 22659 D resolv  : send_dg: new DG socket
08-01 02:39:50.172  4584 22659 D resolv  : send_dg: send: : Operation not permitted
08-01 02:39:50.174  4584 22659 I resolv  : res_nsend: used send_dg 0 terrno: 1
08-01 02:39:50.174  4584 22659 D resolv  : res_nsend: Querying server (# 2) address = 192.168.1.1:53
08-01 02:39:50.174  4584 22659 D resolv  : send_dg: new DG socket
08-01 02:39:50.174  4584 22660 I resolv  : res_stats_usable_server: NS stats: S 64 + E 0 + T 0 + I 0 = 64, rtt = 131, min_samples = 8
08-01 02:39:50.174  4584 22659 D resolv  : send_dg: send: : Operation not permitted
08-01 02:39:50.174  4584 22660 I resolv  : res_stats_usable_server: success rate 100
08-01 02:39:50.174  4584 22660 I resolv  : res_stats_usable_server: NS stats: S 3 + E 0 + T 0 + I 0 = 3, rtt = 2492, min_samples = 8
08-01 02:39:50.174  4584 22659 I resolv  : res_nsend: used send_dg 0 terrno: 1
08-01 02:39:50.174  4584 22660 D resolv  : res_nsend: Querying server (# 1) address = [fd30:2b3a:d3a6::1]:53
08-01 02:39:50.174  4584 22659 D resolv  : res_nsend: Querying server (# 1) address = [fd30:2b3a:d3a6::1]:53
08-01 02:39:50.175  4584 22659 D resolv  : send_dg: new DG socket
08-01 02:39:50.175  4584 22659 D resolv  : send_dg: send: : Operation not permitted
08-01 02:39:50.175  4584 22659 I resolv  : res_nsend: used send_dg 0 terrno: 1
08-01 02:39:50.175  4584 22659 D resolv  : res_nsend: Querying server (# 2) address = 192.168.1.1:53
08-01 02:39:50.175  4584 22660 D resolv  : send_dg: new DG socket
08-01 02:39:50.176  4584 22660 D resolv  : send_dg: send: : Operation not permitted
08-01 02:39:50.176  4584 22659 D resolv  : send_dg: new DG socket
08-01 02:39:50.176  4584 22659 D resolv  : send_dg: send: : Operation not permitted
08-01 02:39:50.176  4584 22659 I resolv  : res_nsend: used send_dg 0 terrno: 1
08-01 02:39:50.176  4584 22659 D resolv  : doQuery: rcode=0, ancount=0
08-01 02:39:50.177  4584 22660 I resolv  : res_nsend: used send_dg 0 terrno: 1
08-01 02:39:50.177  4584 22660 D resolv  : res_nsend: Querying server (# 2) address = 192.168.1.1:53
08-01 02:39:50.177  4584 22660 D resolv  : send_dg: new DG socket
08-01 02:39:50.177  4584 22660 D resolv  : send_dg: send: : Operation not permitted
08-01 02:39:50.178  4584 22660 I resolv  : res_nsend: used send_dg 0 terrno: 1
08-01 02:39:50.178  4584 22660 D resolv  : res_nsend: Querying server (# 1) address = [fd30:2b3a:d3a6::1]:53
08-01 02:39:50.178  4584 22660 D resolv  : send_dg: new DG socket
08-01 02:39:50.179  4584 22660 D resolv  : send_dg: send: : Operation not permitted
08-01 02:39:50.179  4584 22660 I resolv  : res_nsend: used send_dg 0 terrno: 1
08-01 02:39:50.179  4584 22660 D resolv  : res_nsend: Querying server (# 2) address = 192.168.1.1:53
08-01 02:39:50.180  4584 22660 D resolv  : send_dg: new DG socket
08-01 02:39:50.180  4584 22660 D resolv  : send_dg: send: : Operation not permitted
08-01 02:39:50.181  4584 22660 I resolv  : res_nsend: used send_dg 0 terrno: 1
08-01 02:39:50.181  4584 22660 D resolv  : doQuery: rcode=0, ancount=0
08-01 02:39:50.197  6212 11465 I SystemUpdate: [Execution,ExecutionManager] Action pending executed for 0.04 seconds.
08-01 02:39:50.205  6212 11465 I SystemUpdate: [Execution,ExecutionManager] Action pre-download-validate executed for 0.00 seconds.
08-01 02:39:50.212  6212 11465 W SystemUpdate: [Execution,ExecutionManager] Unable to create the action. Restart the execution from the scratch.
08-01 02:39:50.212  6212 11465 W SystemUpdate: java.lang.IllegalStateException
08-01 02:39:50.212  6212 11465 W SystemUpdate: 	at acea.l(:com.google.android.gms@232617044@23.26.17 (190400-551657477):6)
08-01 02:39:50.212  6212 11465 W SystemUpdate: 	at ckxl.a(:com.google.android.gms@232617044@23.26.17 (190400-551657477):324)
08-01 02:39:50.212  6212 11465 W SystemUpdate: 	at com.google.android.gms.update.execution.InstallationIntentOperation.onHandleIntent(:com.google.android.gms@232617044@23.26.17 (190400-551657477):120)
08-01 02:39:50.212  6212 11465 W SystemUpdate: 	at com.google.android.chimera.IntentOperation.onHandleIntent(:com.google.android.gms@232617044@23.26.17 (190400-551657477):2)
08-01 02:39:50.212  6212 11465 W SystemUpdate: 	at zvn.onHandleIntent(:com.google.android.gms@232617044@23.26.17 (190400-551657477):10)
08-01 02:39:50.212  6212 11465 W SystemUpdate: 	at hpu.run(:com.google.android.gms@232617044@23.26.17 (190400-551657477):70)
08-01 02:39:50.212  6212 11465 W SystemUpdate: 	at hpt.run(:com.google.android.gms@232617044@23.26.17 (190400-551657477):152)
08-01 02:39:50.212  6212 11465 W SystemUpdate: 	at difl.run(:com.google.android.gms@232617044@23.26.17 (190400-551657477):13)
08-01 02:39:50.212  6212 11465 W SystemUpdate: 	at java.util.concurrent.ThreadPoolExecutor.runWorker(ThreadPoolExecutor.java:1167)
08-01 02:39:50.212  6212 11465 W SystemUpdate: 	at java.util.concurrent.ThreadPoolExecutor$Worker.run(ThreadPoolExecutor.java:641)
08-01 02:39:50.212  6212 11465 W SystemUpdate: 	at java.lang.Thread.run(Thread.java:920)
08-01 02:39:50.240 22317 22366 D mali_winsys: EGLint new_window_surface(egl_winsys_display *, void *, EGLSurface, EGLConfig, egl_winsys_surface **, EGLBoolean) returns 0x3000
08-01 02:39:50.245  6212 11465 I SystemUpdate: [Execution,ExecutionManager] Action pending executed for 0.03 seconds.
08-01 02:39:50.251  6212 11465 I SystemUpdate: [Execution,ExecutionManager] Action pre-download-validate executed for 0.00 seconds.
08-01 02:39:50.256  6212 11465 W SystemUpdate: [Execution,ExecutionManager] Unable to create the action. Restart the execution from the scratch.
08-01 02:39:50.256  6212 11465 W SystemUpdate: java.lang.IllegalStateException
08-01 02:39:50.256  6212 11465 W SystemUpdate: 	at acea.l(:com.google.android.gms@232617044@23.26.17 (190400-551657477):6)
08-01 02:39:50.256  6212 11465 W SystemUpdate: 	at ckxl.a(:com.google.android.gms@232617044@23.26.17 (190400-551657477):324)
08-01 02:39:50.256  6212 11465 W SystemUpdate: 	at com.google.android.gms.update.execution.InstallationIntentOperation.onHandleIntent(:com.google.android.gms@232617044@23.26.17 (190400-551657477):120)
08-01 02:39:50.256  6212 11465 W SystemUpdate: 	at com.google.android.chimera.IntentOperation.onHandleIntent(:com.google.android.gms@232617044@23.26.17 (190400-551657477):2)
08-01 02:39:50.256  6212 11465 W SystemUpdate: 	at zvn.onHandleIntent(:com.google.android.gms@232617044@23.26.17 (190400-551657477):10)
08-01 02:39:50.256  6212 11465 W SystemUpdate: 	at hpu.run(:com.google.android.gms@232617044@23.26.17 (190400-551657477):70)
08-01 02:39:50.256  6212 11465 W SystemUpdate: 	at hpt.run(:com.google.android.gms@232617044@23.26.17 (190400-551657477):152)
08-01 02:39:50.256  6212 11465 W SystemUpdate: 	at difl.run(:com.google.android.gms@232617044@23.26.17 (190400-551657477):13)
08-01 02:39:50.256  6212 11465 W SystemUpdate: 	at java.util.concurrent.ThreadPoolExecutor.runWorker(ThreadPoolExecutor.java:1167)
08-01 02:39:50.256  6212 11465 W SystemUpdate: 	at java.util.concurrent.ThreadPoolExecutor$Worker.run(ThreadPoolExecutor.java:641)
08-01 02:39:50.256  6212 11465 W SystemUpdate: 	at java.lang.Thread.run(Thread.java:920)
08-01 02:39:50.257 22317 22637 D UE      : Case APP_CMD_INIT_WINDOW
08-01 02:39:50.257 22317 22637 D UE      : LogAndroidEvents::EnqueueAppEvent : 0, [width=1440, height=2960], tid = 22637, APP_EVENT_STATE_WINDOW_CREATED
08-01 02:39:50.263 22317 22637 D UE      : LogAndroidEvents::EnqueueAppEvent : 1, [width=1440, height=2960], tid = 22637, APP_EVENT_STATE_WINDOW_RESIZED
08-01 02:39:50.263 22317 22637 D UE      : LogAndroidEvents::EnqueueAppEvent : 4, [width=-1, height=-1], tid = 22637, APP_EVENT_STATE_WINDOW_REDRAW_NEEDED
08-01 02:39:50.295  6212 11465 I SystemUpdate: [Execution,ExecutionManager] Action pending executed for 0.04 seconds.
08-01 02:39:50.301  6212 11465 I SystemUpdate: [Execution,ExecutionManager] Action pre-download-validate executed for 0.00 seconds.
08-01 02:39:50.310  6212 11465 W SystemUpdate: [Execution,ExecutionManager] Unable to create the action. Restart the execution from the scratch.
08-01 02:39:50.310  6212 11465 W SystemUpdate: java.lang.IllegalStateException
08-01 02:39:50.310  6212 11465 W SystemUpdate: 	at acea.l(:com.google.android.gms@232617044@23.26.17 (190400-551657477):6)
08-01 02:39:50.310  6212 11465 W SystemUpdate: 	at ckxl.a(:com.google.android.gms@232617044@23.26.17 (190400-551657477):324)
08-01 02:39:50.310  6212 11465 W SystemUpdate: 	at com.google.android.gms.update.execution.InstallationIntentOperation.onHandleIntent(:com.google.android.gms@232617044@23.26.17 (190400-551657477):120)
08-01 02:39:50.310  6212 11465 W SystemUpdate: 	at com.google.android.chimera.IntentOperation.onHandleIntent(:com.google.android.gms@232617044@23.26.17 (190400-551657477):2)
08-01 02:39:50.310  6212 11465 W SystemUpdate: 	at zvn.onHandleIntent(:com.google.android.gms@232617044@23.26.17 (190400-551657477):10)
08-01 02:39:50.310  6212 11465 W SystemUpdate: 	at hpu.run(:com.google.android.gms@232617044@23.26.17 (190400-551657477):70)
08-01 02:39:50.310  6212 11465 W SystemUpdate: 	at hpt.run(:com.google.android.gms@232617044@23.26.17 (190400-551657477):152)
08-01 02:39:50.310  6212 11465 W SystemUpdate: 	at difl.run(:com.google.android.gms@232617044@23.26.17 (190400-551657477):13)
08-01 02:39:50.310  6212 11465 W SystemUpdate: 	at java.util.concurrent.ThreadPoolExecutor.runWorker(ThreadPoolExecutor.java:1167)
08-01 02:39:50.310  6212 11465 W SystemUpdate: 	at java.util.concurrent.ThreadPoolExecutor$Worker.run(ThreadPoolExecutor.java:641)
08-01 02:39:50.310  6212 11465 W SystemUpdate: 	at java.lang.Thread.run(Thread.java:920)
08-01 02:39:50.342  6212 11465 I SystemUpdate: [Execution,ExecutionManager] Action pending executed for 0.03 seconds.
08-01 02:39:50.347  6212 11465 I SystemUpdate: [Execution,ExecutionManager] Action pre-download-validate executed for 0.00 seconds.
08-01 02:39:50.353  6212 11465 W SystemUpdate: [Execution,ExecutionManager] Unable to create the action. Restart the execution from the scratch.
08-01 02:39:50.353  6212 11465 W SystemUpdate: java.lang.IllegalStateException
08-01 02:39:50.353  6212 11465 W SystemUpdate: 	at acea.l(:com.google.android.gms@232617044@23.26.17 (190400-551657477):6)
08-01 02:39:50.353  6212 11465 W SystemUpdate: 	at ckxl.a(:com.google.android.gms@232617044@23.26.17 (190400-551657477):324)
08-01 02:39:50.353  6212 11465 W SystemUpdate: 	at com.google.android.gms.update.execution.InstallationIntentOperation.onHandleIntent(:com.google.android.gms@232617044@23.26.17 (190400-551657477):120)
08-01 02:39:50.353  6212 11465 W SystemUpdate: 	at com.google.android.chimera.IntentOperation.onHandleIntent(:com.google.android.gms@232617044@23.26.17 (190400-551657477):2)
08-01 02:39:50.353  6212 11465 W SystemUpdate: 	at zvn.onHandleIntent(:com.google.android.gms@232617044@23.26.17 (190400-551657477):10)
08-01 02:39:50.353  6212 11465 W SystemUpdate: 	at hpu.run(:com.google.android.gms@232617044@23.26.17 (190400-551657477):70)
08-01 02:39:50.353  6212 11465 W SystemUpdate: 	at hpt.run(:com.google.android.gms@232617044@23.26.17 (190400-551657477):152)
08-01 02:39:50.353  6212 11465 W SystemUpdate: 	at difl.run(:com.google.android.gms@232617044@23.26.17 (190400-551657477):13)
08-01 02:39:50.353  6212 11465 W SystemUpdate: 	at java.util.concurrent.ThreadPoolExecutor.runWorker(ThreadPoolExecutor.java:1167)
08-01 02:39:50.353  6212 11465 W SystemUpdate: 	at java.util.concurrent.ThreadPoolExecutor$Worker.run(ThreadPoolExecutor.java:641)
08-01 02:39:50.353  6212 11465 W SystemUpdate: 	at java.lang.Thread.run(Thread.java:920)
08-01 02:39:50.365 22317 22317 D UE      : [GameActivity] === Thermal status changed to 0
08-01 02:39:50.374 22317 22637 D UE      : Case APP_CMD_TERM_WINDOW, tid = 22637
08-01 02:39:50.377 22317 22637 D UE      : LogAndroidEvents::EnqueueAppEvent : 3, [width=-1, height=-1], tid = 22637, APP_EVENT_STATE_WINDOW_DESTROYED
08-01 02:39:50.383 22317 22637 D UE      : LogAndroidEvents::EnqueueAppEvent : 8, [width=-1, height=-1], tid = 22637, APP_EVENT_STATE_ON_STOP
08-01 02:39:50.383 22317 22317 D UE      : [GameActivity] ==============> GameActive.onStop complete!
08-01 02:39:50.386 22317 22637 D UE      : LogAndroidEvents::EnqueueAppEvent : 12, [width=-1, height=-1], tid = 22637, APP_EVENT_STATE_SAVE_STATE
08-01 02:39:50.387  6212 11465 I SystemUpdate: [Execution,ExecutionManager] Action pending executed for 0.03 seconds.
08-01 02:39:50.393  6212 11465 I SystemUpdate: [Execution,ExecutionManager] Action pre-download-validate executed for 0.00 seconds.
08-01 02:39:50.394 22317 22366 E BufferQueueProducer: [ViewRootImpl[GameActivity]#1(BLAST Consumer)1](id:572d00000001,api:0,p:-1,c:22317) disconnect: not connected (req=1)
08-01 02:39:50.394 22317 22366 W libEGL  : EGLNativeWindowType 0x792807fae0 disconnect failed
08-01 02:39:50.399  6212 11465 W SystemUpdate: [Execution,ExecutionManager] Unable to create the action. Restart the execution from the scratch.
08-01 02:39:50.399  6212 11465 W SystemUpdate: java.lang.IllegalStateException
08-01 02:39:50.399  6212 11465 W SystemUpdate: 	at acea.l(:com.google.android.gms@232617044@23.26.17 (190400-551657477):6)
08-01 02:39:50.399  6212 11465 W SystemUpdate: 	at ckxl.a(:com.google.android.gms@232617044@23.26.17 (190400-551657477):324)
08-01 02:39:50.399  6212 11465 W SystemUpdate: 	at com.google.android.gms.update.execution.InstallationIntentOperation.onHandleIntent(:com.google.android.gms@232617044@23.26.17 (190400-551657477):120)
08-01 02:39:50.399  6212 11465 W SystemUpdate: 	at com.google.android.chimera.IntentOperation.onHandleIntent(:com.google.android.gms@232617044@23.26.17 (190400-551657477):2)
08-01 02:39:50.399  6212 11465 W SystemUpdate: 	at zvn.onHandleIntent(:com.google.android.gms@232617044@23.26.17 (190400-551657477):10)
08-01 02:39:50.399  6212 11465 W SystemUpdate: 	at hpu.run(:com.google.android.gms@232617044@23.26.17 (190400-551657477):70)
08-01 02:39:50.399  6212 11465 W SystemUpdate: 	at hpt.run(:com.google.android.gms@232617044@23.26.17 (190400-551657477):152)
08-01 02:39:50.399  6212 11465 W SystemUpdate: 	at difl.run(:com.google.android.gms@232617044@23.26.17 (190400-551657477):13)
08-01 02:39:50.399  6212 11465 W SystemUpdate: 	at java.util.concurrent.ThreadPoolExecutor.runWorker(ThreadPoolExecutor.java:1167)
08-01 02:39:50.399  6212 11465 W SystemUpdate: 	at java.util.concurrent.ThreadPoolExecutor$Worker.run(ThreadPoolExecutor.java:641)
08-01 02:39:50.399  6212 11465 W SystemUpdate: 	at java.lang.Thread.run(Thread.java:920)
08-01 02:39:50.411 22317 22317 D UE      : [GameActivity] === Restoring Transparent Bars due to Visibility Change ===
08-01 02:39:50.411 22317 22317 D UE      : [GameActivity] === Restoring Transparent Bars ===
08-01 02:39:50.422  6212 11465 D SharedPreferencesImpl: Time required to fsync /data/user/0/com.google.android.gms/shared_prefs/com.google.android.gms.update.storage.xml: [<1: 0, <2: 10434, <4: 976326, <8: 200702, <16: 10605, <32: 4119, <64: 661, <128: 210, <256: 105, <512: 26, <1024: 11, <2048: 1, <4096: 0, <8192: 0, <16384: 0, >=16384: 0]
08-01 02:39:50.431  6212 11465 I SystemUpdate: [Execution,ExecutionManager] Action pending executed for 0.03 seconds.
08-01 02:39:50.436  6212 11465 I SystemUpdate: [Execution,ExecutionManager] Action pre-download-validate executed for 0.00 seconds.
08-01 02:39:50.443  6212 11465 W SystemUpdate: [Execution,ExecutionManager] Unable to create the action. Restart the execution from the scratch.
08-01 02:39:50.443  6212 11465 W SystemUpdate: java.lang.IllegalStateException
08-01 02:39:50.443  6212 11465 W SystemUpdate: 	at acea.l(:com.google.android.gms@232617044@23.26.17 (190400-551657477):6)
08-01 02:39:50.443  6212 11465 W SystemUpdate: 	at ckxl.a(:com.google.android.gms@232617044@23.26.17 (190400-551657477):324)
08-01 02:39:50.443  6212 11465 W SystemUpdate: 	at com.google.android.gms.update.execution.InstallationIntentOperation.onHandleIntent(:com.google.android.gms@232617044@23.26.17 (190400-551657477):120)
08-01 02:39:50.443  6212 11465 W SystemUpdate: 	at com.google.android.chimera.IntentOperation.onHandleIntent(:com.google.android.gms@232617044@23.26.17 (190400-551657477):2)
08-01 02:39:50.443  6212 11465 W SystemUpdate: 	at zvn.onHandleIntent(:com.google.android.gms@232617044@23.26.17 (190400-551657477):10)
08-01 02:39:50.443  6212 11465 W SystemUpdate: 	at hpu.run(:com.google.android.gms@232617044@23.26.17 (190400-551657477):70)
08-01 02:39:50.443  6212 11465 W SystemUpdate: 	at hpt.run(:com.google.android.gms@232617044@23.26.17 (190400-551657477):152)
08-01 02:39:50.443  6212 11465 W SystemUpdate: 	at difl.run(:com.google.android.gms@232617044@23.26.17 (190400-551657477):13)
08-01 02:39:50.443  6212 11465 W SystemUpdate: 	at java.util.concurrent.ThreadPoolExecutor.runWorker(ThreadPoolExecutor.java:1167)
08-01 02:39:50.443  6212 11465 W SystemUpdate: 	at java.util.concurrent.ThreadPoolExecutor$Worker.run(ThreadPoolExecutor.java:641)
08-01 02:39:50.443  6212 11465 W SystemUpdate: 	at java.lang.Thread.run(Thread.java:920)
08-01 02:39:50.471 22317 22366 E BufferQueueProducer: [ViewRootImpl[GameActivity]#0(BLAST Consumer)0](id:572d00000000,api:0,p:-1,c:22317) disconnect: not connected (req=1)
08-01 02:39:50.472 22317 22366 W libEGL  : EGLNativeWindowType 0x792806ea60 disconnect failed
08-01 02:39:50.486  6212 11465 I SystemUpdate: [Execution,ExecutionManager] Action pending executed for 0.04 seconds.
08-01 02:39:50.492  6212 11465 I SystemUpdate: [Execution,ExecutionManager] Action pre-download-validate executed for 0.00 seconds.
08-01 02:39:50.499  6212 11465 W SystemUpdate: [Execution,ExecutionManager] Unable to create the action. Restart the execution from the scratch.
08-01 02:39:50.499  6212 11465 W SystemUpdate: java.lang.IllegalStateException
08-01 02:39:50.499  6212 11465 W SystemUpdate: 	at acea.l(:com.google.android.gms@232617044@23.26.17 (190400-551657477):6)
08-01 02:39:50.499  6212 11465 W SystemUpdate: 	at ckxl.a(:com.google.android.gms@232617044@23.26.17 (190400-551657477):324)
08-01 02:39:50.499  6212 11465 W SystemUpdate: 	at com.google.android.gms.update.execution.InstallationIntentOperation.onHandleIntent(:com.google.android.gms@232617044@23.26.17 (190400-551657477):120)
08-01 02:39:50.499  6212 11465 W SystemUpdate: 	at com.google.android.chimera.IntentOperation.onHandleIntent(:com.google.android.gms@232617044@23.26.17 (190400-551657477):2)
08-01 02:39:50.499  6212 11465 W SystemUpdate: 	at zvn.onHandleIntent(:com.google.android.gms@232617044@23.26.17 (190400-551657477):10)
08-01 02:39:50.499  6212 11465 W SystemUpdate: 	at hpu.run(:com.google.android.gms@232617044@23.26.17 (190400-551657477):70)
08-01 02:39:50.499  6212 11465 W SystemUpdate: 	at hpt.run(:com.google.android.gms@232617044@23.26.17 (190400-551657477):152)
08-01 02:39:50.499  6212 11465 W SystemUpdate: 	at difl.run(:com.google.android.gms@232617044@23.26.17 (190400-551657477):13)
08-01 02:39:50.499  6212 11465 W SystemUpdate: 	at java.util.concurrent.ThreadPoolExecutor.runWorker(ThreadPoolExecutor.java:1167)
08-01 02:39:50.499  6212 11465 W SystemUpdate: 	at java.util.concurrent.ThreadPoolExecutor$Worker.run(ThreadPoolExecutor.java:641)
08-01 02:39:50.499  6212 11465 W SystemUpdate: 	at java.lang.Thread.run(Thread.java:920)
08-01 02:39:50.535  6212 11465 I SystemUpdate: [Execution,ExecutionManager] Action pending executed for 0.04 seconds.
08-01 02:39:50.541  6212 11465 I SystemUpdate: [Execution,ExecutionManager] Action pre-download-validate executed for 0.00 seconds.
08-01 02:39:50.547  6212 11465 W SystemUpdate: [Execution,ExecutionManager] Unable to create the action. Restart the execution from the scratch.
08-01 02:39:50.547  6212 11465 W SystemUpdate: java.lang.IllegalStateException
08-01 02:39:50.547  6212 11465 W SystemUpdate: 	at acea.l(:com.google.android.gms@232617044@23.26.17 (190400-551657477):6)
08-01 02:39:50.547  6212 11465 W SystemUpdate: 	at ckxl.a(:com.google.android.gms@232617044@23.26.17 (190400-551657477):324)
08-01 02:39:50.547  6212 11465 W SystemUpdate: 	at com.google.android.gms.update.execution.InstallationIntentOperation.onHandleIntent(:com.google.android.gms@232617044@23.26.17 (190400-551657477):120)
08-01 02:39:50.547  6212 11465 W SystemUpdate: 	at com.google.android.chimera.IntentOperation.onHandleIntent(:com.google.android.gms@232617044@23.26.17 (190400-551657477):2)
08-01 02:39:50.547  6212 11465 W SystemUpdate: 	at zvn.onHandleIntent(:com.google.android.gms@232617044@23.26.17 (190400-551657477):10)
08-01 02:39:50.547  6212 11465 W SystemUpdate: 	at hpu.run(:com.google.android.gms@232617044@23.26.17 (190400-551657477):70)
08-01 02:39:50.547  6212 11465 W SystemUpdate: 	at hpt.run(:com.google.android.gms@232617044@23.26.17 (190400-551657477):152)
08-01 02:39:50.547  6212 11465 W SystemUpdate: 	at difl.run(:com.google.android.gms@232617044@23.26.17 (190400-551657477):13)
08-01 02:39:50.547  6212 11465 W SystemUpdate: 	at java.util.concurrent.ThreadPoolExecutor.runWorker(ThreadPoolExecutor.java:1167)
08-01 02:39:50.547  6212 11465 W SystemUpdate: 	at java.util.concurrent.ThreadPoolExecutor$Worker.run(ThreadPoolExecutor.java:641)
08-01 02:39:50.547  6212 11465 W SystemUpdate: 	at java.lang.Thread.run(Thread.java:920)
08-01 02:39:50.548  4767  5711 D bauth_FPBAuthService: pcf : 0x1012, 0 ,1 ,0 ,0 ,0 ,0, 5.0.0.0
08-01 02:39:50.548  4767  5711 D bauth_FPBAuthService: thread id : 1, preenroll_flag : 0, nd cnt : 0, cso : 0, et : 0
08-01 02:39:50.548  4767  5711 D bauth_FPBAuthService: FPBAuthService, 10979
08-01 02:39:50.581  6212 11465 I SystemUpdate: [Execution,ExecutionManager] Action pending executed for 0.03 seconds.
08-01 02:39:50.587  6212 11465 I SystemUpdate: [Execution,ExecutionManager] Action pre-download-validate executed for 0.00 seconds.
08-01 02:39:50.590  4689  4689 E adbd    : failed to connect to socket 'tcp:6666': Connection refused
08-01 02:39:50.593  6212 11465 W SystemUpdate: [Execution,ExecutionManager] Unable to create the action. Restart the execution from the scratch.
08-01 02:39:50.593  6212 11465 W SystemUpdate: java.lang.IllegalStateException
08-01 02:39:50.593  6212 11465 W SystemUpdate: 	at acea.l(:com.google.android.gms@232617044@23.26.17 (190400-551657477):6)
08-01 02:39:50.593  6212 11465 W SystemUpdate: 	at ckxl.a(:com.google.android.gms@232617044@23.26.17 (190400-551657477):324)
08-01 02:39:50.593  6212 11465 W SystemUpdate: 	at com.google.android.gms.update.execution.InstallationIntentOperation.onHandleIntent(:com.google.android.gms@232617044@23.26.17 (190400-551657477):120)
08-01 02:39:50.593  6212 11465 W SystemUpdate: 	at com.google.android.chimera.IntentOperation.onHandleIntent(:com.google.android.gms@232617044@23.26.17 (190400-551657477):2)
08-01 02:39:50.593  6212 11465 W SystemUpdate: 	at zvn.onHandleIntent(:com.google.android.gms@232617044@23.26.17 (190400-551657477):10)
08-01 02:39:50.593  6212 11465 W SystemUpdate: 	at hpu.run(:com.google.android.gms@232617044@23.26.17 (190400-551657477):70)
08-01 02:39:50.593  6212 11465 W SystemUpdate: 	at hpt.run(:com.google.android.gms@232617044@23.26.17 (190400-551657477):152)
08-01 02:39:50.593  6212 11465 W SystemUpdate: 	at difl.run(:com.google.android.gms@232617044@23.26.17 (190400-551657477):13)
08-01 02:39:50.593  6212 11465 W SystemUpdate: 	at java.util.concurrent.ThreadPoolExecutor.runWorker(ThreadPoolExecutor.java:1167)
08-01 02:39:50.593  6212 11465 W SystemUpdate: 	at java.util.concurrent.ThreadPoolExecutor$Worker.run(ThreadPoolExecutor.java:641)
08-01 02:39:50.593  6212 11465 W SystemUpdate: 	at java.lang.Thread.run(Thread.java:920)
08-01 02:39:50.629  6212 11465 I SystemUpdate: [Execution,ExecutionManager] Action pending executed for 0.04 seconds.
08-01 02:39:50.635  6212 11465 I SystemUpdate: [Execution,ExecutionManager] Action pre-download-validate executed for 0.00 seconds.
08-01 02:39:50.640  6212 11465 W SystemUpdate: [Execution,ExecutionManager] Unable to create the action. Restart the execution from the scratch.
08-01 02:39:50.640  6212 11465 W SystemUpdate: java.lang.IllegalStateException
08-01 02:39:50.640  6212 11465 W SystemUpdate: 	at acea.l(:com.google.android.gms@232617044@23.26.17 (190400-551657477):6)
08-01 02:39:50.640  6212 11465 W SystemUpdate: 	at ckxl.a(:com.google.android.gms@232617044@23.26.17 (190400-551657477):324)
08-01 02:39:50.640  6212 11465 W SystemUpdate: 	at com.google.android.gms.update.execution.InstallationIntentOperation.onHandleIntent(:com.google.android.gms@232617044@23.26.17 (190400-551657477):120)
08-01 02:39:50.640  6212 11465 W SystemUpdate: 	at com.google.android.chimera.IntentOperation.onHandleIntent(:com.google.android.gms@232617044@23.26.17 (190400-551657477):2)
08-01 02:39:50.640  6212 11465 W SystemUpdate: 	at zvn.onHandleIntent(:com.google.android.gms@232617044@23.26.17 (190400-551657477):10)
08-01 02:39:50.640  6212 11465 W SystemUpdate: 	at hpu.run(:com.google.android.gms@232617044@23.26.17 (190400-551657477):70)
08-01 02:39:50.640  6212 11465 W SystemUpdate: 	at hpt.run(:com.google.android.gms@232617044@23.26.17 (190400-551657477):152)
08-01 02:39:50.640  6212 11465 W SystemUpdate: 	at difl.run(:com.google.android.gms@232617044@23.26.17 (190400-551657477):13)
08-01 02:39:50.640  6212 11465 W SystemUpdate: 	at java.util.concurrent.ThreadPoolExecutor.runWorker(ThreadPoolExecutor.java:1167)
08-01 02:39:50.640  6212 11465 W SystemUpdate: 	at java.util.concurrent.ThreadPoolExecutor$Worker.run(ThreadPoolExecutor.java:641)
08-01 02:39:50.640  6212 11465 W SystemUpdate: 	at java.lang.Thread.run(Thread.java:920)
08-01 02:39:50.674  6212 11465 I SystemUpdate: [Execution,ExecutionManager] Action pending executed for 0.03 seconds.
08-01 02:39:50.679  6212 11465 I SystemUpdate: [Execution,ExecutionManager] Action pre-download-validate executed for 0.00 seconds.
08-01 02:39:50.685  6212 11465 W SystemUpdate: [Execution,ExecutionManager] Unable to create the action. Restart the execution from the scratch.
08-01 02:39:50.685  6212 11465 W SystemUpdate: java.lang.IllegalStateException
08-01 02:39:50.685  6212 11465 W SystemUpdate: 	at acea.l(:com.google.android.gms@232617044@23.26.17 (190400-551657477):6)
08-01 02:39:50.685  6212 11465 W SystemUpdate: 	at ckxl.a(:com.google.android.gms@232617044@23.26.17 (190400-551657477):324)
08-01 02:39:50.685  6212 11465 W SystemUpdate: 	at com.google.android.gms.update.execution.InstallationIntentOperation.onHandleIntent(:com.google.android.gms@232617044@23.26.17 (190400-551657477):120)
08-01 02:39:50.685  6212 11465 W SystemUpdate: 	at com.google.android.chimera.IntentOperation.onHandleIntent(:com.google.android.gms@232617044@23.26.17 (190400-551657477):2)
08-01 02:39:50.685  6212 11465 W SystemUpdate: 	at zvn.onHandleIntent(:com.google.android.gms@232617044@23.26.17 (190400-551657477):10)
08-01 02:39:50.685  6212 11465 W SystemUpdate: 	at hpu.run(:com.google.android.gms@232617044@23.26.17 (190400-551657477):70)
08-01 02:39:50.685  6212 11465 W SystemUpdate: 	at hpt.run(:com.google.android.gms@232617044@23.26.17 (190400-551657477):152)
08-01 02:39:50.685  6212 11465 W SystemUpdate: 	at difl.run(:com.google.android.gms@232617044@23.26.17 (190400-551657477):13)
08-01 02:39:50.685  6212 11465 W SystemUpdate: 	at java.util.concurrent.ThreadPoolExecutor.runWorker(ThreadPoolExecutor.java:1167)
08-01 02:39:50.685  6212 11465 W SystemUpdate: 	at java.util.concurrent.ThreadPoolExecutor$Worker.run(ThreadPoolExecutor.java:641)
08-01 02:39:50.685  6212 11465 W SystemUpdate: 	at java.lang.Thread.run(Thread.java:920)
08-01 02:39:50.719  5271  5416 E BufferQueueProducer: [ViewRootImpl[wonder]#58(BLAST Consumer)58](id:14970000003a,api:0,p:-1,c:5271) disconnect: not connected (req=1)
08-01 02:39:50.719  5271  5416 W libEGL  : EGLNativeWindowType 0x792842ca80 disconnect failed
08-01 02:39:50.721  6212 11465 I SystemUpdate: [Execution,ExecutionManager] Action pending executed for 0.04 seconds.
08-01 02:39:50.729  6212 11465 I SystemUpdate: [Execution,ExecutionManager] Action pre-download-validate executed for 0.00 seconds.
08-01 02:39:50.734  4974  7023 W InputManager-JNI: Input channel object '29b63ee Splash Screen com.yashu.wonder (client)' was disposed without first being removed with the input manager!
08-01 02:39:50.735  6212 11465 W SystemUpdate: [Execution,ExecutionManager] Unable to create the action. Restart the execution from the scratch.
08-01 02:39:50.735  6212 11465 W SystemUpdate: java.lang.IllegalStateException
08-01 02:39:50.735  6212 11465 W SystemUpdate: 	at acea.l(:com.google.android.gms@232617044@23.26.17 (190400-551657477):6)
08-01 02:39:50.735  6212 11465 W SystemUpdate: 	at ckxl.a(:com.google.android.gms@232617044@23.26.17 (190400-551657477):324)
08-01 02:39:50.735  6212 11465 W SystemUpdate: 	at com.google.android.gms.update.execution.InstallationIntentOperation.onHandleIntent(:com.google.android.gms@232617044@23.26.17 (190400-551657477):120)
08-01 02:39:50.735  6212 11465 W SystemUpdate: 	at com.google.android.chimera.IntentOperation.onHandleIntent(:com.google.android.gms@232617044@23.26.17 (190400-551657477):2)
08-01 02:39:50.735  6212 11465 W SystemUpdate: 	at zvn.onHandleIntent(:com.google.android.gms@232617044@23.26.17 (190400-551657477):10)
08-01 02:39:50.735  6212 11465 W SystemUpdate: 	at hpu.run(:com.google.android.gms@232617044@23.26.17 (190400-551657477):70)
08-01 02:39:50.735  6212 11465 W SystemUpdate: 	at hpt.run(:com.google.android.gms@232617044@23.26.17 (190400-551657477):152)
08-01 02:39:50.735  6212 11465 W SystemUpdate: 	at difl.run(:com.google.android.gms@232617044@23.26.17 (190400-551657477):13)
08-01 02:39:50.735  6212 11465 W SystemUpdate: 	at java.util.concurrent.ThreadPoolExecutor.runWorker(ThreadPoolExecutor.java:1167)
08-01 02:39:50.735  6212 11465 W SystemUpdate: 	at java.util.concurrent.ThreadPoolExecutor$Worker.run(ThreadPoolExecutor.java:641)
08-01 02:39:50.735  6212 11465 W SystemUpdate: 	at java.lang.Thread.run(Thread.java:920)
08-01 02:39:50.770  6212 11465 I SystemUpdate: [Execution,ExecutionManager] Action pending executed for 0.04 seconds.
08-01 02:39:50.775 22317 22317 V UE      : [GameApp] App in background
08-01 02:39:50.776  6212 11465 I SystemUpdate: [Execution,ExecutionManager] Action pre-download-validate executed for 0.00 seconds.
08-01 02:39:50.783  6212 11465 W SystemUpdate: [Execution,ExecutionManager] Unable to create the action. Restart the execution from the scratch.
08-01 02:39:50.783  6212 11465 W SystemUpdate: java.lang.IllegalStateException
08-01 02:39:50.783  6212 11465 W SystemUpdate: 	at acea.l(:com.google.android.gms@232617044@23.26.17 (190400-551657477):6)
08-01 02:39:50.783  6212 11465 W SystemUpdate: 	at ckxl.a(:com.google.android.gms@232617044@23.26.17 (190400-551657477):324)
08-01 02:39:50.783  6212 11465 W SystemUpdate: 	at com.google.android.gms.update.execution.InstallationIntentOperation.onHandleIntent(:com.google.android.gms@232617044@23.26.17 (190400-551657477):120)
08-01 02:39:50.783  6212 11465 W SystemUpdate: 	at com.google.android.chimera.IntentOperation.onHandleIntent(:com.google.android.gms@232617044@23.26.17 (190400-551657477):2)
08-01 02:39:50.783  6212 11465 W SystemUpdate: 	at zvn.onHandleIntent(:com.google.android.gms@232617044@23.26.17 (190400-551657477):10)
08-01 02:39:50.783  6212 11465 W SystemUpdate: 	at hpu.run(:com.google.android.gms@232617044@23.26.17 (190400-551657477):70)
08-01 02:39:50.783  6212 11465 W SystemUpdate: 	at hpt.run(:com.google.android.gms@232617044@23.26.17 (190400-551657477):152)
08-01 02:39:50.783  6212 11465 W SystemUpdate: 	at difl.run(:com.google.android.gms@232617044@23.26.17 (190400-551657477):13)
08-01 02:39:50.783  6212 11465 W SystemUpdate: 	at java.util.concurrent.ThreadPoolExecutor.runWorker(ThreadPoolExecutor.java:1167)
08-01 02:39:50.783  6212 11465 W SystemUpdate: 	at java.util.concurrent.ThreadPoolExecutor$Worker.run(ThreadPoolExecutor.java:641)
08-01 02:39:50.783  6212 11465 W SystemUpdate: 	at java.lang.Thread.run(Thread.java:920)
08-01 02:39:50.812  6212 11465 I SystemUpdate: [Execution,ExecutionManager] Action pending executed for 0.03 seconds.
08-01 02:39:50.817  6212 11465 I SystemUpdate: [Execution,ExecutionManager] Action pre-download-validate executed for 0.00 seconds.
08-01 02:39:50.823  6212 11465 W SystemUpdate: [Execution,ExecutionManager] Unable to create the action. Restart the execution from the scratch.
08-01 02:39:50.823  6212 11465 W SystemUpdate: java.lang.IllegalStateException
08-01 02:39:50.823  6212 11465 W SystemUpdate: 	at acea.l(:com.google.android.gms@232617044@23.26.17 (190400-551657477):6)
08-01 02:39:50.823  6212 11465 W SystemUpdate: 	at ckxl.a(:com.google.android.gms@232617044@23.26.17 (190400-551657477):324)
08-01 02:39:50.823  6212 11465 W SystemUpdate: 	at com.google.android.gms.update.execution.InstallationIntentOperation.onHandleIntent(:com.google.android.gms@232617044@23.26.17 (190400-551657477):120)
08-01 02:39:50.823  6212 11465 W SystemUpdate: 	at com.google.android.chimera.IntentOperation.onHandleIntent(:com.google.android.gms@232617044@23.26.17 (190400-551657477):2)
08-01 02:39:50.823  6212 11465 W SystemUpdate: 	at zvn.onHandleIntent(:com.google.android.gms@232617044@23.26.17 (190400-551657477):10)
08-01 02:39:50.823  6212 11465 W SystemUpdate: 	at hpu.run(:com.google.android.gms@232617044@23.26.17 (190400-551657477):70)
08-01 02:39:50.823  6212 11465 W SystemUpdate: 	at hpt.run(:com.google.android.gms@232617044@23.26.17 (190400-551657477):152)
