08-02 16:12:40.357  9638  9859 D UE      : [2023.08.02-06.12.40:357][  0]LogConfig: Applying CVar settings from Section [TextureQuality@2] File [Scalability]
08-02 16:12:40.357  9638  9859 D UE      : [2023.08.02-06.12.40:357][  0]LogConfig: Set CVar [[r.MaxAnisotropy:2]]
08-02 16:12:40.357  9638  9859 D UE      : [2023.08.02-06.12.40:357][  0]LogConfig: Set CVar [[r.Streaming.LimitPoolSizeToVRAM:1]]
08-02 16:12:40.357  9638  9859 D UE      : [2023.08.02-06.12.40:357][  0]LogConfig: Set CVar [[r.Streaming.PoolSize:800]]
08-02 16:12:40.357  9638  9859 D UE      : [2023.08.02-06.12.40:357][  0]LogConfig: Set CVar [[r.VT.MaxTilesProducedPerFrame:1]]
08-02 16:12:40.357  9638  9859 D UE      : [2023.08.02-06.12.40:357][  0]LogDeviceProfileManager: Pushing Device Profile CVar: [[sg.EffectsQuality:3 -> 2]]
08-02 16:12:40.357  9638  9859 D UE      : [2023.08.02-06.12.40:357][  0]LogConfig: Applying CVar settings from Section [EffectsQuality@2] File [Scalability]
08-02 16:12:40.357  9638  9859 D UE      : [2023.08.02-06.12.40:357][  0]LogConfig: Set CVar [[r.TranslucencyLightingVolumeDim:48]]
08-02 16:12:40.357  9638  9859 D UE      : [2023.08.02-06.12.40:357][  0]LogConfig: Set CVar [[r.SceneColorFormat:3]]
08-02 16:12:40.357  9638  9859 D UE      : [2023.08.02-06.12.40:357][  0]LogConfig: Set CVar [[r.DetailMode:1]]
08-02 16:12:40.357  9638  9859 D UE      : [2023.08.02-06.12.40:357][  0]LogConfig: Set CVar [[r.SSS.SampleSet:1]]
08-02 16:12:40.357  9638  9859 D UE      : [2023.08.02-06.12.40:357][  0]LogConfig: Set CVar [[r.SSS.Quality:-1]]
08-02 16:12:40.357  9638  9859 D UE      : [2023.08.02-06.12.40:357][  0]LogConfig: Set CVar [[r.SSS.HalfRes:1]]
08-02 16:12:40.357  9638  9859 D UE      : [2023.08.02-06.12.40:357][  0]LogConfig: Set CVar [[r.SSGI.Quality:2]]
08-02 16:12:40.357  9638  9859 D UE      : [2023.08.02-06.12.40:357][  0]LogConfig: Set CVar [[r.EmitterSpawnRateScale:0.5]]
08-02 16:12:40.357  9638  9859 D UE      : [2023.08.02-06.12.40:357][  0]LogConfig: Set CVar [[r.ParticleLightQuality:1]]
08-02 16:12:40.357  9638  9859 D UE      : [2023.08.02-06.12.40:357][  0]LogConfig: Set CVar [[r.SkyAtmosphere.SampleCountMax:64.0]]
08-02 16:12:40.357  9638  9859 D UE      : [2023.08.02-06.12.40:357][  0]LogConfig: Set CVar [[fx.Niagara.QualityLevel:0]]
08-02 16:12:40.357  9638  9859 D UE      : [2023.08.02-06.12.40:357][  0]LogDeviceProfileManager: Pushing Device Profile CVar: [[sg.FoliageQuality:3 -> 2]]
08-02 16:12:40.357  9638  9859 D UE      : [2023.08.02-06.12.40:357][  0]LogConfig: Applying CVar settings from Section [FoliageQuality@2] File [Scalability]
08-02 16:12:40.357  9638  9859 D UE      : [2023.08.02-06.12.40:357][  0]LogDeviceProfileManager: Pushing Device Profile CVar: [[r.MobileContentScaleFactor:1 -> 1.0]]
08-02 16:12:40.357  9638  9859 D UE      : [2023.08.02-06.12.40:357][  0]LogDeviceProfileManager: Pushing Device Profile CVar: [[slate.AbsoluteIndices:0 -> 1]]
08-02 16:12:40.357  9638  9859 D UE      : [2023.08.02-06.12.40:357][  0]LogDeviceProfileManager: Pushing Device Profile CVar: [[r.Vulkan.RobustBufferAccess:1 -> 1]]
08-02 16:12:40.357  9638  9859 D UE      : [2023.08.02-06.12.40:357][  0]LogDeviceProfileManager: Pushing Device Profile CVar: [[r.Vulkan.DescriptorSetLayoutMode:0 -> 2]]
08-02 16:12:40.357  9638  9859 D UE      : [2023.08.02-06.12.40:357][  0]LogDeviceProfileManager: Pushing Device Profile CVar: [[r.Android.DisableVulkanSupport:0 -> 1]]
08-02 16:12:40.357  9638  9859 D UE      : [2023.08.02-06.12.40:357][  0]LogDeviceProfileManager: Pushing Device Profile CVar: [[r.Android.DisableVulkanSM5Support:0 -> 1]]
08-02 16:12:40.357  9638  9859 D UE      : [2023.08.02-06.12.40:357][  0]LogDeviceProfileManager: Pushing Device Profile CVar: [[r.DefaultBackBufferPixelFormat:4 -> 0]]
08-02 16:12:40.358  9638  9859 D UE      : [2023.08.02-06.12.40:358][  0]LogConfig: Applying CVar settings from Section [Startup] File [../../../Engine/Config/ConsoleVariables.ini]
08-02 16:12:40.358  9638  9859 D UE      : [2023.08.02-06.12.40:358][  0]LogConfig: Set CVar [[r.DumpShaderDebugInfo:2]]
08-02 16:12:40.358  9638  9859 D UE      : [2023.08.02-06.12.40:358][  0]LogConfig: Set CVar [[p.chaos.AllowCreatePhysxBodies:1]]
08-02 16:12:40.358  9638  9859 D UE      : [2023.08.02-06.12.40:358][  0]LogConfig: Set CVar [[fx.SkipVectorVMBackendOptimizations:1]]
08-02 16:12:40.358  9638  9859 D UE      : [2023.08.02-06.12.40:358][  0]LogConfig: Applying CVar settings from Section [ConsoleVariables] File [Engine]
08-02 16:12:40.358  9638  9859 D UE      : [2023.08.02-06.12.40:358][  0]LogConfig: CVar [[Slate.CacheRenderData:0]] deferred - dummy variable created
08-02 16:12:40.358  9638  9859 D UE      : [2023.08.02-06.12.40:358][  0]LogConfig: Set CVar [[r.VSync:1]]
08-02 16:12:40.358  9638  9859 D UE      : [2023.08.02-06.12.40:358][  0]LogConfig: Set CVar [[r.ParallelShadows:0]]
08-02 16:12:40.358  9638  9859 D UE      : [2023.08.02-06.12.40:358][  0]LogConfig: CVar [[TaskGraph.EnablePowerSavingThreadPriorityReduction:1]] deferred - dummy variable created
08-02 16:12:40.358  9638  9859 D UE      : [2023.08.02-06.12.40:358][  0]LogConfig: Set CVar [[r.Vulkan.Depth24Bit:1]]
08-02 16:12:40.358  9638  9859 D UE      : [2023.08.02-06.12.40:358][  0]LogConfig: Set CVar [[r.Shadow.ForceSerialSingleRenderPass:1]]
08-02 16:12:40.358  9638  9859 D UE      : [2023.08.02-06.12.40:358][  0]LogConfig: Set CVar [[r.Forward.LightGridSizeZ:8]]
08-02 16:12:40.358  9638  9859 D UE      : [2023.08.02-06.12.40:358][  0]LogConfig: Set CVar [[r.Forward.MaxCulledLightsPerCell:8]]
08-02 16:12:40.358  9638  9859 D UE      : [2023.08.02-06.12.40:358][  0]LogConfig: Set CVar [[r.HairStrands.Simulation:0]]
08-02 16:12:40.358  9638  9859 D UE      : [2023.08.02-06.12.40:358][  0]LogConfig: Set CVar [[r.HairStrands.Strands:0]]
08-02 16:12:40.358  9638  9859 D UE      : [2023.08.02-06.12.40:358][  0]LogConfig: Set CVar [[r.HairStrands.Binding:0]]
08-02 16:12:40.358  9638  9859 D UE      : [2023.08.02-06.12.40:358][  0]LogConfig: Set CVar [[r.TemporalAA.R11G11B10History:0]]
08-02 16:12:40.358  9638  9859 D UE      : [2023.08.02-06.12.40:358][  0]LogConfig: Set CVar [[r.Vulkan.MemoryBacktrace:0]]
08-02 16:12:40.360  9638  9859 D UE      : [2023.08.02-06.12.40:360][  0]LogAndroid: Display: No CPU thermal sensor was detected. To manually override the sensor path set android.CPUThermalSensorFilePath CVar.
08-02 16:12:40.360  9638  9859 D UE      : [2023.08.02-06.12.40:360][  0]LogInit:  - This binary is optimized with LTO: no, PGO: no, instrumented for PGO data collection: no
08-02 16:12:40.360  9638  9859 D UE      : [2023.08.02-06.12.40:360][  0]LogInit: Memory total: Physical=5657.21MB (6GB approx) Available=1371.75MB PageSize=4.0KB
08-02 16:12:40.360  9638  9859 D UE      : [2023.08.02-06.12.40:360][  0]LogCsvProfiler: Display: Metadata set : extradevelopmentmemorymb="0"
08-02 16:12:40.362  6755 12042 I SystemUpdate: [Execution,ExecutionManager] Action pending executed for 0.01 seconds.
08-02 16:12:40.363  9638  9859 D UE      : [2023.08.02-06.12.40:363][  0]LogInit: Physics initialised using underlying interface: Chaos
08-02 16:12:40.364  9638  9859 D UE      : [2023.08.02-06.12.40:364][  0]LogInit: Using OS detected language (en-AU).
08-02 16:12:40.364  9638  9859 D UE      : [2023.08.02-06.12.40:364][  0]LogInit: Using OS detected locale (en-AU).
08-02 16:12:40.365  9638  9859 D UE      : [2023.08.02-06.12.40:365][  0]LogTextLocalizationManager: No specific localization for 'en-AU' exists, so 'en' will be used for the language.
08-02 16:12:40.365  6755 12042 I SystemUpdate: [Execution,ExecutionManager] Action pre-download-validate executed for 0.00 seconds.
08-02 16:12:40.368  6755 12042 W SystemUpdate: [Execution,ExecutionManager] Unable to create the action. Restart the execution from the scratch.
08-02 16:12:40.368  6755 12042 W SystemUpdate: java.lang.IllegalStateException
08-02 16:12:40.368  6755 12042 W SystemUpdate: 	at acea.l(:com.google.android.gms@232617044@23.26.17 (190400-551657477):6)
08-02 16:12:40.368  6755 12042 W SystemUpdate: 	at ckxl.a(:com.google.android.gms@232617044@23.26.17 (190400-551657477):324)
08-02 16:12:40.368  6755 12042 W SystemUpdate: 	at com.google.android.gms.update.execution.InstallationIntentOperation.onHandleIntent(:com.google.android.gms@232617044@23.26.17 (190400-551657477):120)
08-02 16:12:40.368  6755 12042 W SystemUpdate: 	at com.google.android.chimera.IntentOperation.onHandleIntent(:com.google.android.gms@232617044@23.26.17 (190400-551657477):2)
08-02 16:12:40.368  6755 12042 W SystemUpdate: 	at zvn.onHandleIntent(:com.google.android.gms@232617044@23.26.17 (190400-551657477):10)
08-02 16:12:40.368  6755 12042 W SystemUpdate: 	at hpu.run(:com.google.android.gms@232617044@23.26.17 (190400-551657477):70)
08-02 16:12:40.368  6755 12042 W SystemUpdate: 	at hpt.run(:com.google.android.gms@232617044@23.26.17 (190400-551657477):152)
08-02 16:12:40.368  6755 12042 W SystemUpdate: 	at difl.run(:com.google.android.gms@232617044@23.26.17 (190400-551657477):13)
08-02 16:12:40.368  6755 12042 W SystemUpdate: 	at java.util.concurrent.ThreadPoolExecutor.runWorker(ThreadPoolExecutor.java:1167)
08-02 16:12:40.368  6755 12042 W SystemUpdate: 	at java.util.concurrent.ThreadPoolExecutor$Worker.run(ThreadPoolExecutor.java:641)
08-02 16:12:40.368  6755 12042 W SystemUpdate: 	at java.lang.Thread.run(Thread.java:920)
08-02 16:12:40.381  6755 12042 I SystemUpdate: [Execution,ExecutionManager] Action pending executed for 0.01 seconds.
08-02 16:12:40.383  6755 12042 I SystemUpdate: [Execution,ExecutionManager] Action pre-download-validate executed for 0.00 seconds.
08-02 16:12:40.386  6755 12042 W SystemUpdate: [Execution,ExecutionManager] Unable to create the action. Restart the execution from the scratch.
08-02 16:12:40.386  6755 12042 W SystemUpdate: java.lang.IllegalStateException
08-02 16:12:40.386  6755 12042 W SystemUpdate: 	at acea.l(:com.google.android.gms@232617044@23.26.17 (190400-551657477):6)
08-02 16:12:40.386  6755 12042 W SystemUpdate: 	at ckxl.a(:com.google.android.gms@232617044@23.26.17 (190400-551657477):324)
08-02 16:12:40.386  6755 12042 W SystemUpdate: 	at com.google.android.gms.update.execution.InstallationIntentOperation.onHandleIntent(:com.google.android.gms@232617044@23.26.17 (190400-551657477):120)
08-02 16:12:40.386  6755 12042 W SystemUpdate: 	at com.google.android.chimera.IntentOperation.onHandleIntent(:com.google.android.gms@232617044@23.26.17 (190400-551657477):2)
08-02 16:12:40.386  6755 12042 W SystemUpdate: 	at zvn.onHandleIntent(:com.google.android.gms@232617044@23.26.17 (190400-551657477):10)
08-02 16:12:40.386  6755 12042 W SystemUpdate: 	at hpu.run(:com.google.android.gms@232617044@23.26.17 (190400-551657477):70)
08-02 16:12:40.386  6755 12042 W SystemUpdate: 	at hpt.run(:com.google.android.gms@232617044@23.26.17 (190400-551657477):152)
08-02 16:12:40.386  6755 12042 W SystemUpdate: 	at difl.run(:com.google.android.gms@232617044@23.26.17 (190400-551657477):13)
08-02 16:12:40.386  6755 12042 W SystemUpdate: 	at java.util.concurrent.ThreadPoolExecutor.runWorker(ThreadPoolExecutor.java:1167)
08-02 16:12:40.386  6755 12042 W SystemUpdate: 	at java.util.concurrent.ThreadPoolExecutor$Worker.run(ThreadPoolExecutor.java:641)
08-02 16:12:40.386  6755 12042 W SystemUpdate: 	at java.lang.Thread.run(Thread.java:920)
08-02 16:12:40.399  6755 12042 I SystemUpdate: [Execution,ExecutionManager] Action pending executed for 0.01 seconds.
08-02 16:12:40.402  6755 12042 I SystemUpdate: [Execution,ExecutionManager] Action pre-download-validate executed for 0.00 seconds.
08-02 16:12:40.404  6755 12042 W SystemUpdate: [Execution,ExecutionManager] Unable to create the action. Restart the execution from the scratch.
08-02 16:12:40.404  6755 12042 W SystemUpdate: java.lang.IllegalStateException
08-02 16:12:40.404  6755 12042 W SystemUpdate: 	at acea.l(:com.google.android.gms@232617044@23.26.17 (190400-551657477):6)
08-02 16:12:40.404  6755 12042 W SystemUpdate: 	at ckxl.a(:com.google.android.gms@232617044@23.26.17 (190400-551657477):324)
08-02 16:12:40.404  6755 12042 W SystemUpdate: 	at com.google.android.gms.update.execution.InstallationIntentOperation.onHandleIntent(:com.google.android.gms@232617044@23.26.17 (190400-551657477):120)
08-02 16:12:40.404  6755 12042 W SystemUpdate: 	at com.google.android.chimera.IntentOperation.onHandleIntent(:com.google.android.gms@232617044@23.26.17 (190400-551657477):2)
08-02 16:12:40.404  6755 12042 W SystemUpdate: 	at zvn.onHandleIntent(:com.google.android.gms@232617044@23.26.17 (190400-551657477):10)
08-02 16:12:40.404  6755 12042 W SystemUpdate: 	at hpu.run(:com.google.android.gms@232617044@23.26.17 (190400-551657477):70)
08-02 16:12:40.404  6755 12042 W SystemUpdate: 	at hpt.run(:com.google.android.gms@232617044@23.26.17 (190400-551657477):152)
08-02 16:12:40.404  6755 12042 W SystemUpdate: 	at difl.run(:com.google.android.gms@232617044@23.26.17 (190400-551657477):13)
08-02 16:12:40.404  6755 12042 W SystemUpdate: 	at java.util.concurrent.ThreadPoolExecutor.runWorker(ThreadPoolExecutor.java:1167)
08-02 16:12:40.404  6755 12042 W SystemUpdate: 	at java.util.concurrent.ThreadPoolExecutor$Worker.run(ThreadPoolExecutor.java:641)
08-02 16:12:40.404  6755 12042 W SystemUpdate: 	at java.lang.Thread.run(Thread.java:920)
08-02 16:12:40.419  6755 12042 I SystemUpdate: [Execution,ExecutionManager] Action pending executed for 0.02 seconds.
08-02 16:12:40.421  6755 12042 I SystemUpdate: [Execution,ExecutionManager] Action pre-download-validate executed for 0.00 seconds.
08-02 16:12:40.424  6755 12042 W SystemUpdate: [Execution,ExecutionManager] Unable to create the action. Restart the execution from the scratch.
08-02 16:12:40.424  6755 12042 W SystemUpdate: java.lang.IllegalStateException
08-02 16:12:40.424  6755 12042 W SystemUpdate: 	at acea.l(:com.google.android.gms@232617044@23.26.17 (190400-551657477):6)
08-02 16:12:40.424  6755 12042 W SystemUpdate: 	at ckxl.a(:com.google.android.gms@232617044@23.26.17 (190400-551657477):324)
08-02 16:12:40.424  6755 12042 W SystemUpdate: 	at com.google.android.gms.update.execution.InstallationIntentOperation.onHandleIntent(:com.google.android.gms@232617044@23.26.17 (190400-551657477):120)
08-02 16:12:40.424  6755 12042 W SystemUpdate: 	at com.google.android.chimera.IntentOperation.onHandleIntent(:com.google.android.gms@232617044@23.26.17 (190400-551657477):2)
08-02 16:12:40.424  6755 12042 W SystemUpdate: 	at zvn.onHandleIntent(:com.google.android.gms@232617044@23.26.17 (190400-551657477):10)
08-02 16:12:40.424  6755 12042 W SystemUpdate: 	at hpu.run(:com.google.android.gms@232617044@23.26.17 (190400-551657477):70)
08-02 16:12:40.424  6755 12042 W SystemUpdate: 	at hpt.run(:com.google.android.gms@232617044@23.26.17 (190400-551657477):152)
08-02 16:12:40.424  6755 12042 W SystemUpdate: 	at difl.run(:com.google.android.gms@232617044@23.26.17 (190400-551657477):13)
08-02 16:12:40.424  6755 12042 W SystemUpdate: 	at java.util.concurrent.ThreadPoolExecutor.runWorker(ThreadPoolExecutor.java:1167)
08-02 16:12:40.424  6755 12042 W SystemUpdate: 	at java.util.concurrent.ThreadPoolExecutor$Worker.run(ThreadPoolExecutor.java:641)
08-02 16:12:40.424  6755 12042 W SystemUpdate: 	at java.lang.Thread.run(Thread.java:920)
08-02 16:12:40.440  6755 12042 I SystemUpdate: [Execution,ExecutionManager] Action pending executed for 0.02 seconds.
08-02 16:12:40.443  6755 12042 I SystemUpdate: [Execution,ExecutionManager] Action pre-download-validate executed for 0.00 seconds.
08-02 16:12:40.447  6755 12042 W SystemUpdate: [Execution,ExecutionManager] Unable to create the action. Restart the execution from the scratch.
08-02 16:12:40.447  6755 12042 W SystemUpdate: java.lang.IllegalStateException
08-02 16:12:40.447  6755 12042 W SystemUpdate: 	at acea.l(:com.google.android.gms@232617044@23.26.17 (190400-551657477):6)
08-02 16:12:40.447  6755 12042 W SystemUpdate: 	at ckxl.a(:com.google.android.gms@232617044@23.26.17 (190400-551657477):324)
08-02 16:12:40.447  6755 12042 W SystemUpdate: 	at com.google.android.gms.update.execution.InstallationIntentOperation.onHandleIntent(:com.google.android.gms@232617044@23.26.17 (190400-551657477):120)
08-02 16:12:40.447  6755 12042 W SystemUpdate: 	at com.google.android.chimera.IntentOperation.onHandleIntent(:com.google.android.gms@232617044@23.26.17 (190400-551657477):2)
08-02 16:12:40.447  6755 12042 W SystemUpdate: 	at zvn.onHandleIntent(:com.google.android.gms@232617044@23.26.17 (190400-551657477):10)
08-02 16:12:40.447  6755 12042 W SystemUpdate: 	at hpu.run(:com.google.android.gms@232617044@23.26.17 (190400-551657477):70)
08-02 16:12:40.447  6755 12042 W SystemUpdate: 	at hpt.run(:com.google.android.gms@232617044@23.26.17 (190400-551657477):152)
08-02 16:12:40.447  6755 12042 W SystemUpdate: 	at difl.run(:com.google.android.gms@232617044@23.26.17 (190400-551657477):13)
08-02 16:12:40.447  6755 12042 W SystemUpdate: 	at java.util.concurrent.ThreadPoolExecutor.runWorker(ThreadPoolExecutor.java:1167)
08-02 16:12:40.447  6755 12042 W SystemUpdate: 	at java.util.concurrent.ThreadPoolExecutor$Worker.run(ThreadPoolExecutor.java:641)
08-02 16:12:40.447  6755 12042 W SystemUpdate: 	at java.lang.Thread.run(Thread.java:920)
08-02 16:12:40.457  9638  9859 D UE      : [2023.08.02-06.12.40:457][  0]LogSlate: New Slate User Created. Platform User Id 0, User Index 0, Is Virtual User: 0
08-02 16:12:40.458  9638  9859 D UE      : [2023.08.02-06.12.40:458][  0]LogSlate: Slate User Registered.  User Index 0, Is Virtual User: 0
08-02 16:12:40.463  9638  9859 D UE      : [2023.08.02-06.12.40:463][  0]LogAndroid: VulkanRHI will NOT be used:
08-02 16:12:40.463  9638  9859 D UE      : [2023.08.02-06.12.40:463][  0]LogAndroid:  ** Vulkan support is not available (Driver, RHI or shaders are missing, or disabled by cmdline, see above logging for details)
08-02 16:12:40.463  9638  9859 D UE      : [2023.08.02-06.12.40:463][  0]LogAndroid:  ** Vulkan is disabled via console variable.
08-02 16:12:40.463  9638  9859 D UE      : [2023.08.02-06.12.40:463][  0]LogAndroid: OpenGL ES will be used.
08-02 16:12:40.463  9638  9859 D UE      : [2023.08.02-06.12.40:463][  0]LogAndroid: Vulkan SM5 is available but disabled for this device.
08-02 16:12:40.463  6755 12042 I SystemUpdate: [Execution,ExecutionManager] Action pending executed for 0.02 seconds.
08-02 16:12:40.464  9638  9859 D UE      : [2023.08.02-06.12.40:464][  0]LogRHI: App is packaged for OpenGL ES 3.1 and an ES 3.2-capable device was detected.
08-02 16:12:40.464  9638  9859 D UE      : Device supports the following refresh rates 60 
08-02 16:12:40.464  9638  9859 D UE      : Init Swappy: version 131328
08-02 16:12:40.467  6755 12042 I SystemUpdate: [Execution,ExecutionManager] Action pre-download-validate executed for 0.00 seconds.
08-02 16:12:40.471  6755 12042 W SystemUpdate: [Execution,ExecutionManager] Unable to create the action. Restart the execution from the scratch.
08-02 16:12:40.471  6755 12042 W SystemUpdate: java.lang.IllegalStateException
08-02 16:12:40.471  6755 12042 W SystemUpdate: 	at acea.l(:com.google.android.gms@232617044@23.26.17 (190400-551657477):6)
08-02 16:12:40.471  6755 12042 W SystemUpdate: 	at ckxl.a(:com.google.android.gms@232617044@23.26.17 (190400-551657477):324)
08-02 16:12:40.471  6755 12042 W SystemUpdate: 	at com.google.android.gms.update.execution.InstallationIntentOperation.onHandleIntent(:com.google.android.gms@232617044@23.26.17 (190400-551657477):120)
08-02 16:12:40.471  6755 12042 W SystemUpdate: 	at com.google.android.chimera.IntentOperation.onHandleIntent(:com.google.android.gms@232617044@23.26.17 (190400-551657477):2)
08-02 16:12:40.471  6755 12042 W SystemUpdate: 	at zvn.onHandleIntent(:com.google.android.gms@232617044@23.26.17 (190400-551657477):10)
08-02 16:12:40.471  6755 12042 W SystemUpdate: 	at hpu.run(:com.google.android.gms@232617044@23.26.17 (190400-551657477):70)
08-02 16:12:40.471  6755 12042 W SystemUpdate: 	at hpt.run(:com.google.android.gms@232617044@23.26.17 (190400-551657477):152)
08-02 16:12:40.471  6755 12042 W SystemUpdate: 	at difl.run(:com.google.android.gms@232617044@23.26.17 (190400-551657477):13)
08-02 16:12:40.471  6755 12042 W SystemUpdate: 	at java.util.concurrent.ThreadPoolExecutor.runWorker(ThreadPoolExecutor.java:1167)
08-02 16:12:40.471  6755 12042 W SystemUpdate: 	at java.util.concurrent.ThreadPoolExecutor$Worker.run(ThreadPoolExecutor.java:641)
08-02 16:12:40.471  6755 12042 W SystemUpdate: 	at java.lang.Thread.run(Thread.java:920)
08-02 16:12:40.486  9638  9859 I SwappyDisplayManager: Using internal com/google/androidgamesdk/SwappyDisplayManager class from dex bytes.
08-02 16:12:40.489  9638  9859 E SwappyDisplayManager: dalvik.system.InMemoryDexClassLoader[DexPathList[[dex file "InMemoryDexFile[cookie=[0, 533041528368]]"],nativeLibraryDirectories=[/system/lib64, /system/product/lib64]]] couldn't find "libUnreal.so"
08-02 16:12:40.492  6755 12042 I SystemUpdate: [Execution,ExecutionManager] Action pending executed for 0.02 seconds.
08-02 16:12:40.496  6755 12042 I SystemUpdate: [Execution,ExecutionManager] Action pre-download-validate executed for 0.00 seconds.
08-02 16:12:40.499  6755 12042 W SystemUpdate: [Execution,ExecutionManager] Unable to create the action. Restart the execution from the scratch.
08-02 16:12:40.499  6755 12042 W SystemUpdate: java.lang.IllegalStateException
08-02 16:12:40.499  6755 12042 W SystemUpdate: 	at acea.l(:com.google.android.gms@232617044@23.26.17 (190400-551657477):6)
08-02 16:12:40.499  6755 12042 W SystemUpdate: 	at ckxl.a(:com.google.android.gms@232617044@23.26.17 (190400-551657477):324)
08-02 16:12:40.499  6755 12042 W SystemUpdate: 	at com.google.android.gms.update.execution.InstallationIntentOperation.onHandleIntent(:com.google.android.gms@232617044@23.26.17 (190400-551657477):120)
08-02 16:12:40.499  6755 12042 W SystemUpdate: 	at com.google.android.chimera.IntentOperation.onHandleIntent(:com.google.android.gms@232617044@23.26.17 (190400-551657477):2)
08-02 16:12:40.499  6755 12042 W SystemUpdate: 	at zvn.onHandleIntent(:com.google.android.gms@232617044@23.26.17 (190400-551657477):10)
08-02 16:12:40.499  6755 12042 W SystemUpdate: 	at hpu.run(:com.google.android.gms@232617044@23.26.17 (190400-551657477):70)
08-02 16:12:40.499  6755 12042 W SystemUpdate: 	at hpt.run(:com.google.android.gms@232617044@23.26.17 (190400-551657477):152)
08-02 16:12:40.499  6755 12042 W SystemUpdate: 	at difl.run(:com.google.android.gms@232617044@23.26.17 (190400-551657477):13)
08-02 16:12:40.499  6755 12042 W SystemUpdate: 	at java.util.concurrent.ThreadPoolExecutor.runWorker(ThreadPoolExecutor.java:1167)
08-02 16:12:40.499  6755 12042 W SystemUpdate: 	at java.util.concurrent.ThreadPoolExecutor$Worker.run(ThreadPoolExecutor.java:641)
08-02 16:12:40.499  6755 12042 W SystemUpdate: 	at java.lang.Thread.run(Thread.java:920)
08-02 16:12:40.501  9638  9905 I SwappyDisplayManager: Starting looper thread
08-02 16:12:40.509  9638  9859 D UE      : FPlatformOpenGLDevice:Init
08-02 16:12:40.509  9638  9859 D UE      : AndroidEGL::InitRenderSurface 0, 1
08-02 16:12:40.509  9638  9859 D UE      : AndroidEGL::InitRenderSurface, Using width: 616, height 1280 
08-02 16:12:40.509  9638  9859 D UE      : AndroidEGL::InitRenderSurface, wnd: 0x7cfbc0a6c0, width: 616, height 1280 
08-02 16:12:40.509  9638  9859 D UE      : AndroidEGL::CreateEGLRenderSurface() Already initialized: 0x7bebbe76f0
08-02 16:12:40.509  9638  9859 D UE      : AndroidEGL::InitSharedSurface 0
08-02 16:12:40.509  9638  9859 D UE      : AndroidEGL::InitSharedSurface, Using width: 616, height 1280 
08-02 16:12:40.509  9638  9859 D UE      : AndroidEGL::InitSharedSurface, width: 616, height 1280 
08-02 16:12:40.509  9638  9859 D UE      : AndroidEGL::CreateEGLSharedSurface() Already initialized: 0x7bebbe8980
08-02 16:12:40.509  9638  9859 D UE      : [2023.08.02-06.12.40:509][  0]LogRHI: Extension eglPresentationTimeANDROID Present
08-02 16:12:40.509  9638  9859 D UE      : [2023.08.02-06.12.40:509][  0]LogRHI: Extension eglGetNextFrameIdANDROID Present
08-02 16:12:40.510  9638  9859 D UE      : [2023.08.02-06.12.40:510][  0]LogRHI: Extension eglGetCompositorTimingANDROID Present
08-02 16:12:40.510  9638  9859 D UE      : [2023.08.02-06.12.40:510][  0]LogRHI: Extension eglGetFrameTimestampsANDROID Present
08-02 16:12:40.510  9638  9859 D UE      : [2023.08.02-06.12.40:510][  0]LogRHI: Extension eglQueryTimestampSupportedANDROID NOT Available
08-02 16:12:40.510  9638  9859 D UE      : [2023.08.02-06.12.40:510][  0]LogRHI: Extension eglGetCompositorTimingSupportedANDROID Present
08-02 16:12:40.510  9638  9859 D UE      : [2023.08.02-06.12.40:510][  0]LogRHI: Extension eglGetFrameTimestampsSupportedANDROID NOT Available
08-02 16:12:40.511  9638  9859 D UE      : [2023.08.02-06.12.40:511][  0]LogRHI: Remote PSO services disabled: (0, 1, 0, 4)
08-02 16:12:40.511  9638  9859 D UE      : [2023.08.02-06.12.40:511][  0]LogRHI: Initializing OpenGL RHI
08-02 16:12:40.511  9638  9859 D UE      : [2023.08.02-06.12.40:511][  0]LogRHI:   GL_VENDOR: ARM
08-02 16:12:40.511  9638  9859 D UE      : [2023.08.02-06.12.40:511][  0]LogRHI:   GL_RENDERER: Mali-G72
08-02 16:12:40.511  9638  9859 D UE      : [2023.08.02-06.12.40:511][  0]LogRHI:   GL_VERSION: OpenGL ES 3.2 v1.r19p0-01rel0.###other-sha0123456789ABCDEF0###
08-02 16:12:40.511  9638  9859 D UE      : [2023.08.02-06.12.40:511][  0]LogRHI:   GL_SHADING_LANGUAGE_VERSION: OpenGL ES GLSL ES 3.20
08-02 16:12:40.511  9638  9859 D UE      : [2023.08.02-06.12.40:511][  0]LogRHI: OpenGL Extensions:
08-02 16:12:40.511  9638  9859 D UE      : [2023.08.02-06.12.40:511][  0]LogRHI:   GL_EXT_debug_marker
08-02 16:12:40.511  9638  9859 D UE      : [2023.08.02-06.12.40:511][  0]LogRHI:   GL_ARM_rgba8
08-02 16:12:40.511  9638  9859 D UE      : [2023.08.02-06.12.40:511][  0]LogRHI:   GL_ARM_mali_shader_binary
08-02 16:12:40.511  9638  9859 D UE      : [2023.08.02-06.12.40:511][  0]LogRHI:   GL_OES_depth24
08-02 16:12:40.511  9638  9859 D UE      : [2023.08.02-06.12.40:511][  0]LogRHI:   GL_OES_depth_texture
08-02 16:12:40.511  9638  9859 D UE      : [2023.08.02-06.12.40:511][  0]LogRHI:   GL_OES_depth_texture_cube_map
08-02 16:12:40.511  9638  9859 D UE      : [2023.08.02-06.12.40:511][  0]LogRHI:   GL_OES_packed_depth_stencil
08-02 16:12:40.511  9638  9859 D UE      : [2023.08.02-06.12.40:511][  0]LogRHI:   GL_OES_rgb8_rgba8
08-02 16:12:40.511  9638  9859 D UE      : [2023.08.02-06.12.40:511][  0]LogRHI:   GL_EXT_read_format_bgra
08-02 16:12:40.511  9638  9859 D UE      : [2023.08.02-06.12.40:511][  0]LogRHI:   GL_OES_compressed_paletted_texture
08-02 16:12:40.511  9638  9859 D UE      : [2023.08.02-06.12.40:511][  0]LogRHI:   GL_OES_compressed_ETC1_RGB8_texture
08-02 16:12:40.511  9638  9859 D UE      : [2023.08.02-06.12.40:511][  0]LogRHI:   GL_OES_standard_derivatives
08-02 16:12:40.511  9638  9859 D UE      : [2023.08.02-06.12.40:511][  0]LogRHI:   GL_OES_EGL_image
08-02 16:12:40.511  9638  9859 D UE      : [2023.08.02-06.12.40:511][  0]LogRHI:   GL_OES_EGL_image_external
08-02 16:12:40.511  9638  9859 D UE      : [2023.08.02-06.12.40:511][  0]LogRHI:   GL_OES_EGL_image_external_essl3
08-02 16:12:40.511  9638  9859 D UE      : [2023.08.02-06.12.40:511][  0]LogRHI:   GL_OES_EGL_sync
08-02 16:12:40.512  9638  9859 D UE      : [2023.08.02-06.12.40:512][  0]LogRHI:   GL_OES_texture_npot
08-02 16:12:40.512  9638  9859 D UE      : [2023.08.02-06.12.40:512][  0]LogRHI:   GL_OES_vertex_half_float
08-02 16:12:40.512  9638  9859 D UE      : [2023.08.02-06.12.40:512][  0]LogRHI:   GL_OES_required_internalformat
08-02 16:12:40.512  9638  9859 D UE      : [2023.08.02-06.12.40:512][  0]LogRHI:   GL_OES_vertex_array_object
08-02 16:12:40.512  9638  9859 D UE      : [2023.08.02-06.12.40:512][  0]LogRHI:   GL_OES_mapbuffer
08-02 16:12:40.512  9638  9859 D UE      : [2023.08.02-06.12.40:512][  0]LogRHI:   GL_EXT_texture_format_BGRA8888
08-02 16:12:40.512  9638  9859 D UE      : [2023.08.02-06.12.40:512][  0]LogRHI:   GL_EXT_texture_rg
08-02 16:12:40.512  9638  9859 D UE      : [2023.08.02-06.12.40:512][  0]LogRHI:   GL_EXT_texture_type_2_10_10_10_REV
08-02 16:12:40.512  9638  9859 D UE      : [2023.08.02-06.12.40:512][  0]LogRHI:   GL_OES_fbo_render_mipmap
08-02 16:12:40.512  9638  9859 D UE      : [2023.08.02-06.12.40:512][  0]LogRHI:   GL_OES_element_index_uint
08-02 16:12:40.512  9638  9859 D UE      : [2023.08.02-06.12.40:512][  0]LogRHI:   GL_EXT_shadow_samplers
08-02 16:12:40.512  9638  9859 D UE      : [2023.08.02-06.12.40:512][  0]LogRHI:   GL_OES_texture_compression_astc
08-02 16:12:40.512  9638  9859 D UE      : [2023.08.02-06.12.40:512][  0]LogRHI:   GL_KHR_texture_compression_astc_ldr
08-02 16:12:40.512  9638  9859 D UE      : [2023.08.02-06.12.40:512][  0]LogRHI:   GL_KHR_texture_compression_astc_hdr
08-02 16:12:40.512  9638  9859 D UE      : [2023.08.02-06.12.40:512][  0]LogRHI:   GL_KHR_texture_compression_astc_sliced_3d
08-02 16:12:40.512  9638  9859 D UE      : [2023.08.02-06.12.40:512][  0]LogRHI:   GL_KHR_debug
08-02 16:12:40.512  9638  9859 D UE      : [2023.08.02-06.12.40:512][  0]LogRHI:   GL_EXT_occlusion_query_boolean
08-02 16:12:40.512  9638  9859 D UE      : [2023.08.02-06.12.40:512][  0]LogRHI:   GL_EXT_disjoint_timer_query
08-02 16:12:40.512  9638  9859 D UE      : [2023.08.02-06.12.40:512][  0]LogRHI:   GL_EXT_blend_minmax
08-02 16:12:40.512  9638  9859 D UE      : [2023.08.02-06.12.40:512][  0]LogRHI:   GL_EXT_discard_framebuffer
08-02 16:12:40.512  9638  9859 D UE      : [2023.08.02-06.12.40:512][  0]LogRHI:   GL_OES_get_program_binary
08-02 16:12:40.512  9638  9859 D UE      : [2023.08.02-06.12.40:512][  0]LogRHI:   GL_OES_texture_3D
08-02 16:12:40.512  9638  9859 D UE      : [2023.08.02-06.12.40:512][  0]LogRHI:   GL_EXT_texture_storage
08-02 16:12:40.512  9638  9859 D UE      : [2023.08.02-06.12.40:512][  0]LogRHI:   GL_EXT_multisampled_render_to_texture
08-02 16:12:40.512  9638  9859 D UE      : [2023.08.02-06.12.40:512][  0]LogRHI:   GL_EXT_multisampled_render_to_texture2
08-02 16:12:40.512  9638  9859 D UE      : [2023.08.02-06.12.40:512][  0]LogRHI:   GL_OES_surfaceless_context
08-02 16:12:40.512  9638  9859 D UE      : [2023.08.02-06.12.40:512][  0]LogRHI:   GL_OES_texture_stencil8
08-02 16:12:40.512  9638  9859 D UE      : [2023.08.02-06.12.40:512][  0]LogRHI:   GL_EXT_shader_pixel_local_storage
08-02 16:12:40.512  9638  9859 D UE      : [2023.08.02-06.12.40:512][  0]LogRHI:   GL_ARM_shader_framebuffer_fetch
08-02 16:12:40.512  9638  9859 D UE      : [2023.08.02-06.12.40:512][  0]LogRHI:   GL_ARM_shader_framebuffer_fetch_depth_stencil
08-02 16:12:40.512  9638  9859 D UE      : [2023.08.02-06.12.40:512][  0]LogRHI:   GL_ARM_mali_program_binary
08-02 16:12:40.512  9638  9859 D UE      : [2023.08.02-06.12.40:512][  0]LogRHI:   GL_EXT_sRGB
08-02 16:12:40.512  9638  9859 D UE      : [2023.08.02-06.12.40:512][  0]LogRHI:   GL_EXT_sRGB_write_control
08-02 16:12:40.512  9638  9859 D UE      : [2023.08.02-06.12.40:512][  0]LogRHI:   GL_EXT_texture_sRGB_decode
08-02 16:12:40.512  9638  9859 D UE      : [2023.08.02-06.12.40:512][  0]LogRHI:   GL_EXT_texture_sRGB_R8
08-02 16:12:40.512  9638  9859 D UE      : [2023.08.02-06.12.40:512][  0]LogRHI:   GL_EXT_texture_sRGB_RG8
08-02 16:12:40.512  9638  9859 D UE      : [2023.08.02-06.12.40:512][  0]LogRHI:   GL_KHR_blend_equation_advanced
08-02 16:12:40.512  9638  9859 D UE      : [2023.08.02-06.12.40:512][  0]LogRHI:   GL_KHR_blend_equation_advanced_coherent
08-02 16:12:40.512  9638  9859 D UE      : [2023.08.02-06.12.40:512][  0]LogRHI:   GL_OES_texture_storage_multisample_2d_array
08-02 16:12:40.512  9638  9859 D UE      : [2023.08.02-06.12.40:512][  0]LogRHI:   GL_OES_shader_image_atomic
08-02 16:12:40.512  9638  9859 D UE      : [2023.08.02-06.12.40:512][  0]LogRHI:   GL_EXT_robustness
08-02 16:12:40.512  9638  9859 D UE      : [2023.08.02-06.12.40:512][  0]LogRHI:   GL_EXT_draw_buffers_indexed
08-02 16:12:40.512  9638  9859 D UE      : [2023.08.02-06.12.40:512][  0]LogRHI:   GL_OES_draw_buffers_indexed
08-02 16:12:40.512  9638  9859 D UE      : [2023.08.02-06.12.40:512][  0]LogRHI:   GL_EXT_texture_border_clamp
08-02 16:12:40.512  9638  9859 D UE      : [2023.08.02-06.12.40:512][  0]LogRHI:   GL_OES_texture_border_clamp
08-02 16:12:40.512  9638  9859 D UE      : [2023.08.02-06.12.40:512][  0]LogRHI:   GL_EXT_texture_cube_map_array
08-02 16:12:40.512  9638  9859 D UE      : [2023.08.02-06.12.40:512][  0]LogRHI:   GL_OES_texture_cube_map_array
08-02 16:12:40.512  9638  9859 D UE      : [2023.08.02-06.12.40:512][  0]LogRHI:   GL_OES_sample_variables
08-02 16:12:40.512  9638  9859 D UE      : [2023.08.02-06.12.40:512][  0]LogRHI:   GL_OES_sample_shading
08-02 16:12:40.512  9638  9859 D UE      : [2023.08.02-06.12.40:512][  0]LogRHI:   GL_OES_shader_multisample_interpolation
08-02 16:12:40.513  9638  9859 D UE      : [2023.08.02-06.12.40:512][  0]LogRHI:   GL_EXT_shader_io_blocks
08-02 16:12:40.513  9638  9859 D UE      : [2023.08.02-06.12.40:513][  0]LogRHI:   GL_OES_shader_io_blocks
08-02 16:12:40.513  9638  9859 D UE      : [2023.08.02-06.12.40:513][  0]LogRHI:   GL_EXT_tessellation_shader
08-02 16:12:40.513  9638  9859 D UE      : [2023.08.02-06.12.40:513][  0]LogRHI:   GL_OES_tessellation_shader
08-02 16:12:40.513  9638  9859 D UE      : [2023.08.02-06.12.40:513][  0]LogRHI:   GL_EXT_primitive_bounding_box
08-02 16:12:40.513  9638  9859 D UE      : [2023.08.02-06.12.40:513][  0]LogRHI:   GL_OES_primitive_bounding_box
08-02 16:12:40.513  9638  9859 D UE      : [2023.08.02-06.12.40:513][  0]LogRHI:   GL_EXT_geometry_shader
08-02 16:12:40.513  9638  9859 D UE      : [2023.08.02-06.12.40:513][  0]LogRHI:   GL_OES_geometry_shader
08-02 16:12:40.513  9638  9859 D UE      : [2023.08.02-06.12.40:513][  0]LogRHI:   GL_ANDROID_extension_pack_es31a
08-02 16:12:40.513  9638  9859 D UE      : [2023.08.02-06.12.40:513][  0]LogRHI:   GL_EXT_gpu_shader5
08-02 16:12:40.513  9638  9859 D UE      : [2023.08.02-06.12.40:513][  0]LogRHI:   GL_OES_gpu_shader5
08-02 16:12:40.513  9638  9859 D UE      : [2023.08.02-06.12.40:513][  0]LogRHI:   GL_EXT_texture_buffer
08-02 16:12:40.513  9638  9859 D UE      : [2023.08.02-06.12.40:513][  0]LogRHI:   GL_OES_texture_buffer
08-02 16:12:40.513  9638  9859 D UE      : [2023.08.02-06.12.40:513][  0]LogRHI:   GL_EXT_copy_image
08-02 16:12:40.513  9638  9859 D UE      : [2023.08.02-06.12.40:513][  0]LogRHI:   GL_OES_copy_image
08-02 16:12:40.513  9638  9859 D UE      : [2023.08.02-06.12.40:513][  0]LogRHI:   GL_EXT_shader_non_constant_global_initializers
08-02 16:12:40.513  9638  9859 D UE      : [2023.08.02-06.12.40:513][  0]LogRHI:   GL_EXT_color_buffer_half_float
08-02 16:12:40.513  9638  9859 D UE      : [2023.08.02-06.12.40:513][  0]LogRHI:   GL_EXT_color_buffer_float
08-02 16:12:40.513  9638  9859 D UE      : [2023.08.02-06.12.40:513][  0]LogRHI:   GL_EXT_YUV_target
08-02 16:12:40.513  9638  9859 D UE      : [2023.08.02-06.12.40:513][  0]LogRHI:   GL_OVR_multiview
08-02 16:12:40.513  9638  9859 D UE      : [2023.08.02-06.12.40:513][  0]LogRHI:   GL_OVR_multiview2
08-02 16:12:40.513  9638  9859 D UE      : [2023.08.02-06.12.40:513][  0]LogRHI:   GL_OVR_multiview_multisampled_render_to_texture
08-02 16:12:40.513  9638  9859 D UE      : [2023.08.02-06.12.40:513][  0]LogRHI:   GL_KHR_robustness
08-02 16:12:40.513  9638  9859 D UE      : [2023.08.02-06.12.40:513][  0]LogRHI:   GL_KHR_robust_buffer_access_behavior
08-02 16:12:40.513  9638  9859 D UE      : [2023.08.02-06.12.40:513][  0]LogRHI:   GL_EXT_draw_elements_base_vertex
08-02 16:12:40.513  9638  9859 D UE      : [2023.08.02-06.12.40:513][  0]LogRHI:   GL_OES_draw_elements_base_vertex
08-02 16:12:40.513  9638  9859 D UE      : [2023.08.02-06.12.40:513][  0]LogRHI:   GL_EXT_protected_textures
08-02 16:12:40.513  9638  9859 D UE      : [2023.08.02-06.12.40:513][  0]LogRHI:   GL_EXT_buffer_storage
08-02 16:12:40.513  9638  9859 D UE      : [2023.08.02-06.12.40:513][  0]LogRHI:   GL_EXT_external_buffer
08-02 16:12:40.513  9638  9859 D UE      : [2023.08.02-06.12.40:513][  0]LogRHI:   GL_EXT_EGL_image_array
08-02 16:12:40.513  9638  9859 D UE      : [2023.08.02-06.12.40:513][  0]LogRHI:   GL_MAX_VERTEX_ATTRIBS: 16
08-02 16:12:40.513  9638  9859 D UE      : [2023.08.02-06.12.40:513][  0]LogRHI:   GL_MAX_VARYING_VECTORS: 15
08-02 16:12:40.513  9638  9859 D UE      : [2023.08.02-06.12.40:513][  0]LogRHI:   GL_MAX_VERTEX_UNIFORM_VECTORS: 1024
08-02 16:12:40.513  9638  9859 D UE      : [2023.08.02-06.12.40:513][  0]LogRHI:   GL_MAX_FRAGMENT_UNIFORM_VECTORS: 1024
08-02 16:12:40.513  9638  9859 D UE      : [2023.08.02-06.12.40:513][  0]LogRHI:   GL_TEXTURE_BUFFER_OFFSET_ALIGNMENT: 64
08-02 16:12:40.513  9638  9859 D UE      : [2023.08.02-06.12.40:513][  0]LogRHI:   GL_MAX_COMPUTE_UNIFORM_COMPONENTS: 1024
08-02 16:12:40.513  9638  9859 D UE      : [2023.08.02-06.12.40:513][  0]LogRHI:   GL_MAX_COMBINED_IMAGE_UNIFORMS: 8
08-02 16:12:40.513  9638  9859 D UE      : [2023.08.02-06.12.40:513][  0]LogRHI:   GL_MAX_COMPUTE_IMAGE_UNIFORMS: 8
08-02 16:12:40.513  9638  9859 D UE      : [2023.08.02-06.12.40:513][  0]LogRHI:   GL_MAX_FRAGMENT_IMAGE_UNIFORMS: 8
08-02 16:12:40.513  9638  9859 D UE      : [2023.08.02-06.12.40:513][  0]LogRHI:   GL_MAX_TEXTURE_IMAGE_UNITS: 16
08-02 16:12:40.513  9638  9859 D UE      : [2023.08.02-06.12.40:513][  0]LogRHI:   GL_MAX_VERTEX_TEXTURE_IMAGE_UNITS: 16
08-02 16:12:40.513  9638  9859 D UE      : [2023.08.02-06.12.40:513][  0]LogRHI:   GL_MAX_COMPUTE_TEXTURE_IMAGE_UNITS: 16
08-02 16:12:40.514  9638  9859 D UE      : [2023.08.02-06.12.40:514][  0]LogRHI: Fragment shader lowp precision: 10
08-02 16:12:40.514  9638  9859 D UE      : [2023.08.02-06.12.40:514][  0]LogRHI: Fragment shader mediump precision: 10
08-02 16:12:40.514  9638  9859 D UE      : [2023.08.02-06.12.40:514][  0]LogRHI: Fragment shader highp precision: 23
08-02 16:12:40.514  9638  9859 D UE      : [2023.08.02-06.12.40:514][  0]LogRHI: Support for 16x MSAA detected
08-02 16:12:40.514  9638  9859 D UE      : [2023.08.02-06.12.40:514][  0]LogRHI: Device supports mobile multi-view.
08-02 16:12:40.514  9638  9859 D UE      : [2023.08.02-06.12.40:514][  0]LogRHI: Image external enabled: ImageExternalESSL300
08-02 16:12:40.514  9638  9859 D UE      : [2023.08.02-06.12.40:514][  0]LogRHI:   GL_MAX_TEXTURE_SIZE: 8192
08-02 16:12:40.514  9638  9859 D UE      : [2023.08.02-06.12.40:514][  0]LogRHI:   GL_MAX_TEXTURE_BUFFER_SIZE: 65536
08-02 16:12:40.515  9638  9859 D UE      : [2023.08.02-06.12.40:515][  0]LogRHI:   GL_MAX_CUBE_MAP_TEXTURE_SIZE: 4096
08-02 16:12:40.515  9638  9859 D UE      : [2023.08.02-06.12.40:515][  0]LogRHI:   GL_MAX_ARRAY_TEXTURE_LAYERS: 256
08-02 16:12:40.515  9638  9859 D UE      : [2023.08.02-06.12.40:515][  0]LogRHI:   GL_MAX_3D_TEXTURE_SIZE: 4096
08-02 16:12:40.515  9638  9859 D UE      : [2023.08.02-06.12.40:515][  0]LogRHI:   GL_MAX_RENDERBUFFER_SIZE: 8192
08-02 16:12:40.515  9638  9859 D UE      : [2023.08.02-06.12.40:515][  0]LogRHI:   GL_MAX_TEXTURE_IMAGE_UNITS: 16
08-02 16:12:40.515  9638  9859 D UE      : [2023.08.02-06.12.40:515][  0]LogRHI:   GL_MAX_DRAW_BUFFERS: 4
08-02 16:12:40.515  9638  9859 D UE      : [2023.08.02-06.12.40:515][  0]LogRHI:   GL_MAX_COLOR_ATTACHMENTS: 4
08-02 16:12:40.515  9638  9859 D UE      : [2023.08.02-06.12.40:515][  0]LogRHI:   GL_MAX_SAMPLES: 16
08-02 16:12:40.515  9638  9859 D UE      : [2023.08.02-06.12.40:515][  0]LogRHI:   GL_MAX_COLOR_TEXTURE_SAMPLES: 4
08-02 16:12:40.515  9638  9859 D UE      : [2023.08.02-06.12.40:515][  0]LogRHI:   GL_MAX_DEPTH_TEXTURE_SAMPLES: 4
08-02 16:12:40.515  9638  9859 D UE      : [2023.08.02-06.12.40:515][  0]LogRHI:   GL_MAX_INTEGER_SAMPLES: 1
08-02 16:12:40.515  9638  9859 D UE      : [2023.08.02-06.12.40:515][  0]LogRHI:   GL_MAX_COMBINED_TEXTURE_IMAGE_UNITS: 96
08-02 16:12:40.515  9638  9859 D UE      : [2023.08.02-06.12.40:515][  0]LogRHI:   GL_MAX_VERTEX_ATTRIBS: 16
08-02 16:12:40.515  9638  9859 D UE      : [2023.08.02-06.12.40:515][  0]LogRHI:   GL_MAX_COMPUTE_WORK_GROUP_INVOCATIONS: 128
08-02 16:12:40.515  9638  9859 D UE      : [2023.08.02-06.12.40:515][  0]LogRHI:   GL_MAX_COMPUTE_SHARED_MEMORY_SIZE: 32768
08-02 16:12:40.515  9638  9859 D UE      : [2023.08.02-06.12.40:515][  0]LogRHI:   GL_MAX_SHADER_PIXEL_LOCAL_STORAGE_SIZE_EXT: 16
08-02 16:12:40.515  9638  9859 D UE      : [2023.08.02-06.12.40:515][  0]LogRHI: OpenGL MajorVersion = 3, MinorVersion = 2, ShaderPlatform = GLSL_ES3_1_ANDROID, FeatureLevel = ES3_1
08-02 16:12:40.515  9638  9859 D UE      : [2023.08.02-06.12.40:515][  0]LogRHI: PLATFORM_ANDROID
08-02 16:12:40.515  9638  9859 D UE      : [2023.08.02-06.12.40:515][  0]LogAndroid: Unlocking android HW window during preinit.
08-02 16:12:40.515  9638  9859 D UE      : [2023.08.02-06.12.40:515][  0]LogRHI: Enabling program binary cache as /storage/emulated/0/Android/data/com.yashu.wonder/files/ProgramBinaryCache/GLSL_ES3_1_ANDROID_E324F0ED324E8846249D75B168026B684ADB8757_00000000000000000000000000000000
08-02 16:12:40.515  9638  9859 D UE      : [2023.08.02-06.12.40:515][  0]LogRHI: FOpenGLProgramBinaryCache will be initialized when ShaderPipelineCache opens its file
08-02 16:12:40.517  9638  9859 D UE      : [2023.08.02-06.12.40:517][  0]LogRHI: Texture pool is 800 MB (of 0 MB total graphics mem)
08-02 16:12:40.518  9638  9859 D UE      : [2023.08.02-06.12.40:518][  0]LogRHI: OpenGL deferred texture creation, no config rule set: 0
08-02 16:12:40.518  6755 12042 I SystemUpdate: [Execution,ExecutionManager] Action pending executed for 0.02 seconds.
08-02 16:12:40.521  6755 12042 I SystemUpdate: [Execution,ExecutionManager] Action pre-download-validate executed for 0.00 seconds.
08-02 16:12:40.525  6755 12042 W SystemUpdate: [Execution,ExecutionManager] Unable to create the action. Restart the execution from the scratch.
08-02 16:12:40.525  6755 12042 W SystemUpdate: java.lang.IllegalStateException
08-02 16:12:40.525  6755 12042 W SystemUpdate: 	at acea.l(:com.google.android.gms@232617044@23.26.17 (190400-551657477):6)
08-02 16:12:40.525  6755 12042 W SystemUpdate: 	at ckxl.a(:com.google.android.gms@232617044@23.26.17 (190400-551657477):324)
08-02 16:12:40.525  6755 12042 W SystemUpdate: 	at com.google.android.gms.update.execution.InstallationIntentOperation.onHandleIntent(:com.google.android.gms@232617044@23.26.17 (190400-551657477):120)
08-02 16:12:40.525  6755 12042 W SystemUpdate: 	at com.google.android.chimera.IntentOperation.onHandleIntent(:com.google.android.gms@232617044@23.26.17 (190400-551657477):2)
08-02 16:12:40.525  6755 12042 W SystemUpdate: 	at zvn.onHandleIntent(:com.google.android.gms@232617044@23.26.17 (190400-551657477):10)
08-02 16:12:40.525  6755 12042 W SystemUpdate: 	at hpu.run(:com.google.android.gms@232617044@23.26.17 (190400-551657477):70)
08-02 16:12:40.525  6755 12042 W SystemUpdate: 	at hpt.run(:com.google.android.gms@232617044@23.26.17 (190400-551657477):152)
08-02 16:12:40.525  6755 12042 W SystemUpdate: 	at difl.run(:com.google.android.gms@232617044@23.26.17 (190400-551657477):13)
08-02 16:12:40.525  6755 12042 W SystemUpdate: 	at java.util.concurrent.ThreadPoolExecutor.runWorker(ThreadPoolExecutor.java:1167)
08-02 16:12:40.525  6755 12042 W SystemUpdate: 	at java.util.concurrent.ThreadPoolExecutor$Worker.run(ThreadPoolExecutor.java:641)
08-02 16:12:40.525  6755 12042 W SystemUpdate: 	at java.lang.Thread.run(Thread.java:920)
08-02 16:12:40.543  6755 12042 I SystemUpdate: [Execution,ExecutionManager] Action pending executed for 0.02 seconds.
08-02 16:12:40.546  6755 12042 I SystemUpdate: [Execution,ExecutionManager] Action pre-download-validate executed for 0.00 seconds.
08-02 16:12:40.548  6755 12042 W SystemUpdate: [Execution,ExecutionManager] Unable to create the action. Restart the execution from the scratch.
08-02 16:12:40.548  6755 12042 W SystemUpdate: java.lang.IllegalStateException
08-02 16:12:40.548  6755 12042 W SystemUpdate: 	at acea.l(:com.google.android.gms@232617044@23.26.17 (190400-551657477):6)
08-02 16:12:40.548  6755 12042 W SystemUpdate: 	at ckxl.a(:com.google.android.gms@232617044@23.26.17 (190400-551657477):324)
08-02 16:12:40.548  6755 12042 W SystemUpdate: 	at com.google.android.gms.update.execution.InstallationIntentOperation.onHandleIntent(:com.google.android.gms@232617044@23.26.17 (190400-551657477):120)
08-02 16:12:40.548  6755 12042 W SystemUpdate: 	at com.google.android.chimera.IntentOperation.onHandleIntent(:com.google.android.gms@232617044@23.26.17 (190400-551657477):2)
08-02 16:12:40.548  6755 12042 W SystemUpdate: 	at zvn.onHandleIntent(:com.google.android.gms@232617044@23.26.17 (190400-551657477):10)
08-02 16:12:40.548  6755 12042 W SystemUpdate: 	at hpu.run(:com.google.android.gms@232617044@23.26.17 (190400-551657477):70)
08-02 16:12:40.548  6755 12042 W SystemUpdate: 	at hpt.run(:com.google.android.gms@232617044@23.26.17 (190400-551657477):152)
08-02 16:12:40.548  6755 12042 W SystemUpdate: 	at difl.run(:com.google.android.gms@232617044@23.26.17 (190400-551657477):13)
08-02 16:12:40.548  6755 12042 W SystemUpdate: 	at java.util.concurrent.ThreadPoolExecutor.runWorker(ThreadPoolExecutor.java:1167)
08-02 16:12:40.548  6755 12042 W SystemUpdate: 	at java.util.concurrent.ThreadPoolExecutor$Worker.run(ThreadPoolExecutor.java:641)
08-02 16:12:40.548  6755 12042 W SystemUpdate: 	at java.lang.Thread.run(Thread.java:920)
08-02 16:12:40.554  9638  9859 D UE      : [2023.08.02-06.12.40:554][  0]LogRendererCore: Ray tracing is disabled. Reason: disabled through project setting (r.RayTracing=0).
08-02 16:12:40.556  9638  9859 D UE      : [2023.08.02-06.12.40:556][  0]LogShaderLibrary: Display: Using ../../../ARProject/Content/ShaderArchive-Global-GLSL_ES3_1_ANDROID-OPENGL_ES3_1_ANDROID.ushaderbytecode for material shader code. Total 891 unique shaders.
08-02 16:12:40.556  9638  9859 D UE      : [2023.08.02-06.12.40:556][  0]LogShaderLibrary: Display: Cooked Context: Using Shared Shader Library Global
08-02 16:12:40.556  9638  9859 D UE      : [2023.08.02-06.12.40:556][  0]LogShaderLibrary: Display: Logical shader library 'Global' has been created, components 1
08-02 16:12:40.558  9638  9859 D UE      : [2023.08.02-06.12.40:557][  0]LogShaderLibrary: Display: Logical shader library 'Global_SC' component count 0, new components: 0
08-02 16:12:40.558  9638  9859 D UE      : [2023.08.02-06.12.40:558][  0]LogShaderLibrary: Display: Running without a pakfile and did not find a monolithic library 'Global_SC' - attempting disk search for its chunks
08-02 16:12:40.558  9638  9859 D UE      : [2023.08.02-06.12.40:558][  0]LogShaderLibrary: Display:    ....  not found
08-02 16:12:40.558  9638  9885 D UE      : [2023.08.02-06.12.40:558][  0]LogShaderLibrary: Display: Logical shader library 'IKRig' component count 0, new components: 0
08-02 16:12:40.558  9638  9883 D UE      : [2023.08.02-06.12.40:558][  0]LogShaderLibrary: Display: Logical shader library 'TraceUtilities' component count 0, new components: 0
08-02 16:12:40.558  9638  9885 D UE      : [2023.08.02-06.12.40:558][  0]LogShaderLibrary: Display: Running without a pakfile and did not find a monolithic library 'IKRig' - attempting disk search for its chunks
08-02 16:12:40.558  9638  9884 D UE      : [2023.08.02-06.12.40:558][  0]LogShaderLibrary: Display: Logical shader library 'ControlRig' component count 0, new components: 0
08-02 16:12:40.558  9638  9883 D UE      : [2023.08.02-06.12.40:558][  0]LogShaderLibrary: Display: Running without a pakfile and did not find a monolithic library 'TraceUtilities' - attempting disk search for its chunks
08-02 16:12:40.558  9638  9885 D UE      : [2023.08.02-06.12.40:558][  0]LogShaderLibrary: Display:    ....  not found
08-02 16:12:40.558  9638  9884 D UE      : [2023.08.02-06.12.40:558][  0]LogShaderLibrary: Display: Running without a pakfile and did not find a monolithic library 'ControlRig' - attempting disk search for its chunks
08-02 16:12:40.558  9638  9883 D UE      : [2023.08.02-06.12.40:558][  0]LogShaderLibrary: Display:    ....  not found
08-02 16:12:40.558  9638  9885 D UE      : [2023.08.02-06.12.40:558][  0]LogShaderLibrary: Display: Logical shader library 'DatasmithContent' component count 0, new components: 0
08-02 16:12:40.558  9638  9885 D UE      : [2023.08.02-06.12.40:558][  0]LogShaderLibrary: Display: Running without a pakfile and did not find a monolithic library 'DatasmithContent' - attempting disk search for its chunks
08-02 16:12:40.558  9638  9883 D UE      : [2023.08.02-06.12.40:558][  0]LogShaderLibrary: Display: Logical shader library 'AnimationSharing' component count 0, new components: 0
08-02 16:12:40.558  9638  9883 D UE      : [2023.08.02-06.12.40:558][  0]LogShaderLibrary: Display: Running without a pakfile and did not find a monolithic library 'AnimationSharing' - attempting disk search for its chunks
08-02 16:12:40.558  9638  9885 D UE      : [2023.08.02-06.12.40:558][  0]LogShaderLibrary: Display:    ....  not found
08-02 16:12:40.558  9638  9883 D UE      : [2023.08.02-06.12.40:558][  0]LogShaderLibrary: Display:    ....  not found
08-02 16:12:40.558  9638  9859 D UE      : [2023.08.02-06.12.40:558][  0]LogShaderLibrary: Display: Logical shader library 'GLTFExporter' component count 0, new components: 0
08-02 16:12:40.558  9638  9859 D UE      : [2023.08.02-06.12.40:558][  0]LogShaderLibrary: Display: Running without a pakfile and did not find a monolithic library 'GLTFExporter' - attempting disk search for its chunks
08-02 16:12:40.558  9638  9885 D UE      : [2023.08.02-06.12.40:558][  0]LogShaderLibrary: Display: Logical shader library 'AudioSynesthesia' component count 0, new components: 0
08-02 16:12:40.558  9638  9885 D UE      : [2023.08.02-06.12.40:558][  0]LogShaderLibrary: Display: Running without a pakfile and did not find a monolithic library 'AudioSynesthesia' - attempting disk search for its chunks
